2026-07-22 14:19:49.857183 midway3-0561.rcc.local /project/lgagliardi/helenclifford/practice_rcc/sharc4/methaniminium/init_vertical/ICOND_00007
  ============================================================================
||                                                                            ||
||                         SHARC - MOLCAS - Interface                         ||
||                                                                            ||
||       Authors: Sascha Mausenberger, Lorenz Grünewald, Sebastian Mai        ||
||                                                                            ||
||                                Version: 4.0                                ||
||                              Date: 29.08.2023                              ||
||                                                                            ||
  ============================================================================
SAVEDIR set to ./SAVE/
Found env variable ncpu=1, resources["ncpu"] set to 1
Scratchdir set to /scratch/midway3/helenclifford/sharc_scratch/methaniminium/init_vertical/ICOND_00007
WARNING: 'no-douglas-kroll' not in template keywords: paddingstates, density_calculation_methods, tCI, basis, baslib, basis_per_element, basis_per_atom, nactel, ras1, ras2, ras3, inactive, roots, origin, origin_pos, isotope_elements, isotope_masses, method, functional, ipea, cort_or_dort, imaginary, frozen, gradaccudefault, gradaccumax, pcmset, pcmstate, iterations, cholesky_accu, rasscf_thrs
WARNING: 'cholesky' not in template keywords: paddingstates, density_calculation_methods, tCI, basis, baslib, basis_per_element, basis_per_atom, nactel, ras1, ras2, ras3, inactive, roots, origin, origin_pos, isotope_elements, isotope_masses, method, functional, ipea, cort_or_dort, imaginary, frozen, gradaccudefault, gradaccumax, pcmset, pcmstate, iterations, cholesky_accu, rasscf_thrs
paddingstates not specified setting default, [0, 0, 0]
Interface: 

Molecule: 
comment: Initial condition ICOND_00007/

natom: 6
elements: ['C', 'N', 'H', 'H', 'H', 'H']
unit: bohr
factor: 1.0
states: [4, 0, 3]
charge: [1, 1, 1]
nstates: 7
nmstates: 13
point_charges: False
npc: 0
Atomcharge: 17
frozcore: 2
Ubasis: [[      0.0       0.0]
 [      0.0       0.0]]
mol: None

Coords: 
coords: [[ 0.01543247 -0.00442961  0.01457378]
 [ 0.02494009 -0.01662311  2.479907]
 [ 1.687614  0.2181102 -0.6969537]
 [ 1.406824 -0.09138598  3.461015]
 [-1.725909  0.2820224  3.628604]
 [-1.898807 -0.1250367 -0.8277313]]
pccoords: None
pccharge: None
veloc: None

Save: 
savedir: /project/lgagliardi/helenclifford/practice_rcc/sharc4/methaniminium/init_vertical/ICOND_00007/SAVE
step: 1
previous_step: None
init: False
newstep: True
samestep: False
always_guess: False
always_orb_init: False
restart: False

Requests: 
h: True
soc: True
dm: True
mdeqm: False
grad: None
nacdr: None
overlap: True
phases: False
ion: False
socdr: False
dmdr: False
multipolar_fit: None
theodore: False
cleanup: False
retain: 5
molden: False
savestuff: False
nooverlap: False
mol: False
density_matrices: None
dyson_orbitals: None

Maps: 
statemap: {1: [1, 1, 0.0], 2: [1, 2, 0.0], 3: [1, 3, 0.0], 4: [1, 4, 0.0], 5: [3, 1, -1.0], 6: [3, 2, -1.0], 7: [3, 3, -1.0], 8: [3, 1, 0.0], 9: [3, 2, 0.0], 10: [3, 3, 0.0], 11: [3, 1, 1.0], 12: [3, 2, 1.0], 13: [3, 3, 1.0]}
mults: None
gsmap: None
gradmap: None
nacmap: None
densmap: None
ionmap: None
chargemap: {1: 1, 2: 1, 3: 1}
multmap: {0: (0, 0, 0), 1: (0, 0, 1), 2: (0, 0, 2), 3: (0, 0, 3), 4: (2, 1.0, 0), 5: (2, 0.0, 0), 6: (2, -1.0, 0), 7: (2, 1.0, 1), 8: (2, 0.0, 1), 9: (2, -1.0, 1), 10: (2, 1.0, 2), 11: (2, 0.0, 2), 12: (2, -1.0, 2)}

Resources: 
pwd: /project/lgagliardi/helenclifford/practice_rcc/sharc4/methaniminium/init_vertical/ICOND_00007
cwd: /project/lgagliardi/helenclifford/practice_rcc/sharc4/methaniminium/init_vertical/ICOND_00007
scratchdir: /scratch/midway3/helenclifford/sharc_scratch/methaniminium/init_vertical/ICOND_00007
ncpu: 1
ngpu: None
memory: 2000
delay: 0.0
theodir: None
theodore_prop: []
theodore_fragment: []
wfoverlap: /home/helenclifford/project-lgagliardi/practice_rcc/sharc4/bin/wfoverlap.x
wfthres: 0.998
wfnumocc: None
resp_shells: []
resp_vdw_radii_symbol: {}
resp_vdw_radii: []
resp_betas: [0.0005, 0.0015, 0.003]
resp_layers: 4
resp_first_layer: 1.4
resp_density: 10.0
resp_fit_order: 2
resp_mk_radii: True
resp_grid: lebedev
resp_target: zero
resp_block_size: 5000
resp_nuke_ram: False
molcas: /project/lgagliardi/shared/Apps/OpenMolcas/builds/parallel
mpi_parallel: False
dry_run: False
driver: /project/lgagliardi/shared/Apps/OpenMolcas/builds/parallel/pymolcas

Template: 
paddingstates: [0, 0, 0]
density_calculation_methods: []
tCI: 1e-07
basis: 6-31g
baslib: None
basis_per_element: None
basis_per_atom: None
nactel: [7, 0, 0]
ras1: None
ras2: 4
ras3: None
inactive: 5
roots: [4, 0, 3]
origin: none
origin_pos: [0.0, 0.0, 0.0]
isotope_elements: []
isotope_masses: []
method: casscf
functional: t:pbe
ipea: 0.25
cort_or_dort: CORT
imaginary: 0.0
frozen: None
gradaccudefault: 0.0001
gradaccumax: 0.001
pcmset: None
pcmstate: None
iterations: [200, 100]
cholesky_accu: 0.0001
rasscf_thrs: [1e-08, 0.0001, 0.0001]

Scheduling: 

Control: 
jobid: None
workdir: None
master: False
gradonly: False
densonly: False
states_to_do: [4, 0, 3]
jobs: None
nslots_pool: []

Starting job execution
['gateway']
['seward']
['copy', '/project/lgagliardi/helenclifford/practice_rcc/sharc4/methaniminium/init_vertical/ICOND_00007/SAVE/MOLCAS.1.JobIph.0', 'JOBOLD']
['rasscf', 1, 4, True, False]
['copy', 'MOLCAS.rasscf.h5', 'MOLCAS.1.rasscf.h5']
['copy', 'MOLCAS.JobIph', 'MOLCAS.1.JobIph']
['copy', '/project/lgagliardi/helenclifford/practice_rcc/sharc4/methaniminium/init_vertical/ICOND_00007/SAVE/MOLCAS.3.JobIph.0', 'JOBOLD']
['rasscf', 3, 3, True, False]
['copy', 'MOLCAS.rasscf.h5', 'MOLCAS.3.rasscf.h5']
['copy', 'MOLCAS.JobIph', 'MOLCAS.3.JobIph']
['link', 'MOLCAS.1.JobIph', 'JOB001']
['rassi', 'dm', [4]]
['copy', 'MOLCAS.rassi.h5', 'MOLCAS.rassi.1.h5']
['link', 'MOLCAS.3.JobIph', 'JOB001']
['rassi', 'dm', [3]]
['copy', 'MOLCAS.rassi.h5', 'MOLCAS.rassi.3.h5']
['copy', '/project/lgagliardi/helenclifford/practice_rcc/sharc4/methaniminium/init_vertical/ICOND_00007/SAVE/MOLCAS.1.JobIph.0', 'JOB001']
['link', 'MOLCAS.1.JobIph', 'JOB002']
['rassi', 'overlap', [4, 4]]
['copy', 'MOLCAS.rassi.h5', 'MOLCAS.rassi.ovlp.1.h5']
['copy', '/project/lgagliardi/helenclifford/practice_rcc/sharc4/methaniminium/init_vertical/ICOND_00007/SAVE/MOLCAS.3.JobIph.0', 'JOB001']
['link', 'MOLCAS.3.JobIph', 'JOB002']
['rassi', 'overlap', [3, 3]]
['copy', 'MOLCAS.rassi.h5', 'MOLCAS.rassi.ovlp.3.h5']
['link', 'MOLCAS.1.JobIph', 'JOB001']
['link', 'MOLCAS.3.JobIph', 'JOB002']
['rassi', 'soc', [4, 3]]
All jobs finished:
job: master          code: 0    runtime: 0:00:19.612751

===> Results:

=> Hamiltonian Matrix:
Diagonal Shift:    -94.00
Real Part:
---------------------------------------------------------------------------------------------------------------------------------------------------
|-3.276e-01                                  | 7.377e-08  3.665e-07 -1.928e-06 |                                 | 7.377e-08  3.665e-07 -1.928e-06 |
|            1.111e-02                       | 1.422e-07 -4.015e-06 -3.160e-05 |                                 | 1.422e-07 -4.015e-06 -3.160e-05 |
|                       5.896e-02            | 1.530e-06  3.616e-06 -1.482e-05 |                                 | 1.530e-06  3.616e-06 -1.482e-05 |
|                                  8.532e-02 | 8.336e-06  3.224e-05  1.370e-06 |                                 | 8.336e-06  3.224e-05  1.370e-06 |
---------------------------------------------------------------------------------------------------------------------------------------------------
| 7.377e-08  1.422e-07  1.530e-06  8.336e-06 |-1.461e-01                       |-1.023e-23 -1.297e-06 -9.145e-06 |                                 |
| 3.665e-07 -4.015e-06  3.616e-06  3.224e-05 |            6.896e-03            | 1.297e-06  1.781e-22 -3.525e-05 |                                 |
|-1.928e-06 -3.160e-05 -1.482e-05  1.370e-06 |                       5.053e-02 | 9.145e-06  3.525e-05  5.058e-22 |                                 |
---------------------------------------------------------------------------------------------------------------------------------------------------
|                                            | 1.023e-23  1.297e-06  9.145e-06 |-1.461e-01                       |-1.023e-23 -1.297e-06 -9.145e-06 |
|                                            |-1.297e-06 -1.781e-22  3.525e-05 |            6.896e-03            | 1.297e-06  1.781e-22 -3.525e-05 |
|                                            |-9.145e-06 -3.525e-05 -5.058e-22 |                       5.053e-02 | 9.145e-06  3.525e-05  5.058e-22 |
---------------------------------------------------------------------------------------------------------------------------------------------------
| 7.377e-08  1.422e-07  1.530e-06  8.336e-06 |                                 | 1.023e-23  1.297e-06  9.145e-06 |-1.461e-01                       |
| 3.665e-07 -4.015e-06  3.616e-06  3.224e-05 |                                 |-1.297e-06 -1.781e-22  3.525e-05 |            6.896e-03            |
|-1.928e-06 -3.160e-05 -1.482e-05  1.370e-06 |                                 |-9.145e-06 -3.525e-05 -5.058e-22 |                       5.053e-02 |
---------------------------------------------------------------------------------------------------------------------------------------------------

Imaginary Part:
---------------------------------------------------------------------------------------------------------------------------------------------------
|                                            |-2.769e-06 -5.091e-06  7.640e-05 | 1.070e-05  9.080e-05 -1.440e-05 | 2.769e-06  5.091e-06 -7.640e-05 |
|                                            | 1.254e-05 -1.355e-06  1.022e-05 |-2.820e-05  1.254e-05 -7.920e-06 |-1.254e-05  1.355e-06 -1.022e-05 |
|                                            | 1.487e-06 -2.930e-07 -1.558e-05 |-8.266e-06 -1.248e-05  1.141e-05 |-1.487e-06  2.930e-07  1.558e-05 |
|                                            |-4.073e-05  5.531e-06  2.727e-06 | 4.433e-05 -2.007e-06 -8.867e-07 | 4.073e-05 -5.531e-06 -2.727e-06 |
---------------------------------------------------------------------------------------------------------------------------------------------------
| 2.769e-06 -1.254e-05 -1.487e-06  4.073e-05 |            3.233e-05 -3.249e-05 | 5.327e-22  9.647e-06 -4.048e-05 |                                 |
| 5.091e-06  1.355e-06  2.930e-07 -5.531e-06 |-3.233e-05             3.410e-06 |-9.647e-06  3.085e-23  5.182e-06 |                                 |
|-7.640e-05 -1.022e-05  1.558e-05 -2.727e-06 | 3.249e-05 -3.410e-06            | 4.048e-05 -5.182e-06 -6.340e-22 |                                 |
---------------------------------------------------------------------------------------------------------------------------------------------------
|-1.070e-05  2.820e-05  8.266e-06 -4.433e-05 | 5.327e-22  9.647e-06 -4.048e-05 |                                 | 5.327e-22  9.647e-06 -4.048e-05 |
|-9.080e-05 -1.254e-05  1.248e-05  2.007e-06 |-9.647e-06  3.085e-23  5.182e-06 |                                 |-9.647e-06  3.085e-23  5.182e-06 |
| 1.440e-05  7.920e-06 -1.141e-05  8.867e-07 | 4.048e-05 -5.182e-06 -6.340e-22 |                                 | 4.048e-05 -5.182e-06 -6.340e-22 |
---------------------------------------------------------------------------------------------------------------------------------------------------
|-2.769e-06  1.254e-05  1.487e-06 -4.073e-05 |                                 | 5.327e-22  9.647e-06 -4.048e-05 |           -3.233e-05  3.249e-05 |
|-5.091e-06 -1.355e-06 -2.930e-07  5.531e-06 |                                 |-9.647e-06  3.085e-23  5.182e-06 | 3.233e-05            -3.410e-06 |
| 7.640e-05  1.022e-05 -1.558e-05  2.727e-06 |                                 | 4.048e-05 -5.182e-06 -6.340e-22 |-3.249e-05  3.410e-06            |
---------------------------------------------------------------------------------------------------------------------------------------------------


=> Dipole Moment Matrices:

Polarisation X:
Real Part:
---------------------------------------------------------------------------------------------------------------------------------------------------
|-9.709e-02  2.140e-02  3.039e-03 -4.729e-02 |                                 |                                 |                                 |
| 2.140e-02 -3.449e-01 -1.869e-01 -1.674e-01 |                                 |                                 |                                 |
| 3.039e-03 -1.869e-01 -2.538e-01 -2.010e-01 |                                 |                                 |                                 |
|-4.729e-02 -1.674e-01 -2.010e-01 -4.912e-01 |                                 |                                 |                                 |
---------------------------------------------------------------------------------------------------------------------------------------------------
|                                            |-8.656e-02 -4.522e-02 -5.309e-02 |                                 |                                 |
|                                            |-4.522e-02 -5.356e-01 -3.381e-01 |                                 |                                 |
|                                            |-5.309e-02 -3.381e-01 -4.130e-01 |                                 |                                 |
---------------------------------------------------------------------------------------------------------------------------------------------------
|                                            |                                 |-8.656e-02 -4.522e-02 -5.309e-02 |                                 |
|                                            |                                 |-4.522e-02 -5.356e-01 -3.381e-01 |                                 |
|                                            |                                 |-5.309e-02 -3.381e-01 -4.130e-01 |                                 |
---------------------------------------------------------------------------------------------------------------------------------------------------
|                                            |                                 |                                 |-8.656e-02 -4.522e-02 -5.309e-02 |
|                                            |                                 |                                 |-4.522e-02 -5.356e-01 -3.381e-01 |
|                                            |                                 |                                 |-5.309e-02 -3.381e-01 -4.130e-01 |
---------------------------------------------------------------------------------------------------------------------------------------------------

Polarisation Y:
Real Part:
---------------------------------------------------------------------------------------------------------------------------------------------------
| 9.543e-02 -1.223e-01 -1.103e-01 -1.631e-01 |                                 |                                 |                                 |
|-1.223e-01  1.445e-01  3.353e-02 -1.039e-02 |                                 |                                 |                                 |
|-1.103e-01  3.353e-02  1.089e-01 -9.021e-02 |                                 |                                 |                                 |
|-1.631e-01 -1.039e-02 -9.021e-02  1.823e-01 |                                 |                                 |                                 |
---------------------------------------------------------------------------------------------------------------------------------------------------
|                                            | 9.419e-02  2.654e-02  7.552e-02 |                                 |                                 |
|                                            | 2.654e-02  1.533e-01 -7.165e-02 |                                 |                                 |
|                                            | 7.552e-02 -7.165e-02  1.577e-01 |                                 |                                 |
---------------------------------------------------------------------------------------------------------------------------------------------------
|                                            |                                 | 9.419e-02  2.654e-02  7.552e-02 |                                 |
|                                            |                                 | 2.654e-02  1.533e-01 -7.165e-02 |                                 |
|                                            |                                 | 7.552e-02 -7.165e-02  1.577e-01 |                                 |
---------------------------------------------------------------------------------------------------------------------------------------------------
|                                            |                                 |                                 | 9.419e-02  2.654e-02  7.552e-02 |
|                                            |                                 |                                 | 2.654e-02  1.533e-01 -7.165e-02 |
|                                            |                                 |                                 | 7.552e-02 -7.165e-02  1.577e-01 |
---------------------------------------------------------------------------------------------------------------------------------------------------

Polarisation Z:
Real Part:
---------------------------------------------------------------------------------------------------------------------------------------------------
| 3.077e-01  6.734e-01 -1.206e+00  2.568e-01 |                                 |                                 |                                 |
| 6.734e-01  9.053e-02  4.118e-02 -5.130e-01 |                                 |                                 |                                 |
|-1.206e+00  4.118e-02 -1.112e-01 -1.880e-01 |                                 |                                 |                                 |
| 2.568e-01 -5.130e-01 -1.880e-01  4.288e-01 |                                 |                                 |                                 |
---------------------------------------------------------------------------------------------------------------------------------------------------
|                                            | 1.153e+00 -1.403e-01 -3.093e-02 |                                 |                                 |
|                                            |-1.403e-01  4.516e-02 -5.057e-01 |                                 |                                 |
|                                            |-3.093e-02 -5.057e-01  1.778e-01 |                                 |                                 |
---------------------------------------------------------------------------------------------------------------------------------------------------
|                                            |                                 | 1.153e+00 -1.403e-01 -3.093e-02 |                                 |
|                                            |                                 |-1.403e-01  4.516e-02 -5.057e-01 |                                 |
|                                            |                                 |-3.093e-02 -5.057e-01  1.778e-01 |                                 |
---------------------------------------------------------------------------------------------------------------------------------------------------
|                                            |                                 |                                 | 1.153e+00 -1.403e-01 -3.093e-02 |
|                                            |                                 |                                 |-1.403e-01  4.516e-02 -5.057e-01 |
|                                            |                                 |                                 |-3.093e-02 -5.057e-01  1.778e-01 |
---------------------------------------------------------------------------------------------------------------------------------------------------


=> Overlap matrix:

Real Part:
---------------------------------------------------------------------------------------------------------------------------------------------------
| 9.903e-01  7.558e-03  2.408e-02  1.446e-02 |                                 |                                 |                                 |
|-5.786e-02  7.989e-01  4.973e-01  1.598e-01 |                                 |                                 |                                 |
| 1.087e-02  5.068e-01 -8.440e-01  1.926e-01 |                                 |                                 |                                 |
| 1.453e-02 -1.397e-01  9.776e-02  8.699e-01 |                                 |                                 |                                 |
---------------------------------------------------------------------------------------------------------------------------------------------------
|                                            | 9.886e-01 -1.622e-01  4.008e-02 |                                 |                                 |
|                                            | 1.772e-01  9.290e-01  8.522e-02 |                                 |                                 |
|                                            |-4.308e-02 -4.085e-03  9.479e-01 |                                 |                                 |
---------------------------------------------------------------------------------------------------------------------------------------------------
|                                            |                                 | 9.886e-01 -1.622e-01  4.008e-02 |                                 |
|                                            |                                 | 1.772e-01  9.290e-01  8.522e-02 |                                 |
|                                            |                                 |-4.308e-02 -4.085e-03  9.479e-01 |                                 |
---------------------------------------------------------------------------------------------------------------------------------------------------
|                                            |                                 |                                 | 9.886e-01 -1.622e-01  4.008e-02 |
|                                            |                                 |                                 | 1.772e-01  9.290e-01  8.522e-02 |
|                                            |                                 |                                 |-4.308e-02 -4.085e-03  9.479e-01 |
---------------------------------------------------------------------------------------------------------------------------------------------------



==> Runtime:	0 Days	0 Hours	0 Minutes	21.510767 Seconds


===> Writing output to file QM.out in SHARC Format

