2026-07-22 14:19:49.857322 midway3-0561.rcc.local /project/lgagliardi/helenclifford/practice_rcc/sharc4/methaniminium/init_vertical/ICOND_00018
  ============================================================================
||                                                                            ||
||                         SHARC - MOLCAS - Interface                         ||
||                                                                            ||
||       Authors: Sascha Mausenberger, Lorenz Grünewald, Sebastian Mai        ||
||                                                                            ||
||                                Version: 4.0                                ||
||                              Date: 29.08.2023                              ||
||                                                                            ||
  ============================================================================
SAVEDIR set to ./SAVE/
Found env variable ncpu=1, resources["ncpu"] set to 1
Scratchdir set to /scratch/midway3/helenclifford/sharc_scratch/methaniminium/init_vertical/ICOND_00018
WARNING: 'no-douglas-kroll' not in template keywords: paddingstates, density_calculation_methods, tCI, basis, baslib, basis_per_element, basis_per_atom, nactel, ras1, ras2, ras3, inactive, roots, origin, origin_pos, isotope_elements, isotope_masses, method, functional, ipea, cort_or_dort, imaginary, frozen, gradaccudefault, gradaccumax, pcmset, pcmstate, iterations, cholesky_accu, rasscf_thrs
WARNING: 'cholesky' not in template keywords: paddingstates, density_calculation_methods, tCI, basis, baslib, basis_per_element, basis_per_atom, nactel, ras1, ras2, ras3, inactive, roots, origin, origin_pos, isotope_elements, isotope_masses, method, functional, ipea, cort_or_dort, imaginary, frozen, gradaccudefault, gradaccumax, pcmset, pcmstate, iterations, cholesky_accu, rasscf_thrs
paddingstates not specified setting default, [0, 0, 0]
Interface: 

Molecule: 
comment: Initial condition ICOND_00018/

natom: 6
elements: ['C', 'N', 'H', 'H', 'H', 'H']
unit: bohr
factor: 1.0
states: [4, 0, 3]
charge: [1, 1, 1]
nstates: 7
nmstates: 13
point_charges: False
npc: 0
Atomcharge: 17
frozcore: 2
Ubasis: [[      0.0       0.0]
 [      0.0       0.0]]
mol: None

Coords: 
coords: [[ 0.04654564  0.02975316  0.02962487]
 [-0.04799236 -0.00212779   2.49036]
 [ 1.700914 -0.1966633 -0.9126728]
 [ 1.817776  0.03989945  3.583636]
 [-1.396852 -0.09798841  3.332136]
 [-2.009227 -0.06994934 -0.7626064]]
pccoords: None
pccharge: None
veloc: None

Save: 
savedir: /project/lgagliardi/helenclifford/practice_rcc/sharc4/methaniminium/init_vertical/ICOND_00018/SAVE
step: 1
previous_step: None
init: False
newstep: True
samestep: False
always_guess: False
always_orb_init: False
restart: False

Requests: 
h: True
soc: True
dm: True
mdeqm: False
grad: None
nacdr: None
overlap: True
phases: False
ion: False
socdr: False
dmdr: False
multipolar_fit: None
theodore: False
cleanup: False
retain: 5
molden: False
savestuff: False
nooverlap: False
mol: False
density_matrices: None
dyson_orbitals: None

Maps: 
statemap: {1: [1, 1, 0.0], 2: [1, 2, 0.0], 3: [1, 3, 0.0], 4: [1, 4, 0.0], 5: [3, 1, -1.0], 6: [3, 2, -1.0], 7: [3, 3, -1.0], 8: [3, 1, 0.0], 9: [3, 2, 0.0], 10: [3, 3, 0.0], 11: [3, 1, 1.0], 12: [3, 2, 1.0], 13: [3, 3, 1.0]}
mults: None
gsmap: None
gradmap: None
nacmap: None
densmap: None
ionmap: None
chargemap: {1: 1, 2: 1, 3: 1}
multmap: {0: (0, 0, 0), 1: (0, 0, 1), 2: (0, 0, 2), 3: (0, 0, 3), 4: (2, 1.0, 0), 5: (2, 0.0, 0), 6: (2, -1.0, 0), 7: (2, 1.0, 1), 8: (2, 0.0, 1), 9: (2, -1.0, 1), 10: (2, 1.0, 2), 11: (2, 0.0, 2), 12: (2, -1.0, 2)}

Resources: 
pwd: /project/lgagliardi/helenclifford/practice_rcc/sharc4/methaniminium/init_vertical/ICOND_00018
cwd: /project/lgagliardi/helenclifford/practice_rcc/sharc4/methaniminium/init_vertical/ICOND_00018
scratchdir: /scratch/midway3/helenclifford/sharc_scratch/methaniminium/init_vertical/ICOND_00018
ncpu: 1
ngpu: None
memory: 2000
delay: 0.0
theodir: None
theodore_prop: []
theodore_fragment: []
wfoverlap: /home/helenclifford/project-lgagliardi/practice_rcc/sharc4/bin/wfoverlap.x
wfthres: 0.998
wfnumocc: None
resp_shells: []
resp_vdw_radii_symbol: {}
resp_vdw_radii: []
resp_betas: [0.0005, 0.0015, 0.003]
resp_layers: 4
resp_first_layer: 1.4
resp_density: 10.0
resp_fit_order: 2
resp_mk_radii: True
resp_grid: lebedev
resp_target: zero
resp_block_size: 5000
resp_nuke_ram: False
molcas: /project/lgagliardi/shared/Apps/OpenMolcas/builds/parallel
mpi_parallel: False
dry_run: False
driver: /project/lgagliardi/shared/Apps/OpenMolcas/builds/parallel/pymolcas

Template: 
paddingstates: [0, 0, 0]
density_calculation_methods: []
tCI: 1e-07
basis: 6-31g
baslib: None
basis_per_element: None
basis_per_atom: None
nactel: [7, 0, 0]
ras1: None
ras2: 4
ras3: None
inactive: 5
roots: [4, 0, 3]
origin: none
origin_pos: [0.0, 0.0, 0.0]
isotope_elements: []
isotope_masses: []
method: casscf
functional: t:pbe
ipea: 0.25
cort_or_dort: CORT
imaginary: 0.0
frozen: None
gradaccudefault: 0.0001
gradaccumax: 0.001
pcmset: None
pcmstate: None
iterations: [200, 100]
cholesky_accu: 0.0001
rasscf_thrs: [1e-08, 0.0001, 0.0001]

Scheduling: 

Control: 
jobid: None
workdir: None
master: False
gradonly: False
densonly: False
states_to_do: [4, 0, 3]
jobs: None
nslots_pool: []

Starting job execution
['gateway']
['seward']
['copy', '/project/lgagliardi/helenclifford/practice_rcc/sharc4/methaniminium/init_vertical/ICOND_00018/SAVE/MOLCAS.1.JobIph.0', 'JOBOLD']
['rasscf', 1, 4, True, False]
['copy', 'MOLCAS.rasscf.h5', 'MOLCAS.1.rasscf.h5']
['copy', 'MOLCAS.JobIph', 'MOLCAS.1.JobIph']
['copy', '/project/lgagliardi/helenclifford/practice_rcc/sharc4/methaniminium/init_vertical/ICOND_00018/SAVE/MOLCAS.3.JobIph.0', 'JOBOLD']
['rasscf', 3, 3, True, False]
['copy', 'MOLCAS.rasscf.h5', 'MOLCAS.3.rasscf.h5']
['copy', 'MOLCAS.JobIph', 'MOLCAS.3.JobIph']
['link', 'MOLCAS.1.JobIph', 'JOB001']
['rassi', 'dm', [4]]
['copy', 'MOLCAS.rassi.h5', 'MOLCAS.rassi.1.h5']
['link', 'MOLCAS.3.JobIph', 'JOB001']
['rassi', 'dm', [3]]
['copy', 'MOLCAS.rassi.h5', 'MOLCAS.rassi.3.h5']
['copy', '/project/lgagliardi/helenclifford/practice_rcc/sharc4/methaniminium/init_vertical/ICOND_00018/SAVE/MOLCAS.1.JobIph.0', 'JOB001']
['link', 'MOLCAS.1.JobIph', 'JOB002']
['rassi', 'overlap', [4, 4]]
['copy', 'MOLCAS.rassi.h5', 'MOLCAS.rassi.ovlp.1.h5']
['copy', '/project/lgagliardi/helenclifford/practice_rcc/sharc4/methaniminium/init_vertical/ICOND_00018/SAVE/MOLCAS.3.JobIph.0', 'JOB001']
['link', 'MOLCAS.3.JobIph', 'JOB002']
['rassi', 'overlap', [3, 3]]
['copy', 'MOLCAS.rassi.h5', 'MOLCAS.rassi.ovlp.3.h5']
['link', 'MOLCAS.1.JobIph', 'JOB001']
['link', 'MOLCAS.3.JobIph', 'JOB002']
['rassi', 'soc', [4, 3]]
All jobs finished:
job: master          code: 0    runtime: 0:00:14.100635

===> Results:

=> Hamiltonian Matrix:
Diagonal Shift:    -94.00
Real Part:
---------------------------------------------------------------------------------------------------------------------------------------------------
|-3.075e-01                                  | 1.029e-07 -5.055e-07 -1.511e-06 |                                 | 1.029e-07 -5.055e-07 -1.511e-06 |
|            1.619e-02                       |-3.257e-06 -1.805e-06  3.070e-05 |                                 |-3.257e-06 -1.805e-06  3.070e-05 |
|                       7.077e-02            |-7.842e-07  5.220e-06  1.555e-06 |                                 |-7.842e-07  5.220e-06  1.555e-06 |
|                                  1.222e-01 |-3.001e-06  2.458e-05  5.943e-06 |                                 |-3.001e-06  2.458e-05  5.943e-06 |
---------------------------------------------------------------------------------------------------------------------------------------------------
| 1.029e-07 -3.257e-06 -7.842e-07 -3.001e-06 |-1.193e-01                       | 1.384e-23  3.375e-06 -2.898e-06 |                                 |
|-5.055e-07 -1.805e-06  5.220e-06  2.458e-05 |           -3.757e-03            |-3.375e-06  2.141e-21  3.035e-05 |                                 |
|-1.511e-06  3.070e-05  1.555e-06  5.943e-06 |                       9.116e-02 | 2.898e-06 -3.035e-05 -8.818e-22 |                                 |
---------------------------------------------------------------------------------------------------------------------------------------------------
|                                            |-1.384e-23 -3.375e-06  2.898e-06 |-1.193e-01                       | 1.384e-23  3.375e-06 -2.898e-06 |
|                                            | 3.375e-06 -2.141e-21 -3.035e-05 |           -3.757e-03            |-3.375e-06  2.141e-21  3.035e-05 |
|                                            |-2.898e-06  3.035e-05  8.818e-22 |                       9.116e-02 | 2.898e-06 -3.035e-05 -8.818e-22 |
---------------------------------------------------------------------------------------------------------------------------------------------------
| 1.029e-07 -3.257e-06 -7.842e-07 -3.001e-06 |                                 |-1.384e-23 -3.375e-06  2.898e-06 |-1.193e-01                       |
|-5.055e-07 -1.805e-06  5.220e-06  2.458e-05 |                                 | 3.375e-06 -2.141e-21 -3.035e-05 |           -3.757e-03            |
|-1.511e-06  3.070e-05  1.555e-06  5.943e-06 |                                 |-2.898e-06  3.035e-05  8.818e-22 |                       9.116e-02 |
---------------------------------------------------------------------------------------------------------------------------------------------------

Imaginary Part:
---------------------------------------------------------------------------------------------------------------------------------------------------
|                                            | 2.541e-06  3.732e-05 -7.137e-05 |-4.137e-06  7.473e-05  2.398e-05 |-2.541e-06 -3.732e-05  7.137e-05 |
|                                            |-2.352e-05 -2.046e-06  1.142e-06 |-1.731e-05 -2.450e-06  4.017e-07 | 2.352e-05  2.046e-06 -1.142e-06 |
|                                            |-8.743e-06  8.407e-06 -1.717e-05 |-2.231e-06  9.893e-06 -4.940e-06 | 8.743e-06 -8.407e-06  1.717e-05 |
|                                            |-4.033e-05 -2.634e-06  7.378e-07 |-3.922e-05 -1.412e-06 -9.539e-07 | 4.033e-05  2.634e-06 -7.378e-07 |
---------------------------------------------------------------------------------------------------------------------------------------------------
|-2.541e-06  2.352e-05  8.743e-06  4.033e-05 |            1.582e-05 -1.859e-05 |-7.623e-23 -2.274e-05  3.808e-05 |                                 |
|-3.732e-05  2.046e-06 -8.407e-06  2.634e-06 |-1.582e-05            -5.171e-07 | 2.274e-05 -3.010e-22  1.803e-06 |                                 |
| 7.137e-05 -1.142e-06  1.717e-05 -7.378e-07 | 1.859e-05  5.171e-07            |-3.808e-05 -1.803e-06 -4.910e-23 |                                 |
---------------------------------------------------------------------------------------------------------------------------------------------------
| 4.137e-06  1.731e-05  2.231e-06  3.922e-05 |-7.623e-23 -2.274e-05  3.808e-05 |                                 |-7.623e-23 -2.274e-05  3.808e-05 |
|-7.473e-05  2.450e-06 -9.893e-06  1.412e-06 | 2.274e-05 -3.010e-22  1.803e-06 |                                 | 2.274e-05 -3.010e-22  1.803e-06 |
|-2.398e-05 -4.017e-07  4.940e-06  9.539e-07 |-3.808e-05 -1.803e-06 -4.910e-23 |                                 |-3.808e-05 -1.803e-06 -4.910e-23 |
---------------------------------------------------------------------------------------------------------------------------------------------------
| 2.541e-06 -2.352e-05 -8.743e-06 -4.033e-05 |                                 |-7.623e-23 -2.274e-05  3.808e-05 |           -1.582e-05  1.859e-05 |
| 3.732e-05 -2.046e-06  8.407e-06 -2.634e-06 |                                 | 2.274e-05 -3.010e-22  1.803e-06 | 1.582e-05             5.171e-07 |
|-7.137e-05  1.142e-06 -1.717e-05  7.378e-07 |                                 |-3.808e-05 -1.803e-06 -4.910e-23 |-1.859e-05 -5.171e-07            |
---------------------------------------------------------------------------------------------------------------------------------------------------


=> Dipole Moment Matrices:

Polarisation X:
Real Part:
---------------------------------------------------------------------------------------------------------------------------------------------------
| 1.358e-01  3.076e-03 -5.406e-02  2.609e-02 |                                 |                                 |                                 |
| 3.076e-03 -1.056e-01 -4.340e-02  4.953e-04 |                                 |                                 |                                 |
|-5.406e-02 -4.340e-02  1.450e-01  3.726e-02 |                                 |                                 |                                 |
| 2.609e-02  4.953e-04  3.726e-02  5.039e-01 |                                 |                                 |                                 |
---------------------------------------------------------------------------------------------------------------------------------------------------
|                                            | 1.231e-01 -1.665e-02 -3.868e-02 |                                 |                                 |
|                                            |-1.665e-02 -1.973e-01  1.520e-01 |                                 |                                 |
|                                            |-3.868e-02  1.520e-01  6.001e-01 |                                 |                                 |
---------------------------------------------------------------------------------------------------------------------------------------------------
|                                            |                                 | 1.231e-01 -1.665e-02 -3.868e-02 |                                 |
|                                            |                                 |-1.665e-02 -1.973e-01  1.520e-01 |                                 |
|                                            |                                 |-3.868e-02  1.520e-01  6.001e-01 |                                 |
---------------------------------------------------------------------------------------------------------------------------------------------------
|                                            |                                 |                                 | 1.231e-01 -1.665e-02 -3.868e-02 |
|                                            |                                 |                                 |-1.665e-02 -1.973e-01  1.520e-01 |
|                                            |                                 |                                 |-3.868e-02  1.520e-01  6.001e-01 |
---------------------------------------------------------------------------------------------------------------------------------------------------

Polarisation Y:
Real Part:
---------------------------------------------------------------------------------------------------------------------------------------------------
|-4.251e-02 -3.096e-02 -8.374e-02 -8.083e-02 |                                 |                                 |                                 |
|-3.096e-02 -1.874e-01  6.609e-02  2.709e-02 |                                 |                                 |                                 |
|-8.374e-02  6.609e-02 -3.538e-02  6.788e-02 |                                 |                                 |                                 |
|-8.083e-02  2.709e-02  6.788e-02 -1.963e-01 |                                 |                                 |                                 |
---------------------------------------------------------------------------------------------------------------------------------------------------
|                                            |-9.315e-02  6.039e-02 -4.007e-02 |                                 |                                 |
|                                            | 6.039e-02 -1.484e-01 -3.536e-02 |                                 |                                 |
|                                            |-4.007e-02 -3.536e-02 -1.828e-01 |                                 |                                 |
---------------------------------------------------------------------------------------------------------------------------------------------------
|                                            |                                 |-9.315e-02  6.039e-02 -4.007e-02 |                                 |
|                                            |                                 | 6.039e-02 -1.484e-01 -3.536e-02 |                                 |
|                                            |                                 |-4.007e-02 -3.536e-02 -1.828e-01 |                                 |
---------------------------------------------------------------------------------------------------------------------------------------------------
|                                            |                                 |                                 |-9.315e-02  6.039e-02 -4.007e-02 |
|                                            |                                 |                                 | 6.039e-02 -1.484e-01 -3.536e-02 |
|                                            |                                 |                                 |-4.007e-02 -3.536e-02 -1.828e-01 |
---------------------------------------------------------------------------------------------------------------------------------------------------

Polarisation Z:
Real Part:
---------------------------------------------------------------------------------------------------------------------------------------------------
| 2.336e-01 -1.307e-01  1.393e+00 -1.444e-01 |                                 |                                 |                                 |
|-1.307e-01 -7.677e-02  5.228e-02  4.109e-01 |                                 |                                 |                                 |
| 1.393e+00  5.228e-02 -1.512e-01  5.652e-02 |                                 |                                 |                                 |
|-1.444e-01  4.109e-01  5.652e-02  2.618e-01 |                                 |                                 |                                 |
---------------------------------------------------------------------------------------------------------------------------------------------------
|                                            | 1.138e+00  4.496e-02  7.592e-02 |                                 |                                 |
|                                            | 4.496e-02 -1.928e-01 -2.973e-01 |                                 |                                 |
|                                            | 7.592e-02 -2.973e-01 -1.226e-01 |                                 |                                 |
---------------------------------------------------------------------------------------------------------------------------------------------------
|                                            |                                 | 1.138e+00  4.496e-02  7.592e-02 |                                 |
|                                            |                                 | 4.496e-02 -1.928e-01 -2.973e-01 |                                 |
|                                            |                                 | 7.592e-02 -2.973e-01 -1.226e-01 |                                 |
---------------------------------------------------------------------------------------------------------------------------------------------------
|                                            |                                 |                                 | 1.138e+00  4.496e-02  7.592e-02 |
|                                            |                                 |                                 | 4.496e-02 -1.928e-01 -2.973e-01 |
|                                            |                                 |                                 | 7.592e-02 -2.973e-01 -1.226e-01 |
---------------------------------------------------------------------------------------------------------------------------------------------------


=> Overlap matrix:

Real Part:
---------------------------------------------------------------------------------------------------------------------------------------------------
| 9.658e-01 -2.991e-03 -8.936e-03  1.772e-02 |                                 |                                 |                                 |
| 2.070e-02  8.701e-01  3.703e-02 -4.122e-01 |                                 |                                 |                                 |
| 7.939e-03 -1.107e-01  9.661e-01 -1.083e-01 |                                 |                                 |                                 |
|-1.699e-02  4.270e-01  1.735e-01  7.647e-01 |                                 |                                 |                                 |
---------------------------------------------------------------------------------------------------------------------------------------------------
|                                            | 9.740e-01  3.783e-02  5.426e-02 |                                 |                                 |
|                                            |-6.944e-02  8.637e-01  4.311e-01 |                                 |                                 |
|                                            | 4.554e-02  4.688e-01 -8.331e-01 |                                 |                                 |
---------------------------------------------------------------------------------------------------------------------------------------------------
|                                            |                                 | 9.740e-01  3.783e-02  5.426e-02 |                                 |
|                                            |                                 |-6.944e-02  8.637e-01  4.311e-01 |                                 |
|                                            |                                 | 4.554e-02  4.688e-01 -8.331e-01 |                                 |
---------------------------------------------------------------------------------------------------------------------------------------------------
|                                            |                                 |                                 | 9.740e-01  3.783e-02  5.426e-02 |
|                                            |                                 |                                 |-6.944e-02  8.637e-01  4.311e-01 |
|                                            |                                 |                                 | 4.554e-02  4.688e-01 -8.331e-01 |
---------------------------------------------------------------------------------------------------------------------------------------------------



==> Runtime:	0 Days	0 Hours	0 Minutes	18.433912 Seconds


===> Writing output to file QM.out in SHARC Format

