2026-07-27 13:14:49.058220 midway3-0545.rcc.local /project/lgagliardi/helenclifford/practice_rcc/sharc4/methaniminium/tutorial_reproduction/init/ICOND_00008
  ============================================================================
||                                                                            ||
||                         SHARC - MOLCAS - Interface                         ||
||                                                                            ||
||       Authors: Sascha Mausenberger, Lorenz Grünewald, Sebastian Mai        ||
||                                                                            ||
||                                Version: 4.0                                ||
||                              Date: 29.08.2023                              ||
||                                                                            ||
  ============================================================================
SAVEDIR set to ./SAVE/
Scratchdir set to /scratch/midway3/helenclifford/sharc_scratch/methaniminium_tutorial/init/ICOND_00008
WARNING: 'no-douglas-kroll' not in template keywords: paddingstates, density_calculation_methods, tCI, basis, baslib, basis_per_element, basis_per_atom, nactel, ras1, ras2, ras3, inactive, roots, origin, origin_pos, isotope_elements, isotope_masses, method, functional, ipea, cort_or_dort, imaginary, frozen, gradaccudefault, gradaccumax, pcmset, pcmstate, iterations, cholesky_accu, rasscf_thrs, rasscf_levshift, rasscf_sxdamp, rasscf_noqune, rasscf_convergence_mults, rasscf_guess_jobiph, rasscf_guess_mult, rasscf_guess_step, mclr_iterations, mclr_cgs
WARNING: 'cholesky' not in template keywords: paddingstates, density_calculation_methods, tCI, basis, baslib, basis_per_element, basis_per_atom, nactel, ras1, ras2, ras3, inactive, roots, origin, origin_pos, isotope_elements, isotope_masses, method, functional, ipea, cort_or_dort, imaginary, frozen, gradaccudefault, gradaccumax, pcmset, pcmstate, iterations, cholesky_accu, rasscf_thrs, rasscf_levshift, rasscf_sxdamp, rasscf_noqune, rasscf_convergence_mults, rasscf_guess_jobiph, rasscf_guess_mult, rasscf_guess_step, mclr_iterations, mclr_cgs
paddingstates not specified setting default, [0, 0, 0]
Interface: 

Molecule: 
comment: Initial condition ICOND_00008/

natom: 6
elements: ['C', 'N', 'H', 'H', 'H', 'H']
unit: bohr
factor: 1.0
states: [4, 0, 3]
charge: [1, 0, 1]
nstates: 7
nmstates: 13
point_charges: False
npc: 0
Atomcharge: 17
frozcore: 2
Ubasis: [[      0.0       0.0]
 [      0.0       0.0]]
mol: None

Coords: 
coords: [[ 0.00237033  0.07845261  0.0616043]
 [-0.01529701 -0.0271254  2.481782]
 [ 1.800978 -0.4998812 -0.8256675]
 [   1.6515  0.2383125  3.317717]
 [ -1.48127 -0.160533  3.652198]
 [ -1.78689 -0.1350471 -1.162221]]
pccoords: None
pccharge: None
veloc: None

Save: 
savedir: /project/lgagliardi/helenclifford/practice_rcc/sharc4/methaniminium/tutorial_reproduction/init/ICOND_00008/SAVE
step: 1
previous_step: None
init: False
newstep: True
samestep: False
always_guess: False
always_orb_init: False
restart: False

Requests: 
h: True
soc: True
dm: True
mdeqm: False
grad: None
nacdr: None
overlap: True
phases: False
ion: False
socdr: False
dmdr: False
multipolar_fit: None
theodore: False
cleanup: False
retain: 5
molden: False
savestuff: False
nooverlap: False
mol: False
density_matrices: None
dyson_orbitals: None

Maps: 
statemap: {1: [1, 1, 0.0], 2: [1, 2, 0.0], 3: [1, 3, 0.0], 4: [1, 4, 0.0], 5: [3, 1, -1.0], 6: [3, 2, -1.0], 7: [3, 3, -1.0], 8: [3, 1, 0.0], 9: [3, 2, 0.0], 10: [3, 3, 0.0], 11: [3, 1, 1.0], 12: [3, 2, 1.0], 13: [3, 3, 1.0]}
mults: None
gsmap: None
gradmap: None
nacmap: None
densmap: None
ionmap: None
chargemap: {1: 1, 2: 0, 3: 1}
multmap: {0: (0, 0, 0), 1: (0, 0, 1), 2: (0, 0, 2), 3: (0, 0, 3), 4: (2, 1.0, 0), 5: (2, 0.0, 0), 6: (2, -1.0, 0), 7: (2, 1.0, 1), 8: (2, 0.0, 1), 9: (2, -1.0, 1), 10: (2, 1.0, 2), 11: (2, 0.0, 2), 12: (2, -1.0, 2)}

Resources: 
pwd: /project/lgagliardi/helenclifford/practice_rcc/sharc4/methaniminium/tutorial_reproduction/init/ICOND_00008
cwd: /project/lgagliardi/helenclifford/practice_rcc/sharc4/methaniminium/tutorial_reproduction/init/ICOND_00008
scratchdir: /scratch/midway3/helenclifford/sharc_scratch/methaniminium_tutorial/init/ICOND_00008
ncpu: 1
ngpu: None
memory: 500
delay: 0.0
theodir: None
theodore_prop: []
theodore_fragment: []
wfoverlap: /home/helenclifford/project-lgagliardi/practice_rcc/sharc4/bin/wfoverlap.x
wfthres: 0.998
wfnumocc: None
resp_shells: []
resp_vdw_radii_symbol: {}
resp_vdw_radii: []
resp_betas: [0.0005, 0.0015, 0.003]
resp_layers: 4
resp_first_layer: 1.4
resp_density: 10.0
resp_fit_order: 2
resp_mk_radii: True
resp_grid: lebedev
resp_target: zero
resp_block_size: 5000
resp_nuke_ram: False
molcas: /project/lgagliardi/shared/Apps/OpenMolcas/builds/parallel
mpi_parallel: False
dry_run: False
driver: /project/lgagliardi/shared/Apps/OpenMolcas/builds/parallel/pymolcas

Template: 
paddingstates: [0, 0, 0]
density_calculation_methods: []
tCI: 1e-07
basis: cc-pVDZ
baslib: None
basis_per_element: None
basis_per_atom: None
nactel: [7, 0, 0]
ras1: None
ras2: 4
ras3: None
inactive: 5
roots: [4, 0, 3]
origin: none
origin_pos: [0.0, 0.0, 0.0]
isotope_elements: []
isotope_masses: []
method: casscf
functional: t:pbe
ipea: 0.25
cort_or_dort: CORT
imaginary: 0.0
frozen: None
gradaccudefault: 0.0001
gradaccumax: 0.001
pcmset: None
pcmstate: None
iterations: [200, 100]
cholesky_accu: 0.0001
rasscf_thrs: [1e-08, 0.0001, 0.0001]
rasscf_levshift: None
rasscf_sxdamp: None
rasscf_noqune: False
rasscf_convergence_mults: []
rasscf_guess_jobiph: None
rasscf_guess_mult: 0
rasscf_guess_step: -1
mclr_iterations: 200
mclr_cgs: False

Scheduling: 

Control: 
jobid: None
workdir: None
master: False
gradonly: False
densonly: False
states_to_do: [4, 0, 3]
jobs: None
nslots_pool: []

Starting job execution
['gateway']
['seward']
['copy', '/project/lgagliardi/helenclifford/practice_rcc/sharc4/methaniminium/tutorial_reproduction/init/ICOND_00008/SAVE/MOLCAS.1.JobIph.0', 'JOBOLD']
['rasscf', 1, 4, True, False]
['copy', 'MOLCAS.rasscf.h5', 'MOLCAS.1.rasscf.h5']
['copy', 'MOLCAS.JobIph', 'MOLCAS.1.JobIph']
['copy', '/project/lgagliardi/helenclifford/practice_rcc/sharc4/methaniminium/tutorial_reproduction/init/ICOND_00008/SAVE/MOLCAS.3.JobIph.0', 'JOBOLD']
['rasscf', 3, 3, True, False]
['copy', 'MOLCAS.rasscf.h5', 'MOLCAS.3.rasscf.h5']
['copy', 'MOLCAS.JobIph', 'MOLCAS.3.JobIph']
['link', 'MOLCAS.1.JobIph', 'JOB001']
['rassi', 'dm', [4]]
['copy', 'MOLCAS.rassi.h5', 'MOLCAS.rassi.1.h5']
['link', 'MOLCAS.3.JobIph', 'JOB001']
['rassi', 'dm', [3]]
['copy', 'MOLCAS.rassi.h5', 'MOLCAS.rassi.3.h5']
['copy', '/project/lgagliardi/helenclifford/practice_rcc/sharc4/methaniminium/tutorial_reproduction/init/ICOND_00008/SAVE/MOLCAS.1.JobIph.0', 'JOB001']
['link', 'MOLCAS.1.JobIph', 'JOB002']
['rassi', 'overlap', [4, 4]]
['copy', 'MOLCAS.rassi.h5', 'MOLCAS.rassi.ovlp.1.h5']
['copy', '/project/lgagliardi/helenclifford/practice_rcc/sharc4/methaniminium/tutorial_reproduction/init/ICOND_00008/SAVE/MOLCAS.3.JobIph.0', 'JOB001']
['link', 'MOLCAS.3.JobIph', 'JOB002']
['rassi', 'overlap', [3, 3]]
['copy', 'MOLCAS.rassi.h5', 'MOLCAS.rassi.ovlp.3.h5']
['link', 'MOLCAS.1.JobIph', 'JOB001']
['link', 'MOLCAS.3.JobIph', 'JOB002']
['rassi', 'soc', [4, 3]]
All jobs finished:
job: master          code: 0    runtime: 0:00:15.936728

===> Results:

=> Hamiltonian Matrix:
Diagonal Shift:    -94.00
Real Part:
---------------------------------------------------------------------------------------------------------------------------------------------------
|-3.936e-01                                  | 1.105e-06 -3.230e-06 -2.461e-06 |                                 | 1.105e-06 -3.230e-06 -2.461e-06 |
|           -8.745e-02                       | 2.677e-06  1.187e-06 -3.157e-05 |                                 | 2.677e-06  1.187e-06 -3.157e-05 |
|                      -1.662e-02            |-3.019e-06  4.733e-06  1.717e-06 |                                 |-3.019e-06  4.733e-06  1.717e-06 |
|                                  3.027e-02 |-1.327e-05  2.990e-05  3.055e-06 |                                 |-1.327e-05  2.990e-05  3.055e-06 |
---------------------------------------------------------------------------------------------------------------------------------------------------
| 1.105e-06  2.677e-06 -3.019e-06 -1.327e-05 |-2.072e-01                       | 7.443e-23  3.169e-06 -1.304e-05 |                                 |
|-3.230e-06  1.187e-06  4.733e-06  2.990e-05 |           -1.028e-01            |-3.169e-06 -5.371e-22  2.986e-05 |                                 |
|-2.461e-06 -3.157e-05  1.717e-06  3.055e-06 |                      -7.651e-03 | 1.304e-05 -2.986e-05  1.496e-21 |                                 |
---------------------------------------------------------------------------------------------------------------------------------------------------
|                                            |-7.443e-23 -3.169e-06  1.304e-05 |-2.072e-01                       | 7.443e-23  3.169e-06 -1.304e-05 |
|                                            | 3.169e-06  5.371e-22 -2.986e-05 |           -1.028e-01            |-3.169e-06 -5.371e-22  2.986e-05 |
|                                            |-1.304e-05  2.986e-05 -1.496e-21 |                      -7.651e-03 | 1.304e-05 -2.986e-05  1.496e-21 |
---------------------------------------------------------------------------------------------------------------------------------------------------
| 1.105e-06  2.677e-06 -3.019e-06 -1.327e-05 |                                 |-7.443e-23 -3.169e-06  1.304e-05 |-2.072e-01                       |
|-3.230e-06  1.187e-06  4.733e-06  2.990e-05 |                                 | 3.169e-06  5.371e-22 -2.986e-05 |           -1.028e-01            |
|-2.461e-06 -3.157e-05  1.717e-06  3.055e-06 |                                 |-1.304e-05  2.986e-05 -1.496e-21 |                      -7.651e-03 |
---------------------------------------------------------------------------------------------------------------------------------------------------

Imaginary Part:
---------------------------------------------------------------------------------------------------------------------------------------------------
|                                            | 5.150e-06  5.811e-06 -8.535e-05 |-1.571e-05  8.005e-05 -4.028e-06 |-5.150e-06 -5.811e-06  8.535e-05 |
|                                            | 1.341e-06  1.043e-06 -6.303e-06 | 4.724e-06  3.767e-06 -4.720e-06 |-1.341e-06 -1.043e-06  6.303e-06 |
|                                            |-8.786e-06 -2.216e-06 -1.942e-05 | 7.163e-06  6.787e-06 -6.642e-06 | 8.786e-06  2.216e-06  1.942e-05 |
|                                            |-4.623e-05 -8.671e-06  1.496e-06 |-2.572e-05 -6.350e-06 -1.075e-06 | 4.623e-05  8.671e-06 -1.496e-06 |
---------------------------------------------------------------------------------------------------------------------------------------------------
|-5.150e-06 -1.341e-06  8.786e-06  4.623e-05 |            6.778e-06 -1.377e-05 | 5.286e-22 -1.601e-06  4.080e-05 |                                 |
|-5.811e-06 -1.043e-06  2.216e-06  8.671e-06 |-6.778e-06            -1.158e-06 | 1.601e-06 -1.239e-21  7.729e-06 |                                 |
| 8.535e-05  6.303e-06  1.942e-05 -1.496e-06 | 1.377e-05  1.158e-06            |-4.080e-05 -7.729e-06  2.415e-22 |                                 |
---------------------------------------------------------------------------------------------------------------------------------------------------
| 1.571e-05 -4.724e-06 -7.163e-06  2.572e-05 | 5.286e-22 -1.601e-06  4.080e-05 |                                 | 5.286e-22 -1.601e-06  4.080e-05 |
|-8.005e-05 -3.767e-06 -6.787e-06  6.350e-06 | 1.601e-06 -1.239e-21  7.729e-06 |                                 | 1.601e-06 -1.239e-21  7.729e-06 |
| 4.028e-06  4.720e-06  6.642e-06  1.075e-06 |-4.080e-05 -7.729e-06  2.415e-22 |                                 |-4.080e-05 -7.729e-06  2.415e-22 |
---------------------------------------------------------------------------------------------------------------------------------------------------
| 5.150e-06  1.341e-06 -8.786e-06 -4.623e-05 |                                 | 5.286e-22 -1.601e-06  4.080e-05 |           -6.778e-06  1.377e-05 |
| 5.811e-06  1.043e-06 -2.216e-06 -8.671e-06 |                                 | 1.601e-06 -1.239e-21  7.729e-06 | 6.778e-06             1.158e-06 |
|-8.535e-05 -6.303e-06 -1.942e-05  1.496e-06 |                                 |-4.080e-05 -7.729e-06  2.415e-22 |-1.377e-05 -1.158e-06            |
---------------------------------------------------------------------------------------------------------------------------------------------------


=> Dipole Moment Matrices:

Polarisation X:
Real Part:
---------------------------------------------------------------------------------------------------------------------------------------------------
| 1.111e-02  5.206e-02 -3.875e-02  6.341e-02 |                                 |                                 |                                 |
| 5.206e-02 -2.255e-02  3.826e-02  3.787e-01 |                                 |                                 |                                 |
|-3.875e-02  3.826e-02 -4.221e-02 -1.309e-01 |                                 |                                 |                                 |
| 6.341e-02  3.787e-01 -1.309e-01  1.310e-01 |                                 |                                 |                                 |
---------------------------------------------------------------------------------------------------------------------------------------------------
|                                            | 7.501e-03 -4.956e-02 -1.272e-01 |                                 |                                 |
|                                            |-4.956e-02 -6.106e-02  5.248e-01 |                                 |                                 |
|                                            |-1.272e-01  5.248e-01  7.922e-02 |                                 |                                 |
---------------------------------------------------------------------------------------------------------------------------------------------------
|                                            |                                 | 7.501e-03 -4.956e-02 -1.272e-01 |                                 |
|                                            |                                 |-4.956e-02 -6.106e-02  5.248e-01 |                                 |
|                                            |                                 |-1.272e-01  5.248e-01  7.922e-02 |                                 |
---------------------------------------------------------------------------------------------------------------------------------------------------
|                                            |                                 |                                 | 7.501e-03 -4.956e-02 -1.272e-01 |
|                                            |                                 |                                 |-4.956e-02 -6.106e-02  5.248e-01 |
|                                            |                                 |                                 |-1.272e-01  5.248e-01  7.922e-02 |
---------------------------------------------------------------------------------------------------------------------------------------------------

Polarisation Y:
Real Part:
---------------------------------------------------------------------------------------------------------------------------------------------------
| 1.687e-02 -8.431e-02 -1.988e-01 -2.018e-01 |                                 |                                 |                                 |
|-8.431e-02 -2.880e-01  9.391e-02 -6.082e-02 |                                 |                                 |                                 |
|-1.988e-01  9.391e-02 -3.451e-02  8.264e-02 |                                 |                                 |                                 |
|-2.018e-01 -6.082e-02  8.264e-02 -1.958e-01 |                                 |                                 |                                 |
---------------------------------------------------------------------------------------------------------------------------------------------------
|                                            |-1.109e-01  4.085e-02 -2.368e-02 |                                 |                                 |
|                                            | 4.085e-02 -2.634e-01 -9.163e-02 |                                 |                                 |
|                                            |-2.368e-02 -9.163e-02 -1.857e-01 |                                 |                                 |
---------------------------------------------------------------------------------------------------------------------------------------------------
|                                            |                                 |-1.109e-01  4.085e-02 -2.368e-02 |                                 |
|                                            |                                 | 4.085e-02 -2.634e-01 -9.163e-02 |                                 |
|                                            |                                 |-2.368e-02 -9.163e-02 -1.857e-01 |                                 |
---------------------------------------------------------------------------------------------------------------------------------------------------
|                                            |                                 |                                 |-1.109e-01  4.085e-02 -2.368e-02 |
|                                            |                                 |                                 | 4.085e-02 -2.634e-01 -9.163e-02 |
|                                            |                                 |                                 |-2.368e-02 -9.163e-02 -1.857e-01 |
---------------------------------------------------------------------------------------------------------------------------------------------------

Polarisation Z:
Real Part:
---------------------------------------------------------------------------------------------------------------------------------------------------
| 2.410e-01  3.575e-01  1.314e+00 -1.408e-01 |                                 |                                 |                                 |
| 3.575e-01 -3.979e-01  1.094e-01 -4.834e-02 |                                 |                                 |                                 |
| 1.314e+00  1.094e-01  2.013e-02 -1.450e-02 |                                 |                                 |                                 |
|-1.408e-01 -4.834e-02 -1.450e-02  1.951e-01 |                                 |                                 |                                 |
---------------------------------------------------------------------------------------------------------------------------------------------------
|                                            | 1.122e+00  3.252e-01  1.165e-01 |                                 |                                 |
|                                            | 3.252e-01 -4.490e-01  2.055e-02 |                                 |                                 |
|                                            | 1.165e-01  2.055e-02 -1.075e-01 |                                 |                                 |
---------------------------------------------------------------------------------------------------------------------------------------------------
|                                            |                                 | 1.122e+00  3.252e-01  1.165e-01 |                                 |
|                                            |                                 | 3.252e-01 -4.490e-01  2.055e-02 |                                 |
|                                            |                                 | 1.165e-01  2.055e-02 -1.075e-01 |                                 |
---------------------------------------------------------------------------------------------------------------------------------------------------
|                                            |                                 |                                 | 1.122e+00  3.252e-01  1.165e-01 |
|                                            |                                 |                                 | 3.252e-01 -4.490e-01  2.055e-02 |
|                                            |                                 |                                 | 1.165e-01  2.055e-02 -1.075e-01 |
---------------------------------------------------------------------------------------------------------------------------------------------------


=> Overlap matrix:

Real Part:
---------------------------------------------------------------------------------------------------------------------------------------------------
| 9.388e-01  1.748e-02 -1.922e-02  1.963e-02 |                                 |                                 |                                 |
| 4.954e-02 -9.023e-01  2.567e-01 -7.082e-02 |                                 |                                 |                                 |
| 1.602e-03  2.930e-01  8.758e-01 -9.673e-02 |                                 |                                 |                                 |
|-3.810e-02 -3.521e-02  1.619e-01  9.005e-01 |                                 |                                 |                                 |
---------------------------------------------------------------------------------------------------------------------------------------------------
|                                            | 9.094e-01  2.025e-01  6.744e-02 |                                 |                                 |
|                                            |-2.447e-01  9.086e-01  4.557e-02 |                                 |                                 |
|                                            | 7.080e-02  6.991e-02 -9.249e-01 |                                 |                                 |
---------------------------------------------------------------------------------------------------------------------------------------------------
|                                            |                                 | 9.094e-01  2.025e-01  6.744e-02 |                                 |
|                                            |                                 |-2.447e-01  9.086e-01  4.557e-02 |                                 |
|                                            |                                 | 7.080e-02  6.991e-02 -9.249e-01 |                                 |
---------------------------------------------------------------------------------------------------------------------------------------------------
|                                            |                                 |                                 | 9.094e-01  2.025e-01  6.744e-02 |
|                                            |                                 |                                 |-2.447e-01  9.086e-01  4.557e-02 |
|                                            |                                 |                                 | 7.080e-02  6.991e-02 -9.249e-01 |
---------------------------------------------------------------------------------------------------------------------------------------------------



==> Runtime:	0 Days	0 Hours	0 Minutes	17.826890 Seconds


===> Writing output to file QM.out in SHARC Format

