2026-07-27 13:14:04.319953 midway3-0545.rcc.local /project/lgagliardi/helenclifford/practice_rcc/sharc4/methaniminium/tutorial_reproduction/init/ICOND_00006
  ============================================================================
||                                                                            ||
||                         SHARC - MOLCAS - Interface                         ||
||                                                                            ||
||       Authors: Sascha Mausenberger, Lorenz Grünewald, Sebastian Mai        ||
||                                                                            ||
||                                Version: 4.0                                ||
||                              Date: 29.08.2023                              ||
||                                                                            ||
  ============================================================================
SAVEDIR set to ./SAVE/
Scratchdir set to /scratch/midway3/helenclifford/sharc_scratch/methaniminium_tutorial/init/ICOND_00006
WARNING: 'no-douglas-kroll' not in template keywords: paddingstates, density_calculation_methods, tCI, basis, baslib, basis_per_element, basis_per_atom, nactel, ras1, ras2, ras3, inactive, roots, origin, origin_pos, isotope_elements, isotope_masses, method, functional, ipea, cort_or_dort, imaginary, frozen, gradaccudefault, gradaccumax, pcmset, pcmstate, iterations, cholesky_accu, rasscf_thrs, rasscf_levshift, rasscf_sxdamp, rasscf_noqune, rasscf_convergence_mults, rasscf_guess_jobiph, rasscf_guess_mult, rasscf_guess_step, mclr_iterations, mclr_cgs
WARNING: 'cholesky' not in template keywords: paddingstates, density_calculation_methods, tCI, basis, baslib, basis_per_element, basis_per_atom, nactel, ras1, ras2, ras3, inactive, roots, origin, origin_pos, isotope_elements, isotope_masses, method, functional, ipea, cort_or_dort, imaginary, frozen, gradaccudefault, gradaccumax, pcmset, pcmstate, iterations, cholesky_accu, rasscf_thrs, rasscf_levshift, rasscf_sxdamp, rasscf_noqune, rasscf_convergence_mults, rasscf_guess_jobiph, rasscf_guess_mult, rasscf_guess_step, mclr_iterations, mclr_cgs
paddingstates not specified setting default, [0, 0, 0]
Interface: 

Molecule: 
comment: Initial condition ICOND_00006/

natom: 6
elements: ['C', 'N', 'H', 'H', 'H', 'H']
unit: bohr
factor: 1.0
states: [4, 0, 3]
charge: [1, 0, 1]
nstates: 7
nmstates: 13
point_charges: False
npc: 0
Atomcharge: 17
frozcore: 2
Ubasis: [[      0.0       0.0]
 [      0.0       0.0]]
mol: None

Coords: 
coords: [[ 0.01667962 -0.02738277  0.07822639]
 [ 0.01526979  0.03254943  2.474085]
 [ 1.688504  0.09787698 -0.9535346]
 [ 1.604833 -0.1631197  3.401777]
 [-1.816013 -0.1120102  3.289667]
 [-1.888089  0.05112472 -0.846862]]
pccoords: None
pccharge: None
veloc: None

Save: 
savedir: /project/lgagliardi/helenclifford/practice_rcc/sharc4/methaniminium/tutorial_reproduction/init/ICOND_00006/SAVE
step: 1
previous_step: None
init: False
newstep: True
samestep: False
always_guess: False
always_orb_init: False
restart: False

Requests: 
h: True
soc: True
dm: True
mdeqm: False
grad: None
nacdr: None
overlap: True
phases: False
ion: False
socdr: False
dmdr: False
multipolar_fit: None
theodore: False
cleanup: False
retain: 5
molden: False
savestuff: False
nooverlap: False
mol: False
density_matrices: None
dyson_orbitals: None

Maps: 
statemap: {1: [1, 1, 0.0], 2: [1, 2, 0.0], 3: [1, 3, 0.0], 4: [1, 4, 0.0], 5: [3, 1, -1.0], 6: [3, 2, -1.0], 7: [3, 3, -1.0], 8: [3, 1, 0.0], 9: [3, 2, 0.0], 10: [3, 3, 0.0], 11: [3, 1, 1.0], 12: [3, 2, 1.0], 13: [3, 3, 1.0]}
mults: None
gsmap: None
gradmap: None
nacmap: None
densmap: None
ionmap: None
chargemap: {1: 1, 2: 0, 3: 1}
multmap: {0: (0, 0, 0), 1: (0, 0, 1), 2: (0, 0, 2), 3: (0, 0, 3), 4: (2, 1.0, 0), 5: (2, 0.0, 0), 6: (2, -1.0, 0), 7: (2, 1.0, 1), 8: (2, 0.0, 1), 9: (2, -1.0, 1), 10: (2, 1.0, 2), 11: (2, 0.0, 2), 12: (2, -1.0, 2)}

Resources: 
pwd: /project/lgagliardi/helenclifford/practice_rcc/sharc4/methaniminium/tutorial_reproduction/init/ICOND_00006
cwd: /project/lgagliardi/helenclifford/practice_rcc/sharc4/methaniminium/tutorial_reproduction/init/ICOND_00006
scratchdir: /scratch/midway3/helenclifford/sharc_scratch/methaniminium_tutorial/init/ICOND_00006
ncpu: 1
ngpu: None
memory: 500
delay: 0.0
theodir: None
theodore_prop: []
theodore_fragment: []
wfoverlap: /home/helenclifford/project-lgagliardi/practice_rcc/sharc4/bin/wfoverlap.x
wfthres: 0.998
wfnumocc: None
resp_shells: []
resp_vdw_radii_symbol: {}
resp_vdw_radii: []
resp_betas: [0.0005, 0.0015, 0.003]
resp_layers: 4
resp_first_layer: 1.4
resp_density: 10.0
resp_fit_order: 2
resp_mk_radii: True
resp_grid: lebedev
resp_target: zero
resp_block_size: 5000
resp_nuke_ram: False
molcas: /project/lgagliardi/shared/Apps/OpenMolcas/builds/parallel
mpi_parallel: False
dry_run: False
driver: /project/lgagliardi/shared/Apps/OpenMolcas/builds/parallel/pymolcas

Template: 
paddingstates: [0, 0, 0]
density_calculation_methods: []
tCI: 1e-07
basis: cc-pVDZ
baslib: None
basis_per_element: None
basis_per_atom: None
nactel: [7, 0, 0]
ras1: None
ras2: 4
ras3: None
inactive: 5
roots: [4, 0, 3]
origin: none
origin_pos: [0.0, 0.0, 0.0]
isotope_elements: []
isotope_masses: []
method: casscf
functional: t:pbe
ipea: 0.25
cort_or_dort: CORT
imaginary: 0.0
frozen: None
gradaccudefault: 0.0001
gradaccumax: 0.001
pcmset: None
pcmstate: None
iterations: [200, 100]
cholesky_accu: 0.0001
rasscf_thrs: [1e-08, 0.0001, 0.0001]
rasscf_levshift: None
rasscf_sxdamp: None
rasscf_noqune: False
rasscf_convergence_mults: []
rasscf_guess_jobiph: None
rasscf_guess_mult: 0
rasscf_guess_step: -1
mclr_iterations: 200
mclr_cgs: False

Scheduling: 

Control: 
jobid: None
workdir: None
master: False
gradonly: False
densonly: False
states_to_do: [4, 0, 3]
jobs: None
nslots_pool: []

Starting job execution
['gateway']
['seward']
['copy', '/project/lgagliardi/helenclifford/practice_rcc/sharc4/methaniminium/tutorial_reproduction/init/ICOND_00006/SAVE/MOLCAS.1.JobIph.0', 'JOBOLD']
['rasscf', 1, 4, True, False]
['copy', 'MOLCAS.rasscf.h5', 'MOLCAS.1.rasscf.h5']
['copy', 'MOLCAS.JobIph', 'MOLCAS.1.JobIph']
['copy', '/project/lgagliardi/helenclifford/practice_rcc/sharc4/methaniminium/tutorial_reproduction/init/ICOND_00006/SAVE/MOLCAS.3.JobIph.0', 'JOBOLD']
['rasscf', 3, 3, True, False]
['copy', 'MOLCAS.rasscf.h5', 'MOLCAS.3.rasscf.h5']
['copy', 'MOLCAS.JobIph', 'MOLCAS.3.JobIph']
['link', 'MOLCAS.1.JobIph', 'JOB001']
['rassi', 'dm', [4]]
['copy', 'MOLCAS.rassi.h5', 'MOLCAS.rassi.1.h5']
['link', 'MOLCAS.3.JobIph', 'JOB001']
['rassi', 'dm', [3]]
['copy', 'MOLCAS.rassi.h5', 'MOLCAS.rassi.3.h5']
['copy', '/project/lgagliardi/helenclifford/practice_rcc/sharc4/methaniminium/tutorial_reproduction/init/ICOND_00006/SAVE/MOLCAS.1.JobIph.0', 'JOB001']
['link', 'MOLCAS.1.JobIph', 'JOB002']
['rassi', 'overlap', [4, 4]]
['copy', 'MOLCAS.rassi.h5', 'MOLCAS.rassi.ovlp.1.h5']
['copy', '/project/lgagliardi/helenclifford/practice_rcc/sharc4/methaniminium/tutorial_reproduction/init/ICOND_00006/SAVE/MOLCAS.3.JobIph.0', 'JOB001']
['link', 'MOLCAS.3.JobIph', 'JOB002']
['rassi', 'overlap', [3, 3]]
['copy', 'MOLCAS.rassi.h5', 'MOLCAS.rassi.ovlp.3.h5']
['link', 'MOLCAS.1.JobIph', 'JOB001']
['link', 'MOLCAS.3.JobIph', 'JOB002']
['rassi', 'soc', [4, 3]]
All jobs finished:
job: master          code: 0    runtime: 0:00:16.223640

===> Results:

=> Hamiltonian Matrix:
Diagonal Shift:    -94.00
Real Part:
---------------------------------------------------------------------------------------------------------------------------------------------------
|-4.023e-01                                  | 8.259e-08  2.231e-06 -9.913e-07 |                                 | 8.259e-08  2.231e-06 -9.913e-07 |
|           -5.910e-02                       |-1.127e-06 -8.553e-07 -3.352e-05 |                                 |-1.127e-06 -8.553e-07 -3.352e-05 |
|                      -6.466e-03            | 1.594e-07  2.699e-06  1.388e-06 |                                 | 1.594e-07  2.699e-06  1.388e-06 |
|                                  2.586e-02 | 2.483e-06  3.460e-05  1.103e-06 |                                 | 2.483e-06  3.460e-05  1.103e-06 |
---------------------------------------------------------------------------------------------------------------------------------------------------
| 8.259e-08 -1.127e-06  1.594e-07  2.483e-06 |-1.951e-01                       | 1.903e-23  1.156e-06 -2.345e-06 |                                 |
| 2.231e-06 -8.553e-07  2.699e-06  3.460e-05 |           -8.403e-02            |-1.156e-06  1.907e-21 -3.491e-05 |                                 |
|-9.913e-07 -3.352e-05  1.388e-06  1.103e-06 |                      -8.151e-03 | 2.345e-06  3.491e-05 -9.819e-22 |                                 |
---------------------------------------------------------------------------------------------------------------------------------------------------
|                                            |-1.903e-23 -1.156e-06  2.345e-06 |-1.951e-01                       | 1.903e-23  1.156e-06 -2.345e-06 |
|                                            | 1.156e-06 -1.907e-21  3.491e-05 |           -8.403e-02            |-1.156e-06  1.907e-21 -3.491e-05 |
|                                            |-2.345e-06 -3.491e-05  9.819e-22 |                      -8.151e-03 | 2.345e-06  3.491e-05 -9.819e-22 |
---------------------------------------------------------------------------------------------------------------------------------------------------
| 8.259e-08 -1.127e-06  1.594e-07  2.483e-06 |                                 |-1.903e-23 -1.156e-06  2.345e-06 |-1.951e-01                       |
| 2.231e-06 -8.553e-07  2.699e-06  3.460e-05 |                                 | 1.156e-06 -1.907e-21  3.491e-05 |           -8.403e-02            |
|-9.913e-07 -3.352e-05  1.388e-06  1.103e-06 |                                 |-2.345e-06 -3.491e-05  9.819e-22 |                      -8.151e-03 |
---------------------------------------------------------------------------------------------------------------------------------------------------

Imaginary Part:
---------------------------------------------------------------------------------------------------------------------------------------------------
|                                            | 3.979e-07  3.299e-06  9.187e-05 | 2.305e-06  8.619e-05 -1.642e-05 |-3.979e-07 -3.299e-06 -9.187e-05 |
|                                            | 2.400e-06  6.331e-07  1.967e-06 |-6.214e-06  1.265e-06  3.449e-07 |-2.400e-06 -6.331e-07 -1.967e-06 |
|                                            |-2.073e-06  2.162e-06  2.353e-05 | 1.511e-07  1.095e-05 -1.021e-05 | 2.073e-06 -2.162e-06 -2.353e-05 |
|                                            |-5.116e-05  1.084e-06 -1.217e-07 | 2.678e-05 -7.179e-07  1.665e-07 | 5.116e-05 -1.084e-06  1.217e-07 |
---------------------------------------------------------------------------------------------------------------------------------------------------
|-3.979e-07 -2.400e-06  2.073e-06  5.116e-05 |            9.560e-06 -1.921e-05 |-3.593e-23  6.476e-07 -4.731e-05 |                                 |
|-3.299e-06 -6.331e-07 -2.162e-06 -1.084e-06 |-9.560e-06             1.521e-06 |-6.476e-07  6.500e-22  1.159e-06 |                                 |
|-9.187e-05 -1.967e-06 -2.353e-05  1.217e-07 | 1.921e-05 -1.521e-06            | 4.731e-05 -1.159e-06 -2.368e-22 |                                 |
---------------------------------------------------------------------------------------------------------------------------------------------------
|-2.305e-06  6.214e-06 -1.511e-07 -2.678e-05 |-3.593e-23  6.476e-07 -4.731e-05 |                                 |-3.593e-23  6.476e-07 -4.731e-05 |
|-8.619e-05 -1.265e-06 -1.095e-05  7.179e-07 |-6.476e-07  6.500e-22  1.159e-06 |                                 |-6.476e-07  6.500e-22  1.159e-06 |
| 1.642e-05 -3.449e-07  1.021e-05 -1.665e-07 | 4.731e-05 -1.159e-06 -2.368e-22 |                                 | 4.731e-05 -1.159e-06 -2.368e-22 |
---------------------------------------------------------------------------------------------------------------------------------------------------
| 3.979e-07  2.400e-06 -2.073e-06 -5.116e-05 |                                 |-3.593e-23  6.476e-07 -4.731e-05 |           -9.560e-06  1.921e-05 |
| 3.299e-06  6.331e-07  2.162e-06  1.084e-06 |                                 |-6.476e-07  6.500e-22  1.159e-06 | 9.560e-06            -1.521e-06 |
| 9.187e-05  1.967e-06  2.353e-05 -1.217e-07 |                                 | 4.731e-05 -1.159e-06 -2.368e-22 |-1.921e-05  1.521e-06            |
---------------------------------------------------------------------------------------------------------------------------------------------------


=> Dipole Moment Matrices:

Polarisation X:
Real Part:
---------------------------------------------------------------------------------------------------------------------------------------------------
|-4.816e-02  4.686e-03 -4.309e-04  1.547e-03 |                                 |                                 |                                 |
| 4.686e-03 -3.329e-01  1.318e-03 -3.068e-01 |                                 |                                 |                                 |
|-4.309e-04  1.318e-03 -5.458e-02  2.267e-02 |                                 |                                 |                                 |
| 1.547e-03 -3.068e-01  2.267e-02 -2.187e-01 |                                 |                                 |                                 |
---------------------------------------------------------------------------------------------------------------------------------------------------
|                                            |-4.453e-02  1.365e-03 -1.052e-02 |                                 |                                 |
|                                            | 1.365e-03 -3.692e-01 -3.830e-01 |                                 |                                 |
|                                            |-1.052e-02 -3.830e-01 -1.337e-01 |                                 |                                 |
---------------------------------------------------------------------------------------------------------------------------------------------------
|                                            |                                 |-4.453e-02  1.365e-03 -1.052e-02 |                                 |
|                                            |                                 | 1.365e-03 -3.692e-01 -3.830e-01 |                                 |
|                                            |                                 |-1.052e-02 -3.830e-01 -1.337e-01 |                                 |
---------------------------------------------------------------------------------------------------------------------------------------------------
|                                            |                                 |                                 |-4.453e-02  1.365e-03 -1.052e-02 |
|                                            |                                 |                                 | 1.365e-03 -3.692e-01 -3.830e-01 |
|                                            |                                 |                                 |-1.052e-02 -3.830e-01 -1.337e-01 |
---------------------------------------------------------------------------------------------------------------------------------------------------

Polarisation Y:
Real Part:
---------------------------------------------------------------------------------------------------------------------------------------------------
|-1.001e-01 -6.925e-02  1.147e-01 -1.374e-01 |                                 |                                 |                                 |
|-6.925e-02 -2.787e-02 -5.536e-03  1.423e-02 |                                 |                                 |                                 |
| 1.147e-01 -5.536e-03 -9.586e-02  7.181e-02 |                                 |                                 |                                 |
|-1.374e-01  1.423e-02  7.181e-02 -8.908e-02 |                                 |                                 |                                 |
---------------------------------------------------------------------------------------------------------------------------------------------------
|                                            |-3.060e-02  2.013e-02  6.444e-02 |                                 |                                 |
|                                            | 2.013e-02 -4.464e-02  2.158e-03 |                                 |                                 |
|                                            | 6.444e-02  2.158e-03 -8.835e-02 |                                 |                                 |
---------------------------------------------------------------------------------------------------------------------------------------------------
|                                            |                                 |-3.060e-02  2.013e-02  6.444e-02 |                                 |
|                                            |                                 | 2.013e-02 -4.464e-02  2.158e-03 |                                 |
|                                            |                                 | 6.444e-02  2.158e-03 -8.835e-02 |                                 |
---------------------------------------------------------------------------------------------------------------------------------------------------
|                                            |                                 |                                 |-3.060e-02  2.013e-02  6.444e-02 |
|                                            |                                 |                                 | 2.013e-02 -4.464e-02  2.158e-03 |
|                                            |                                 |                                 | 6.444e-02  2.158e-03 -8.835e-02 |
---------------------------------------------------------------------------------------------------------------------------------------------------

Polarisation Z:
Real Part:
---------------------------------------------------------------------------------------------------------------------------------------------------
| 2.006e-01  1.020e-01  1.372e+00 -7.882e-02 |                                 |                                 |                                 |
| 1.020e-01 -3.524e-01  2.103e-02 -1.460e-01 |                                 |                                 |                                 |
| 1.372e+00  2.103e-02  5.759e-03  3.502e-02 |                                 |                                 |                                 |
|-7.882e-02 -1.460e-01  3.502e-02  3.727e-01 |                                 |                                 |                                 |
---------------------------------------------------------------------------------------------------------------------------------------------------
|                                            | 1.113e+00 -3.943e-02  1.326e-02 |                                 |                                 |
|                                            |-3.943e-02 -4.212e-01 -1.321e-01 |                                 |                                 |
|                                            | 1.326e-02 -1.321e-01  1.584e-01 |                                 |                                 |
---------------------------------------------------------------------------------------------------------------------------------------------------
|                                            |                                 | 1.113e+00 -3.943e-02  1.326e-02 |                                 |
|                                            |                                 |-3.943e-02 -4.212e-01 -1.321e-01 |                                 |
|                                            |                                 | 1.326e-02 -1.321e-01  1.584e-01 |                                 |
---------------------------------------------------------------------------------------------------------------------------------------------------
|                                            |                                 |                                 | 1.113e+00 -3.943e-02  1.326e-02 |
|                                            |                                 |                                 |-3.943e-02 -4.212e-01 -1.321e-01 |
|                                            |                                 |                                 | 1.326e-02 -1.321e-01  1.584e-01 |
---------------------------------------------------------------------------------------------------------------------------------------------------


=> Overlap matrix:

Real Part:
---------------------------------------------------------------------------------------------------------------------------------------------------
| 9.809e-01  1.896e-03 -4.829e-03 -6.708e-03 |                                 |                                 |                                 |
|-7.710e-03  9.732e-01 -7.521e-02 -8.417e-03 |                                 |                                 |                                 |
| 5.429e-03  7.919e-02  9.715e-01 -5.163e-02 |                                 |                                 |                                 |
| 2.181e-02  2.794e-02  5.799e-02  9.555e-01 |                                 |                                 |                                 |
---------------------------------------------------------------------------------------------------------------------------------------------------
|                                            | 9.765e-01 -2.557e-02 -1.131e-02 |                                 |                                 |
|                                            | 3.333e-02  9.737e-01 -5.357e-02 |                                 |                                 |
|                                            | 1.931e-02  6.761e-02  9.672e-01 |                                 |                                 |
---------------------------------------------------------------------------------------------------------------------------------------------------
|                                            |                                 | 9.765e-01 -2.557e-02 -1.131e-02 |                                 |
|                                            |                                 | 3.333e-02  9.737e-01 -5.357e-02 |                                 |
|                                            |                                 | 1.931e-02  6.761e-02  9.672e-01 |                                 |
---------------------------------------------------------------------------------------------------------------------------------------------------
|                                            |                                 |                                 | 9.765e-01 -2.557e-02 -1.131e-02 |
|                                            |                                 |                                 | 3.333e-02  9.737e-01 -5.357e-02 |
|                                            |                                 |                                 | 1.931e-02  6.761e-02  9.672e-01 |
---------------------------------------------------------------------------------------------------------------------------------------------------



==> Runtime:	0 Days	0 Hours	0 Minutes	18.776513 Seconds


===> Writing output to file QM.out in SHARC Format

