#===============================================================================================================================================================================
#     Step |         Time |         State |                                     Energy |      Angular |     Gradient |      Density |           Expectation Value |    Runtime |
#          |              |  diag |   MCH |          kin |          pot |          tot |     Momentum |          RMS |        Total |           DM |            S |            |
#          |         [fs] |       |       |         [eV] |         [eV] |         [eV] |       [hbar] |     [eV/Ang] |              |      [Debye] |              |      [sec] |
#===============================================================================================================================================================================
         0         0.0000       9       3       1.389788      11.267898      12.657686       0.001027       6.469416       1.000000       0.397763       0.000004           75
         1         0.5000       9       3       1.569297      11.044459      12.613755       0.001058       6.070109       1.000000       0.380479       0.000003           58
         2         1.0000       9       3       1.528503      11.121374      12.649877       0.001083       6.149659       1.000000       0.502774       0.000002           66
         3         1.5000       9       3       1.402428      11.254731      12.657159       0.001233       5.669911       1.000000       0.578502       0.000003           58
         4         2.0000       9       3       1.297120      11.371204      12.668324       0.001309       5.392537       1.000000       0.652440       0.000003           63
         5         2.5000       9       3       1.365314      11.306646      12.671960       0.001428       4.987638       1.000000       0.694497       0.000004           65
         6         3.0000       9       3       1.640724      11.016823      12.657547       0.001685       3.995689       1.000000       0.725663       0.000006           56
         7         3.5000       9       3       1.922783      10.713478      12.636261       0.001947       2.628234       1.000000       1.326791       0.000038           66
# Surface Hop/Pointer State Switch: new state=     12 old state=      9 randnum=  0.280803470 gap=  0.003966 eV
         8         4.0000      12       3       2.055463      10.580798      12.636261       0.002033       1.932840       1.000000       2.043805       0.538634           69
         9         4.5000      12       3       2.138945      10.541737      12.680682       0.002072       2.747511       1.000000       2.645399       0.000089           70
# Surface Hop/Pointer State Switch: new state=     13 old state=     12 randnum=  0.126647923 gap=  0.230497 eV
        10         5.0000      13       4       1.872358      10.808324      12.680682       0.001961       2.206243       1.000000       1.471768       0.000012           68
        11         5.5000      13       4       1.881627      10.795166      12.676792       0.002065       1.961432       1.000000       2.572751       0.000007           60
        12         6.0000      13       4       1.741576      10.944930      12.686506       0.002261       2.353641       1.000000       2.693166       0.000005           64
        13         6.5000      13       4       1.554847      11.134138      12.688984       0.002371       2.444187       1.000000       2.593852       0.000004           69
        14         7.0000      13       4       1.368865      11.321614      12.690479       0.002568       2.480506       1.000000       2.545872       0.000004           66
        15         7.5000      13       4       1.206621      11.484940      12.691561       0.002768       2.507948       1.000000       2.573360       0.000004           64
        16         8.0000      13       4       1.084062      11.608176      12.692238       0.002948       2.530248       1.000000       2.671286       0.000004           60
        17         8.5000      13       4       1.010984      11.681498      12.692482       0.003057       2.546482       1.000000       2.830730       0.000004           63
        18         9.0000      13       4       0.990986      11.701394      12.692380       0.003059       2.566383       1.000000       3.049780       0.000004           65
        19         9.5000      13       4       1.022803      11.669272      12.692075       0.003055       2.609720       1.000000       3.341409       0.000004           64
        20        10.0000      13       4       1.101455      11.589662      12.691117       0.003133       2.704777       1.000000       3.763928       0.000005           66
# Surface Hop/Pointer State Switch: new state=     12 old state=     13 randnum=  0.191056636 gap= -0.082232 eV
        21        10.5000      12       3       1.282673      11.408444      12.691117       0.003379       2.626259       1.000000       1.961695       0.000036           65
        22        11.0000      12       3       1.387281      11.276073      12.663355       0.003367       2.229777       1.000000       2.739669       0.000031           59
        23        11.5000      12       3       1.552817      11.106192      12.659009       0.003387       2.048675       1.000000       3.021602       0.000099           61
# Surface Hop/Pointer State Switch: new state=      9 old state=     12 randnum=  0.061685396 gap= -0.011529 eV
        24        12.0000       9       3       1.680296      10.978714      12.659009       0.003585       1.761730       1.000000       3.047062       0.030762           63
        25        12.5000       9       3       1.692370      10.960915      12.653285       0.003688       1.566900       1.000000       2.970689       0.000075           64
        26        13.0000       9       3       1.546310      11.106071      12.652380       0.003705       1.765577       1.000000       2.756544       0.000018           55
        27        13.5000       9       3       1.246257      11.411125      12.657382       0.003650       2.397395       1.000000       2.526840       0.000009           69
        28        14.0000       9       3       0.887174      11.780433      12.667607       0.003632       3.125828       1.000000       2.787903       0.000006           65
        29        14.5000       9       3       0.633244      12.043432      12.676676       0.003723       3.587573       1.000000       3.620044       0.000005           62
        30        15.0000       9       3       0.616454      12.059427      12.675881       0.003898       3.548858       1.000000       4.276663       0.000004           68
        31        15.5000       9       3       0.832144      11.835216      12.667361       0.004102       3.106768       1.000000       4.576512       0.000004           67
        32        16.0000       9       3       1.161891      11.496672      12.658563       0.004312       2.557302       1.000000       4.546855       0.000006           68
        33        16.5000       9       3       1.450996      11.192664      12.643660       0.004499       1.755334       1.000000       3.542217       0.000008           65
        34        17.0000       9       3       1.557497      11.096989      12.654487       0.004585       1.043198       1.000000       3.592037       0.000006           71
        35        17.5000       9       3       1.481043      11.180975      12.662018       0.004606       1.439186       1.000000       4.103384       0.000006           57
        36        18.0000       9       3       1.327744      11.338522      12.666266       0.004646       1.816044       1.000000       4.277451       0.000009          100
        37        18.5000       9       3       1.162584      11.506741      12.669325       0.004661       2.099072       1.000000       4.358179       0.000016           61
        38        19.0000       9       3       1.031223      11.640004      12.671227       0.004665       2.281148       1.000000       4.408870       0.000039           56
        39        19.5000       9       3       0.962527      11.709432      12.671958       0.004673       2.361500       1.000000       4.451920       0.000123           60
        40        20.0000       9       3       0.968203      11.703544      12.671747       0.004646       2.348173       1.000000       4.497822       0.000723           63
        41        20.5000       9       3       1.048433      11.625005      12.673438       0.004743       2.147164       1.000000       4.390561       0.177009           58
# Surface Hop/Pointer State Switch: new state=     12 old state=      9 randnum=  0.790523059 gap=  0.052294 eV
        42        21.0000      12       3       1.183305      11.490134      12.673438       0.004773       2.099879       1.000000       4.613689       0.002171           57
        43        21.5000      12       3       1.348239      11.323375      12.671614       0.004807       1.910401       1.000000       4.668240       0.000369           71
        44        22.0000      12       3       1.528340      11.140822      12.669163       0.004815       1.694859       1.000000       4.722807       0.000251           69
        45        22.5000      12       3       1.687873      10.978494      12.666367       0.004853       1.541523       1.000000       4.774891       0.000379           70
        46        23.0000      12       3       1.789607      10.874463      12.664070       0.004872       1.614505       1.000000       4.818092       0.004766           65
# Surface Hop/Pointer State Switch: new state=      9 old state=     12 randnum=  0.778024331 gap= -0.115530 eV
        47        23.5000       9       3       1.811254      10.852816      12.664070       0.005038       2.039295       1.000000       4.853002       0.000475           60
        48        24.0000       9       3       1.749052      10.919411      12.668463       0.004997       2.713416       1.000000       4.858832       0.000086           57
        49        24.5000       9       3       1.691292      10.983200      12.674492       0.004899       3.292920       1.000000       4.842717       0.000031           57
        50        25.0000       9       3       1.725023      10.949534      12.674557       0.004770       3.457188       1.000000       4.806769       0.000016           65
        51        25.5000       9       3       1.853241      10.812933      12.666174       0.004675       3.134899       1.000000       4.759368       0.000011           64
        52        26.0000       9       3       1.970722      10.687133      12.657855       0.004669       2.653665       1.000000       4.712696       0.000008           63
        53        26.5000       9       3       1.972458      10.686366      12.658824       0.004707       2.546546       1.000000       4.676004       0.000007           60
        54        27.0000       9       3       1.870596      10.796711      12.667307       0.004698       2.787872       1.000000       4.642535       0.000006           65
        55        27.5000       9       3       1.764543      10.904774      12.669317       0.004638       2.732842       1.000000       4.513047       0.000004           73
        56        28.0000       9       3       1.684642      10.979032      12.663674       0.004610       2.483296       1.000000       4.016085       0.000006           58
        57        28.5000       9       3       1.598011      11.068182      12.666193       0.004459       2.621208       1.000000       3.819668       0.000010           61
        58        29.0000       9       3       1.501431      11.166027      12.667458       0.004343       2.768183       1.000000       3.804517       0.000009           67
        59        29.5000       9       3       1.411522      11.259090      12.670613       0.004392       2.971063       1.000000       3.777368       0.000008           63
        60        30.0000       9       3       1.364932      11.308701      12.673633       0.004393       3.140480       1.000000       3.735896       0.000007           67
        61        30.5000       9       3       1.399603      11.274989      12.674592       0.004425       3.199013       1.000000       3.688774       0.000007           65
        62        31.0000       9       3       1.526644      11.145958      12.672602       0.004534       3.120266       1.000000       3.642386       0.000007           68
        63        31.5000       9       3       1.715290      10.951958      12.667248       0.004636       2.912415       1.000000       3.601304       0.000006           68
        64        32.0000       9       3       1.889316      10.769906      12.659221       0.004535       2.677314       1.000000       3.565623       0.000005           58
        65        32.5000       9       3       1.946106      10.706653      12.652759       0.004366       2.753490       1.000000       3.524386       0.000004           61
        66        33.0000       9       3       1.824686      10.831351      12.656038       0.004284       3.471138       1.000000       3.457156       0.000003           89
        67        33.5000       9       3       1.607576      11.063672      12.671248       0.004250       4.504636       1.000000       3.347989       0.000002           67
        68        34.0000       9       3       1.516673      11.160582      12.677255       0.004207       5.082944       1.000000       3.207523       0.000002           60
        69        34.5000       9       3       1.715362      10.901279      12.616642       0.004218       4.552513       1.000000       3.174735       0.000002           62
# Surface Hop/Pointer State Switch: new state=      8 old state=      9 randnum=  0.221131887 gap= -0.349762 eV
        70        35.0000       8       2       2.205804      10.410837      12.616642       0.004614       3.733999       1.000000       3.201233       0.000005           59
        71        35.5000       8       2       2.636149       9.970654      12.606803       0.004590       2.936109       1.000000       3.094645       0.000012           68
# Surface Hop/Pointer State Switch: new state=      9 old state=      8 randnum=  0.000381414 gap=  1.260580 eV
        72        36.0000       9       3       1.643353      10.963450      12.606803       0.003489       3.631974       1.000000       3.472853       0.000002           61
        73        36.5000       9       3       1.431178      11.182990      12.614168       0.003658       4.220855       1.000000       3.425404       0.000002           62
        74        37.0000       9       3       1.371581      11.246699      12.618280       0.003651       4.533896       1.000000       3.304525       0.000002           67
        75        37.5000       9       3       1.513660      11.100612      12.614272       0.003652       4.391852       1.000000       3.114766       0.000002           60
        76        38.0000       9       3       1.797510      10.808732      12.606241       0.003673       3.915809       1.000000       2.865220       0.000002           68
        77        38.5000       9       3       2.103505      10.497751      12.601256       0.003724       3.393808       1.000000       2.579532       0.000002           64
        78        39.0000       9       3       2.343603      10.256811      12.600414       0.003886       2.987325       1.000000       2.306158       0.000002           58
        79        39.5000       9       3       2.488427      10.113308      12.601735       0.004018       2.676553       1.000000       2.106148       0.000002           59
        80        40.0000       9       3       2.545748      10.058455      12.604203       0.003994       2.418053       1.000000       1.991895       0.000001           59
        81        40.5000       9       3       2.540497      10.066394      12.606891       0.003927       2.224071       1.000000       1.928622       0.000001           57
        82        41.0000       9       3       2.501260      10.107574      12.608834       0.004135       2.114340       1.000000       1.906014       0.000001           57
        83        41.5000       9       3       2.450309      10.159777      12.610086       0.004498       2.090173       1.000000       1.921480       0.000001           59
        84        42.0000       9       3       2.402997      10.208222      12.611220       0.004529       2.137976       1.000000       1.951033       0.000001           71
        85        42.5000       9       3       2.373266      10.239188      12.612455       0.004362       2.218921       1.000000       1.965268       0.000001           64
        86        43.0000       9       3       2.375288      10.237848      12.613136       0.004309       2.260341       1.000000       1.949995       0.000001           59
        87        43.5000       9       3       2.414591      10.197384      12.611975       0.004230       2.178541       1.000000       1.908184       0.000001           75
        88        44.0000       9       3       2.472605      10.135757      12.608363       0.004004       1.937125       1.000000       1.850567       0.000001           61
        89        44.5000       9       3       2.502554      10.101548      12.604102       0.003802       1.671447       1.000000       1.788249       0.000001           62
        90        45.0000       9       3       2.459841      10.144254      12.604095       0.003542       1.825307       1.000000       1.730329       0.000001           62
        91        45.5000       9       3       2.368075      10.244339      12.612414       0.003166       2.521103       1.000000       1.683718       0.000001           61
        92        46.0000       9       3       2.353828      10.268557      12.622385       0.002788       3.127381       1.000000       1.658284       0.000001           69
        93        46.5000       9       3       2.538697      10.077745      12.616442       0.002327       3.032716       1.000000       1.826622       0.000002           59
# Surface Hop/Pointer State Switch: new state=      8 old state=      9 randnum=  0.824870996 gap= -0.436830 eV
        94        47.0000       8       2       2.916341       9.700101      12.616442       0.002076       2.538029       1.000000       1.488028       0.000001           58
        95        47.5000       8       2       3.271777       9.334496      12.606273       0.002200       1.675507       1.000000       1.487507       0.000002           59
        96        48.0000       8       2       3.466601       9.139149      12.605750       0.002302       1.210794       1.000000       1.480368       0.000002           72
        97        48.5000       8       2       3.468403       9.140607      12.609010       0.002077       1.280251       1.000000       1.482406       0.000002           60
        98        49.0000       8       2       3.323943       9.671685      12.995628       0.001981       1.690868       1.000000       0.871588       0.000002           61
        99        49.5000       8       2       3.105512       9.893032      12.998543       0.002202       1.960610       1.000000       0.838610       0.000002           59
       100        50.0000       8       2       2.866613      10.133957      13.000570       0.002477       2.208548       1.000000       0.866356       0.000002           61
       101        50.5000       8       2       2.641565      10.360718      13.002282       0.002616       2.462469       1.000000       0.984152       0.000003           64
       102        51.0000       8       2       2.463320      10.543054      13.006374       0.002567       3.554849       1.000000       1.186301       0.000003           67
       103        51.5000       8       2       2.404159      10.607407      13.011566       0.002571       2.803461       1.000000       1.234371       0.000004           60
       104        52.0000       8       2       2.436545      10.575316      13.011861       0.002531       2.817228       1.000000       1.295875       0.000004           67
       105        52.5000       8       2       2.565275      10.444260      13.009534       0.002604       2.677005       1.000000       1.365454       0.000005           65
       106        53.0000       8       2       2.752309      10.250861      13.003169       0.002711       2.319623       1.000000       1.455832       0.000005           72
       107        53.5000       8       2       2.900773      10.089684      12.990457       0.002506       1.807829       1.000000       1.444312       0.000006           62
# Surface Hop/Pointer State Switch: new state=      7 old state=      8 randnum=  0.257832631 gap= -0.072674 eV
       108        54.0000       7       1       2.908566      10.081891      12.990457       0.002336       1.651999       1.000000       1.175479       0.000010           64
       109        54.5000       7       1       2.584722      10.404307      12.989030       0.002127       2.789765       1.000000       1.640692       0.000008           57
       110        55.0000       7       1       2.060800      10.956112      13.016911       0.001864       4.602772       1.000000       1.815107       0.000008           64
       111        55.5000       7       1       1.736851      11.301388      13.038239       0.001692       5.426472       1.000000       1.895940       0.000008           75
       112        56.0000       7       1       1.866627      11.147364      13.013991       0.001579       4.488983       1.000000       1.903329       0.000008           58
       113        56.5000       7       1       2.167347      10.822110      12.989457       0.001500       2.735250       1.000000       1.861115       0.000008           59
       114        57.0000       7       1       2.273929      10.718386      12.992315       0.001379       1.755148       1.000000       1.800585       0.000008           59
       115        57.5000       7       1       2.141562      10.863551      13.005113       0.001135       2.008081       1.000000       1.746377       0.000008           64
       116        58.0000       7       1       1.908864      11.105429      13.014293       0.000859       2.448339       1.000000       1.709629       0.000009           62
       117        58.5000       7       1       1.701141      11.317192      13.018333       0.000814       2.725643       1.000000       1.689958       0.000010           58
       118        59.0000       7       1       1.579887      11.439513      13.019400       0.000893       2.856826       1.000000       1.682801       0.000011           65
       119        59.5000       7       1       1.561978      11.457076      13.019053       0.000946       2.872062       1.000000       1.686862       0.000012           63
       120        60.0000       7       1       1.641788      11.376306      13.018094       0.000975       2.796482       1.000000       1.707250       0.000012           67
       121        60.5000       7       1       1.804214      11.212829      13.017043       0.000988       2.664363       1.000000       1.752802       0.000012           59
       122        61.0000       7       1       2.032560      10.983464      13.016024       0.001019       2.505703       1.000000       1.830371       0.000012           60
       123        61.5000       7       1       2.310173      10.704377      13.014549       0.001040       2.329480       1.000000       1.940035       0.000013           57
       124        62.0000       7       1       2.613628      10.398049      13.011677       0.001007       2.130963       1.000000       2.073269       0.000015           61
       125        62.5000       7       1       2.901093      10.105763      13.006856       0.001007       1.950128       1.000000       2.214511       0.000018           59
       126        63.0000       7       1       3.110221       9.891826      13.002047       0.001057       2.007373       1.000000       2.345147       0.000024           59
       127        63.5000       7       1       3.194894       9.809116      13.004010       0.001097       2.609072       1.000000       2.448420       0.000041           56
       128        64.0000       7       1       3.212324       9.805334      13.017658       0.001126       3.502358       1.000000       2.514282       0.000107           63
       129        64.5000       7       1       3.346308       9.681062      13.027370       0.001129       3.900277       1.000000       2.544910       0.001437           57
# Surface Hop/Pointer State Switch: new state=      4 old state=      7 randnum=  0.190908405 gap= -0.185789 eV
       130        65.0000       4       1       3.716445       9.310924      13.027370       0.001108       3.292493       1.000000       2.546771       0.000395           61
       131        65.5000       4       1       4.131932       8.876283      13.008215       0.001172       2.040038       1.000000       2.542697       0.000064           60
       132        66.0000       4       1       4.350419       8.653519      13.003938       0.001359       1.092586       1.000000       2.547167       0.000027           62
       133        66.5000       4       1       4.279596       8.731206      13.010802       0.001753       1.246654       1.000000       2.564662       0.000016           58
       134        67.0000       4       1       3.985147       9.034474      13.019621       0.002136       1.715873       1.000000       2.591887       0.000011           57
       135        67.5000       4       1       3.578788       9.447435      13.026223       0.002445       2.033918       1.000000       2.622853       0.000009           60
       136        68.0000       4       1       3.151813       9.878335      13.030148       0.002661       2.216053       1.000000       2.651936       0.000006           60
       137        68.5000       4       1       2.761886      10.270515      13.032401       0.002702       2.340665       1.000000       2.674563       0.000005           59
       138        69.0000       4       1       2.442817      10.590816      13.033633       0.002582       2.446365       1.000000       2.687799       0.000005           64
       139        69.5000       4       1       2.210788      10.822083      13.032871       0.002451       2.494774       1.000000       2.692117       0.000005           63
       140        70.0000       4       1       2.058661      10.971844      13.030504       0.002392       2.471497       1.000000       2.693132       0.000005           67
       141        70.5000       4       1       1.964056      11.065452      13.029508       0.002423       2.445249       1.000000       2.701141       0.000005           59
# Surface Hop/Pointer State Switch: new state=      1 old state=      4 randnum=  0.247055319 gap= -0.034432 eV
       142        71.0000       1       1       3.048287       9.981221      13.029508       0.003173       2.479030       1.000000       6.645904       0.000126           60
# Surface Hop/Pointer State Switch: new state=      4 old state=      1 randnum=  0.498404457 gap=  0.006708 eV
       143        71.5000       4       1       2.943454      10.086053      13.029508       0.003130       2.619465       1.000000       6.677179       0.003627           61
       144        72.0000       4       1       2.896515      10.133845      13.030360       0.003124       2.735541       1.000000       6.714296       0.000065           58
       145        72.5000       4       1       2.918191      10.111780      13.029971       0.003146       2.789570       1.000000       6.765194       0.000019           58
       146        73.0000       4       1       3.003388      10.024027      13.027415       0.003283       2.743632       1.000000       6.830163       0.000009           57
       147        73.5000       4       1       3.105965      10.287528      13.393493       0.003276       2.400150       1.000000       5.593195       0.000017           55
       148        74.0000       4       1       3.167825      10.222953      13.390778       0.003052       2.329251       1.000000       5.672519       0.000013           58
       149        74.5000       4       1       3.174919      10.219029      13.393948       0.002852       2.509695       1.000000       5.798368       0.000013           62
       150        75.0000       4       1       3.172367      10.229682      13.402049       0.002720       2.842564       1.000000       5.951911       0.000014           57
       151        75.5000       4       1       3.249429      10.154450      13.403879       0.002762       2.886132       1.000000       6.096872       0.000018           56
       152        76.0000       4       1       3.418477       9.976560      13.395037       0.002999       2.465913       1.000000       6.194377       0.000025           60
       153        76.5000       4       1       3.574868       9.811621      13.386489       0.003184       1.939778       1.000000       6.218906       0.000034           57
       154        77.0000       4       1       3.610722       9.774561      13.385283       0.003282       1.795915       1.000000       6.170061       0.000048           59
       155        77.5000       4       1       3.506430       9.882832      13.389263       0.003374       2.047054       1.000000       6.083199       0.000070           70
       156        78.0000       4       1       3.318319      10.076847      13.395167       0.003452       2.406040       1.000000       6.018886       0.000104           62
       157        78.5000       4       1       3.134071      10.266623      13.400694       0.003542       2.684005       1.000000       6.025840       0.000155           55
       158        79.0000       4       1       3.033086      10.370079      13.403165       0.003697       2.761540       1.000000       6.115360       0.000218           57
       159        79.5000       4       1       3.049035      10.352294      13.401329       0.003923       2.601532       1.000000       6.269687       0.000275           63
       160        80.0000       4       1       3.156729      10.240797      13.397526       0.003988       2.299075       1.000000       6.462904       0.000298           59
# Surface Hop/Pointer State Switch: new state=      8 old state=      4 randnum=  0.006538683 gap=  0.606069 eV
       161        80.5000       8       2       2.699102      10.698424      13.397526       0.003520       2.010001       1.000000       6.856583       0.000016           55
       162        81.0000       8       2       2.789277      10.608067      13.397344       0.003543       1.892426       1.000000       7.168352       0.000014           57
       163        81.5000       8       2       2.887366      10.510474      13.397840       0.003457       1.849429       1.000000       7.462298       0.000013           57
# Surface Hop/Pointer State Switch: new state=      4 old state=      8 randnum=  0.013850456 gap= -0.748530 eV
       164        82.0000       4       1       3.745495       9.652345      13.397840       0.003806       1.742006       1.000000       7.265707       0.000158           55
       165        82.5000       4       1       3.912425       9.482928      13.395353       0.003866       1.616553       1.000000       7.473081       0.000121           56
       166        83.0000       4       1       4.030034       9.361245      13.391279       0.003950       1.467403       1.000000       7.661005       0.000086           57
       167        83.5000       4       1       4.047905       9.341353      13.389258       0.004062       1.532435       1.000000       7.831184       0.000058           56
       168        84.0000       4       1       3.951661       9.443613      13.395274       0.004134       2.024637       1.000000       7.984398       0.000039           56
       169        84.5000       4       1       3.821092       9.584353      13.405445       0.004132       2.572347       1.000000       8.096160       0.000025           55
# Surface Hop/Pointer State Switch: new state=      8 old state=      4 randnum=  0.000207999 gap=  1.422324 eV
       170        85.0000       8       2       2.365921      11.039524      13.405445       0.003233       2.508126       1.000000       8.571210       0.000004           59
       171        85.5000       8       2       2.297649      11.103635      13.401284       0.003397       2.210951       1.000000       8.533398       0.000003           56
       172        86.0000       8       2       2.326056      11.069707      13.395763       0.003633       1.921859       1.000000       8.501838       0.000003           54
       173        86.5000       8       2       2.376564      11.017674      13.394238       0.003807       1.953590       1.000000       8.480314       0.000003           58
       174        87.0000       8       2       2.417223      10.977373      13.394596       0.003919       2.158075       1.000000       8.470776       0.000002           58
       175        87.5000       8       2       2.445508      10.948767      13.394275       0.004055       2.339872       1.000000       8.473975       0.000002           55
       176        88.0000       8       2       2.456530      10.936546      13.393076       0.004179       2.467349       1.000000       8.489791       0.000002           61
       177        88.5000       8       2       2.438523      10.954067      13.392590       0.004220       2.591161       1.000000       8.516917       0.000002           65
       178        89.0000       8       2       2.392614      11.001885      13.394499       0.004204       2.747202       1.000000       8.552495       0.000003           55
       179        89.5000       8       2       2.352090      11.046185      13.398275       0.004208       2.881070       1.000000       8.592265       0.000003           63
       180        90.0000       8       2       2.371660      11.028988      13.400647       0.004180       2.871551       1.000000       8.631153       0.000004           70
       181        90.5000       8       2       2.483905      10.915051      13.398956       0.004101       2.649768       1.000000       8.664132       0.000004           66
       182        91.0000       8       2       2.665026      10.729106      13.394132       0.004074       2.267351       1.000000       8.687400       0.000006           59
       183        91.5000       8       2       2.844788      10.543994      13.388781       0.004113       1.852278       1.000000       8.699730       0.000008           59
       184        92.0000       8       2       2.942119      10.442678      13.384796       0.004149       1.582668       1.000000       8.703124       0.000013           60
       185        92.5000       8       2       2.897367      10.486710      13.384077       0.004162       1.703837       1.000000       8.700628       0.000020           58
       186        93.0000       8       2       2.710500      10.636799      13.347298       0.004120       2.179135       1.000000       8.652245       0.000037           59
       187        93.5000       8       2       2.440624      10.914542      13.355166       0.004042       2.799325       1.000000       8.590990       0.000059           57
       188        94.0000       8       2       2.191520      11.172429      13.363949       0.003980       3.106915       1.000000       8.340465       0.000064           71
       189        94.5000       8       2       2.061099      11.302936      13.364035       0.003920       2.873977       1.000000       8.099326       0.000053           66
       190        95.0000       8       2       2.046033      11.312320      13.358352       0.003863       2.357973       1.000000       7.971510       0.000045           64
       191        95.5000       8       2       2.073674      11.282315      13.355988       0.003844       2.036813       1.000000       7.927000       0.000041           56
       192        96.0000       8       2       2.105657      11.252377      13.358034       0.003821       2.123221       1.000000       7.969792       0.000041           55
       193        96.5000       8       2       2.163886      11.197473      13.361359       0.003757       2.373109       1.000000       8.102935       0.000043           56
       194        97.0000       8       2       2.292349      11.070275      13.362624       0.003682       2.528890       1.000000       8.296849       0.000051           58
       195        97.5000       8       2       2.498422      10.854761      13.353183       0.003616       2.507771       1.000000       8.550291       0.000065           85
       196        98.0000       8       2       2.727859      10.629216      13.357076       0.003605       2.278197       1.000000       9.012053       0.000051           56
       197        98.5000       8       2       2.937636      10.432391      13.370026       0.003574       2.023555       1.000000       9.186661       0.000029           58
       198        99.0000       8       2       3.107448      10.259205      13.366653       0.003623       1.799646       1.000000       9.275606       0.000018           57
       199        99.5000       8       2       3.201290      10.164148      13.365438       0.003744       1.699659       1.000000       9.324224       0.000012           61
       200       100.0000       8       2       3.199469      10.166004      13.365473       0.003784       1.734487       1.000000       9.355136       0.000009           56
