2026-07-22 14:19:49.856939 midway3-0561.rcc.local /project/lgagliardi/helenclifford/practice_rcc/sharc4/methaniminium/init_vertical/ICOND_00010
  ============================================================================
||                                                                            ||
||                         SHARC - MOLCAS - Interface                         ||
||                                                                            ||
||       Authors: Sascha Mausenberger, Lorenz Grünewald, Sebastian Mai        ||
||                                                                            ||
||                                Version: 4.0                                ||
||                              Date: 29.08.2023                              ||
||                                                                            ||
  ============================================================================
SAVEDIR set to ./SAVE/
Found env variable ncpu=1, resources["ncpu"] set to 1
Scratchdir set to /scratch/midway3/helenclifford/sharc_scratch/methaniminium/init_vertical/ICOND_00010
WARNING: 'no-douglas-kroll' not in template keywords: paddingstates, density_calculation_methods, tCI, basis, baslib, basis_per_element, basis_per_atom, nactel, ras1, ras2, ras3, inactive, roots, origin, origin_pos, isotope_elements, isotope_masses, method, functional, ipea, cort_or_dort, imaginary, frozen, gradaccudefault, gradaccumax, pcmset, pcmstate, iterations, cholesky_accu, rasscf_thrs
WARNING: 'cholesky' not in template keywords: paddingstates, density_calculation_methods, tCI, basis, baslib, basis_per_element, basis_per_atom, nactel, ras1, ras2, ras3, inactive, roots, origin, origin_pos, isotope_elements, isotope_masses, method, functional, ipea, cort_or_dort, imaginary, frozen, gradaccudefault, gradaccumax, pcmset, pcmstate, iterations, cholesky_accu, rasscf_thrs
paddingstates not specified setting default, [0, 0, 0]
Interface: 

Molecule: 
comment: Initial condition ICOND_00010/

natom: 6
elements: ['C', 'N', 'H', 'H', 'H', 'H']
unit: bohr
factor: 1.0
states: [4, 0, 3]
charge: [1, 1, 1]
nstates: 7
nmstates: 13
point_charges: False
npc: 0
Atomcharge: 17
frozcore: 2
Ubasis: [[      0.0       0.0]
 [      0.0       0.0]]
mol: None

Coords: 
coords: [[-0.05001246 -0.01750066  0.03975066]
 [ 0.00029349  0.00594256  2.475864]
 [ 1.929097   0.13965 -0.8400815]
 [ 2.065378 -0.08279694  3.740928]
 [-1.754336  0.06656872  3.386216]
 [-1.648728  0.00238758 -0.9657282]]
pccoords: None
pccharge: None
veloc: None

Save: 
savedir: /project/lgagliardi/helenclifford/practice_rcc/sharc4/methaniminium/init_vertical/ICOND_00010/SAVE
step: 1
previous_step: None
init: False
newstep: True
samestep: False
always_guess: False
always_orb_init: False
restart: False

Requests: 
h: True
soc: True
dm: True
mdeqm: False
grad: None
nacdr: None
overlap: True
phases: False
ion: False
socdr: False
dmdr: False
multipolar_fit: None
theodore: False
cleanup: False
retain: 5
molden: False
savestuff: False
nooverlap: False
mol: False
density_matrices: None
dyson_orbitals: None

Maps: 
statemap: {1: [1, 1, 0.0], 2: [1, 2, 0.0], 3: [1, 3, 0.0], 4: [1, 4, 0.0], 5: [3, 1, -1.0], 6: [3, 2, -1.0], 7: [3, 3, -1.0], 8: [3, 1, 0.0], 9: [3, 2, 0.0], 10: [3, 3, 0.0], 11: [3, 1, 1.0], 12: [3, 2, 1.0], 13: [3, 3, 1.0]}
mults: None
gsmap: None
gradmap: None
nacmap: None
densmap: None
ionmap: None
chargemap: {1: 1, 2: 1, 3: 1}
multmap: {0: (0, 0, 0), 1: (0, 0, 1), 2: (0, 0, 2), 3: (0, 0, 3), 4: (2, 1.0, 0), 5: (2, 0.0, 0), 6: (2, -1.0, 0), 7: (2, 1.0, 1), 8: (2, 0.0, 1), 9: (2, -1.0, 1), 10: (2, 1.0, 2), 11: (2, 0.0, 2), 12: (2, -1.0, 2)}

Resources: 
pwd: /project/lgagliardi/helenclifford/practice_rcc/sharc4/methaniminium/init_vertical/ICOND_00010
cwd: /project/lgagliardi/helenclifford/practice_rcc/sharc4/methaniminium/init_vertical/ICOND_00010
scratchdir: /scratch/midway3/helenclifford/sharc_scratch/methaniminium/init_vertical/ICOND_00010
ncpu: 1
ngpu: None
memory: 2000
delay: 0.0
theodir: None
theodore_prop: []
theodore_fragment: []
wfoverlap: /home/helenclifford/project-lgagliardi/practice_rcc/sharc4/bin/wfoverlap.x
wfthres: 0.998
wfnumocc: None
resp_shells: []
resp_vdw_radii_symbol: {}
resp_vdw_radii: []
resp_betas: [0.0005, 0.0015, 0.003]
resp_layers: 4
resp_first_layer: 1.4
resp_density: 10.0
resp_fit_order: 2
resp_mk_radii: True
resp_grid: lebedev
resp_target: zero
resp_block_size: 5000
resp_nuke_ram: False
molcas: /project/lgagliardi/shared/Apps/OpenMolcas/builds/parallel
mpi_parallel: False
dry_run: False
driver: /project/lgagliardi/shared/Apps/OpenMolcas/builds/parallel/pymolcas

Template: 
paddingstates: [0, 0, 0]
density_calculation_methods: []
tCI: 1e-07
basis: 6-31g
baslib: None
basis_per_element: None
basis_per_atom: None
nactel: [7, 0, 0]
ras1: None
ras2: 4
ras3: None
inactive: 5
roots: [4, 0, 3]
origin: none
origin_pos: [0.0, 0.0, 0.0]
isotope_elements: []
isotope_masses: []
method: casscf
functional: t:pbe
ipea: 0.25
cort_or_dort: CORT
imaginary: 0.0
frozen: None
gradaccudefault: 0.0001
gradaccumax: 0.001
pcmset: None
pcmstate: None
iterations: [200, 100]
cholesky_accu: 0.0001
rasscf_thrs: [1e-08, 0.0001, 0.0001]

Scheduling: 

Control: 
jobid: None
workdir: None
master: False
gradonly: False
densonly: False
states_to_do: [4, 0, 3]
jobs: None
nslots_pool: []

Starting job execution
['gateway']
['seward']
['copy', '/project/lgagliardi/helenclifford/practice_rcc/sharc4/methaniminium/init_vertical/ICOND_00010/SAVE/MOLCAS.1.JobIph.0', 'JOBOLD']
['rasscf', 1, 4, True, False]
['copy', 'MOLCAS.rasscf.h5', 'MOLCAS.1.rasscf.h5']
['copy', 'MOLCAS.JobIph', 'MOLCAS.1.JobIph']
['copy', '/project/lgagliardi/helenclifford/practice_rcc/sharc4/methaniminium/init_vertical/ICOND_00010/SAVE/MOLCAS.3.JobIph.0', 'JOBOLD']
['rasscf', 3, 3, True, False]
['copy', 'MOLCAS.rasscf.h5', 'MOLCAS.3.rasscf.h5']
['copy', 'MOLCAS.JobIph', 'MOLCAS.3.JobIph']
['link', 'MOLCAS.1.JobIph', 'JOB001']
['rassi', 'dm', [4]]
['copy', 'MOLCAS.rassi.h5', 'MOLCAS.rassi.1.h5']
['link', 'MOLCAS.3.JobIph', 'JOB001']
['rassi', 'dm', [3]]
['copy', 'MOLCAS.rassi.h5', 'MOLCAS.rassi.3.h5']
['copy', '/project/lgagliardi/helenclifford/practice_rcc/sharc4/methaniminium/init_vertical/ICOND_00010/SAVE/MOLCAS.1.JobIph.0', 'JOB001']
['link', 'MOLCAS.1.JobIph', 'JOB002']
['rassi', 'overlap', [4, 4]]
['copy', 'MOLCAS.rassi.h5', 'MOLCAS.rassi.ovlp.1.h5']
['copy', '/project/lgagliardi/helenclifford/practice_rcc/sharc4/methaniminium/init_vertical/ICOND_00010/SAVE/MOLCAS.3.JobIph.0', 'JOB001']
['link', 'MOLCAS.3.JobIph', 'JOB002']
['rassi', 'overlap', [3, 3]]
['copy', 'MOLCAS.rassi.h5', 'MOLCAS.rassi.ovlp.3.h5']
['link', 'MOLCAS.1.JobIph', 'JOB001']
['link', 'MOLCAS.3.JobIph', 'JOB002']
['rassi', 'soc', [4, 3]]
All jobs finished:
job: master          code: 0    runtime: 0:00:17.596825

===> Results:

=> Hamiltonian Matrix:
Diagonal Shift:    -94.00
Real Part:
---------------------------------------------------------------------------------------------------------------------------------------------------
|-3.148e-01                                  | 7.297e-08  7.023e-07  1.065e-06 |                                 | 7.297e-08  7.023e-07  1.065e-06 |
|            1.185e-02                       | 7.250e-07  2.419e-06  3.492e-05 |                                 | 7.250e-07  2.419e-06  3.492e-05 |
|                       7.878e-02            |-9.042e-08 -3.312e-07 -1.312e-06 |                                 |-9.042e-08 -3.312e-07 -1.312e-06 |
|                                  9.331e-02 | 3.472e-06  3.144e-05  1.799e-06 |                                 | 3.472e-06  3.144e-05  1.799e-06 |
---------------------------------------------------------------------------------------------------------------------------------------------------
| 7.297e-08  7.250e-07 -9.042e-08  3.472e-06 |-1.245e-01                       | 1.707e-23 -4.726e-07  3.964e-06 |                                 |
| 7.023e-07  2.419e-06 -3.312e-07  3.144e-05 |           -4.930e-03            | 4.726e-07 -1.244e-21  3.575e-05 |                                 |
| 1.065e-06  3.492e-05 -1.312e-06  1.799e-06 |                       6.575e-02 |-3.964e-06 -3.575e-05  2.245e-21 |                                 |
---------------------------------------------------------------------------------------------------------------------------------------------------
|                                            |-1.707e-23  4.726e-07 -3.964e-06 |-1.245e-01                       | 1.707e-23 -4.726e-07  3.964e-06 |
|                                            |-4.726e-07  1.244e-21 -3.575e-05 |           -4.930e-03            | 4.726e-07 -1.244e-21  3.575e-05 |
|                                            | 3.964e-06  3.575e-05 -2.245e-21 |                       6.575e-02 |-3.964e-06 -3.575e-05  2.245e-21 |
---------------------------------------------------------------------------------------------------------------------------------------------------
| 7.297e-08  7.250e-07 -9.042e-08  3.472e-06 |                                 |-1.707e-23  4.726e-07 -3.964e-06 |-1.245e-01                       |
| 7.023e-07  2.419e-06 -3.312e-07  3.144e-05 |                                 |-4.726e-07  1.244e-21 -3.575e-05 |           -4.930e-03            |
| 1.065e-06  3.492e-05 -1.312e-06  1.799e-06 |                                 | 3.964e-06  3.575e-05 -2.245e-21 |                       6.575e-02 |
---------------------------------------------------------------------------------------------------------------------------------------------------

Imaginary Part:
---------------------------------------------------------------------------------------------------------------------------------------------------
|                                            |-1.488e-06 -9.001e-06 -7.530e-05 | 4.216e-06  8.829e-05 -2.831e-05 | 1.488e-06  9.001e-06  7.530e-05 |
|                                            |-5.023e-06 -1.115e-07 -1.497e-06 |-3.182e-05  3.185e-06 -1.975e-06 | 5.023e-06  1.115e-07  1.497e-06 |
|                                            | 8.939e-07 -5.208e-06 -1.876e-05 | 1.357e-06  1.640e-05 -1.999e-05 |-8.939e-07  5.208e-06  1.876e-05 |
|                                            |-3.865e-05  2.795e-06  3.612e-07 |-5.599e-05  3.278e-06  4.969e-07 | 3.865e-05 -2.795e-06 -3.612e-07 |
---------------------------------------------------------------------------------------------------------------------------------------------------
| 1.488e-06  5.023e-06 -8.939e-07  3.865e-05 |            3.015e-05 -4.425e-05 | 1.151e-22 -1.515e-06  4.272e-05 |                                 |
| 9.001e-06  1.115e-07  5.208e-06 -2.795e-06 |-3.015e-05             2.630e-06 | 1.515e-06 -4.805e-23 -2.563e-06 |                                 |
| 7.530e-05  1.497e-06  1.876e-05 -3.612e-07 | 4.425e-05 -2.630e-06            |-4.272e-05  2.563e-06 -2.457e-24 |                                 |
---------------------------------------------------------------------------------------------------------------------------------------------------
|-4.216e-06  3.182e-05 -1.357e-06  5.599e-05 | 1.151e-22 -1.515e-06  4.272e-05 |                                 | 1.151e-22 -1.515e-06  4.272e-05 |
|-8.829e-05 -3.185e-06 -1.640e-05 -3.278e-06 | 1.515e-06 -4.805e-23 -2.563e-06 |                                 | 1.515e-06 -4.805e-23 -2.563e-06 |
| 2.831e-05  1.975e-06  1.999e-05 -4.969e-07 |-4.272e-05  2.563e-06 -2.457e-24 |                                 |-4.272e-05  2.563e-06 -2.457e-24 |
---------------------------------------------------------------------------------------------------------------------------------------------------
|-1.488e-06 -5.023e-06  8.939e-07 -3.865e-05 |                                 | 1.151e-22 -1.515e-06  4.272e-05 |           -3.015e-05  4.425e-05 |
|-9.001e-06 -1.115e-07 -5.208e-06  2.795e-06 |                                 | 1.515e-06 -4.805e-23 -2.563e-06 | 3.015e-05            -2.630e-06 |
|-7.530e-05 -1.497e-06 -1.876e-05  3.612e-07 |                                 |-4.272e-05  2.563e-06 -2.457e-24 |-4.425e-05  2.630e-06            |
---------------------------------------------------------------------------------------------------------------------------------------------------


=> Dipole Moment Matrices:

Polarisation X:
Real Part:
---------------------------------------------------------------------------------------------------------------------------------------------------
| 8.513e-02  8.578e-03  2.556e-02 -3.164e-02 |                                 |                                 |                                 |
| 8.578e-03  5.816e-01 -5.345e-02 -8.186e-02 |                                 |                                 |                                 |
| 2.556e-02 -5.345e-02  7.899e-02  3.024e-02 |                                 |                                 |                                 |
|-3.164e-02 -8.186e-02  3.024e-02  6.488e-01 |                                 |                                 |                                 |
---------------------------------------------------------------------------------------------------------------------------------------------------
|                                            | 8.286e-02  4.521e-02  1.415e-02 |                                 |                                 |
|                                            | 4.521e-02  6.259e-01  1.071e-01 |                                 |                                 |
|                                            | 1.415e-02  1.071e-01  5.181e-01 |                                 |                                 |
---------------------------------------------------------------------------------------------------------------------------------------------------
|                                            |                                 | 8.286e-02  4.521e-02  1.415e-02 |                                 |
|                                            |                                 | 4.521e-02  6.259e-01  1.071e-01 |                                 |
|                                            |                                 | 1.415e-02  1.071e-01  5.181e-01 |                                 |
---------------------------------------------------------------------------------------------------------------------------------------------------
|                                            |                                 |                                 | 8.286e-02  4.521e-02  1.415e-02 |
|                                            |                                 |                                 | 4.521e-02  6.259e-01  1.071e-01 |
|                                            |                                 |                                 | 1.415e-02  1.071e-01  5.181e-01 |
---------------------------------------------------------------------------------------------------------------------------------------------------

Polarisation Y:
Real Part:
---------------------------------------------------------------------------------------------------------------------------------------------------
| 1.742e-04  1.865e-01  2.124e-02 -2.846e-02 |                                 |                                 |                                 |
| 1.865e-01  6.436e-02 -8.165e-03 -2.552e-02 |                                 |                                 |                                 |
| 2.124e-02 -8.165e-03  1.087e-03  1.043e-01 |                                 |                                 |                                 |
|-2.846e-02 -2.552e-02  1.043e-01  3.517e-02 |                                 |                                 |                                 |
---------------------------------------------------------------------------------------------------------------------------------------------------
|                                            | 2.388e-02 -6.978e-03 -1.405e-01 |                                 |                                 |
|                                            |-6.978e-03  6.760e-02  4.542e-02 |                                 |                                 |
|                                            |-1.405e-01  4.542e-02  2.804e-02 |                                 |                                 |
---------------------------------------------------------------------------------------------------------------------------------------------------
|                                            |                                 | 2.388e-02 -6.978e-03 -1.405e-01 |                                 |
|                                            |                                 |-6.978e-03  6.760e-02  4.542e-02 |                                 |
|                                            |                                 |-1.405e-01  4.542e-02  2.804e-02 |                                 |
---------------------------------------------------------------------------------------------------------------------------------------------------
|                                            |                                 |                                 | 2.388e-02 -6.978e-03 -1.405e-01 |
|                                            |                                 |                                 |-6.978e-03  6.760e-02  4.542e-02 |
|                                            |                                 |                                 |-1.405e-01  4.542e-02  2.804e-02 |
---------------------------------------------------------------------------------------------------------------------------------------------------

Polarisation Z:
Real Part:
---------------------------------------------------------------------------------------------------------------------------------------------------
| 3.801e-01  9.977e-02  1.398e+00 -4.821e-02 |                                 |                                 |                                 |
| 9.977e-02  1.818e-01 -2.175e-02  6.654e-01 |                                 |                                 |                                 |
| 1.398e+00 -2.175e-02 -1.096e-01 -2.445e-02 |                                 |                                 |                                 |
|-4.821e-02  6.654e-01 -2.445e-02  9.016e-01 |                                 |                                 |                                 |
---------------------------------------------------------------------------------------------------------------------------------------------------
|                                            | 1.173e+00 -7.446e-02 -4.212e-02 |                                 |                                 |
|                                            |-7.446e-02  9.319e-02 -5.701e-01 |                                 |                                 |
|                                            |-4.212e-02 -5.701e-01  8.084e-01 |                                 |                                 |
---------------------------------------------------------------------------------------------------------------------------------------------------
|                                            |                                 | 1.173e+00 -7.446e-02 -4.212e-02 |                                 |
|                                            |                                 |-7.446e-02  9.319e-02 -5.701e-01 |                                 |
|                                            |                                 |-4.212e-02 -5.701e-01  8.084e-01 |                                 |
---------------------------------------------------------------------------------------------------------------------------------------------------
|                                            |                                 |                                 | 1.173e+00 -7.446e-02 -4.212e-02 |
|                                            |                                 |                                 |-7.446e-02  9.319e-02 -5.701e-01 |
|                                            |                                 |                                 |-4.212e-02 -5.701e-01  8.084e-01 |
---------------------------------------------------------------------------------------------------------------------------------------------------


=> Overlap matrix:

Real Part:
---------------------------------------------------------------------------------------------------------------------------------------------------
| 8.866e-01  3.906e-03 -3.296e-02 -9.277e-03 |                                 |                                 |                                 |
|-1.612e-02  8.349e-01 -7.825e-02 -1.243e-01 |                                 |                                 |                                 |
| 3.134e-02  8.226e-02  8.868e-01 -2.237e-02 |                                 |                                 |                                 |
| 4.987e-03 -6.098e-02  1.374e-03  7.176e-01 |                                 |                                 |                                 |
---------------------------------------------------------------------------------------------------------------------------------------------------
|                                            | 8.882e-01 -6.947e-02 -6.530e-03 |                                 |                                 |
|                                            | 6.960e-02  8.420e-01  3.181e-03 |                                 |                                 |
|                                            |-2.507e-02 -1.437e-01 -7.869e-01 |                                 |                                 |
---------------------------------------------------------------------------------------------------------------------------------------------------
|                                            |                                 | 8.882e-01 -6.947e-02 -6.530e-03 |                                 |
|                                            |                                 | 6.960e-02  8.420e-01  3.181e-03 |                                 |
|                                            |                                 |-2.507e-02 -1.437e-01 -7.869e-01 |                                 |
---------------------------------------------------------------------------------------------------------------------------------------------------
|                                            |                                 |                                 | 8.882e-01 -6.947e-02 -6.530e-03 |
|                                            |                                 |                                 | 6.960e-02  8.420e-01  3.181e-03 |
|                                            |                                 |                                 |-2.507e-02 -1.437e-01 -7.869e-01 |
---------------------------------------------------------------------------------------------------------------------------------------------------



==> Runtime:	0 Days	0 Hours	0 Minutes	22.790874 Seconds


===> Writing output to file QM.out in SHARC Format

