#===============================================================================================================================================================================
#     Step |         Time |         State |                                     Energy |      Angular |     Gradient |      Density |           Expectation Value |    Runtime |
#          |              |  diag |   MCH |          kin |          pot |          tot |     Momentum |          RMS |        Total |           DM |            S |            |
#          |         [fs] |       |       |         [eV] |         [eV] |         [eV] |       [hbar] |     [eV/Ang] |              |      [Debye] |              |      [sec] |
#===============================================================================================================================================================================
         0         0.0000       9       3       0.339224      10.165458      10.504683       0.000328       3.976891       1.000000       0.471463       0.000036          106
         1         0.5000       9       3       0.464701      10.037257      10.501958       0.000431       3.325133       1.000000       0.565388       0.000179           76
# Surface Hop/Pointer State Switch: new state=     12 old state=      9 randnum=  0.648309553 gap=  0.006737 eV
         2         1.0000      12       3       0.582892       9.919065      10.501958       0.000386       2.413715       1.000000       0.755870       0.038890           44
         3         1.5000      12       3       0.650941       9.853197      10.504138       0.000436       1.487509       1.000000       1.007209       0.000154           48
         4         2.0000      12       3       0.684316       9.821162      10.505478       0.000460       1.098047       1.000000       1.214664       0.000074           21
         5         2.5000      12       3       0.697680       9.808531      10.506211       0.000576       1.103950       1.000000       1.385649       0.000095           44
         6         3.0000      12       3       0.702233       9.804854      10.507087       0.000738       1.244875       1.000000       1.535092       0.000421           63
# Surface Hop/Pointer State Switch: new state=      9 old state=     12 randnum=  0.843337551 gap= -0.034700 eV
         7         3.5000       9       3       0.710283       9.796804      10.507087       0.000781       1.391667       1.000000       1.676780       0.001252           44
         8         4.0000       9       3       0.730108       9.777148      10.507256       0.000803       1.547338       1.000000       1.878018       0.000230           36
         9         4.5000       9       3       0.768368       9.738125      10.506492       0.000830       1.659565       1.000000       2.090427       0.000086           44
        10         5.0000       9       3       0.814158       9.691405      10.505563       0.000862       1.793536       1.000000       2.311750       0.000041           36
        11         5.5000       9       3       0.854060       9.651141      10.505201       0.000900       1.986403       1.000000       2.537206       0.000022           35
        12         6.0000       9       3       0.882322       9.623129      10.505452       0.000949       2.215223       1.000000       2.765053       0.000012           38
        13         6.5000       9       3       0.900753       9.604220      10.504973       0.001025       2.413356       1.000000       2.992875       0.000007           69
        14         7.0000       9       3       0.873983       9.621623      10.495606       0.001037       1.398666       1.000000       1.985967       0.000004           37
# Surface Hop/Pointer State Switch: new state=      8 old state=      9 randnum=  0.333763505 gap= -0.147011 eV
        15         7.5000       8       2       0.956909       9.538697      10.495606       0.001056       1.889297       1.000000       2.755920       0.000003           45
        16         8.0000       8       2       0.998533       9.497222      10.495755       0.000928       1.886443       1.000000       2.811368       0.000002           31
        17         8.5000       8       2       1.062670       9.433007      10.495677       0.000777       1.831794       1.000000       2.823311       0.000002           32
        18         9.0000       8       2       1.148075       9.347347      10.495422       0.000601       1.754477       1.000000       2.808034       0.000002           30
        19         9.5000       8       2       1.250585       9.244469      10.495054       0.000428       1.673101       1.000000       2.774263       0.000003           37
        20        10.0000       8       2       1.364231       9.130437      10.494668       0.000415       1.603409       1.000000       2.727823       0.000006           33
        21        10.5000       8       2       1.483021       9.011444      10.494465       0.000485       1.559577       1.000000       2.671203       0.000027           32
# Surface Hop/Pointer State Switch: new state=      5 old state=      8 randnum=  0.999228837 gap= -0.054476 eV
        22        11.0000       5       2       1.603704       8.890761      10.494465       0.000544       1.555236       1.000000       2.601307       0.000102           88
        23        11.5000       5       2       1.717049       8.778884      10.495932       0.000656       1.619905       1.000000       2.516499       0.000006           50
        24        12.0000       5       2       1.856194       8.642806      10.499000       0.000732       1.777601       1.000000       2.368743       0.000002           36
        25        12.5000       5       2       2.054331       8.444871      10.499202       0.000742       1.965311       1.000000       2.093319       0.000001           33
        26        13.0000       5       2       2.306200       8.192081      10.498282       0.000738       1.742092       1.000000       1.823994       0.000001           38
        27        13.5000       5       2       2.600930       7.899593      10.500523       0.000672       1.708825       1.000000       1.628070       0.000001           34
        28        14.0000       5       2       2.964251       7.536539      10.500790       0.000593       1.777643       1.000000       1.426065       0.000001           41
        29        14.5000       5       2       3.399899       7.097031      10.496929       0.000515       1.910613       1.000000       1.275172       0.000001           42
        30        15.0000       5       2       3.841348       6.636672      10.478020       0.000524       2.041616       1.000000       1.478718       0.000001           39
        31        15.5000       5       2       4.091305       6.375796      10.467101       0.000638       1.989611       1.000000       1.711382       0.000001           35
        32        16.0000       5       2       4.087737       6.398645      10.486382       0.000733       1.841135       1.000000       1.526392       0.000002           34
        33        16.5000       5       2       3.958564       6.527068      10.485632       0.000831       1.791067       1.000000       1.545522       0.000001           29
        34        17.0000       5       2       3.741734       6.761156      10.502889       0.000959       1.809351       1.000000       1.561840       0.000001           38
        35        17.5000       5       2       3.495450       7.000517      10.495967       0.001063       1.618044       1.000000       1.625907       0.000001           28
        36        18.0000       5       2       3.269789       7.225278      10.495067       0.001136       1.602728       1.000000       1.649575       0.000001           40
        37        18.5000       5       2       3.044268       7.450837      10.495105       0.001167       1.598528       1.000000       1.646815       0.000001           32
        38        19.0000       5       2       2.817560       7.677701      10.495261       0.001146       1.595013       1.000000       1.632822       0.000002           27
        39        19.5000       5       2       2.590488       7.904789      10.495277       0.001150       1.594241       1.000000       1.613835       0.000002           39
        40        20.0000       5       2       2.362237       8.132895      10.495132       0.001277       1.600170       1.000000       1.589225       0.000002           27
        41        20.5000       5       2       2.130320       8.364679      10.494999       0.001532       1.622515       1.000000       1.555601       0.000003           32
        42        21.0000       5       2       1.893456       8.601770      10.495226       0.001907       1.675398       1.000000       1.510055       0.000003           31
        43        21.5000       5       2       1.656253       8.839811      10.496064       0.002322       1.759247       1.000000       1.451439       0.000004           31
        44        22.0000       5       2       1.431963       9.065334      10.497297       0.002458       1.846698       1.000000       1.381386       0.000004           29
        45        22.5000       5       2       1.239134       9.259174      10.498308       0.002379       1.904239       1.000000       1.305826       0.000004           29
        46        23.0000       5       2       1.093230       9.405390      10.498620       0.002458       1.933111       1.000000       1.235201       0.000003           32
        47        23.5000       5       2       1.000386       9.497963      10.498349       0.002719       1.977589       1.000000       1.181280       0.000003           37
        48        24.0000       5       2       0.958728       9.539228      10.497957       0.003013       2.076612       1.000000       1.150917       0.000003           26
        49        24.5000       5       2       0.964147       9.533514      10.497661       0.003056       2.217527       1.000000       1.140599       0.000002           40
        50        25.0000       5       2       1.013874       9.483553      10.497427       0.003148       2.365491       1.000000       1.137130       0.000002           35
        51        25.5000       5       2       1.107667       9.389863      10.497530       0.003543       2.511927       1.000000       1.125015       0.000002           32
        52        26.0000       5       2       1.251916       9.246644      10.498560       0.003922       2.667236       1.000000       1.094453       0.000001           29
        53        26.5000       5       2       1.465625       9.034855      10.500481       0.004134       2.815177       1.000000       1.046313       0.000001           33
        54        27.0000       5       2       1.777272       8.724766      10.502038       0.004167       2.897529       1.000000       0.995880       0.000001           33
        55        27.5000       5       2       2.207059       8.294553      10.501612       0.004459       2.852829       1.000000       0.973246       0.000001           31
        56        28.0000       5       2       2.746803       7.751885      10.498688       0.004752       2.662279       1.000000       1.012182       0.000001           32
        57        28.5000       5       2       3.354720       7.139336      10.494056       0.004542       2.363199       1.000000       1.140120       0.000001           30
        58        29.0000       5       2       3.965449       6.522662      10.488111       0.004239       2.044911       1.000000       1.405912       0.000001           34
        59        29.5000       5       2       4.486154       5.988719      10.474873       0.003733       1.892293       1.000000       1.939096       0.000002           29
# Surface Hop/Pointer State Switch: new state=      4 old state=      5 randnum=  0.113274915 gap= -0.832631 eV
        60        30.0000       4       1       5.587515       4.887358      10.474873       0.003770       1.660099       1.000000       2.449542       0.000002           62
# Surface Hop/Pointer State Switch: new state=      1 old state=      4 randnum=  0.735635836 gap= -0.184864 eV
        61        30.5000       1       1       5.861887       4.612986      10.474873       0.003986       1.892170       1.000000       1.004353       0.000095           36
        62        31.0000       1       1       6.078985       4.394698      10.473683       0.004005       2.219341       1.000000       0.811260       0.000009           31
        63        31.5000       1       1       6.234343       4.240645      10.474988       0.004051       2.476499       1.000000       0.749576       0.000003           27
        64        32.0000       1       1       6.344845       4.130196      10.475042       0.003963       2.589997       1.000000       0.696641       0.000002           40
        65        32.5000       1       1       6.418294       4.056690      10.474984       0.003973       2.591735       1.000000       0.636050       0.000001           34
        66        33.0000       1       1       6.465275       4.012791      10.478066       0.004023       2.566745       1.000000       0.566640       0.000001           31
        67        33.5000       1       1       6.476810       4.006088      10.482899       0.003848       2.537183       1.000000       0.447338       0.000001           32
        68        34.0000       1       1       6.447925       4.036100      10.484024       0.003610       2.556827       1.000000       0.350007       0.000001           30
        69        34.5000       1       1       6.408870       4.076167      10.485037       0.003490       2.599753       1.000000       0.282962       0.000001           30
        70        35.0000       1       1       6.377855       4.107980      10.485835       0.003448       2.640417       1.000000       0.253551       0.000001           36
        71        35.5000       1       1       6.369409       4.117082      10.486490       0.003448       2.659638       1.000000       0.247280       0.000001           34
        72        36.0000       1       1       6.393556       4.093188      10.486744       0.003485       2.647669       1.000000       0.244447       0.000001           35
        73        36.5000       1       1       6.452978       4.033223      10.486202       0.003470       2.604636       1.000000       0.235936       0.000001           36
        74        37.0000       1       1       6.539203       3.945591      10.484794       0.003408       2.537059       1.000000       0.222493       0.000001           36
        75        37.5000       1       1       6.631378       3.851257      10.482635       0.003536       2.456025       1.000000       0.220909       0.000001           31
        76        38.0000       1       1       6.697540       3.782413      10.479953       0.003598       2.382801       1.000000       0.271428       0.000001           32
        77        38.5000       1       1       6.699635       3.778084      10.477719       0.003520       2.353910       1.000000       0.406172       0.000001           31
        78        39.0000       1       1       6.605682       3.871448      10.477130       0.003464       2.398521       1.000000       0.623769       0.000001           33
        79        39.5000       1       1       6.401896       4.076123      10.478019       0.003397       2.506889       1.000000       0.916310       0.000003           33
        80        40.0000       1       1       6.094618       4.385271      10.479889       0.003440       2.629089       1.000000       1.279326       0.000035           30
# Surface Hop/Pointer State Switch: new state=      4 old state=      1 randnum=  0.400384154 gap=  0.170061 eV
        81        40.5000       4       1       5.702144       4.777745      10.479889       0.003415       2.717795       1.000000       1.690173       0.000017           31
        82        41.0000       4       1       5.203694       5.280634      10.484328       0.003393       2.876787       1.000000       2.101701       0.000003           32
        83        41.5000       4       1       4.716830       5.772399      10.489229       0.003395       3.000546       1.000000       2.364265       0.000001           34
# Surface Hop/Pointer State Switch: new state=      5 old state=      4 randnum=  0.016637068 gap=  1.230100 eV
        84        42.0000       5       2       3.074395       7.414835      10.489229       0.002894       3.801533       1.000000       2.974257       0.000002           70
        85        42.5000       5       2       2.874427       7.612979      10.487405       0.002769       3.400955       1.000000       2.600560       0.000003           25
# Surface Hop/Pointer State Switch: new state=      4 old state=      5 randnum=  0.153891336 gap= -1.231593 eV
        86        43.0000       4       1       3.979187       6.508219      10.487405       0.003313       2.495054       1.000000       1.751217       0.000007           62
        87        43.5000       4       1       3.875057       6.611683      10.486740       0.003334       2.282402       1.000000       1.303641       0.000037           29
        88        44.0000       4       1       3.762627       6.725925      10.488553       0.003293       2.340957       1.000000       1.092055       0.007270           66
# Surface Hop/Pointer State Switch: new state=      1 old state=      4 randnum=  0.544972445 gap= -0.303711 eV
        89        44.5000       1       1       3.654898       6.833655      10.488553       0.003373       2.480530       1.000000       1.164754       0.000079           43
        90        45.0000       1       1       3.586076       6.906372      10.492448       0.003337       2.511633       1.000000       1.366744       0.000014           32
        91        45.5000       1       1       3.597558       6.892363      10.489920       0.003304       2.699431       1.000000       1.596396       0.000007           26
        92        46.0000       1       1       3.681528       6.808037      10.489564       0.003255       2.874699       1.000000       1.795179       0.000005           34
        93        46.5000       1       1       3.838907       6.650936      10.489843       0.003280       3.066476       1.000000       1.951776       0.000003           28
        94        47.0000       1       1       4.082106       6.408423      10.490529       0.003395       3.285171       1.000000       2.067324       0.000002           30
        95        47.5000       1       1       4.356838       6.092032      10.448870       0.003363       3.575147       1.000000       2.134625       0.000002           26
        96        48.0000       1       1       4.716934       5.645889      10.362823       0.003325       3.558427       1.000000       2.021440       0.000001           33
        97        48.5000       1       1       5.225123       5.135597      10.360720       0.003668       3.607037       1.000000       2.043047       0.000001           29
        98        49.0000       1       1       5.809284       4.547357      10.356641       0.004198       3.564706       1.000000       2.051340       0.000001           33
        99        49.5000       1       1       6.412984       3.938391      10.351374       0.004654       3.439928       1.000000       2.044504       0.000001           35
       100        50.0000       1       1       6.963109       3.383282      10.346391       0.005042       3.257959       1.000000       2.020085       0.000001           35
       101        50.5000       1       1       7.389796       2.953523      10.343319       0.005041       3.057912       1.000000       1.975386       0.000001           35
       102        51.0000       1       1       7.646388       2.696054      10.342442       0.004732       2.877204       1.000000       1.906719       0.000001           46
       103        51.5000       1       1       7.711522       2.629796      10.341318       0.004706       2.702217       1.000000       1.807947       0.000001           29
       104        52.0000       1       1       7.566955       2.775170      10.342125       0.004708       2.471810       1.000000       1.692305       0.000001           38
       105        52.5000       1       1       7.230974       3.110132      10.341106       0.004610       2.483113       1.000000       1.611539       0.000001           31
       106        53.0000       1       1       6.718211       3.621516      10.339727       0.004638       2.628361       1.000000       1.557488       0.000001           31
       107        53.5000       1       1       6.050182       4.183511      10.233693       0.004834       2.475477       1.000000       1.485182       0.000001           35
       108        54.0000       1       1       5.260312       4.979682      10.239993       0.004989       2.885341       1.000000       1.431382       0.000002           34
       109        54.5000       1       1       4.416831       5.832665      10.249496       0.004923       3.395712       1.000000       1.405758       0.000003           30
       110        55.0000       1       1       3.656877       6.600296      10.257173       0.004802       3.739355       1.000000       1.393093       0.000006           25
       111        55.5000       1       1       3.088822       7.169915      10.258737       0.004756       3.764761       1.000000       1.376302       0.000015           34
       112        56.0000       1       1       2.736592       7.518982      10.255575       0.004808       3.525876       1.000000       1.349251       0.000053           34
       113        56.5000       1       1       2.554958       7.697487      10.252445       0.004852       3.201763       1.000000       1.340794       0.001328           74
# Surface Hop/Pointer State Switch: new state=      4 old state=      1 randnum=  0.505374641 gap=  0.172876 eV
       114        57.0000       4       1       2.498993       7.753452      10.252445       0.004708       2.911725       1.000000       1.608194       0.000292           44
# Surface Hop/Pointer State Switch: new state=      5 old state=      4 randnum=  0.759086584 gap=  0.326250 eV
       115        57.5000       5       2       2.444937       7.807508      10.252445       0.004477       2.763418       1.000000       0.653071       0.000019           69
       116        58.0000       5       2       2.469573       7.783176      10.252749       0.004627       2.690329       1.000000       0.703720       0.000009           32
       117        58.5000       5       2       2.546144       7.704645      10.250789       0.004571       2.656794       1.000000       0.733776       0.000005           31
       118        59.0000       5       2       2.645176       7.602434      10.247610       0.004449       2.714378       1.000000       0.831155       0.000003           37
       119        59.5000       5       2       2.711588       7.942160      10.653748       0.004348       3.270226       1.000000       2.444360       0.000002           33
       120        60.0000       5       2       2.736829       7.916269      10.653098       0.004194       3.614185       1.000000       2.585225       0.000001           33
       121        60.5000       5       2       2.755525       7.901151      10.656677       0.004101       4.087609       1.000000       2.690682       0.000001           36
       122        61.0000       5       2       2.824774       7.837292      10.662066       0.004081       4.500044       1.000000       2.751427       0.000002           27
       123        61.5000       5       2       3.021254       7.642577      10.663831       0.004084       4.634182       1.000000       2.759505       0.000002           36
       124        62.0000       5       2       3.368301       7.289737      10.658037       0.004087       4.354164       1.000000       2.717636       0.000001           35
       125        62.5000       5       2       3.786589       6.860718      10.647307       0.004081       3.699329       1.000000       2.638722       0.000001           30
       126        63.0000       5       2       4.128178       6.511030      10.639208       0.004040       2.895960       1.000000       2.539938       0.000001           30
       127        63.5000       5       2       4.303007       6.357309      10.660316       0.004073       2.399277       1.000000       2.424825       0.000001           29
       128        64.0000       5       2       4.290579       6.234726      10.525304       0.004113       2.051181       1.000000       1.950354       0.000003           33
       129        64.5000       5       2       4.061624       6.481583      10.543208       0.004182       1.865246       1.000000       2.043302       0.000004           31
       130        65.0000       5       2       3.658005       6.889962      10.547967       0.004262       2.052979       1.000000       2.316475       0.000006           32
       131        65.5000       5       2       3.177958       7.373811      10.551770       0.004235       2.422231       1.000000       2.634650       0.000007           28
       132        66.0000       5       2       2.689645       7.865962      10.555607       0.004296       2.972228       1.000000       2.881726       0.000008           32
       133        66.5000       5       2       2.274324       8.290078      10.564401       0.004449       3.684590       1.000000       3.029833       0.000007           30
       134        67.0000       5       2       2.049910       8.524339      10.574250       0.004599       4.359428       1.000000       3.094771       0.000007           45
       135        67.5000       5       2       2.081035       8.442021      10.523055       0.004642       3.371862       1.000000       3.083806       0.000009           34
       136        68.0000       5       2       2.270990       8.252479      10.523470       0.004560       3.263120       1.000000       3.083787       0.000006           34
       137        68.5000       5       2       2.574299       7.942788      10.517086       0.004513       3.123073       1.000000       3.094372       0.000002           33
       138        69.0000       5       2       2.903767       7.603481      10.507248       0.004341       2.743351       1.000000       3.037493       0.000008           21
       139        69.5000       5       2       3.160978       7.348919      10.509897       0.004327       2.427244       1.000000       2.826126       0.000011           45
       140        70.0000       5       2       3.325394       7.185630      10.511024       0.004632       2.297578       1.000000       2.594210       0.000007           29
       141        70.5000       5       2       3.389860       7.115648      10.505508       0.004846       2.165943       1.000000       2.360165       0.000005           40
       142        71.0000       5       2       3.322725       7.185732      10.508457       0.004967       2.013085       1.000000       2.113395       0.000003           33
       143        71.5000       5       2       3.115485       7.393181      10.508667       0.004956       1.964671       1.000000       1.931727       0.000003           31
       144        72.0000       5       2       2.799124       7.715951      10.515075       0.005079       2.300666       1.000000       1.801521       0.000002           29
       145        72.5000       5       2       2.467123       8.056798      10.523921       0.005403       2.813675       1.000000       1.691234       0.000002           30
       146        73.0000       5       2       2.246029       8.282465      10.528494       0.005698       3.077241       1.000000       1.584343       0.000003           27
       147        73.5000       5       2       2.197251       8.327104      10.524355       0.006005       2.876146       1.000000       1.478473       0.000003           33
       148        74.0000       5       2       2.265437       8.251851      10.517288       0.006358       2.309079       1.000000       1.379685       0.000003           30
       149        74.5000       5       2       2.342456       8.170053      10.512509       0.006763       1.657655       1.000000       1.295068       0.000004           28
       150        75.0000       5       2       2.334118       8.175545      10.509663       0.007116       1.268489       1.000000       1.161214       0.000004           27
       151        75.5000       5       2       2.195300       8.321259      10.516559       0.007217       1.306975       1.000000       1.020995       0.000004           30
       152        76.0000       5       2       1.972112       8.550946      10.523058       0.007303       1.438428       1.000000       0.937830       0.000003           31
       153        76.5000       5       2       1.746503       8.780492      10.526994       0.007530       1.605562       1.000000       0.948162       0.000003           24
       154        77.0000       5       2       1.573795       8.955441      10.529235       0.007509       1.788727       1.000000       1.049430       0.000002           35
       155        77.5000       5       2       1.488770       9.041480      10.530251       0.007275       1.964091       1.000000       1.195798       0.000002           27
       156        78.0000       5       2       1.511285       9.019068      10.530353       0.007273       2.108246       1.000000       1.334717       0.000002           31
       157        78.5000       5       2       1.649032       8.880685      10.529716       0.007583       2.201284       1.000000       1.424883       0.000001           33
       158        79.0000       5       2       1.898291       8.630068      10.528358       0.008041       2.225358       1.000000       1.445268       0.000001           21
       159        79.5000       5       2       2.242430       8.283533      10.525963       0.008181       2.161338       1.000000       1.407638       0.000001           39
       160        80.0000       5       2       2.647680       7.874464      10.522145       0.007898       2.009427       1.000000       1.348640       0.000001           29
       161        80.5000       5       2       3.062064       7.455637      10.517701       0.007689       1.835782       1.000000       1.296256       0.000001           28
       162        81.0000       5       2       3.428371       7.086196      10.514567       0.007598       1.769452       1.000000       1.258532       0.000001           30
       163        81.5000       5       2       3.707851       6.806078      10.513929       0.007558       1.875025       1.000000       1.240584       0.000001           26
       164        82.0000       5       2       3.893619       6.621303      10.514921       0.007452       2.048408       1.000000       1.253921       0.000001           30
       165        82.5000       5       2       3.998296       6.516887      10.515183       0.007232       2.124356       1.000000       1.303318       0.000001           30
       166        83.0000       5       2       4.025113       6.488359      10.513472       0.007041       2.029080       1.000000       1.359007       0.000001           25
       167        83.5000       5       2       3.954376       6.557340      10.511716       0.006647       1.832112       1.000000       1.376951       0.000001           27
       168        84.0000       5       2       3.763059       6.748992      10.512051       0.006100       1.715006       1.000000       1.391942       0.000001           26
       169        84.5000       5       2       3.456649       7.059067      10.515716       0.005842       1.887393       1.000000       1.472700       0.000002           27
       170        85.0000       5       2       3.089635       7.432646      10.522282       0.005795       2.287690       1.000000       1.628940       0.000002           27
       171        85.5000       5       2       2.753197       7.774326      10.527523       0.005701       2.608912       1.000000       1.829449       0.000003           27
       172        86.0000       5       2       2.517867       8.009215      10.527082       0.005576       2.625293       1.000000       2.037539       0.000003           25
       173        86.5000       5       2       2.379794       8.142524      10.522318       0.005560       2.344656       1.000000       2.236930       0.000003           25
       174        87.0000       5       2       2.276054       8.242427      10.518482       0.005579       1.986849       1.000000       2.436813       0.000003           29
       175        87.5000       5       2       2.148113       8.369800      10.517913       0.005545       1.785566       1.000000       2.636117       0.000004           25
       176        88.0000       5       2       1.977977       8.541384      10.519361       0.005504       1.768378       1.000000       2.817675       0.000004           27
       177        88.5000       5       2       1.778576       8.742556      10.521132       0.005482       1.821972       1.000000       2.972284       0.000005           29
       178        89.0000       5       2       1.571213       8.951150      10.522363       0.005469       1.863446       1.000000       3.101365       0.000005           27
       179        89.5000       5       2       1.371995       9.150986      10.522982       0.005451       1.875614       1.000000       3.209428       0.000006           29
       180        90.0000       5       2       1.189942       9.333519      10.523461       0.005441       1.886405       1.000000       3.298550       0.000006           22
       181        90.5000       5       2       1.033474       9.491044      10.524518       0.005447       1.942212       1.000000       3.365714       0.000006           31
       182        91.0000       5       2       0.920030       9.606506      10.526536       0.005439       2.059958       1.000000       3.402524       0.000006           29
       183        91.5000       5       2       0.879947       9.648877      10.528824       0.005334       2.184831       1.000000       3.397045       0.000005           26
       184        92.0000       5       2       0.945513       9.584203      10.529715       0.005104       2.220272       1.000000       3.337026       0.000005           27
       185        92.5000       5       2       1.128478       9.399608      10.528086       0.004850       2.110844       1.000000       3.213249       0.000004           33
       186        93.0000       5       2       1.405577       9.118921      10.524498       0.004676       1.886900       1.000000       3.021654       0.000004           30
       187        93.5000       5       2       1.725681       8.794616      10.520297       0.004577       1.634326       1.000000       2.763742       0.000003           33
       188        94.0000       5       2       2.028202       8.488069      10.516272       0.004524       1.442761       1.000000       2.445974       0.000003           26
       189        94.5000       5       2       2.256770       8.256128      10.512898       0.004530       1.411098       1.000000       2.079593       0.000002           31
       190        95.0000       5       2       2.370463       8.141218      10.511681       0.004573       1.664705       1.000000       1.681788       0.000002           35
       191        95.5000       5       2       2.366233       8.148607      10.514841       0.004599       2.232287       1.000000       1.270755       0.000002           61
# Surface Hop/Pointer State Switch: new state=      4 old state=      5 randnum=  0.549780855 gap= -0.033006 eV
       192        96.0000       4       1       2.316221       8.198619      10.514841       0.004575       2.853633       1.000000       1.121448       0.000002           42
# Surface Hop/Pointer State Switch: new state=      5 old state=      4 randnum=  0.023864133 gap=  0.067759 eV
       193        96.5000       5       2       2.300645       8.214196      10.514841       0.004519       3.248873       1.000000       0.765620       0.000002           42
       194        97.0000       5       2       2.516635       7.994104      10.510739       0.004511       3.092444       1.000000       0.819694       0.000001           47
       195        97.5000       5       2       2.869730       7.629926      10.499655       0.004488       2.593841       1.000000       0.920810       0.000001           29
       196        98.0000       5       2       3.214258       7.277127      10.491385       0.004433       2.099198       1.000000       1.022958       0.000001           26
       197        98.5000       5       2       3.428567       7.061267      10.489835       0.004385       1.853121       1.000000       1.125617       0.000001           38
       198        99.0000       5       2       3.474343       7.017696      10.492039       0.004355       1.776344       1.000000       1.233037       0.000001           28
       199        99.5000       5       2       3.370887       7.124302      10.495189       0.004331       1.736723       1.000000       1.340182       0.000001           27
       200       100.0000       5       2       3.159165       7.339570      10.498735       0.004298       1.736401       1.000000       1.437319       0.000001           31
