#===============================================================================================================================================================================
#     Step |         Time |         State |                                     Energy |      Angular |     Gradient |      Density |           Expectation Value |    Runtime |
#          |              |  diag |   MCH |          kin |          pot |          tot |     Momentum |          RMS |        Total |           DM |            S |            |
#          |         [fs] |       |       |         [eV] |         [eV] |         [eV] |       [hbar] |     [eV/Ang] |              |      [Debye] |              |      [sec] |
#===============================================================================================================================================================================
         0         0.0000       9       3       1.211611      11.918843      13.130454       0.008754       6.307830       1.000000       0.415349       0.000018          106
         1         0.5000       9       3       1.502338      11.615174      13.117512       0.008942       5.370204       1.000000       0.468954       0.000036           34
         2         1.0000       9       3       1.724300      11.383328      13.107628       0.009018       4.539916       1.000000       0.455846       0.000142           71
# Surface Hop/Pointer State Switch: new state=     12 old state=      9 randnum=  0.353278284 gap=  0.003480 eV
         3         1.5000      12       3       1.766562      11.341066      13.107628       0.008922       4.105407       1.000000       0.522176       0.121964           48
         4         2.0000      12       3       1.750226      11.379494      13.129719       0.009021       4.156446       1.000000       0.625225       0.000090           35
         5         2.5000      12       3       1.898870      11.232847      13.131718       0.009166       3.916272       1.000000       0.829485       0.000029           36
         6         3.0000      12       3       2.237898      10.877413      13.115310       0.009256       3.031784       1.000000       1.103787       0.000018           28
         7         3.5000      12       3       2.556650      10.549523      13.106173       0.009217       2.078264       1.000000       1.423531       0.000018           31
         8         4.0000      12       3       2.696445      10.413416      13.109861       0.009138       1.652979       1.000000       1.743770       0.000026           30
         9         4.5000      12       3       2.666508      10.451000      13.117509       0.009097       1.685453       1.000000       2.027375       0.000086           31
# Surface Hop/Pointer State Switch: new state=      9 old state=     12 randnum=  0.721225254 gap= -0.018533 eV
        10         5.0000       9       3       2.547749      10.569760      13.117509       0.008960       1.789116       1.000000       2.267849       0.003175           70
        11         5.5000       9       3       2.371370      10.749416      13.120786       0.008808       1.884120       1.000000       2.466437       0.000040           40
        12         6.0000       9       3       2.230036      10.892120      13.122156       0.008609       1.960022       1.000000       2.650540       0.000010           36
        13         6.5000       9       3       2.142949      10.979133      13.122082       0.008438       2.035116       1.000000       2.830869       0.000005           37
        14         7.0000       9       3       2.108207      11.012988      13.121195       0.008275       2.129605       1.000000       3.002472       0.000003           32
        15         7.5000       9       3       2.112287      11.008176      13.120464       0.008115       2.259454       1.000000       3.151457       0.000003           30
        16         8.0000       9       3       2.143757      10.977143      13.120901       0.007961       2.413136       1.000000       3.267832       0.000002           31
        17         8.5000       9       3       2.205835      10.916692      13.122527       0.007801       2.533855       1.000000       3.356229       0.000002           31
        18         9.0000       9       3       2.314757      10.808868      13.123625       0.007646       2.529392       1.000000       3.435596       0.000002           30
        19         9.5000       9       3       2.478685      10.643905      13.122590       0.007387       2.327005       1.000000       3.531407       0.000002           31
        20        10.0000       9       3       2.678460      10.440751      13.119211       0.007045       1.907986       1.000000       3.677968       0.000003           32
        21        10.5000       9       3       2.848501      10.262968      13.111469       0.006808       1.505210       1.000000       3.882806       0.000004           28
        22        11.0000       9       3       2.901580      10.206447      13.108027       0.006424       1.535623       1.000000       4.085538       0.000005           37
        23        11.5000       9       3       2.790454      10.317673      13.108127       0.006247       2.022186       1.000000       4.282245       0.000006           35
        24        12.0000       9       3       2.532804      10.581064      13.113868       0.006351       2.780935       1.000000       4.453599       0.000007           33
        25        12.5000       9       3       2.230727      10.894155      13.124882       0.006257       3.515387       1.000000       4.561688       0.000007           46
        26        13.0000       9       3       2.044688      11.087471      13.132159       0.006182       3.846915       1.000000       4.570856       0.000007           39
        27        13.5000       9       3       2.072309      11.055163      13.127472       0.006330       3.571719       1.000000       4.456002       0.000005           31
        28        14.0000       9       3       2.256330      10.861460      13.117790       0.006572       2.907685       1.000000       4.206463       0.000006           34
        29        14.5000       9       3       2.463077      10.650278      13.113355       0.006812       2.295040       1.000000       3.836636       0.000006           36
        30        15.0000       9       3       2.611547      10.502813      13.114360       0.007212       1.987213       1.000000       3.402584       0.000006           31
        31        15.5000       9       3       2.695660      10.420622      13.116283       0.007517       1.925623       1.000000       2.995547       0.000006           36
        32        16.0000       9       3       2.734733      10.381970      13.116702       0.007589       1.998217       1.000000       2.692924       0.000006           36
        33        16.5000       9       3       2.802393      10.313270      13.115663       0.007711       2.260038       1.000000       2.557916       0.000007           36
        34        17.0000       9       3       2.859524      10.031898      12.891422       0.007850       2.246582       1.000000       2.546857       0.000014           28
# Surface Hop/Pointer State Switch: new state=      8 old state=      9 randnum=  0.153172922 gap= -0.231193 eV
        35        17.5000       8       2       2.831332      10.060090      12.891422       0.008086       2.325053       1.000000       2.457233       0.000019           75
        36        18.0000       8       2       2.771056      10.122152      12.893208       0.007896       2.520183       1.000000       2.334608       0.000034           38
        37        18.5000       8       2       2.709196      10.186578      12.895774       0.007795       2.657214       1.000000       2.229303       0.000069           32
        38        19.0000       8       2       2.680731      10.217024      12.897756       0.007771       2.741408       1.000000       2.135217       0.000189           36
        39        19.5000       8       2       2.712920      10.185337      12.898257       0.007757       2.767657       1.000000       2.047525       0.001395           74
# Surface Hop/Pointer State Switch: new state=      5 old state=      8 randnum=  0.941446475 gap= -0.053202 eV
        40        20.0000       5       2       2.814257      10.084000      12.898257       0.007803       2.769005       1.000000       1.962812       0.003979           41
        41        20.5000       5       2       2.974873       9.922210      12.897083       0.007760       2.786935       1.000000       1.876542       0.000432           42
        42        21.0000       5       2       3.177586       9.718739      12.896325       0.007704       2.835581       1.000000       1.793008       0.000180           31
        43        21.5000       5       2       3.410281       9.485142      12.895423       0.007655       2.868731       1.000000       1.720607       0.000109           31
        44        22.0000       5       2       3.658112       9.234849      12.892961       0.007646       2.806136       1.000000       1.673882       0.000079           27
        45        22.5000       5       2       3.884783       9.002597      12.887380       0.007727       2.576455       1.000000       1.669351       0.000063           32
        46        23.0000       5       2       4.015003       8.864001      12.879004       0.007780       2.207184       1.000000       1.716990       0.000057           28
        47        23.5000       5       2       3.950614       8.923934      12.874548       0.007761       2.099012       1.000000       1.818930       0.000059           27
        48        24.0000       5       2       3.663497       9.221372      12.884870       0.007780       2.781149       1.000000       1.951646       0.000067           22
        49        24.5000       5       2       3.308773       9.597497      12.906270       0.007797       3.690595       1.000000       2.047205       0.000083           42
        50        25.0000       5       2       3.148174       9.764624      12.912798       0.007660       3.901878       1.000000       2.072573       0.000107           29
        51        25.5000       5       2       3.256818       9.639497      12.896315       0.007582       3.184270       1.000000       2.048340       0.000134           40
        52        26.0000       5       2       3.441386       9.440849      12.882235       0.007705       2.150776       1.000000       2.004217       0.000159           38
        53        26.5000       5       2       3.502712       9.379091      12.881802       0.007818       1.577188       1.000000       1.961103       0.000201           29
        54        27.0000       5       2       3.401518       9.486187      12.887706       0.007868       1.647962       1.000000       1.936273       0.000352           69
        55        27.5000       5       2       3.198985       9.694494      12.893480       0.007885       1.934366       1.000000       1.948704       0.001762           44
# Surface Hop/Pointer State Switch: new state=      8 old state=      5 randnum=  0.894510890 gap=  0.020278 eV
        56        28.0000       8       2       2.965289       9.928191      12.893480       0.007678       2.195859       1.000000       2.014317       0.003232           38
        57        28.5000       8       2       2.761700      10.133702      12.895401       0.007687       2.376571       1.000000       2.130887       0.000201           39
        58        29.0000       8       2       2.611864      10.283692      12.895557       0.007697       2.458332       1.000000       2.288577       0.000062           43
        59        29.5000       8       2       2.519080      10.375364      12.894443       0.007700       2.455518       1.000000       2.462995       0.000030           32
        60        30.0000       8       2       2.469953      10.423186      12.893139       0.007686       2.422183       1.000000       2.628576       0.000018           29
        61        30.5000       8       2       2.448699      10.443925      12.892625       0.007668       2.413586       1.000000       2.763612       0.000013           37
        62        31.0000       8       2       2.449728      10.443262      12.892991       0.007643       2.436240       1.000000       2.851220       0.000010           34
        63        31.5000       8       2       2.479036      10.414561      12.893596       0.007608       2.452714       1.000000       2.878943       0.000009           36
        64        32.0000       8       2       2.546120      10.347820      12.893940       0.007560       2.434394       1.000000       2.839987       0.000009           33
        65        32.5000       8       2       2.657425      10.236877      12.894303       0.007516       2.398537       1.000000       2.743529       0.000010           33
        66        33.0000       8       2       2.819172      10.076206      12.895378       0.007428       2.396577       1.000000       2.655182       0.000016           31
        67        33.5000       8       2       3.042251       9.853736      12.895988       0.007277       2.439350       1.000000       2.739616       0.000049           34
        68        34.0000       8       2       3.302258       9.567784      12.870042       0.007147       2.057850       1.000000       2.902814       0.296593           66
# Surface Hop/Pointer State Switch: new state=      5 old state=      8 randnum=  0.113990608 gap= -0.245586 eV
        69        34.5000       5       2       3.586428       9.283614      12.870042       0.007281       2.232671       1.000000       3.269906       0.000046           54
        70        35.0000       5       2       3.765115       9.095498      12.860613       0.007234       1.975911       1.000000       3.370500       0.000013           36
        71        35.5000       5       2       3.802379       9.234531      13.036910       0.007187       1.981348       1.000000       3.341421       0.000007           36
        72        36.0000       5       2       3.731254       9.332470      13.063723       0.007214       2.828291       1.000000       3.089578       0.000008           37
        73        36.5000       5       2       3.639101       9.339102      12.978203       0.007232       4.303525       1.000000       2.550528       0.000021           31
        74        37.0000       5       2       3.728211       9.286154      13.014365       0.007228       4.716832       1.000000       2.426778       0.000068           33
        75        37.5000       5       2       4.068714       8.917374      12.986088       0.007210       3.670334       1.000000       2.510620       0.000202           34
        76        38.0000       5       2       4.370881       8.598018      12.968899       0.007098       2.569601       1.000000       2.848017       0.000550           36
# Surface Hop/Pointer State Switch: new state=      4 old state=      5 randnum=  0.320120467 gap= -0.108725 eV
        77        38.5000       4       1       4.461784       8.507115      12.968899       0.007047       2.436304       1.000000       1.455207       0.002694           71
        78        39.0000       4       1       4.181713       8.792839      12.974552       0.007081       2.357381       1.000000       1.112072       0.132229           38
        79        39.5000       4       1       3.781507       9.199993      12.981500       0.007087       2.452641       1.000000       0.985930       0.000037           45
        80        40.0000       4       1       3.359276       9.627742      12.987018       0.007044       2.477333       1.000000       0.865480       0.000061           35
        81        40.5000       4       1       2.998044       9.993529      12.991573       0.006963       2.507352       1.000000       0.764536       0.000116           29
        82        41.0000       4       1       2.767137      10.228469      12.995605       0.006910       2.575822       1.000000       0.728486       0.000325           41
        83        41.5000       4       1       2.725153      10.272886      12.998039       0.006875       2.651468       1.000000       0.766643       0.004110           70
# Surface Hop/Pointer State Switch: new state=      1 old state=      4 randnum=  0.685577202 gap= -0.066897 eV
        84        42.0000       1       1       2.906965      10.091074      12.998039       0.006931       2.697828       1.000000       0.842466       0.001572           45
        85        42.5000       1       1       3.297619       9.696064      12.993684       0.006989       2.680498       1.000000       0.909699       0.000245           44
        86        43.0000       1       1       3.843931       9.143396      12.987326       0.007105       2.640588       1.000000       0.941660       0.000096           26
        87        43.5000       1       1       4.461326       8.520072      12.981398       0.007256       2.630408       1.000000       0.934502       0.000051           33
        88        44.0000       1       1       5.069592       7.907770      12.977361       0.007501       2.657702       1.000000       0.901070       0.000031           32
        89        44.5000       1       1       5.611556       7.363290      12.974846       0.007789       2.678186       1.000000       0.860120       0.000021           31
        90        45.0000       1       1       6.047804       6.924221      12.972025       0.007996       2.645293       1.000000       0.829803       0.000014           29
        91        45.5000       1       1       6.334985       6.632464      12.967449       0.008221       2.558324       1.000000       0.824698       0.000010           30
        92        46.0000       1       1       6.426635       7.043176      13.469812       0.008300       2.710992       1.000000       0.798340       0.003926           69
        93        46.5000       1       1       6.278097       7.193116      13.471213       0.008196       3.123479       1.000000       0.731233       0.000227           38
        94        47.0000       1       1       5.934303       7.553548      13.487851       0.008231       3.941489       1.000000       0.674277       0.000041           41
        95        47.5000       1       1       5.632233       7.877798      13.510031       0.008365       4.639085       1.000000       0.627940       0.000010           32
        96        48.0000       1       1       5.634758       7.872748      13.507506       0.008515       4.529140       1.000000       0.607518       0.000004           33
        97        48.5000       1       1       5.915379       7.569225      13.484604       0.008662       3.676964       1.000000       0.652434       0.000002           30
        98        49.0000       1       1       6.200992       7.270344      13.471336       0.008739       2.820732       1.000000       0.788901       0.000002           25
        99        49.5000       1       1       6.297823       7.175145      13.472968       0.008799       2.491563       1.000000       0.999250       0.000002           44
       100        50.0000       1       1       6.202145       7.278080      13.480225       0.008828       2.590501       1.000000       1.252002       0.000002           32
       101        50.5000       1       1       6.004663       7.482232      13.486895       0.008849       2.809989       1.000000       1.526417       0.000002           33
       102        51.0000       1       1       5.798802       7.692097      13.490899       0.008850       2.998342       1.000000       1.811514       0.000002           33
       103        51.5000       1       1       5.642997       7.848877      13.491874       0.008861       3.114866       1.000000       2.099735       0.000002           31
       104        52.0000       1       1       5.553799       7.936701      13.490501       0.008899       3.162854       1.000000       2.383053       0.000005           40
       105        52.5000       1       1       5.515970       7.972976      13.488945       0.008758       3.163616       1.000000       2.647539       0.000018           79
       106        53.0000       1       1       5.515076       7.976272      13.491348       0.008438       3.096468       1.000000       2.848305       0.000784           44
# Surface Hop/Pointer State Switch: new state=      4 old state=      1 randnum=  0.199276076 gap=  0.046292 eV
       107        53.5000       4       1       5.515595       7.975752      13.491348       0.008288       3.108690       1.000000       2.977053       0.000130           43
       108        54.0000       4       1       5.501646       7.997329      13.498975       0.008195       3.296971       1.000000       3.098722       0.000016           41
       109        54.5000       4       1       5.573436       7.931937      13.505374       0.008307       3.476569       1.000000       3.168661       0.000006           27
       110        55.0000       4       1       5.815376       7.689820      13.505196       0.008388       3.501295       1.000000       3.181581       0.000004           40
       111        55.5000       4       1       6.221772       7.274391      13.496163       0.008523       3.313689       1.000000       3.140371       0.000003           34
       112        56.0000       4       1       6.671345       6.812196      13.483541       0.008933       3.046109       1.000000       3.047514       0.000002           31
       113        56.5000       4       1       6.990931       6.483332      13.474263       0.009275       2.911831       1.000000       2.902846       0.000001           32
       114        57.0000       4       1       7.058606       6.420849      13.479455       0.009249       3.032117       1.000000       2.677424       0.000001           28
       115        57.5000       4       1       6.796304       6.625249      13.421553       0.009146       3.484248       1.000000       2.267522       0.000001           40
       116        58.0000       4       1       6.260918       7.170059      13.430977       0.009048       3.919289       1.000000       2.042555       0.000000           30
       117        58.5000       4       1       5.647702       7.800465      13.448167       0.008832       4.310468       1.000000       1.842193       0.000000           37
       118        59.0000       4       1       5.186721       8.273183      13.459904       0.008637       4.494014       1.000000       1.709376       0.000000           27
       119        59.5000       4       1       5.023907       8.429802      13.453709       0.008685       4.049686       1.000000       2.075254       0.000003           30
       120        60.0000       4       1       5.029137       8.400287      13.429424       0.008745       3.068514       1.000000       2.898244       0.000013           32
# Surface Hop/Pointer State Switch: new state=      5 old state=      4 randnum=  0.056469395 gap=  0.526538 eV
       121        60.5000       5       2       4.415229       9.014194      13.429424       0.008259       2.366514       1.000000       2.826088       0.000001           57
       122        61.0000       5       2       4.043911       9.388639      13.432550       0.008330       2.853321       1.000000       2.415530       0.000001           37
       123        61.5000       5       2       3.591125       9.849499      13.440624       0.008287       3.300925       1.000000       2.104049       0.000000           27
       124        62.0000       5       2       3.143055      10.300581      13.443636       0.008216       3.677444       1.000000       1.844782       0.000000           32
       125        62.5000       5       2       2.751996      10.693285      13.445280       0.008227       4.121351       1.000000       1.574994       0.000000           33
       126        63.0000       5       2       2.446124      11.000104      13.446228       0.008167       4.647516       1.000000       1.282912       0.000000           29
# Surface Hop/Pointer State Switch: new state=      4 old state=      5 randnum=  0.286150529 gap= -0.087184 eV
       127        63.5000       4       1       2.246918      11.199310      13.446228       0.008301       4.829273       1.000000       1.209710       0.000000           78
       128        64.0000       4       1       2.150197      11.295614      13.445811       0.008247       5.180923       1.000000       1.014950       0.000000           33
       129        64.5000       4       1       2.164048      11.280789      13.444837       0.008275       5.297852       1.000000       0.981592       0.000000           47
       130        65.0000       4       1       2.278575      11.165054      13.443629       0.008424       5.218306       1.000000       1.077478       0.000000           30
       131        65.5000       4       1       2.483229      10.960112      13.443342       0.008631       4.992518       1.000000       1.239125       0.000001           29
       132        66.0000       4       1       2.782909      10.661845      13.444753       0.008828       4.704546       1.000000       1.361654       0.000003           30
       133        66.5000       4       1       3.207302      10.239153      13.446456       0.008909       4.410171       1.000000       1.378939       0.000013           31
       134        67.0000       4       1       3.795878       9.650274      13.446152       0.008865       4.116895       1.000000       1.343781       0.000925           74
# Surface Hop/Pointer State Switch: new state=      1 old state=      4 randnum=  0.685863365 gap= -0.380906 eV
       135        67.5000       1       1       4.563421       8.882731      13.446152       0.009228       3.757446       1.000000       1.304236       0.000030           43
       136        68.0000       1       1       5.410517       8.025013      13.435530       0.009270       3.270710       1.000000       1.211460       0.000007           39
       137        68.5000       1       1       6.213690       7.208747      13.422438       0.009281       2.966725       1.000000       1.064630       0.000003           26
       138        69.0000       1       1       6.830964       6.594923      13.425886       0.009178       3.567645       1.000000       0.907734       0.000002           27
       139        69.5000       1       1       7.313344       6.129428      13.442772       0.009100       4.527833       1.000000       0.752387       0.000001           29
       140        70.0000       1       1       7.843210       5.632978      13.476188       0.009222       4.756425       1.000000       0.569890       0.000001           33
       141        70.5000       1       1       8.376750       5.079689      13.456439       0.009298       4.160918       1.000000       0.615875       0.000001           31
       142        71.0000       1       1       8.675029       4.777493      13.452521       0.009294       3.500789       1.000000       0.607241       0.000001           29
       143        71.5000       1       1       8.650136       4.810523      13.460659       0.009411       3.188853       1.000000       0.651068       0.000001           29
       144        72.0000       1       1       8.387209       5.083001      13.470210       0.009542       3.097132       1.000000       0.751598       0.000001           33
       145        72.5000       1       1       8.011565       5.465031      13.476597       0.009616       3.056598       1.000000       0.888141       0.000001           32
       146        73.0000       1       1       7.614856       5.864860      13.479717       0.009590       3.005359       1.000000       1.041306       0.000001           29
       147        73.5000       1       1       7.243911       6.236636      13.480547       0.009540       2.934206       1.000000       1.200267       0.000001           29
       148        74.0000       1       1       6.911037       6.568786      13.479823       0.009511       2.853657       1.000000       1.357008       0.000001           29
       149        74.5000       1       1       6.607066       6.871930      13.478996       0.009445       2.821842       1.000000       1.506101       0.000001           30
       150        75.0000       1       1       6.327604       7.154912      13.482516       0.009347       2.890331       1.000000       1.676107       0.000001           25
       151        75.5000       1       1       6.078919       7.401399      13.480318       0.009531       2.900898       1.000000       1.907939       0.000001           35
       152        76.0000       1       1       5.861528       7.620738      13.482265       0.009720       3.022688       1.000000       2.178999       0.000002           20
       153        76.5000       1       1       5.698008       7.787863      13.485871       0.009717       3.092488       1.000000       2.455287       0.000002           37
       154        77.0000       1       1       5.627604       7.859174      13.486778       0.009706       3.201406       1.000000       2.676868       0.000003           31
       155        77.5000       1       1       5.662352       7.822821      13.485173       0.009730       3.219931       1.000000       2.837235       0.000005           28
       156        78.0000       1       1       5.774865       7.705995      13.480860       0.009819       3.126642       1.000000       2.946415       0.000010           29
       157        78.5000       1       1       5.896867       7.577257      13.474124       0.009889       2.936013       1.000000       3.017198       0.000024           25
       158        79.0000       1       1       5.923142       7.541309      13.464451       0.009963       2.664135       1.000000       3.061647       0.000057           27
       159        79.5000       1       1       5.716738       7.737409      13.454147       0.009909       2.547497       1.000000       3.098647       0.000113           27
       160        80.0000       1       1       5.159522       7.998002      13.157525       0.009944       3.264717       1.000000       2.693021       0.000012           29
       161        80.5000       1       1       4.367550       8.819930      13.187480       0.010062       4.530996       1.000000       2.970108       0.000012           26
       162        81.0000       1       1       3.753071       9.458638      13.211708       0.010130       5.240627       1.000000       3.365136       0.000009           27
       163        81.5000       1       1       3.587795       9.599609      13.187404       0.010264       4.477823       1.000000       3.700231       0.000006           26
       164        82.0000       1       1       3.620950       9.540576      13.161525       0.010443       3.097349       1.000000       3.822352       0.000005           20
       165        82.5000       1       1       3.514174       9.651289      13.165463       0.010621       2.538279       1.000000       3.746526       0.000004           32
       166        83.0000       1       1       3.252889       9.926495      13.179384       0.010736       2.751939       1.000000       3.537324       0.000003           26
       167        83.5000       1       1       2.992736      10.194776      13.187512       0.010755       2.988631       1.000000       3.242955       0.000003           25
       168        84.0000       1       1       2.847215      10.343497      13.190711       0.010698       3.138568       1.000000       2.883520       0.000003           25
       169        84.5000       1       1       2.853516      10.334999      13.188515       0.010668       3.318845       1.000000       2.456992       0.000003           30
       170        85.0000       1       1       2.994416      10.190831      13.185247       0.010687       3.559561       1.000000       2.080983       0.000002           32
       171        85.5000       1       1       3.240883       9.944414      13.185297       0.010757       3.797801       1.000000       1.895673       0.000002           27
       172        86.0000       1       1       3.589039       9.596399      13.185437       0.010821       3.938587       1.000000       1.908520       0.000002           29
       173        86.5000       1       1       4.039584       9.145252      13.184836       0.010838       3.928527       1.000000       2.068511       0.000002           26
       174        87.0000       1       1       4.579891       8.603572      13.183464       0.010850       3.779604       1.000000       2.328539       0.000003           27
       175        87.5000       1       1       5.182165       7.998866      13.181031       0.010844       3.540999       1.000000       2.654240       0.000003           33
       176        88.0000       1       1       5.802464       7.374315      13.176778       0.010787       3.262692       1.000000       3.019397       0.000004           30
       177        88.5000       1       1       6.374782       6.795218      13.169999       0.010690       2.982337       1.000000       3.400112       0.000005           27
       178        89.0000       1       1       6.802873       6.357370      13.160243       0.010605       2.740099       1.000000       3.771104       0.000006           35
       179        89.5000       1       1       6.957503       6.191251      13.148754       0.010525       2.674029       1.000000       4.105058       0.000010           31
       180        90.0000       1       1       6.712052       6.432530      13.144583       0.010452       3.175947       1.000000       4.375297       0.000017           32
       181        90.5000       1       1       6.085778       7.079572      13.165351       0.010398       4.393301       1.000000       4.561815       0.000042           26
       182        91.0000       1       1       5.417462       7.782556      13.200017       0.010376       5.436231       1.000000       4.659191       0.000293           30
# Surface Hop/Pointer State Switch: new state=      4 old state=      1 randnum=  0.988111895 gap=  0.098586 eV
       183        91.5000       4       1       5.138399       8.061618      13.200017       0.010275       5.245154       1.000000       4.680479       0.000464           71
       184        92.0000       4       1       4.962566       8.218033      13.180600       0.010383       4.568558       1.000000       4.663351       0.000041           40
       185        92.5000       4       1       4.968587       8.196262      13.164849       0.010475       3.804753       1.000000       4.599950       0.000013           37
       186        93.0000       4       1       4.909170       8.258997      13.168167       0.010486       3.643846       1.000000       4.490070       0.000006           27
       187        93.5000       4       1       4.763724       8.413807      13.177531       0.010481       3.756600       1.000000       4.325899       0.000004           40
       188        94.0000       4       1       4.626225       8.557708      13.183933       0.010468       3.772746       1.000000       4.115973       0.000003           26
       189        94.5000       4       1       4.572243       8.613404      13.185646       0.010418       3.611259       1.000000       3.899047       0.000002           26
       190        95.0000       4       1       4.618413       8.565109      13.183522       0.010314       3.314276       1.000000       3.723512       0.000002           31
# Surface Hop/Pointer State Switch: new state=      5 old state=      4 randnum=  0.006452083 gap=  0.455201 eV
       191        95.5000       5       2       4.279016       8.904507      13.183522       0.009693       2.500797       1.000000       3.380756       0.000000           68
       192        96.0000       5       2       4.350038       8.830694      13.180732       0.009726       2.280553       1.000000       3.256541       0.000000           29
       193        96.5000       5       2       4.349610       8.828686      13.178296       0.009809       2.212179       1.000000       3.100336       0.000000           32
       194        97.0000       5       2       4.244323       8.934111      13.178435       0.009888       2.493345       1.000000       2.918500       0.000000           29
       195        97.5000       5       2       4.046298       9.137824      13.184122       0.009905       3.159162       1.000000       2.729564       0.000000           30
# Surface Hop/Pointer State Switch: new state=      4 old state=      5 randnum=  0.009773661 gap= -0.537802 eV
       196        98.0000       4       1       4.375455       8.808667      13.184122       0.010562       3.639060       1.000000       3.037038       0.000003           63
       197        98.5000       4       1       4.314871       8.878182      13.193053       0.010572       4.155157       1.000000       2.904158       0.000003           38
       198        99.0000       4       1       4.523631       8.662169      13.185800       0.010530       4.083305       1.000000       2.791198       0.000003           28
# Surface Hop/Pointer State Switch: new state=      5 old state=      4 randnum=  0.026652120 gap=  0.627897 eV
       199        99.5000       5       2       4.301961       8.883838      13.185800       0.009778       3.696646       1.000000       2.181154       0.000000           56
       200       100.0000       5       2       4.551553       8.625276      13.176829       0.009919       3.018873       1.000000       2.134749       0.000000           31
