2026-07-22 14:19:49.857373 midway3-0561.rcc.local /project/lgagliardi/helenclifford/practice_rcc/sharc4/methaniminium/init_vertical/ICOND_00014
  ============================================================================
||                                                                            ||
||                         SHARC - MOLCAS - Interface                         ||
||                                                                            ||
||       Authors: Sascha Mausenberger, Lorenz Grünewald, Sebastian Mai        ||
||                                                                            ||
||                                Version: 4.0                                ||
||                              Date: 29.08.2023                              ||
||                                                                            ||
  ============================================================================
SAVEDIR set to ./SAVE/
Found env variable ncpu=1, resources["ncpu"] set to 1
Scratchdir set to /scratch/midway3/helenclifford/sharc_scratch/methaniminium/init_vertical/ICOND_00014
WARNING: 'no-douglas-kroll' not in template keywords: paddingstates, density_calculation_methods, tCI, basis, baslib, basis_per_element, basis_per_atom, nactel, ras1, ras2, ras3, inactive, roots, origin, origin_pos, isotope_elements, isotope_masses, method, functional, ipea, cort_or_dort, imaginary, frozen, gradaccudefault, gradaccumax, pcmset, pcmstate, iterations, cholesky_accu, rasscf_thrs
WARNING: 'cholesky' not in template keywords: paddingstates, density_calculation_methods, tCI, basis, baslib, basis_per_element, basis_per_atom, nactel, ras1, ras2, ras3, inactive, roots, origin, origin_pos, isotope_elements, isotope_masses, method, functional, ipea, cort_or_dort, imaginary, frozen, gradaccudefault, gradaccumax, pcmset, pcmstate, iterations, cholesky_accu, rasscf_thrs
paddingstates not specified setting default, [0, 0, 0]
Interface: 

Molecule: 
comment: Initial condition ICOND_00014/

natom: 6
elements: ['C', 'N', 'H', 'H', 'H', 'H']
unit: bohr
factor: 1.0
states: [4, 0, 3]
charge: [1, 1, 1]
nstates: 7
nmstates: 13
point_charges: False
npc: 0
Atomcharge: 17
frozcore: 2
Ubasis: [[      0.0       0.0]
 [      0.0       0.0]]
mol: None

Coords: 
coords: [[ 0.0007648  0.00022557  0.0364192]
 [-0.01031485 -0.01266827  2.476329]
 [  1.68469  0.1066293 -0.8607277]
 [ 1.675498 -0.02769763  3.475637]
 [-1.612491  0.1631814  3.584072]
 [-1.613485 -0.06878156 -0.8444431]]
pccoords: None
pccharge: None
veloc: None

Save: 
savedir: /project/lgagliardi/helenclifford/practice_rcc/sharc4/methaniminium/init_vertical/ICOND_00014/SAVE
step: 1
previous_step: None
init: False
newstep: True
samestep: False
always_guess: False
always_orb_init: False
restart: False

Requests: 
h: True
soc: True
dm: True
mdeqm: False
grad: None
nacdr: None
overlap: True
phases: False
ion: False
socdr: False
dmdr: False
multipolar_fit: None
theodore: False
cleanup: False
retain: 5
molden: False
savestuff: False
nooverlap: False
mol: False
density_matrices: None
dyson_orbitals: None

Maps: 
statemap: {1: [1, 1, 0.0], 2: [1, 2, 0.0], 3: [1, 3, 0.0], 4: [1, 4, 0.0], 5: [3, 1, -1.0], 6: [3, 2, -1.0], 7: [3, 3, -1.0], 8: [3, 1, 0.0], 9: [3, 2, 0.0], 10: [3, 3, 0.0], 11: [3, 1, 1.0], 12: [3, 2, 1.0], 13: [3, 3, 1.0]}
mults: None
gsmap: None
gradmap: None
nacmap: None
densmap: None
ionmap: None
chargemap: {1: 1, 2: 1, 3: 1}
multmap: {0: (0, 0, 0), 1: (0, 0, 1), 2: (0, 0, 2), 3: (0, 0, 3), 4: (2, 1.0, 0), 5: (2, 0.0, 0), 6: (2, -1.0, 0), 7: (2, 1.0, 1), 8: (2, 0.0, 1), 9: (2, -1.0, 1), 10: (2, 1.0, 2), 11: (2, 0.0, 2), 12: (2, -1.0, 2)}

Resources: 
pwd: /project/lgagliardi/helenclifford/practice_rcc/sharc4/methaniminium/init_vertical/ICOND_00014
cwd: /project/lgagliardi/helenclifford/practice_rcc/sharc4/methaniminium/init_vertical/ICOND_00014
scratchdir: /scratch/midway3/helenclifford/sharc_scratch/methaniminium/init_vertical/ICOND_00014
ncpu: 1
ngpu: None
memory: 2000
delay: 0.0
theodir: None
theodore_prop: []
theodore_fragment: []
wfoverlap: /home/helenclifford/project-lgagliardi/practice_rcc/sharc4/bin/wfoverlap.x
wfthres: 0.998
wfnumocc: None
resp_shells: []
resp_vdw_radii_symbol: {}
resp_vdw_radii: []
resp_betas: [0.0005, 0.0015, 0.003]
resp_layers: 4
resp_first_layer: 1.4
resp_density: 10.0
resp_fit_order: 2
resp_mk_radii: True
resp_grid: lebedev
resp_target: zero
resp_block_size: 5000
resp_nuke_ram: False
molcas: /project/lgagliardi/shared/Apps/OpenMolcas/builds/parallel
mpi_parallel: False
dry_run: False
driver: /project/lgagliardi/shared/Apps/OpenMolcas/builds/parallel/pymolcas

Template: 
paddingstates: [0, 0, 0]
density_calculation_methods: []
tCI: 1e-07
basis: 6-31g
baslib: None
basis_per_element: None
basis_per_atom: None
nactel: [7, 0, 0]
ras1: None
ras2: 4
ras3: None
inactive: 5
roots: [4, 0, 3]
origin: none
origin_pos: [0.0, 0.0, 0.0]
isotope_elements: []
isotope_masses: []
method: casscf
functional: t:pbe
ipea: 0.25
cort_or_dort: CORT
imaginary: 0.0
frozen: None
gradaccudefault: 0.0001
gradaccumax: 0.001
pcmset: None
pcmstate: None
iterations: [200, 100]
cholesky_accu: 0.0001
rasscf_thrs: [1e-08, 0.0001, 0.0001]

Scheduling: 

Control: 
jobid: None
workdir: None
master: False
gradonly: False
densonly: False
states_to_do: [4, 0, 3]
jobs: None
nslots_pool: []

Starting job execution
['gateway']
['seward']
['copy', '/project/lgagliardi/helenclifford/practice_rcc/sharc4/methaniminium/init_vertical/ICOND_00014/SAVE/MOLCAS.1.JobIph.0', 'JOBOLD']
['rasscf', 1, 4, True, False]
['copy', 'MOLCAS.rasscf.h5', 'MOLCAS.1.rasscf.h5']
['copy', 'MOLCAS.JobIph', 'MOLCAS.1.JobIph']
['copy', '/project/lgagliardi/helenclifford/practice_rcc/sharc4/methaniminium/init_vertical/ICOND_00014/SAVE/MOLCAS.3.JobIph.0', 'JOBOLD']
['rasscf', 3, 3, True, False]
['copy', 'MOLCAS.rasscf.h5', 'MOLCAS.3.rasscf.h5']
['copy', 'MOLCAS.JobIph', 'MOLCAS.3.JobIph']
['link', 'MOLCAS.1.JobIph', 'JOB001']
['rassi', 'dm', [4]]
['copy', 'MOLCAS.rassi.h5', 'MOLCAS.rassi.1.h5']
['link', 'MOLCAS.3.JobIph', 'JOB001']
['rassi', 'dm', [3]]
['copy', 'MOLCAS.rassi.h5', 'MOLCAS.rassi.3.h5']
['copy', '/project/lgagliardi/helenclifford/practice_rcc/sharc4/methaniminium/init_vertical/ICOND_00014/SAVE/MOLCAS.1.JobIph.0', 'JOB001']
['link', 'MOLCAS.1.JobIph', 'JOB002']
['rassi', 'overlap', [4, 4]]
['copy', 'MOLCAS.rassi.h5', 'MOLCAS.rassi.ovlp.1.h5']
['copy', '/project/lgagliardi/helenclifford/practice_rcc/sharc4/methaniminium/init_vertical/ICOND_00014/SAVE/MOLCAS.3.JobIph.0', 'JOB001']
['link', 'MOLCAS.3.JobIph', 'JOB002']
['rassi', 'overlap', [3, 3]]
['copy', 'MOLCAS.rassi.h5', 'MOLCAS.rassi.ovlp.3.h5']
['link', 'MOLCAS.1.JobIph', 'JOB001']
['link', 'MOLCAS.3.JobIph', 'JOB002']
['rassi', 'soc', [4, 3]]
All jobs finished:
job: master          code: 0    runtime: 0:00:17.342691

===> Results:

=> Hamiltonian Matrix:
Diagonal Shift:    -94.00
Real Part:
---------------------------------------------------------------------------------------------------------------------------------------------------
|-3.554e-01                                  |-5.105e-08 -7.674e-07  1.440e-06 |                                 |-5.105e-08 -7.674e-07  1.440e-06 |
|            2.547e-03                       | 1.368e-06  4.820e-07  3.632e-05 |                                 | 1.368e-06  4.820e-07  3.632e-05 |
|                       3.436e-02            |-8.482e-07 -3.097e-06 -1.214e-05 |                                 |-8.482e-07 -3.097e-06 -1.214e-05 |
|                                  8.145e-02 | 5.604e-06  3.840e-05  2.819e-06 |                                 | 5.604e-06  3.840e-05  2.819e-06 |
---------------------------------------------------------------------------------------------------------------------------------------------------
|-5.105e-08  1.368e-06 -8.482e-07  5.604e-06 |-1.642e-01                       | 1.312e-24 -1.415e-06  5.651e-06 |                                 |
|-7.674e-07  4.820e-07 -3.097e-06  3.840e-05 |           -1.385e-02            | 1.415e-06  9.167e-23  3.967e-05 |                                 |
| 1.440e-06  3.632e-05 -1.214e-05  2.819e-06 |                       4.906e-02 |-5.651e-06 -3.967e-05 -6.923e-23 |                                 |
---------------------------------------------------------------------------------------------------------------------------------------------------
|                                            |-1.312e-24  1.415e-06 -5.651e-06 |-1.642e-01                       | 1.312e-24 -1.415e-06  5.651e-06 |
|                                            |-1.415e-06 -9.167e-23 -3.967e-05 |           -1.385e-02            | 1.415e-06  9.167e-23  3.967e-05 |
|                                            | 5.651e-06  3.967e-05  6.923e-23 |                       4.906e-02 |-5.651e-06 -3.967e-05 -6.923e-23 |
---------------------------------------------------------------------------------------------------------------------------------------------------
|-5.105e-08  1.368e-06 -8.482e-07  5.604e-06 |                                 |-1.312e-24  1.415e-06 -5.651e-06 |-1.642e-01                       |
|-7.674e-07  4.820e-07 -3.097e-06  3.840e-05 |                                 |-1.415e-06 -9.167e-23 -3.967e-05 |           -1.385e-02            |
| 1.440e-06  3.632e-05 -1.214e-05  2.819e-06 |                                 | 5.651e-06  3.967e-05  6.923e-23 |                       4.906e-02 |
---------------------------------------------------------------------------------------------------------------------------------------------------

Imaginary Part:
---------------------------------------------------------------------------------------------------------------------------------------------------
|                                            |-8.886e-07  2.547e-06 -8.422e-05 | 5.331e-06  9.051e-05 -4.569e-06 | 8.886e-07 -2.547e-06  8.422e-05 |
|                                            |-5.156e-06 -1.334e-08 -7.889e-06 |-1.970e-05  7.090e-06 -1.381e-06 | 5.156e-06  1.334e-08  7.889e-06 |
|                                            | 4.968e-06 -7.813e-07 -1.909e-05 | 6.195e-06  1.318e-05 -4.718e-06 |-4.968e-06  7.813e-07  1.909e-05 |
|                                            |-4.755e-05  3.105e-06 -1.131e-07 |-2.502e-05  2.113e-06  9.469e-08 | 4.755e-05 -3.105e-06  1.131e-07 |
---------------------------------------------------------------------------------------------------------------------------------------------------
| 8.886e-07  5.156e-06 -4.968e-06  4.755e-05 |            2.454e-05 -1.141e-05 |-2.009e-23 -2.817e-06  4.640e-05 |                                 |
|-2.547e-06  1.334e-08  7.813e-07 -3.105e-06 |-2.454e-05             1.347e-06 | 2.817e-06 -1.980e-22 -3.047e-06 |                                 |
| 8.422e-05  7.889e-06  1.909e-05  1.131e-07 | 1.141e-05 -1.347e-06            |-4.640e-05  3.047e-06 -2.587e-23 |                                 |
---------------------------------------------------------------------------------------------------------------------------------------------------
|-5.331e-06  1.970e-05 -6.195e-06  2.502e-05 |-2.009e-23 -2.817e-06  4.640e-05 |                                 |-2.009e-23 -2.817e-06  4.640e-05 |
|-9.051e-05 -7.090e-06 -1.318e-05 -2.113e-06 | 2.817e-06 -1.980e-22 -3.047e-06 |                                 | 2.817e-06 -1.980e-22 -3.047e-06 |
| 4.569e-06  1.381e-06  4.718e-06 -9.469e-08 |-4.640e-05  3.047e-06 -2.587e-23 |                                 |-4.640e-05  3.047e-06 -2.587e-23 |
---------------------------------------------------------------------------------------------------------------------------------------------------
|-8.886e-07 -5.156e-06  4.968e-06 -4.755e-05 |                                 |-2.009e-23 -2.817e-06  4.640e-05 |           -2.454e-05  1.141e-05 |
| 2.547e-06 -1.334e-08 -7.813e-07  3.105e-06 |                                 | 2.817e-06 -1.980e-22 -3.047e-06 | 2.454e-05            -1.347e-06 |
|-8.422e-05 -7.889e-06 -1.909e-05 -1.131e-07 |                                 |-4.640e-05  3.047e-06 -2.587e-23 |-1.141e-05  1.347e-06            |
---------------------------------------------------------------------------------------------------------------------------------------------------


=> Dipole Moment Matrices:

Polarisation X:
Real Part:
---------------------------------------------------------------------------------------------------------------------------------------------------
| 5.841e-03  4.934e-04 -7.641e-03 -2.485e-02 |                                 |                                 |                                 |
| 4.934e-04  1.043e-01 -3.516e-02 -1.822e-01 |                                 |                                 |                                 |
|-7.641e-03 -3.516e-02  2.002e-02  8.139e-02 |                                 |                                 |                                 |
|-2.485e-02 -1.822e-01  8.139e-02  2.094e-01 |                                 |                                 |                                 |
---------------------------------------------------------------------------------------------------------------------------------------------------
|                                            | 7.872e-03  8.001e-03  2.443e-02 |                                 |                                 |
|                                            | 8.001e-03  1.174e-01  2.528e-01 |                                 |                                 |
|                                            | 2.443e-02  2.528e-01  1.087e-01 |                                 |                                 |
---------------------------------------------------------------------------------------------------------------------------------------------------
|                                            |                                 | 7.872e-03  8.001e-03  2.443e-02 |                                 |
|                                            |                                 | 8.001e-03  1.174e-01  2.528e-01 |                                 |
|                                            |                                 | 2.443e-02  2.528e-01  1.087e-01 |                                 |
---------------------------------------------------------------------------------------------------------------------------------------------------
|                                            |                                 |                                 | 7.872e-03  8.001e-03  2.443e-02 |
|                                            |                                 |                                 | 8.001e-03  1.174e-01  2.528e-01 |
|                                            |                                 |                                 | 2.443e-02  2.528e-01  1.087e-01 |
---------------------------------------------------------------------------------------------------------------------------------------------------

Polarisation Y:
Real Part:
---------------------------------------------------------------------------------------------------------------------------------------------------
| 6.853e-02  3.137e-02 -3.808e-02 -1.036e-01 |                                 |                                 |                                 |
| 3.137e-02  1.016e-01 -8.866e-03  6.243e-03 |                                 |                                 |                                 |
|-3.808e-02 -8.866e-03  8.249e-02  6.809e-02 |                                 |                                 |                                 |
|-1.036e-01  6.243e-03  6.809e-02  1.093e-01 |                                 |                                 |                                 |
---------------------------------------------------------------------------------------------------------------------------------------------------
|                                            | 5.585e-02 -8.910e-03 -4.911e-02 |                                 |                                 |
|                                            |-8.910e-03  1.082e-01  3.137e-02 |                                 |                                 |
|                                            |-4.911e-02  3.137e-02  1.036e-01 |                                 |                                 |
---------------------------------------------------------------------------------------------------------------------------------------------------
|                                            |                                 | 5.585e-02 -8.910e-03 -4.911e-02 |                                 |
|                                            |                                 |-8.910e-03  1.082e-01  3.137e-02 |                                 |
|                                            |                                 |-4.911e-02  3.137e-02  1.036e-01 |                                 |
---------------------------------------------------------------------------------------------------------------------------------------------------
|                                            |                                 |                                 | 5.585e-02 -8.910e-03 -4.911e-02 |
|                                            |                                 |                                 |-8.910e-03  1.082e-01  3.137e-02 |
|                                            |                                 |                                 |-4.911e-02  3.137e-02  1.036e-01 |
---------------------------------------------------------------------------------------------------------------------------------------------------

Polarisation Z:
Real Part:
---------------------------------------------------------------------------------------------------------------------------------------------------
| 3.069e-01  5.178e-01  1.301e+00  5.956e-02 |                                 |                                 |                                 |
| 5.178e-01 -1.005e-01 -6.209e-03  2.022e-01 |                                 |                                 |                                 |
| 1.301e+00 -6.209e-03 -8.038e-02 -9.731e-02 |                                 |                                 |                                 |
| 5.956e-02  2.022e-01 -9.731e-02  4.056e-01 |                                 |                                 |                                 |
---------------------------------------------------------------------------------------------------------------------------------------------------
|                                            | 1.164e+00 -8.609e-02 -1.631e-02 |                                 |                                 |
|                                            |-8.609e-02 -1.012e-01 -1.250e-01 |                                 |                                 |
|                                            |-1.631e-02 -1.250e-01  2.507e-01 |                                 |                                 |
---------------------------------------------------------------------------------------------------------------------------------------------------
|                                            |                                 | 1.164e+00 -8.609e-02 -1.631e-02 |                                 |
|                                            |                                 |-8.609e-02 -1.012e-01 -1.250e-01 |                                 |
|                                            |                                 |-1.631e-02 -1.250e-01  2.507e-01 |                                 |
---------------------------------------------------------------------------------------------------------------------------------------------------
|                                            |                                 |                                 | 1.164e+00 -8.609e-02 -1.631e-02 |
|                                            |                                 |                                 |-8.609e-02 -1.012e-01 -1.250e-01 |
|                                            |                                 |                                 |-1.631e-02 -1.250e-01  2.507e-01 |
---------------------------------------------------------------------------------------------------------------------------------------------------


=> Overlap matrix:

Real Part:
---------------------------------------------------------------------------------------------------------------------------------------------------
| 1.019e+00  7.754e-03 -1.803e-02 -2.895e-03 |                                 |                                 |                                 |
|-3.110e-02  9.223e-01 -3.753e-01 -1.027e-01 |                                 |                                 |                                 |
| 1.156e-02  3.953e-01  9.444e-01  4.392e-02 |                                 |                                 |                                 |
|-5.479e-03  3.595e-02 -8.313e-02  9.848e-01 |                                 |                                 |                                 |
---------------------------------------------------------------------------------------------------------------------------------------------------
|                                            | 1.021e+00 -8.701e-02 -2.120e-02 |                                 |                                 |
|                                            | 9.862e-02  9.953e-01  3.365e-02 |                                 |                                 |
|                                            |-2.620e-02  1.583e-02 -1.010e+00 |                                 |                                 |
---------------------------------------------------------------------------------------------------------------------------------------------------
|                                            |                                 | 1.021e+00 -8.701e-02 -2.120e-02 |                                 |
|                                            |                                 | 9.862e-02  9.953e-01  3.365e-02 |                                 |
|                                            |                                 |-2.620e-02  1.583e-02 -1.010e+00 |                                 |
---------------------------------------------------------------------------------------------------------------------------------------------------
|                                            |                                 |                                 | 1.021e+00 -8.701e-02 -2.120e-02 |
|                                            |                                 |                                 | 9.862e-02  9.953e-01  3.365e-02 |
|                                            |                                 |                                 |-2.620e-02  1.583e-02 -1.010e+00 |
---------------------------------------------------------------------------------------------------------------------------------------------------



==> Runtime:	0 Days	0 Hours	0 Minutes	19.177317 Seconds


===> Writing output to file QM.out in SHARC Format

