2026-07-27 13:12:35.176146 midway3-0545.rcc.local /project/lgagliardi/helenclifford/practice_rcc/sharc4/methaniminium/tutorial_reproduction/init/ICOND_00002
  ============================================================================
||                                                                            ||
||                         SHARC - MOLCAS - Interface                         ||
||                                                                            ||
||       Authors: Sascha Mausenberger, Lorenz Grünewald, Sebastian Mai        ||
||                                                                            ||
||                                Version: 4.0                                ||
||                              Date: 29.08.2023                              ||
||                                                                            ||
  ============================================================================
SAVEDIR set to ./SAVE/
Scratchdir set to /scratch/midway3/helenclifford/sharc_scratch/methaniminium_tutorial/init/ICOND_00002
WARNING: 'no-douglas-kroll' not in template keywords: paddingstates, density_calculation_methods, tCI, basis, baslib, basis_per_element, basis_per_atom, nactel, ras1, ras2, ras3, inactive, roots, origin, origin_pos, isotope_elements, isotope_masses, method, functional, ipea, cort_or_dort, imaginary, frozen, gradaccudefault, gradaccumax, pcmset, pcmstate, iterations, cholesky_accu, rasscf_thrs, rasscf_levshift, rasscf_sxdamp, rasscf_noqune, rasscf_convergence_mults, rasscf_guess_jobiph, rasscf_guess_mult, rasscf_guess_step, mclr_iterations, mclr_cgs
WARNING: 'cholesky' not in template keywords: paddingstates, density_calculation_methods, tCI, basis, baslib, basis_per_element, basis_per_atom, nactel, ras1, ras2, ras3, inactive, roots, origin, origin_pos, isotope_elements, isotope_masses, method, functional, ipea, cort_or_dort, imaginary, frozen, gradaccudefault, gradaccumax, pcmset, pcmstate, iterations, cholesky_accu, rasscf_thrs, rasscf_levshift, rasscf_sxdamp, rasscf_noqune, rasscf_convergence_mults, rasscf_guess_jobiph, rasscf_guess_mult, rasscf_guess_step, mclr_iterations, mclr_cgs
paddingstates not specified setting default, [0, 0, 0]
Interface: 

Molecule: 
comment: Initial condition ICOND_00002/

natom: 6
elements: ['C', 'N', 'H', 'H', 'H', 'H']
unit: bohr
factor: 1.0
states: [4, 0, 3]
charge: [1, 0, 1]
nstates: 7
nmstates: 13
point_charges: False
npc: 0
Atomcharge: 17
frozcore: 2
Ubasis: [[      0.0       0.0]
 [      0.0       0.0]]
mol: None

Coords: 
coords: [[-0.00334112  0.00574853 -0.01151739]
 [-0.01076561 -0.02158241  2.518162]
 [ 1.862869  0.1285443  -0.64498]
 [ 1.761132 -0.02406323  3.427398]
 [-1.541193  0.2403457  3.647562]
 [-1.893444 -0.1133168 -1.082789]]
pccoords: None
pccharge: None
veloc: None

Save: 
savedir: /project/lgagliardi/helenclifford/practice_rcc/sharc4/methaniminium/tutorial_reproduction/init/ICOND_00002/SAVE
step: 1
previous_step: None
init: False
newstep: True
samestep: False
always_guess: False
always_orb_init: False
restart: False

Requests: 
h: True
soc: True
dm: True
mdeqm: False
grad: None
nacdr: None
overlap: True
phases: False
ion: False
socdr: False
dmdr: False
multipolar_fit: None
theodore: False
cleanup: False
retain: 5
molden: False
savestuff: False
nooverlap: False
mol: False
density_matrices: None
dyson_orbitals: None

Maps: 
statemap: {1: [1, 1, 0.0], 2: [1, 2, 0.0], 3: [1, 3, 0.0], 4: [1, 4, 0.0], 5: [3, 1, -1.0], 6: [3, 2, -1.0], 7: [3, 3, -1.0], 8: [3, 1, 0.0], 9: [3, 2, 0.0], 10: [3, 3, 0.0], 11: [3, 1, 1.0], 12: [3, 2, 1.0], 13: [3, 3, 1.0]}
mults: None
gsmap: None
gradmap: None
nacmap: None
densmap: None
ionmap: None
chargemap: {1: 1, 2: 0, 3: 1}
multmap: {0: (0, 0, 0), 1: (0, 0, 1), 2: (0, 0, 2), 3: (0, 0, 3), 4: (2, 1.0, 0), 5: (2, 0.0, 0), 6: (2, -1.0, 0), 7: (2, 1.0, 1), 8: (2, 0.0, 1), 9: (2, -1.0, 1), 10: (2, 1.0, 2), 11: (2, 0.0, 2), 12: (2, -1.0, 2)}

Resources: 
pwd: /project/lgagliardi/helenclifford/practice_rcc/sharc4/methaniminium/tutorial_reproduction/init/ICOND_00002
cwd: /project/lgagliardi/helenclifford/practice_rcc/sharc4/methaniminium/tutorial_reproduction/init/ICOND_00002
scratchdir: /scratch/midway3/helenclifford/sharc_scratch/methaniminium_tutorial/init/ICOND_00002
ncpu: 1
ngpu: None
memory: 500
delay: 0.0
theodir: None
theodore_prop: []
theodore_fragment: []
wfoverlap: /home/helenclifford/project-lgagliardi/practice_rcc/sharc4/bin/wfoverlap.x
wfthres: 0.998
wfnumocc: None
resp_shells: []
resp_vdw_radii_symbol: {}
resp_vdw_radii: []
resp_betas: [0.0005, 0.0015, 0.003]
resp_layers: 4
resp_first_layer: 1.4
resp_density: 10.0
resp_fit_order: 2
resp_mk_radii: True
resp_grid: lebedev
resp_target: zero
resp_block_size: 5000
resp_nuke_ram: False
molcas: /project/lgagliardi/shared/Apps/OpenMolcas/builds/parallel
mpi_parallel: False
dry_run: False
driver: /project/lgagliardi/shared/Apps/OpenMolcas/builds/parallel/pymolcas

Template: 
paddingstates: [0, 0, 0]
density_calculation_methods: []
tCI: 1e-07
basis: cc-pVDZ
baslib: None
basis_per_element: None
basis_per_atom: None
nactel: [7, 0, 0]
ras1: None
ras2: 4
ras3: None
inactive: 5
roots: [4, 0, 3]
origin: none
origin_pos: [0.0, 0.0, 0.0]
isotope_elements: []
isotope_masses: []
method: casscf
functional: t:pbe
ipea: 0.25
cort_or_dort: CORT
imaginary: 0.0
frozen: None
gradaccudefault: 0.0001
gradaccumax: 0.001
pcmset: None
pcmstate: None
iterations: [200, 100]
cholesky_accu: 0.0001
rasscf_thrs: [1e-08, 0.0001, 0.0001]
rasscf_levshift: None
rasscf_sxdamp: None
rasscf_noqune: False
rasscf_convergence_mults: []
rasscf_guess_jobiph: None
rasscf_guess_mult: 0
rasscf_guess_step: -1
mclr_iterations: 200
mclr_cgs: False

Scheduling: 

Control: 
jobid: None
workdir: None
master: False
gradonly: False
densonly: False
states_to_do: [4, 0, 3]
jobs: None
nslots_pool: []

Starting job execution
['gateway']
['seward']
['copy', '/project/lgagliardi/helenclifford/practice_rcc/sharc4/methaniminium/tutorial_reproduction/init/ICOND_00002/SAVE/MOLCAS.1.JobIph.0', 'JOBOLD']
['rasscf', 1, 4, True, False]
['copy', 'MOLCAS.rasscf.h5', 'MOLCAS.1.rasscf.h5']
['copy', 'MOLCAS.JobIph', 'MOLCAS.1.JobIph']
['copy', '/project/lgagliardi/helenclifford/practice_rcc/sharc4/methaniminium/tutorial_reproduction/init/ICOND_00002/SAVE/MOLCAS.3.JobIph.0', 'JOBOLD']
['rasscf', 3, 3, True, False]
['copy', 'MOLCAS.rasscf.h5', 'MOLCAS.3.rasscf.h5']
['copy', 'MOLCAS.JobIph', 'MOLCAS.3.JobIph']
['link', 'MOLCAS.1.JobIph', 'JOB001']
['rassi', 'dm', [4]]
['copy', 'MOLCAS.rassi.h5', 'MOLCAS.rassi.1.h5']
['link', 'MOLCAS.3.JobIph', 'JOB001']
['rassi', 'dm', [3]]
['copy', 'MOLCAS.rassi.h5', 'MOLCAS.rassi.3.h5']
['copy', '/project/lgagliardi/helenclifford/practice_rcc/sharc4/methaniminium/tutorial_reproduction/init/ICOND_00002/SAVE/MOLCAS.1.JobIph.0', 'JOB001']
['link', 'MOLCAS.1.JobIph', 'JOB002']
['rassi', 'overlap', [4, 4]]
['copy', 'MOLCAS.rassi.h5', 'MOLCAS.rassi.ovlp.1.h5']
['copy', '/project/lgagliardi/helenclifford/practice_rcc/sharc4/methaniminium/tutorial_reproduction/init/ICOND_00002/SAVE/MOLCAS.3.JobIph.0', 'JOB001']
['link', 'MOLCAS.3.JobIph', 'JOB002']
['rassi', 'overlap', [3, 3]]
['copy', 'MOLCAS.rassi.h5', 'MOLCAS.rassi.ovlp.3.h5']
['link', 'MOLCAS.1.JobIph', 'JOB001']
['link', 'MOLCAS.3.JobIph', 'JOB002']
['rassi', 'soc', [4, 3]]
All jobs finished:
job: master          code: 0    runtime: 0:00:17.475472

===> Results:

=> Hamiltonian Matrix:
Diagonal Shift:    -94.00
Real Part:
---------------------------------------------------------------------------------------------------------------------------------------------------
|-3.949e-01                                  |-1.286e-07 -1.363e-06  1.988e-06 |                                 |-1.286e-07 -1.363e-06  1.988e-06 |
|           -6.109e-02                       | 1.732e-06 -2.836e-06  3.005e-05 |                                 | 1.732e-06 -2.836e-06  3.005e-05 |
|                      -3.353e-02            |-2.309e-06 -5.885e-06 -1.596e-05 |                                 |-2.309e-06 -5.885e-06 -1.596e-05 |
|                                 -1.712e-03 | 7.382e-06  3.493e-05  2.566e-06 |                                 | 7.382e-06  3.493e-05  2.566e-06 |
---------------------------------------------------------------------------------------------------------------------------------------------------
|-1.286e-07  1.732e-06 -2.309e-06  7.382e-06 |-2.235e-01                       |-7.213e-23 -2.673e-06  7.234e-06 |                                 |
|-1.363e-06 -2.836e-06 -5.885e-06  3.493e-05 |           -7.606e-02            | 2.673e-06 -4.033e-21  3.555e-05 |                                 |
| 1.988e-06  3.005e-05 -1.596e-05  2.566e-06 |                      -3.594e-02 |-7.234e-06 -3.555e-05 -6.724e-22 |                                 |
---------------------------------------------------------------------------------------------------------------------------------------------------
|                                            | 7.213e-23  2.673e-06 -7.234e-06 |-2.235e-01                       |-7.213e-23 -2.673e-06  7.234e-06 |
|                                            |-2.673e-06  4.033e-21 -3.555e-05 |           -7.606e-02            | 2.673e-06 -4.033e-21  3.555e-05 |
|                                            | 7.234e-06  3.555e-05  6.724e-22 |                      -3.594e-02 |-7.234e-06 -3.555e-05 -6.724e-22 |
---------------------------------------------------------------------------------------------------------------------------------------------------
|-1.286e-07  1.732e-06 -2.309e-06  7.382e-06 |                                 | 7.213e-23  2.673e-06 -7.234e-06 |-2.235e-01                       |
|-1.363e-06 -2.836e-06 -5.885e-06  3.493e-05 |                                 |-2.673e-06  4.033e-21 -3.555e-05 |           -7.606e-02            |
| 1.988e-06  3.005e-05 -1.596e-05  2.566e-06 |                                 | 7.234e-06  3.555e-05  6.724e-22 |                      -3.594e-02 |
---------------------------------------------------------------------------------------------------------------------------------------------------

Imaginary Part:
---------------------------------------------------------------------------------------------------------------------------------------------------
|                                            |-2.118e-06  9.657e-06 -8.952e-05 | 6.581e-06  8.745e-05  7.829e-06 | 2.118e-06 -9.657e-06  8.952e-05 |
|                                            |-9.179e-07  9.104e-08 -1.239e-05 |-8.596e-06  7.386e-06 -1.644e-06 | 9.179e-07 -9.104e-08  1.239e-05 |
|                                            | 9.436e-06 -2.647e-07 -1.779e-05 | 1.520e-06  8.700e-06 -3.658e-06 |-9.436e-06  2.647e-07  1.779e-05 |
|                                            |-5.154e-05  3.898e-06 -1.326e-06 |-1.442e-05  2.469e-06 -1.403e-08 | 5.154e-05 -3.898e-06  1.326e-06 |
---------------------------------------------------------------------------------------------------------------------------------------------------
| 2.118e-06  9.179e-07 -9.436e-06  5.154e-05 |            1.451e-05 -4.996e-06 |-1.133e-22 -2.959e-06  4.800e-05 |                                 |
|-9.657e-06 -9.104e-08  2.647e-07 -3.898e-06 |-1.451e-05             1.390e-06 | 2.959e-06 -1.906e-22 -3.822e-06 |                                 |
| 8.952e-05  1.239e-05  1.779e-05  1.326e-06 | 4.996e-06 -1.390e-06            |-4.800e-05  3.822e-06 -5.570e-22 |                                 |
---------------------------------------------------------------------------------------------------------------------------------------------------
|-6.581e-06  8.596e-06 -1.520e-06  1.442e-05 |-1.133e-22 -2.959e-06  4.800e-05 |                                 |-1.133e-22 -2.959e-06  4.800e-05 |
|-8.745e-05 -7.386e-06 -8.700e-06 -2.469e-06 | 2.959e-06 -1.906e-22 -3.822e-06 |                                 | 2.959e-06 -1.906e-22 -3.822e-06 |
|-7.829e-06  1.644e-06  3.658e-06  1.403e-08 |-4.800e-05  3.822e-06 -5.570e-22 |                                 |-4.800e-05  3.822e-06 -5.570e-22 |
---------------------------------------------------------------------------------------------------------------------------------------------------
|-2.118e-06 -9.179e-07  9.436e-06 -5.154e-05 |                                 |-1.133e-22 -2.959e-06  4.800e-05 |           -1.451e-05  4.996e-06 |
| 9.657e-06  9.104e-08 -2.647e-07  3.898e-06 |                                 | 2.959e-06 -1.906e-22 -3.822e-06 | 1.451e-05            -1.390e-06 |
|-8.952e-05 -1.239e-05 -1.779e-05 -1.326e-06 |                                 |-4.800e-05  3.822e-06 -5.570e-22 |-4.996e-06  1.390e-06            |
---------------------------------------------------------------------------------------------------------------------------------------------------


=> Dipole Moment Matrices:

Polarisation X:
Real Part:
---------------------------------------------------------------------------------------------------------------------------------------------------
| 8.391e-03 -4.299e-04 -5.064e-03 -3.723e-02 |                                 |                                 |                                 |
|-4.299e-04 -1.909e-02  7.704e-02 -2.597e-01 |                                 |                                 |                                 |
|-5.064e-03  7.704e-02 -7.965e-02  1.821e-01 |                                 |                                 |                                 |
|-3.723e-02 -2.597e-01  1.821e-01  1.633e-01 |                                 |                                 |                                 |
---------------------------------------------------------------------------------------------------------------------------------------------------
|                                            | 1.494e-02 -1.854e-04  4.498e-02 |                                 |                                 |
|                                            |-1.854e-04 -1.152e-01  4.041e-01 |                                 |                                 |
|                                            | 4.498e-02  4.041e-01  1.265e-01 |                                 |                                 |
---------------------------------------------------------------------------------------------------------------------------------------------------
|                                            |                                 | 1.494e-02 -1.854e-04  4.498e-02 |                                 |
|                                            |                                 |-1.854e-04 -1.152e-01  4.041e-01 |                                 |
|                                            |                                 | 4.498e-02  4.041e-01  1.265e-01 |                                 |
---------------------------------------------------------------------------------------------------------------------------------------------------
|                                            |                                 |                                 | 1.494e-02 -1.854e-04  4.498e-02 |
|                                            |                                 |                                 |-1.854e-04 -1.152e-01  4.041e-01 |
|                                            |                                 |                                 | 4.498e-02  4.041e-01  1.265e-01 |
---------------------------------------------------------------------------------------------------------------------------------------------------

Polarisation Y:
Real Part:
---------------------------------------------------------------------------------------------------------------------------------------------------
| 7.647e-02 -5.893e-02  1.800e-02 -1.703e-01 |                                 |                                 |                                 |
|-5.893e-02  1.215e-01  5.810e-03  7.089e-03 |                                 |                                 |                                 |
| 1.800e-02  5.810e-03  5.016e-02  5.098e-02 |                                 |                                 |                                 |
|-1.703e-01  7.089e-03  5.098e-02  1.302e-01 |                                 |                                 |                                 |
---------------------------------------------------------------------------------------------------------------------------------------------------
|                                            | 5.509e-02  3.337e-02 -1.734e-02 |                                 |                                 |
|                                            | 3.337e-02  8.968e-02  4.110e-02 |                                 |                                 |
|                                            |-1.734e-02  4.110e-02  1.221e-01 |                                 |                                 |
---------------------------------------------------------------------------------------------------------------------------------------------------
|                                            |                                 | 5.509e-02  3.337e-02 -1.734e-02 |                                 |
|                                            |                                 | 3.337e-02  8.968e-02  4.110e-02 |                                 |
|                                            |                                 |-1.734e-02  4.110e-02  1.221e-01 |                                 |
---------------------------------------------------------------------------------------------------------------------------------------------------
|                                            |                                 |                                 | 5.509e-02  3.337e-02 -1.734e-02 |
|                                            |                                 |                                 | 3.337e-02  8.968e-02  4.110e-02 |
|                                            |                                 |                                 |-1.734e-02  4.110e-02  1.221e-01 |
---------------------------------------------------------------------------------------------------------------------------------------------------

Polarisation Z:
Real Part:
---------------------------------------------------------------------------------------------------------------------------------------------------
| 2.408e-01  7.785e-01  1.156e+00  2.091e-01 |                                 |                                 |                                 |
| 7.785e-01 -2.502e-01  1.249e-01  1.763e-02 |                                 |                                 |                                 |
| 1.156e+00  1.249e-01 -1.332e-01 -4.879e-02 |                                 |                                 |                                 |
| 2.091e-01  1.763e-02 -4.879e-02  2.574e-01 |                                 |                                 |                                 |
---------------------------------------------------------------------------------------------------------------------------------------------------
|                                            | 1.158e+00 -1.202e-01 -3.347e-02 |                                 |                                 |
|                                            |-1.202e-01 -3.666e-01  2.828e-02 |                                 |                                 |
|                                            |-3.347e-02  2.828e-02  5.757e-02 |                                 |                                 |
---------------------------------------------------------------------------------------------------------------------------------------------------
|                                            |                                 | 1.158e+00 -1.202e-01 -3.347e-02 |                                 |
|                                            |                                 |-1.202e-01 -3.666e-01  2.828e-02 |                                 |
|                                            |                                 |-3.347e-02  2.828e-02  5.757e-02 |                                 |
---------------------------------------------------------------------------------------------------------------------------------------------------
|                                            |                                 |                                 | 1.158e+00 -1.202e-01 -3.347e-02 |
|                                            |                                 |                                 |-1.202e-01 -3.666e-01  2.828e-02 |
|                                            |                                 |                                 |-3.347e-02  2.828e-02  5.757e-02 |
---------------------------------------------------------------------------------------------------------------------------------------------------


=> Overlap matrix:

Real Part:
---------------------------------------------------------------------------------------------------------------------------------------------------
| 9.223e-01  7.422e-03 -1.272e-02  2.483e-03 |                                 |                                 |                                 |
|-3.026e-02  7.635e-01 -5.064e-01 -1.435e-01 |                                 |                                 |                                 |
| 2.175e-03  5.535e-01  7.658e-01  1.344e-01 |                                 |                                 |                                 |
|-1.073e-02  3.126e-02 -2.056e-01  9.186e-01 |                                 |                                 |                                 |
---------------------------------------------------------------------------------------------------------------------------------------------------
|                                            | 9.445e-01 -8.775e-02 -3.792e-02 |                                 |                                 |
|                                            | 1.114e-01  9.135e-01  1.162e-01 |                                 |                                 |
|                                            |-3.641e-02  1.233e-01 -9.378e-01 |                                 |                                 |
---------------------------------------------------------------------------------------------------------------------------------------------------
|                                            |                                 | 9.445e-01 -8.775e-02 -3.792e-02 |                                 |
|                                            |                                 | 1.114e-01  9.135e-01  1.162e-01 |                                 |
|                                            |                                 |-3.641e-02  1.233e-01 -9.378e-01 |                                 |
---------------------------------------------------------------------------------------------------------------------------------------------------
|                                            |                                 |                                 | 9.445e-01 -8.775e-02 -3.792e-02 |
|                                            |                                 |                                 | 1.114e-01  9.135e-01  1.162e-01 |
|                                            |                                 |                                 |-3.641e-02  1.233e-01 -9.378e-01 |
---------------------------------------------------------------------------------------------------------------------------------------------------



==> Runtime:	0 Days	0 Hours	0 Minutes	18.726600 Seconds


===> Writing output to file QM.out in SHARC Format

