2026-07-22 14:19:49.857100 midway3-0561.rcc.local /project/lgagliardi/helenclifford/practice_rcc/sharc4/methaniminium/init_vertical/ICOND_00006
  ============================================================================
||                                                                            ||
||                         SHARC - MOLCAS - Interface                         ||
||                                                                            ||
||       Authors: Sascha Mausenberger, Lorenz Grünewald, Sebastian Mai        ||
||                                                                            ||
||                                Version: 4.0                                ||
||                              Date: 29.08.2023                              ||
||                                                                            ||
  ============================================================================
SAVEDIR set to ./SAVE/
Found env variable ncpu=1, resources["ncpu"] set to 1
Scratchdir set to /scratch/midway3/helenclifford/sharc_scratch/methaniminium/init_vertical/ICOND_00006
WARNING: 'no-douglas-kroll' not in template keywords: paddingstates, density_calculation_methods, tCI, basis, baslib, basis_per_element, basis_per_atom, nactel, ras1, ras2, ras3, inactive, roots, origin, origin_pos, isotope_elements, isotope_masses, method, functional, ipea, cort_or_dort, imaginary, frozen, gradaccudefault, gradaccumax, pcmset, pcmstate, iterations, cholesky_accu, rasscf_thrs
WARNING: 'cholesky' not in template keywords: paddingstates, density_calculation_methods, tCI, basis, baslib, basis_per_element, basis_per_atom, nactel, ras1, ras2, ras3, inactive, roots, origin, origin_pos, isotope_elements, isotope_masses, method, functional, ipea, cort_or_dort, imaginary, frozen, gradaccudefault, gradaccumax, pcmset, pcmstate, iterations, cholesky_accu, rasscf_thrs
paddingstates not specified setting default, [0, 0, 0]
Interface: 

Molecule: 
comment: Initial condition ICOND_00006/

natom: 6
elements: ['C', 'N', 'H', 'H', 'H', 'H']
unit: bohr
factor: 1.0
states: [4, 0, 3]
charge: [1, 1, 1]
nstates: 7
nmstates: 13
point_charges: False
npc: 0
Atomcharge: 17
frozcore: 2
Ubasis: [[      0.0       0.0]
 [      0.0       0.0]]
mol: None

Coords: 
coords: [[-0.04543296  0.0045021  0.04973091]
 [ 0.00134918  0.01352014  2.498653]
 [ 1.910273 -0.0680961 -0.8503994]
 [ 1.683221 -0.05033076  3.477859]
 [  -1.4331 -0.1071675  3.335315]
 [-1.638177 -0.01586506 -1.076907]]
pccoords: None
pccharge: None
veloc: None

Save: 
savedir: /project/lgagliardi/helenclifford/practice_rcc/sharc4/methaniminium/init_vertical/ICOND_00006/SAVE
step: 1
previous_step: None
init: False
newstep: True
samestep: False
always_guess: False
always_orb_init: False
restart: False

Requests: 
h: True
soc: True
dm: True
mdeqm: False
grad: None
nacdr: None
overlap: True
phases: False
ion: False
socdr: False
dmdr: False
multipolar_fit: None
theodore: False
cleanup: False
retain: 5
molden: False
savestuff: False
nooverlap: False
mol: False
density_matrices: None
dyson_orbitals: None

Maps: 
statemap: {1: [1, 1, 0.0], 2: [1, 2, 0.0], 3: [1, 3, 0.0], 4: [1, 4, 0.0], 5: [3, 1, -1.0], 6: [3, 2, -1.0], 7: [3, 3, -1.0], 8: [3, 1, 0.0], 9: [3, 2, 0.0], 10: [3, 3, 0.0], 11: [3, 1, 1.0], 12: [3, 2, 1.0], 13: [3, 3, 1.0]}
mults: None
gsmap: None
gradmap: None
nacmap: None
densmap: None
ionmap: None
chargemap: {1: 1, 2: 1, 3: 1}
multmap: {0: (0, 0, 0), 1: (0, 0, 1), 2: (0, 0, 2), 3: (0, 0, 3), 4: (2, 1.0, 0), 5: (2, 0.0, 0), 6: (2, -1.0, 0), 7: (2, 1.0, 1), 8: (2, 0.0, 1), 9: (2, -1.0, 1), 10: (2, 1.0, 2), 11: (2, 0.0, 2), 12: (2, -1.0, 2)}

Resources: 
pwd: /project/lgagliardi/helenclifford/practice_rcc/sharc4/methaniminium/init_vertical/ICOND_00006
cwd: /project/lgagliardi/helenclifford/practice_rcc/sharc4/methaniminium/init_vertical/ICOND_00006
scratchdir: /scratch/midway3/helenclifford/sharc_scratch/methaniminium/init_vertical/ICOND_00006
ncpu: 1
ngpu: None
memory: 2000
delay: 0.0
theodir: None
theodore_prop: []
theodore_fragment: []
wfoverlap: /home/helenclifford/project-lgagliardi/practice_rcc/sharc4/bin/wfoverlap.x
wfthres: 0.998
wfnumocc: None
resp_shells: []
resp_vdw_radii_symbol: {}
resp_vdw_radii: []
resp_betas: [0.0005, 0.0015, 0.003]
resp_layers: 4
resp_first_layer: 1.4
resp_density: 10.0
resp_fit_order: 2
resp_mk_radii: True
resp_grid: lebedev
resp_target: zero
resp_block_size: 5000
resp_nuke_ram: False
molcas: /project/lgagliardi/shared/Apps/OpenMolcas/builds/parallel
mpi_parallel: False
dry_run: False
driver: /project/lgagliardi/shared/Apps/OpenMolcas/builds/parallel/pymolcas

Template: 
paddingstates: [0, 0, 0]
density_calculation_methods: []
tCI: 1e-07
basis: 6-31g
baslib: None
basis_per_element: None
basis_per_atom: None
nactel: [7, 0, 0]
ras1: None
ras2: 4
ras3: None
inactive: 5
roots: [4, 0, 3]
origin: none
origin_pos: [0.0, 0.0, 0.0]
isotope_elements: []
isotope_masses: []
method: casscf
functional: t:pbe
ipea: 0.25
cort_or_dort: CORT
imaginary: 0.0
frozen: None
gradaccudefault: 0.0001
gradaccumax: 0.001
pcmset: None
pcmstate: None
iterations: [200, 100]
cholesky_accu: 0.0001
rasscf_thrs: [1e-08, 0.0001, 0.0001]

Scheduling: 

Control: 
jobid: None
workdir: None
master: False
gradonly: False
densonly: False
states_to_do: [4, 0, 3]
jobs: None
nslots_pool: []

Starting job execution
['gateway']
['seward']
['copy', '/project/lgagliardi/helenclifford/practice_rcc/sharc4/methaniminium/init_vertical/ICOND_00006/SAVE/MOLCAS.1.JobIph.0', 'JOBOLD']
['rasscf', 1, 4, True, False]
['copy', 'MOLCAS.rasscf.h5', 'MOLCAS.1.rasscf.h5']
['copy', 'MOLCAS.JobIph', 'MOLCAS.1.JobIph']
['copy', '/project/lgagliardi/helenclifford/practice_rcc/sharc4/methaniminium/init_vertical/ICOND_00006/SAVE/MOLCAS.3.JobIph.0', 'JOBOLD']
['rasscf', 3, 3, True, False]
['copy', 'MOLCAS.rasscf.h5', 'MOLCAS.3.rasscf.h5']
['copy', 'MOLCAS.JobIph', 'MOLCAS.3.JobIph']
['link', 'MOLCAS.1.JobIph', 'JOB001']
['rassi', 'dm', [4]]
['copy', 'MOLCAS.rassi.h5', 'MOLCAS.rassi.1.h5']
['link', 'MOLCAS.3.JobIph', 'JOB001']
['rassi', 'dm', [3]]
['copy', 'MOLCAS.rassi.h5', 'MOLCAS.rassi.3.h5']
['copy', '/project/lgagliardi/helenclifford/practice_rcc/sharc4/methaniminium/init_vertical/ICOND_00006/SAVE/MOLCAS.1.JobIph.0', 'JOB001']
['link', 'MOLCAS.1.JobIph', 'JOB002']
['rassi', 'overlap', [4, 4]]
['copy', 'MOLCAS.rassi.h5', 'MOLCAS.rassi.ovlp.1.h5']
['copy', '/project/lgagliardi/helenclifford/practice_rcc/sharc4/methaniminium/init_vertical/ICOND_00006/SAVE/MOLCAS.3.JobIph.0', 'JOB001']
['link', 'MOLCAS.3.JobIph', 'JOB002']
['rassi', 'overlap', [3, 3]]
['copy', 'MOLCAS.rassi.h5', 'MOLCAS.rassi.ovlp.3.h5']
['link', 'MOLCAS.1.JobIph', 'JOB001']
['link', 'MOLCAS.3.JobIph', 'JOB002']
['rassi', 'soc', [4, 3]]
All jobs finished:
job: master          code: 0    runtime: 0:00:13.663874

===> Results:

=> Hamiltonian Matrix:
Diagonal Shift:    -94.00
Real Part:
---------------------------------------------------------------------------------------------------------------------------------------------------
|-3.437e-01                                  | 2.575e-10  8.430e-08  7.762e-07 |                                 | 2.575e-10  8.430e-08  7.762e-07 |
|           -9.219e-03                       |-1.118e-06  9.708e-07 -3.110e-05 |                                 |-1.118e-06  9.708e-07 -3.110e-05 |
|                       3.862e-02            |-2.128e-07  2.229e-06 -8.397e-07 |                                 |-2.128e-07  2.229e-06 -8.397e-07 |
|                                  8.973e-02 |-2.847e-06  3.231e-05 -2.693e-07 |                                 |-2.847e-06  3.231e-05 -2.693e-07 |
---------------------------------------------------------------------------------------------------------------------------------------------------
| 2.575e-10 -1.118e-06 -2.128e-07 -2.847e-06 |-1.485e-01                       | 1.372e-23  1.099e-06  2.760e-06 |                                 |
| 8.430e-08  9.708e-07  2.229e-06  3.231e-05 |           -3.196e-02            |-1.099e-06  4.034e-22 -3.212e-05 |                                 |
| 7.762e-07 -3.110e-05 -8.397e-07 -2.693e-07 |                       5.748e-02 |-2.760e-06  3.212e-05 -2.222e-21 |                                 |
---------------------------------------------------------------------------------------------------------------------------------------------------
|                                            |-1.372e-23 -1.099e-06 -2.760e-06 |-1.485e-01                       | 1.372e-23  1.099e-06  2.760e-06 |
|                                            | 1.099e-06 -4.034e-22  3.212e-05 |           -3.196e-02            |-1.099e-06  4.034e-22 -3.212e-05 |
|                                            | 2.760e-06 -3.212e-05  2.222e-21 |                       5.748e-02 |-2.760e-06  3.212e-05 -2.222e-21 |
---------------------------------------------------------------------------------------------------------------------------------------------------
| 2.575e-10 -1.118e-06 -2.128e-07 -2.847e-06 |                                 |-1.372e-23 -1.099e-06 -2.760e-06 |-1.485e-01                       |
| 8.430e-08  9.708e-07  2.229e-06  3.231e-05 |                                 | 1.099e-06 -4.034e-22  3.212e-05 |           -3.196e-02            |
| 7.762e-07 -3.110e-05 -8.397e-07 -2.693e-07 |                                 | 2.760e-06 -3.212e-05  2.222e-21 |                       5.748e-02 |
---------------------------------------------------------------------------------------------------------------------------------------------------

Imaginary Part:
---------------------------------------------------------------------------------------------------------------------------------------------------
|                                            | 2.101e-06 -1.458e-05  8.056e-05 |-2.571e-06  7.524e-05  2.446e-05 |-2.101e-06  1.458e-05 -8.056e-05 |
|                                            | 4.901e-06  6.089e-07 -1.552e-06 |-1.964e-06 -5.032e-07 -6.668e-07 |-4.901e-06 -6.089e-07  1.552e-06 |
|                                            |-2.181e-06 -5.348e-06  1.998e-05 | 7.501e-07  6.113e-06  9.138e-06 | 2.181e-06  5.348e-06 -1.998e-05 |
|                                            |-4.757e-05 -1.358e-06 -4.554e-07 |-2.069e-05 -1.282e-06 -8.021e-08 | 4.757e-05  1.358e-06  4.554e-07 |
---------------------------------------------------------------------------------------------------------------------------------------------------
|-2.101e-06 -4.901e-06  2.181e-06  4.757e-05 |            4.638e-06  1.499e-05 |-3.767e-22  6.470e-06 -4.343e-05 |                                 |
| 1.458e-05 -6.089e-07  5.348e-06  1.358e-06 |-4.638e-06             6.950e-07 |-6.470e-06 -2.678e-22 -1.439e-06 |                                 |
|-8.056e-05  1.552e-06 -1.998e-05  4.554e-07 |-1.499e-05 -6.950e-07            | 4.343e-05  1.439e-06  8.952e-23 |                                 |
---------------------------------------------------------------------------------------------------------------------------------------------------
| 2.571e-06  1.964e-06 -7.501e-07  2.069e-05 |-3.767e-22  6.470e-06 -4.343e-05 |                                 |-3.767e-22  6.470e-06 -4.343e-05 |
|-7.524e-05  5.032e-07 -6.113e-06  1.282e-06 |-6.470e-06 -2.678e-22 -1.439e-06 |                                 |-6.470e-06 -2.678e-22 -1.439e-06 |
|-2.446e-05  6.668e-07 -9.138e-06  8.021e-08 | 4.343e-05  1.439e-06  8.952e-23 |                                 | 4.343e-05  1.439e-06  8.952e-23 |
---------------------------------------------------------------------------------------------------------------------------------------------------
| 2.101e-06  4.901e-06 -2.181e-06 -4.757e-05 |                                 |-3.767e-22  6.470e-06 -4.343e-05 |           -4.638e-06 -1.499e-05 |
|-1.458e-05  6.089e-07 -5.348e-06 -1.358e-06 |                                 |-6.470e-06 -2.678e-22 -1.439e-06 | 4.638e-06            -6.950e-07 |
| 8.056e-05 -1.552e-06  1.998e-05 -4.554e-07 |                                 | 4.343e-05  1.439e-06  8.952e-23 | 1.499e-05  6.950e-07            |
---------------------------------------------------------------------------------------------------------------------------------------------------


=> Dipole Moment Matrices:

Polarisation X:
Real Part:
---------------------------------------------------------------------------------------------------------------------------------------------------
| 7.171e-02 -1.202e-02  2.489e-02  4.439e-03 |                                 |                                 |                                 |
|-1.202e-02  4.634e-01  2.010e-02 -3.059e-01 |                                 |                                 |                                 |
| 2.489e-02  2.010e-02  6.648e-02 -2.623e-02 |                                 |                                 |                                 |
| 4.439e-03 -3.059e-01 -2.623e-02  1.137e-01 |                                 |                                 |                                 |
---------------------------------------------------------------------------------------------------------------------------------------------------
|                                            | 7.675e-02 -2.331e-02  1.402e-02 |                                 |                                 |
|                                            |-2.331e-02  5.210e-01 -3.713e-01 |                                 |                                 |
|                                            | 1.402e-02 -3.713e-01  5.280e-03 |                                 |                                 |
---------------------------------------------------------------------------------------------------------------------------------------------------
|                                            |                                 | 7.675e-02 -2.331e-02  1.402e-02 |                                 |
|                                            |                                 |-2.331e-02  5.210e-01 -3.713e-01 |                                 |
|                                            |                                 | 1.402e-02 -3.713e-01  5.280e-03 |                                 |
---------------------------------------------------------------------------------------------------------------------------------------------------
|                                            |                                 |                                 | 7.675e-02 -2.331e-02  1.402e-02 |
|                                            |                                 |                                 |-2.331e-02  5.210e-01 -3.713e-01 |
|                                            |                                 |                                 | 1.402e-02 -3.713e-01  5.280e-03 |
---------------------------------------------------------------------------------------------------------------------------------------------------

Polarisation Y:
Real Part:
---------------------------------------------------------------------------------------------------------------------------------------------------
|-8.136e-02  1.014e-01  2.407e-02 -1.305e-01 |                                 |                                 |                                 |
| 1.014e-01 -1.402e-01 -1.044e-02 -3.255e-03 |                                 |                                 |                                 |
| 2.407e-02 -1.044e-02 -9.530e-02  7.847e-02 |                                 |                                 |                                 |
|-1.305e-01 -3.255e-03  7.847e-02 -1.411e-01 |                                 |                                 |                                 |
---------------------------------------------------------------------------------------------------------------------------------------------------
|                                            |-7.139e-02 -1.732e-02  5.427e-02 |                                 |                                 |
|                                            |-1.732e-02 -1.430e-01  7.780e-03 |                                 |                                 |
|                                            | 5.427e-02  7.780e-03 -1.313e-01 |                                 |                                 |
---------------------------------------------------------------------------------------------------------------------------------------------------
|                                            |                                 |-7.139e-02 -1.732e-02  5.427e-02 |                                 |
|                                            |                                 |-1.732e-02 -1.430e-01  7.780e-03 |                                 |
|                                            |                                 | 5.427e-02  7.780e-03 -1.313e-01 |                                 |
---------------------------------------------------------------------------------------------------------------------------------------------------
|                                            |                                 |                                 |-7.139e-02 -1.732e-02  5.427e-02 |
|                                            |                                 |                                 |-1.732e-02 -1.430e-01  7.780e-03 |
|                                            |                                 |                                 | 5.427e-02  7.780e-03 -1.313e-01 |
---------------------------------------------------------------------------------------------------------------------------------------------------

Polarisation Z:
Real Part:
---------------------------------------------------------------------------------------------------------------------------------------------------
| 1.629e-01 -1.081e-01  1.402e+00 -6.944e-02 |                                 |                                 |                                 |
|-1.081e-01 -5.309e-01 -2.260e-02  4.555e-02 |                                 |                                 |                                 |
| 1.402e+00 -2.260e-02 -1.587e-01  1.794e-02 |                                 |                                 |                                 |
|-6.944e-02  4.555e-02  1.794e-02  1.897e-01 |                                 |                                 |                                 |
---------------------------------------------------------------------------------------------------------------------------------------------------
|                                            | 1.094e+00  6.101e-02 -1.629e-02 |                                 |                                 |
|                                            | 6.101e-02 -6.017e-01  3.972e-02 |                                 |                                 |
|                                            |-1.629e-02  3.972e-02 -1.956e-02 |                                 |                                 |
---------------------------------------------------------------------------------------------------------------------------------------------------
|                                            |                                 | 1.094e+00  6.101e-02 -1.629e-02 |                                 |
|                                            |                                 | 6.101e-02 -6.017e-01  3.972e-02 |                                 |
|                                            |                                 |-1.629e-02  3.972e-02 -1.956e-02 |                                 |
---------------------------------------------------------------------------------------------------------------------------------------------------
|                                            |                                 |                                 | 1.094e+00  6.101e-02 -1.629e-02 |
|                                            |                                 |                                 | 6.101e-02 -6.017e-01  3.972e-02 |
|                                            |                                 |                                 |-1.629e-02  3.972e-02 -1.956e-02 |
---------------------------------------------------------------------------------------------------------------------------------------------------


=> Overlap matrix:

Real Part:
---------------------------------------------------------------------------------------------------------------------------------------------------
| 1.006e+00 -3.014e-03  4.604e-03 -2.729e-03 |                                 |                                 |                                 |
| 3.397e-03  9.950e-01  8.495e-02  1.436e-01 |                                 |                                 |                                 |
|-6.472e-03 -8.330e-02  1.011e+00 -6.086e-02 |                                 |                                 |                                 |
| 3.063e-03 -1.644e-01  6.042e-02  9.775e-01 |                                 |                                 |                                 |
---------------------------------------------------------------------------------------------------------------------------------------------------
|                                            | 1.012e+00  4.304e-02 -2.577e-02 |                                 |                                 |
|                                            |-4.311e-02  9.882e-01  1.962e-01 |                                 |                                 |
|                                            | 4.457e-02 -2.120e-01  9.796e-01 |                                 |                                 |
---------------------------------------------------------------------------------------------------------------------------------------------------
|                                            |                                 | 1.012e+00  4.304e-02 -2.577e-02 |                                 |
|                                            |                                 |-4.311e-02  9.882e-01  1.962e-01 |                                 |
|                                            |                                 | 4.457e-02 -2.120e-01  9.796e-01 |                                 |
---------------------------------------------------------------------------------------------------------------------------------------------------
|                                            |                                 |                                 | 1.012e+00  4.304e-02 -2.577e-02 |
|                                            |                                 |                                 |-4.311e-02  9.882e-01  1.962e-01 |
|                                            |                                 |                                 | 4.457e-02 -2.120e-01  9.796e-01 |
---------------------------------------------------------------------------------------------------------------------------------------------------



==> Runtime:	0 Days	0 Hours	0 Minutes	18.430629 Seconds


===> Writing output to file QM.out in SHARC Format

