2026-07-22 14:19:49.857380 midway3-0561.rcc.local /project/lgagliardi/helenclifford/practice_rcc/sharc4/methaniminium/init_vertical/ICOND_00005
  ============================================================================
||                                                                            ||
||                         SHARC - MOLCAS - Interface                         ||
||                                                                            ||
||       Authors: Sascha Mausenberger, Lorenz Grünewald, Sebastian Mai        ||
||                                                                            ||
||                                Version: 4.0                                ||
||                              Date: 29.08.2023                              ||
||                                                                            ||
  ============================================================================
SAVEDIR set to ./SAVE/
Found env variable ncpu=1, resources["ncpu"] set to 1
Scratchdir set to /scratch/midway3/helenclifford/sharc_scratch/methaniminium/init_vertical/ICOND_00005
WARNING: 'no-douglas-kroll' not in template keywords: paddingstates, density_calculation_methods, tCI, basis, baslib, basis_per_element, basis_per_atom, nactel, ras1, ras2, ras3, inactive, roots, origin, origin_pos, isotope_elements, isotope_masses, method, functional, ipea, cort_or_dort, imaginary, frozen, gradaccudefault, gradaccumax, pcmset, pcmstate, iterations, cholesky_accu, rasscf_thrs
WARNING: 'cholesky' not in template keywords: paddingstates, density_calculation_methods, tCI, basis, baslib, basis_per_element, basis_per_atom, nactel, ras1, ras2, ras3, inactive, roots, origin, origin_pos, isotope_elements, isotope_masses, method, functional, ipea, cort_or_dort, imaginary, frozen, gradaccudefault, gradaccumax, pcmset, pcmstate, iterations, cholesky_accu, rasscf_thrs
paddingstates not specified setting default, [0, 0, 0]
Interface: 

Molecule: 
comment: Initial condition ICOND_00005/

natom: 6
elements: ['C', 'N', 'H', 'H', 'H', 'H']
unit: bohr
factor: 1.0
states: [4, 0, 3]
charge: [1, 1, 1]
nstates: 7
nmstates: 13
point_charges: False
npc: 0
Atomcharge: 17
frozcore: 2
Ubasis: [[      0.0       0.0]
 [      0.0       0.0]]
mol: None

Coords: 
coords: [[-0.00039723 -0.06037144 -0.00717789]
 [ 0.03540153  0.07552119  2.525161]
 [ 1.730176  0.01926741 -1.015081]
 [ 1.270494 -0.1722499  3.698771]
 [-1.593164 -0.474837  3.343542]
 [-1.894658  0.297334 -0.8320764]]
pccoords: None
pccharge: None
veloc: None

Save: 
savedir: /project/lgagliardi/helenclifford/practice_rcc/sharc4/methaniminium/init_vertical/ICOND_00005/SAVE
step: 1
previous_step: None
init: False
newstep: True
samestep: False
always_guess: False
always_orb_init: False
restart: False

Requests: 
h: True
soc: True
dm: True
mdeqm: False
grad: None
nacdr: None
overlap: True
phases: False
ion: False
socdr: False
dmdr: False
multipolar_fit: None
theodore: False
cleanup: False
retain: 5
molden: False
savestuff: False
nooverlap: False
mol: False
density_matrices: None
dyson_orbitals: None

Maps: 
statemap: {1: [1, 1, 0.0], 2: [1, 2, 0.0], 3: [1, 3, 0.0], 4: [1, 4, 0.0], 5: [3, 1, -1.0], 6: [3, 2, -1.0], 7: [3, 3, -1.0], 8: [3, 1, 0.0], 9: [3, 2, 0.0], 10: [3, 3, 0.0], 11: [3, 1, 1.0], 12: [3, 2, 1.0], 13: [3, 3, 1.0]}
mults: None
gsmap: None
gradmap: None
nacmap: None
densmap: None
ionmap: None
chargemap: {1: 1, 2: 1, 3: 1}
multmap: {0: (0, 0, 0), 1: (0, 0, 1), 2: (0, 0, 2), 3: (0, 0, 3), 4: (2, 1.0, 0), 5: (2, 0.0, 0), 6: (2, -1.0, 0), 7: (2, 1.0, 1), 8: (2, 0.0, 1), 9: (2, -1.0, 1), 10: (2, 1.0, 2), 11: (2, 0.0, 2), 12: (2, -1.0, 2)}

Resources: 
pwd: /project/lgagliardi/helenclifford/practice_rcc/sharc4/methaniminium/init_vertical/ICOND_00005
cwd: /project/lgagliardi/helenclifford/practice_rcc/sharc4/methaniminium/init_vertical/ICOND_00005
scratchdir: /scratch/midway3/helenclifford/sharc_scratch/methaniminium/init_vertical/ICOND_00005
ncpu: 1
ngpu: None
memory: 2000
delay: 0.0
theodir: None
theodore_prop: []
theodore_fragment: []
wfoverlap: /home/helenclifford/project-lgagliardi/practice_rcc/sharc4/bin/wfoverlap.x
wfthres: 0.998
wfnumocc: None
resp_shells: []
resp_vdw_radii_symbol: {}
resp_vdw_radii: []
resp_betas: [0.0005, 0.0015, 0.003]
resp_layers: 4
resp_first_layer: 1.4
resp_density: 10.0
resp_fit_order: 2
resp_mk_radii: True
resp_grid: lebedev
resp_target: zero
resp_block_size: 5000
resp_nuke_ram: False
molcas: /project/lgagliardi/shared/Apps/OpenMolcas/builds/parallel
mpi_parallel: False
dry_run: False
driver: /project/lgagliardi/shared/Apps/OpenMolcas/builds/parallel/pymolcas

Template: 
paddingstates: [0, 0, 0]
density_calculation_methods: []
tCI: 1e-07
basis: 6-31g
baslib: None
basis_per_element: None
basis_per_atom: None
nactel: [7, 0, 0]
ras1: None
ras2: 4
ras3: None
inactive: 5
roots: [4, 0, 3]
origin: none
origin_pos: [0.0, 0.0, 0.0]
isotope_elements: []
isotope_masses: []
method: casscf
functional: t:pbe
ipea: 0.25
cort_or_dort: CORT
imaginary: 0.0
frozen: None
gradaccudefault: 0.0001
gradaccumax: 0.001
pcmset: None
pcmstate: None
iterations: [200, 100]
cholesky_accu: 0.0001
rasscf_thrs: [1e-08, 0.0001, 0.0001]

Scheduling: 

Control: 
jobid: None
workdir: None
master: False
gradonly: False
densonly: False
states_to_do: [4, 0, 3]
jobs: None
nslots_pool: []

Starting job execution
['gateway']
['seward']
['copy', '/project/lgagliardi/helenclifford/practice_rcc/sharc4/methaniminium/init_vertical/ICOND_00005/SAVE/MOLCAS.1.JobIph.0', 'JOBOLD']
['rasscf', 1, 4, True, False]
['copy', 'MOLCAS.rasscf.h5', 'MOLCAS.1.rasscf.h5']
['copy', 'MOLCAS.JobIph', 'MOLCAS.1.JobIph']
['copy', '/project/lgagliardi/helenclifford/practice_rcc/sharc4/methaniminium/init_vertical/ICOND_00005/SAVE/MOLCAS.3.JobIph.0', 'JOBOLD']
['rasscf', 3, 3, True, False]
['copy', 'MOLCAS.rasscf.h5', 'MOLCAS.3.rasscf.h5']
['copy', 'MOLCAS.JobIph', 'MOLCAS.3.JobIph']
['link', 'MOLCAS.1.JobIph', 'JOB001']
['rassi', 'dm', [4]]
['copy', 'MOLCAS.rassi.h5', 'MOLCAS.rassi.1.h5']
['link', 'MOLCAS.3.JobIph', 'JOB001']
['rassi', 'dm', [3]]
['copy', 'MOLCAS.rassi.h5', 'MOLCAS.rassi.3.h5']
['copy', '/project/lgagliardi/helenclifford/practice_rcc/sharc4/methaniminium/init_vertical/ICOND_00005/SAVE/MOLCAS.1.JobIph.0', 'JOB001']
['link', 'MOLCAS.1.JobIph', 'JOB002']
['rassi', 'overlap', [4, 4]]
['copy', 'MOLCAS.rassi.h5', 'MOLCAS.rassi.ovlp.1.h5']
['copy', '/project/lgagliardi/helenclifford/practice_rcc/sharc4/methaniminium/init_vertical/ICOND_00005/SAVE/MOLCAS.3.JobIph.0', 'JOB001']
['link', 'MOLCAS.3.JobIph', 'JOB002']
['rassi', 'overlap', [3, 3]]
['copy', 'MOLCAS.rassi.h5', 'MOLCAS.rassi.ovlp.3.h5']
['link', 'MOLCAS.1.JobIph', 'JOB001']
['link', 'MOLCAS.3.JobIph', 'JOB002']
['rassi', 'soc', [4, 3]]
All jobs finished:
job: master          code: 0    runtime: 0:00:13.864893

===> Results:

=> Hamiltonian Matrix:
Diagonal Shift:    -94.00
Real Part:
---------------------------------------------------------------------------------------------------------------------------------------------------
|-3.357e-01                                  |-7.754e-07  4.132e-06  2.965e-07 |                                 |-7.754e-07  4.132e-06  2.965e-07 |
|           -1.735e-02                       |-1.813e-06 -3.600e-06 -2.977e-05 |                                 |-1.813e-06 -3.600e-06 -2.977e-05 |
|                       1.811e-02            |-1.503e-06  4.592e-06 -1.075e-05 |                                 |-1.503e-06  4.592e-06 -1.075e-05 |
|                                  6.385e-02 |-5.504e-06  2.878e-05  2.890e-06 |                                 |-5.504e-06  2.878e-05  2.890e-06 |
---------------------------------------------------------------------------------------------------------------------------------------------------
|-7.754e-07 -1.813e-06 -1.503e-06 -5.504e-06 |-1.715e-01                       | 1.412e-22  2.584e-06  6.692e-06 |                                 |
| 4.132e-06 -3.600e-06  4.592e-06  2.878e-05 |           -2.823e-02            |-2.584e-06  1.051e-21 -3.184e-05 |                                 |
| 2.965e-07 -2.977e-05 -1.075e-05  2.890e-06 |                       2.993e-02 |-6.692e-06  3.184e-05 -2.165e-21 |                                 |
---------------------------------------------------------------------------------------------------------------------------------------------------
|                                            |-1.412e-22 -2.584e-06 -6.692e-06 |-1.715e-01                       | 1.412e-22  2.584e-06  6.692e-06 |
|                                            | 2.584e-06 -1.051e-21  3.184e-05 |           -2.823e-02            |-2.584e-06  1.051e-21 -3.184e-05 |
|                                            | 6.692e-06 -3.184e-05  2.165e-21 |                       2.993e-02 |-6.692e-06  3.184e-05 -2.165e-21 |
---------------------------------------------------------------------------------------------------------------------------------------------------
|-7.754e-07 -1.813e-06 -1.503e-06 -5.504e-06 |                                 |-1.412e-22 -2.584e-06 -6.692e-06 |-1.715e-01                       |
| 4.132e-06 -3.600e-06  4.592e-06  2.878e-05 |                                 | 2.584e-06 -1.051e-21  3.184e-05 |           -2.823e-02            |
| 2.965e-07 -2.977e-05 -1.075e-05  2.890e-06 |                                 | 6.692e-06 -3.184e-05  2.165e-21 |                       2.993e-02 |
---------------------------------------------------------------------------------------------------------------------------------------------------

Imaginary Part:
---------------------------------------------------------------------------------------------------------------------------------------------------
|                                            | 2.071e-06 -8.933e-06  7.366e-05 |-9.686e-06  8.349e-05 -1.431e-05 |-2.071e-06  8.933e-06 -7.366e-05 |
|                                            | 1.007e-05  8.454e-07 -7.560e-06 |-2.102e-05 -7.559e-06  1.093e-05 |-1.007e-05 -8.454e-07  7.560e-06 |
|                                            |-2.915e-07  1.049e-06  1.467e-05 | 9.489e-07  9.616e-06 -1.444e-05 | 2.915e-07 -1.049e-06 -1.467e-05 |
|                                            |-4.126e-05 -5.015e-06 -1.609e-06 | 4.880e-05  2.286e-06  2.192e-06 | 4.126e-05  5.015e-06  1.609e-06 |
---------------------------------------------------------------------------------------------------------------------------------------------------
|-2.071e-06 -1.007e-05  2.915e-07  4.126e-05 |            2.064e-05 -3.630e-05 | 1.148e-22  7.401e-06 -4.105e-05 |                                 |
| 8.933e-06 -8.454e-07 -1.049e-06  5.015e-06 |-2.064e-05            -1.268e-06 |-7.401e-06  2.834e-22 -4.560e-06 |                                 |
|-7.366e-05  7.560e-06 -1.467e-05  1.609e-06 | 3.630e-05  1.268e-06            | 4.105e-05  4.560e-06 -3.541e-22 |                                 |
---------------------------------------------------------------------------------------------------------------------------------------------------
| 9.686e-06  2.102e-05 -9.489e-07 -4.880e-05 | 1.148e-22  7.401e-06 -4.105e-05 |                                 | 1.148e-22  7.401e-06 -4.105e-05 |
|-8.349e-05  7.559e-06 -9.616e-06 -2.286e-06 |-7.401e-06  2.834e-22 -4.560e-06 |                                 |-7.401e-06  2.834e-22 -4.560e-06 |
| 1.431e-05 -1.093e-05  1.444e-05 -2.192e-06 | 4.105e-05  4.560e-06 -3.541e-22 |                                 | 4.105e-05  4.560e-06 -3.541e-22 |
---------------------------------------------------------------------------------------------------------------------------------------------------
| 2.071e-06  1.007e-05 -2.915e-07 -4.126e-05 |                                 | 1.148e-22  7.401e-06 -4.105e-05 |           -2.064e-05  3.630e-05 |
|-8.933e-06  8.454e-07  1.049e-06 -5.015e-06 |                                 |-7.401e-06  2.834e-22 -4.560e-06 | 2.064e-05             1.268e-06 |
| 7.366e-05 -7.560e-06  1.467e-05 -1.609e-06 |                                 | 4.105e-05  4.560e-06 -3.541e-22 |-3.630e-05 -1.268e-06            |
---------------------------------------------------------------------------------------------------------------------------------------------------


=> Dipole Moment Matrices:

Polarisation X:
Real Part:
---------------------------------------------------------------------------------------------------------------------------------------------------
|-7.115e-02 -5.250e-03  2.344e-02  3.386e-02 |                                 |                                 |                                 |
|-5.250e-03 -1.721e-01 -8.771e-02 -2.262e-01 |                                 |                                 |                                 |
| 2.344e-02 -8.771e-02 -1.479e-01 -2.037e-01 |                                 |                                 |                                 |
| 3.386e-02 -2.262e-01 -2.037e-01 -3.437e-01 |                                 |                                 |                                 |
---------------------------------------------------------------------------------------------------------------------------------------------------
|                                            |-5.595e-02  6.164e-02  5.242e-02 |                                 |                                 |
|                                            | 6.164e-02 -2.537e-01 -4.115e-01 |                                 |                                 |
|                                            | 5.242e-02 -4.115e-01 -3.172e-01 |                                 |                                 |
---------------------------------------------------------------------------------------------------------------------------------------------------
|                                            |                                 |-5.595e-02  6.164e-02  5.242e-02 |                                 |
|                                            |                                 | 6.164e-02 -2.537e-01 -4.115e-01 |                                 |
|                                            |                                 | 5.242e-02 -4.115e-01 -3.172e-01 |                                 |
---------------------------------------------------------------------------------------------------------------------------------------------------
|                                            |                                 |                                 |-5.595e-02  6.164e-02  5.242e-02 |
|                                            |                                 |                                 | 6.164e-02 -2.537e-01 -4.115e-01 |
|                                            |                                 |                                 | 5.242e-02 -4.115e-01 -3.172e-01 |
---------------------------------------------------------------------------------------------------------------------------------------------------

Polarisation Y:
Real Part:
---------------------------------------------------------------------------------------------------------------------------------------------------
|-2.745e-01 -1.793e-01  1.617e-01 -2.145e-01 |                                 |                                 |                                 |
|-1.793e-01 -2.501e-01  6.851e-02  7.419e-02 |                                 |                                 |                                 |
| 1.617e-01  6.851e-02 -2.712e-01  1.047e-01 |                                 |                                 |                                 |
|-2.145e-01  7.419e-02  1.047e-01 -2.882e-01 |                                 |                                 |                                 |
---------------------------------------------------------------------------------------------------------------------------------------------------
|                                            |-1.306e-01  3.773e-02  4.732e-03 |                                 |                                 |
|                                            | 3.773e-02 -2.213e-01  1.113e-01 |                                 |                                 |
|                                            | 4.732e-03  1.113e-01 -2.701e-01 |                                 |                                 |
---------------------------------------------------------------------------------------------------------------------------------------------------
|                                            |                                 |-1.306e-01  3.773e-02  4.732e-03 |                                 |
|                                            |                                 | 3.773e-02 -2.213e-01  1.113e-01 |                                 |
|                                            |                                 | 4.732e-03  1.113e-01 -2.701e-01 |                                 |
---------------------------------------------------------------------------------------------------------------------------------------------------
|                                            |                                 |                                 |-1.306e-01  3.773e-02  4.732e-03 |
|                                            |                                 |                                 | 3.773e-02 -2.213e-01  1.113e-01 |
|                                            |                                 |                                 | 4.732e-03  1.113e-01 -2.701e-01 |
---------------------------------------------------------------------------------------------------------------------------------------------------

Polarisation Z:
Real Part:
---------------------------------------------------------------------------------------------------------------------------------------------------
| 1.815e-01 -6.181e-01  1.248e+00 -2.804e-01 |                                 |                                 |                                 |
|-6.181e-01 -2.850e-01 -7.834e-02 -3.585e-01 |                                 |                                 |                                 |
| 1.248e+00 -7.834e-02 -2.775e-01 -4.707e-02 |                                 |                                 |                                 |
|-2.804e-01 -3.585e-01 -4.707e-02  2.274e-01 |                                 |                                 |                                 |
---------------------------------------------------------------------------------------------------------------------------------------------------
|                                            | 1.096e+00  1.602e-01  4.513e-02 |                                 |                                 |
|                                            | 1.602e-01 -4.125e-01 -2.990e-01 |                                 |                                 |
|                                            | 4.513e-02 -2.990e-01 -4.865e-02 |                                 |                                 |
---------------------------------------------------------------------------------------------------------------------------------------------------
|                                            |                                 | 1.096e+00  1.602e-01  4.513e-02 |                                 |
|                                            |                                 | 1.602e-01 -4.125e-01 -2.990e-01 |                                 |
|                                            |                                 | 4.513e-02 -2.990e-01 -4.865e-02 |                                 |
---------------------------------------------------------------------------------------------------------------------------------------------------
|                                            |                                 |                                 | 1.096e+00  1.602e-01  4.513e-02 |
|                                            |                                 |                                 | 1.602e-01 -4.125e-01 -2.990e-01 |
|                                            |                                 |                                 | 4.513e-02 -2.990e-01 -4.865e-02 |
---------------------------------------------------------------------------------------------------------------------------------------------------


=> Overlap matrix:

Real Part:
---------------------------------------------------------------------------------------------------------------------------------------------------
| 9.647e-01 -2.347e-03 -1.667e-02 -5.071e-02 |                                 |                                 |                                 |
| 3.624e-02  8.377e-01  4.582e-01  1.492e-01 |                                 |                                 |                                 |
|-3.681e-03 -4.525e-01  8.663e-01 -2.092e-01 |                                 |                                 |                                 |
| 5.716e-02 -1.829e-01  9.039e-02  8.333e-01 |                                 |                                 |                                 |
---------------------------------------------------------------------------------------------------------------------------------------------------
|                                            | 9.757e-01  1.496e-01 -4.513e-02 |                                 |                                 |
|                                            |-1.502e-01  9.476e-01  1.117e-01 |                                 |                                 |
|                                            | 6.077e-02 -7.760e-02  9.160e-01 |                                 |                                 |
---------------------------------------------------------------------------------------------------------------------------------------------------
|                                            |                                 | 9.757e-01  1.496e-01 -4.513e-02 |                                 |
|                                            |                                 |-1.502e-01  9.476e-01  1.117e-01 |                                 |
|                                            |                                 | 6.077e-02 -7.760e-02  9.160e-01 |                                 |
---------------------------------------------------------------------------------------------------------------------------------------------------
|                                            |                                 |                                 | 9.757e-01  1.496e-01 -4.513e-02 |
|                                            |                                 |                                 |-1.502e-01  9.476e-01  1.117e-01 |
|                                            |                                 |                                 | 6.077e-02 -7.760e-02  9.160e-01 |
---------------------------------------------------------------------------------------------------------------------------------------------------



==> Runtime:	0 Days	0 Hours	0 Minutes	14.081604 Seconds


===> Writing output to file QM.out in SHARC Format

