#===============================================================================================================================================================================
#     Step |         Time |         State |                                     Energy |      Angular |     Gradient |      Density |           Expectation Value |    Runtime |
#          |              |  diag |   MCH |          kin |          pot |          tot |     Momentum |          RMS |        Total |           DM |            S |            |
#          |         [fs] |       |       |         [eV] |         [eV] |         [eV] |       [hbar] |     [eV/Ang] |              |      [Debye] |              |      [sec] |
#===============================================================================================================================================================================
         0         0.0000       9       3       0.408055      10.185756      10.593811       0.001106       3.344313       1.000000       0.418952       0.000004           96
         1         0.5000       9       3       0.445984      10.149453      10.595437       0.001019       3.324191       1.000000       0.434131       0.000005           43
         2         1.0000       9       3       0.518192      10.078404      10.596596       0.001001       3.192147       1.000000       0.476299       0.000005           35
         3         1.5000       9       3       0.641299       9.955122      10.596421       0.000960       2.932053       1.000000       0.543623       0.000006           35
         4         2.0000       9       3       0.811766       9.782777      10.594544       0.000895       2.506714       1.000000       0.642932       0.000007           32
         5         2.5000       9       3       0.998109       9.591758      10.589866       0.000829       1.737570       1.000000       0.826866       0.000008           34
# Surface Hop/Pointer State Switch: new state=      8 old state=      9 randnum=  0.128173351 gap= -0.238374 eV
         6         3.0000       8       2       1.361379       9.228487      10.589866       0.000898       0.967870       1.000000       1.097730       0.000006           58
         7         3.5000       8       2       1.412388       9.155696      10.568084       0.001092       1.996343       1.000000       0.771468       0.000009           32
# Surface Hop/Pointer State Switch: new state=      5 old state=      8 randnum=  0.151004940 gap= -0.126365 eV
         8         4.0000       5       2       1.520768       9.047317      10.568084       0.001171       1.763166       1.000000       0.861192       0.000028           27
         9         4.5000       5       2       1.586280       8.982195      10.568475       0.001223       1.557032       1.000000       0.989730       0.000014           34
        10         5.0000       5       2       1.624682       8.944608      10.569289       0.001253       1.416108       1.000000       1.144703       0.000015           30
        11         5.5000       5       2       1.647415       8.922453      10.569868       0.001261       1.324656       1.000000       1.330290       0.000020           28
        12         6.0000       5       2       1.663005       8.907022      10.570028       0.001229       1.274336       1.000000       1.549400       0.000031           31
        13         6.5000       5       2       1.673922       8.895957      10.569879       0.001189       1.279806       1.000000       1.800004       0.000058           29
        14         7.0000       5       2       1.677785       8.891860      10.569645       0.001215       1.360052       1.000000       2.073200       0.000152           77
        15         7.5000       5       2       1.670358       8.899096      10.569455       0.001222       1.500431       1.000000       2.352564       0.000849           40
# Surface Hop/Pointer State Switch: new state=      8 old state=      5 randnum=  0.045327142 gap=  0.004105 eV
        16         8.0000       8       2       1.647688       8.921767      10.569455       0.001207       1.616139       1.000000       2.561334       0.047701           42
        17         8.5000       8       2       1.598632       8.971597      10.570229       0.001231       1.789041       1.000000       2.838268       0.000315           36
        18         9.0000       8       2       1.537302       9.033616      10.570918       0.001313       1.866563       1.000000       2.982080       0.000115           42
        19         9.5000       8       2       1.474700       9.097456      10.572157       0.001470       1.892435       1.000000       3.043540       0.000076           45
        20        10.0000       8       2       1.428567       9.144783      10.573350       0.001644       1.860843       1.000000       3.038473       0.000067           30
        21        10.5000       8       2       1.415502       9.158024      10.573525       0.001780       1.751349       1.000000       2.992955       0.000072           35
        22        11.0000       8       2       1.438181       9.134216      10.572396       0.001913       1.565346       1.000000       2.930730       0.000093           76
        23        11.5000       8       2       1.481788       9.089003      10.570791       0.002001       1.357529       1.000000       2.868996       0.000155           50
        24        12.0000       8       2       1.524693       9.045098      10.569791       0.002039       1.218617       1.000000       2.819069       0.000437           46
        25        12.5000       8       2       1.552873       9.016737      10.569611       0.002004       1.199414       1.000000       2.772253       0.025450           39
# Surface Hop/Pointer State Switch: new state=      5 old state=      8 randnum=  0.419444944 gap= -0.037129 eV
        26        13.0000       5       2       1.566717       9.002893      10.569611       0.001942       1.287794       1.000000       2.778667       0.000511           46
        27        13.5000       5       2       1.575992       8.994611      10.570603       0.001853       1.397395       1.000000       2.774752       0.000114           47
        28        14.0000       5       2       1.598351       8.973045      10.571395       0.001840       1.488337       1.000000       2.792625       0.000044           46
        29        14.5000       5       2       1.646672       8.925091      10.571763       0.001791       1.535210       1.000000       2.826595       0.000022           32
        30        15.0000       5       2       1.727118       8.844496      10.571614       0.001728       1.526834       1.000000       2.868976       0.000013           46
        31        15.5000       5       2       1.837392       8.733521      10.570913       0.001751       1.458156       1.000000       2.909860       0.000009           37
        32        16.0000       5       2       1.966553       8.603185      10.569738       0.001856       1.334902       1.000000       2.935633       0.000007           35
        33        16.5000       5       2       2.096423       8.471865      10.568288       0.002050       1.180328       1.000000       2.924873       0.000007           29
        34        17.0000       5       2       2.204577       8.362144      10.566721       0.002158       1.039703       1.000000       2.836408       0.000007           40
        35        17.5000       5       2       2.265490       8.298793      10.564283       0.002187       0.974706       1.000000       2.577946       0.000008           33
        36        18.0000       5       2       2.229522       8.322291      10.551813       0.002267       1.144613       1.000000       1.982634       0.000013           30
# Surface Hop/Pointer State Switch: new state=      8 old state=      5 randnum=  0.965792625 gap=  0.188277 eV
        37        18.5000       8       2       1.470051       9.081762      10.551813       0.001913       2.932064       1.000000       2.818312       0.000213           43
        38        19.0000       8       2       1.245484       9.304602      10.550086       0.002027       2.587102       1.000000       2.894199       0.000055           35
        39        19.5000       8       2       1.147722       9.409977      10.557698       0.002181       2.580156       1.000000       2.792559       0.000034           36
# Surface Hop/Pointer State Switch: new state=      5 old state=      8 randnum=  0.248480224 gap= -0.658835 eV
        40        20.0000       5       2       2.261819       8.295880      10.557698       0.003219       1.512250       1.000000       2.464814       0.000031           37
        41        20.5000       5       2       2.054503       8.503178      10.557682       0.003345       1.539206       1.000000       2.453605       0.000041           32
        42        21.0000       5       2       1.847337       8.710752      10.558089       0.003523       1.656690       1.000000       2.456585       0.000063           30
        43        21.5000       5       2       1.646906       8.912019      10.558926       0.003737       1.840169       1.000000       2.469699       0.000142           27
        44        22.0000       5       2       1.466352       9.093563      10.559915       0.003982       2.035905       1.000000       2.491398       0.001085           67
# Surface Hop/Pointer State Switch: new state=      8 old state=      5 randnum=  0.777084845 gap=  0.045755 eV
        45        22.5000       8       2       1.320332       9.239583      10.559915       0.004046       2.210431       1.000000       2.520032       0.001119           38
        46        23.0000       8       2       1.221693       9.338828      10.560521       0.004145       2.349459       1.000000       2.554013       0.000134           43
        47        23.5000       8       2       1.182919       9.377876      10.560795       0.004046       2.442410       1.000000       2.594349       0.000065           31
        48        24.0000       8       2       1.209723       9.350953      10.560676       0.003977       2.483979       1.000000       2.639302       0.000052           31
        49        24.5000       8       2       1.300592       9.259168      10.559760       0.003946       2.464729       1.000000       2.688943       0.000056           37
        50        25.0000       8       2       1.441535       9.224372      10.665907       0.003885       2.247620       1.000000       2.885075       0.000054           31
        51        25.5000       8       2       1.591250       9.065423      10.656674       0.003913       2.010482       1.000000       3.094083       0.000904           74
        52        26.0000       8       2       1.639997       9.080481      10.720478       0.003782       2.070627       1.000000       3.749312       0.000351           45
        53        26.5000       8       2       1.679581       9.102569      10.782150       0.003626       1.797907       1.000000       4.088257       0.000191           31
# Surface Hop/Pointer State Switch: new state=      7 old state=      8 randnum=  0.015672780 gap= -0.154352 eV
        54        27.0000       7       1       1.924393       8.857757      10.782150       0.003792       2.175703       1.000000       3.804842       0.000433           70
        55        27.5000       7       1       1.931657       8.842535      10.774192       0.003879       2.237011       1.000000       3.701271       0.000983           43
        56        28.0000       7       1       1.982197       8.789518      10.771716       0.003823       2.149141       1.000000       3.766582       0.031302           41
# Surface Hop/Pointer State Switch: new state=      4 old state=      7 randnum=  0.217769329 gap= -0.077699 eV
        57        28.5000       4       1       2.036322       8.735394      10.771716       0.003787       2.188491       1.000000       3.724997       0.003289           48
        58        29.0000       4       1       2.097555       8.674962      10.772517       0.003705       2.250131       1.000000       3.637013       0.000648           43
        59        29.5000       4       1       2.183940       8.588486      10.772426       0.003491       2.280991       1.000000       3.503702       0.000236           31
        60        30.0000       4       1       2.294499       8.476815      10.771314       0.003334       2.256547       1.000000       3.333487       0.000111           37
        61        30.5000       4       1       2.414070       8.355815      10.769885       0.003427       2.194660       1.000000       3.136734       0.000069           78
        62        31.0000       4       1       2.523371       8.245743      10.769114       0.003729       2.143923       1.000000       2.926469       0.000055           38
        63        31.5000       4       1       2.612324       8.157056      10.769380       0.003653       2.140143       1.000000       2.718089       0.000046           40
        64        32.0000       4       1       2.685529       8.084693      10.770222       0.003520       2.177267       1.000000       2.528545       0.000036           56
        65        32.5000       4       1       2.756467       8.014320      10.770787       0.003634       2.217002       1.000000       2.375346       0.000025           45
        66        33.0000       4       1       2.836384       7.934317      10.770701       0.003742       2.222819       1.000000       2.274149       0.000016           32
        67        33.5000       4       1       2.932411       7.839790      10.772201       0.003758       2.187451       1.000000       2.225621       0.000011           31
        68        34.0000       4       1       3.067415       7.708783      10.776198       0.003634       2.146541       1.000000       2.183831       0.000008           34
        69        34.5000       4       1       3.274431       7.501714      10.776144       0.003573       2.117508       1.000000       2.089346       0.000006           31
        70        35.0000       4       1       3.558182       7.215883      10.774065       0.003499       2.088885       1.000000       1.935740       0.000005           39
        71        35.5000       4       1       3.900387       6.874011      10.774398       0.003377       2.113954       1.000000       1.737563       0.000004           31
        72        36.0000       4       1       4.356868       6.451250      10.808118       0.003340       2.933574       1.000000       1.479818       0.000003           35
        73        36.5000       4       1       4.795611       5.928300      10.723911       0.003436       2.176297       1.000000       1.113398       0.000004           73
# Surface Hop/Pointer State Switch: new state=      1 old state=      4 randnum=  0.144863353 gap= -0.009234 eV
        74        37.0000       1       1       5.019103       5.704808      10.723911       0.003404       1.939516       1.000000       0.873888       0.000104           47
        75        37.5000       1       1       5.115852       5.609690      10.725542       0.003517       1.932961       1.000000       0.660529       0.000004           48
        76        38.0000       1       1       5.113763       5.614739      10.728502       0.003567       2.007213       1.000000       0.471858       0.000002           39
        77        38.5000       1       1       5.030149       5.734983      10.765132       0.003604       1.922950       1.000000       1.263615       0.000003           33
        78        39.0000       1       1       4.875118       5.897985      10.773103       0.003530       1.918979       1.000000       1.331907       0.000002           32
        79        39.5000       1       1       4.688422       6.087385      10.775807       0.003436       1.929349       1.000000       1.418087       0.000003           31
        80        40.0000       1       1       4.517960       6.259956      10.777915       0.003357       1.951929       1.000000       1.514430       0.000003           29
        81        40.5000       1       1       4.395718       6.383370      10.779089       0.003319       1.983796       1.000000       1.620733       0.000005           25
        82        41.0000       1       1       4.341013       6.438118      10.779131       0.003363       2.021324       1.000000       1.735006       0.000008           34
        83        41.5000       1       1       4.357801       6.420410      10.778211       0.003523       2.064220       1.000000       1.851920       0.000016           33
        84        42.0000       1       1       4.436521       6.340185      10.776707       0.003658       2.113178       1.000000       1.963217       0.000040           29
        85        42.5000       1       1       4.558691       6.216258      10.774948       0.003630       2.166239       1.000000       2.059723       0.000312           68
# Surface Hop/Pointer State Switch: new state=      4 old state=      1 randnum=  0.707891759 gap=  0.040470 eV
        86        43.0000       4       1       4.703170       6.071778      10.774948       0.003495       2.220130       1.000000       2.133443       0.000397           36
        87        43.5000       4       1       4.833976       5.939389      10.773365       0.003383       2.267497       1.000000       2.184635       0.000034           36
        88        44.0000       4       1       4.939874       5.832133      10.772007       0.003213       2.302631       1.000000       2.203193       0.000012           29
        89        44.5000       4       1       5.001309       5.769011      10.770320       0.003079       2.319345       1.000000       2.185096       0.000007           30
        90        45.0000       4       1       5.021701       5.810530      10.832231       0.003140       2.176913       1.000000       2.025274       0.000006           31
        91        45.5000       4       1       4.996345       5.835053      10.831398       0.003247       2.166946       1.000000       1.892744       0.000005           34
        92        46.0000       4       1       4.909116       5.921822      10.830937       0.003219       2.157131       1.000000       1.721669       0.000007           34
        93        46.5000       4       1       4.757783       6.073551      10.831334       0.003114       2.211051       1.000000       1.498751       0.000011           31
        94        47.0000       4       1       4.551938       6.281346      10.833284       0.002968       2.413466       1.000000       1.191728       0.000043           33
        95        47.5000       4       1       4.318312       6.517545      10.835858       0.002845       2.791235       1.000000       0.795220       0.000229           45
# Surface Hop/Pointer State Switch: new state=      1 old state=      4 randnum=  0.218549497 gap= -0.042368 eV
        96        48.0000       1       1       4.084952       6.750906      10.835858       0.002788       3.327815       1.000000       0.478730       0.004365           67
        97        48.5000       1       1       3.777231       7.057010      10.834241       0.003036       4.095465       1.000000       0.371136       0.000142           50
        98        49.0000       1       1       3.463989       7.371070      10.835059       0.003018       5.019185       1.000000       0.338268       0.000044           31
        99        49.5000       1       1       3.167854       7.670230      10.838085       0.002611       5.934922       1.000000       0.318274       0.000022           37
       100        50.0000       1       1       2.938064       7.903469      10.841533       0.002202       6.656404       1.000000       0.320278       0.000014           24
       101        50.5000       1       1       2.826948       8.016527      10.843476       0.001911       7.031269       1.000000       0.370737       0.000009           36
       102        51.0000       1       1       2.862824       7.979767      10.842591       0.001725       6.962086       1.000000       0.486126       0.000007           32
       103        51.5000       1       1       3.036247       7.804801      10.841047       0.001775       6.436770       1.000000       0.648669       0.000005           35
       104        52.0000       1       1       3.314279       7.523935      10.838213       0.001992       5.665823       1.000000       0.840854       0.000004           26
       105        52.5000       1       1       3.651494       7.182530      10.834023       0.002158       4.671157       1.000000       1.030998       0.000003           39
       106        53.0000       1       1       3.965517       6.956413      10.921930       0.002300       3.370144       1.000000       1.183556       0.000002           38
       107        53.5000       1       1       4.263185       6.640330      10.903514       0.002450       3.142015       1.000000       1.269027       0.000002           37
       108        54.0000       1       1       4.608621       6.294105      10.902725       0.002509       2.673179       1.000000       1.244786       0.000002           42
       109        54.5000       1       1       4.954208       5.941593      10.895801       0.002652       2.340152       1.000000       1.157298       0.000001           34
       110        55.0000       1       1       5.260051       5.639797      10.899849       0.002680       2.365137       1.000000       1.112515       0.000001           36
       111        55.5000       1       1       5.536969       5.365448      10.902417       0.002511       2.648221       1.000000       1.097599       0.000001           30
       112        56.0000       1       1       5.822157       5.080281      10.902438       0.002438       2.982160       1.000000       1.101014       0.000001           31
       113        56.5000       1       1       6.122110       4.779060      10.901170       0.002444       3.299847       1.000000       1.127718       0.000001           30
       114        57.0000       1       1       6.423719       4.475411      10.899130       0.002477       3.581762       1.000000       1.178737       0.000001           30
       115        57.5000       1       1       6.702698       4.194530      10.897227       0.002581       3.816571       1.000000       1.251301       0.000001           30
       116        58.0000       1       1       6.935288       3.961562      10.896850       0.002731       3.982902       1.000000       1.344559       0.000001           26
       117        58.5000       1       1       7.109993       3.787255      10.897247       0.002749       4.044590       1.000000       1.465107       0.000002           34
       118        59.0000       1       1       7.220612       3.675691      10.896303       0.002650       3.958813       1.000000       1.613220       0.000002           29
       119        59.5000       1       1       7.246336       3.647359      10.893695       0.002600       3.686897       1.000000       1.773969       0.000002           32
       120        60.0000       1       1       7.144946       3.745572      10.890519       0.002787       3.272477       1.000000       1.941290       0.000003           27
       121        60.5000       1       1       6.874432       4.016049      10.890481       0.003189       2.884670       1.000000       2.120683       0.000004           31
       122        61.0000       1       1       6.435175       4.459884      10.895059       0.003618       2.675341       1.000000       2.319863       0.000007           33
       123        61.5000       1       1       5.885808       5.015948      10.901756       0.003986       2.618707       1.000000       2.543491       0.000021           31
       124        62.0000       1       1       5.313910       5.594347      10.908256       0.004274       2.573799       1.000000       2.791206       0.007258           66
# Surface Hop/Pointer State Switch: new state=      4 old state=      1 randnum=  0.462926973 gap=  0.228504 eV
       125        62.5000       4       1       4.786286       6.121971      10.908256       0.004290       2.509230       1.000000       3.053670       0.000019           42
       126        63.0000       4       1       4.353092       6.557215      10.910307       0.004348       2.483352       1.000000       3.306181       0.000004           26
       127        63.5000       4       1       4.040342       6.870895      10.911237       0.004272       3.521850       1.000000       3.481446       0.000002           37
       128        64.0000       4       1       3.912752       6.988542      10.901295       0.004323       2.275574       1.000000       3.465125       0.000001           29
       129        64.5000       4       1       3.929735       6.953332      10.883067       0.004449       2.218168       1.000000       3.280525       0.000002           34
       130        65.0000       4       1       4.086298       6.795769      10.882068       0.004468       2.315681       1.000000       3.013665       0.000007           31
       131        65.5000       4       1       4.384412       6.495307      10.879719       0.004442       2.404540       1.000000       2.715530       0.000171           74
# Surface Hop/Pointer State Switch: new state=      1 old state=      4 randnum=  0.263367329 gap= -0.188729 eV
       132        66.0000       1       1       4.801667       6.078052      10.879719       0.004448       2.445831       1.000000       2.421549       0.000020           40
       133        66.5000       1       1       5.281372       5.594185      10.875557       0.004406       2.457905       1.000000       2.146100       0.000004           35
       134        67.0000       1       1       5.772110       5.098767      10.870877       0.004371       2.489577       1.000000       1.882961       0.000002           31
       135        67.5000       1       1       6.212484       4.660489      10.872973       0.004373       2.488352       1.000000       1.624598       0.000001           29
       136        68.0000       1       1       6.599114       4.262287      10.861400       0.004397       2.560043       1.000000       1.370972       0.000001           27
       137        68.5000       1       1       6.936140       3.922630      10.858770       0.004490       2.708592       1.000000       1.136715       0.000001           30
       138        69.0000       1       1       7.175116       3.681483      10.856599       0.004602       2.893887       1.000000       0.923437       0.000001           36
       139        69.5000       1       1       7.290868       3.564149      10.855018       0.004646       3.154123       1.000000       0.733260       0.000001           23
       140        70.0000       1       1       7.269241       3.585911      10.855153       0.004649       3.511878       1.000000       0.569472       0.000001           39
       141        70.5000       1       1       7.121041       3.736834      10.857875       0.004593       3.939480       1.000000       0.435842       0.000001           28
       142        71.0000       1       1       6.892032       3.970612      10.862644       0.004467       4.346457       1.000000       0.339427       0.000001           32
       143        71.5000       1       1       6.652724       4.214203      10.866927       0.004351       4.603626       1.000000       0.293223       0.000001           35
       144        72.0000       1       1       6.463078       4.404823      10.867901       0.004237       4.608336       1.000000       0.305102       0.000001           29
       145        72.5000       1       1       6.335645       4.529671      10.865316       0.004154       4.352374       1.000000       0.361422       0.000001           30
       146        73.0000       1       1       6.231948       4.629559      10.861506       0.004164       3.924920       1.000000       0.440917       0.000001           29
       147        73.5000       1       1       6.092566       4.765950      10.858516       0.004204       3.456458       1.000000       0.528389       0.000001           27
       148        74.0000       1       1       5.869219       4.988059      10.857278       0.004236       3.075430       1.000000       0.613534       0.000001           34
       149        74.5000       1       1       5.547370       5.312409      10.859779       0.004189       2.866012       1.000000       0.685985       0.000002           28
       150        75.0000       1       1       5.160522       5.704204      10.864727       0.004081       2.805443       1.000000       0.723033       0.000002           31
       151        75.5000       1       1       4.768809       6.098811      10.867620       0.003996       2.826632       1.000000       0.696237       0.000003           27
       152        76.0000       1       1       4.409884       6.456751      10.866635       0.003862       2.987609       1.000000       0.596328       0.000004           28
       153        76.5000       1       1       4.075552       6.787890      10.863442       0.003635       3.504081       1.000000       0.447342       0.000005           37
       154        77.0000       1       1       3.732962       7.128388      10.861349       0.003492       4.488162       1.000000       0.315917       0.000007           26
       155        77.5000       1       1       3.366226       7.495928      10.862154       0.003398       5.743081       1.000000       0.305766       0.000010           29
       156        78.0000       1       1       2.997051       7.868157      10.865209       0.003245       6.996605       1.000000       0.417047       0.000013           25
       157        78.5000       1       1       2.731767       8.181975      10.913743       0.003257       8.740554       1.000000       0.578378       0.000017           30
       158        79.0000       1       1       2.622703       8.218767      10.841470       0.003680       8.652549       1.000000       1.003006       0.000019           25
       159        79.5000       1       1       2.591177       8.250098      10.841275       0.004315       8.600794       1.000000       1.207878       0.000033           27
       160        80.0000       1       1       2.720157       8.119745      10.839902       0.004828       7.956030       1.000000       1.419145       0.000071           27
       161        80.5000       1       1       2.994447       7.847574      10.842022       0.005203       7.007597       1.000000       1.631404       0.000135           27
       162        81.0000       1       1       3.429590       7.414280      10.843870       0.005489       6.126562       1.000000       1.745146       0.000104           27
       163        81.5000       1       1       4.052739       6.787855      10.840594       0.005799       5.343774       1.000000       1.754473       0.000038           29
       164        82.0000       1       1       4.824411       6.007207      10.831618       0.006060       4.555635       1.000000       1.720348       0.000014           25
       165        82.5000       1       1       5.612881       5.208180      10.821060       0.006112       3.804352       1.000000       1.645196       0.000007           25
       166        83.0000       1       1       6.263288       4.553673      10.816961       0.006049       3.302974       1.000000       1.533791       0.000004           20
       167        83.5000       1       1       6.713479       4.112218      10.825697       0.005945       3.150557       1.000000       1.385698       0.000002           33
       168        84.0000       1       1       6.988660       3.835116      10.823776       0.005864       3.066058       1.000000       1.237813       0.000001           28
       169        84.5000       1       1       7.123017       3.704284      10.827301       0.005811       2.906470       1.000000       1.119521       0.000001           26
       170        85.0000       1       1       7.144142       3.683947      10.828089       0.005904       2.645910       1.000000       1.024646       0.000001           27
       171        85.5000       1       1       7.063342       3.765183      10.828525       0.006155       2.427189       1.000000       0.946207       0.000001           28
       172        86.0000       1       1       6.887052       3.943577      10.830629       0.006488       2.424639       1.000000       0.877627       0.000001           28
       173        86.5000       1       1       6.641770       4.192399      10.834169       0.006806       2.648057       1.000000       0.817805       0.000000           31
       174        87.0000       1       1       6.370567       4.465991      10.836558       0.006977       2.924598       1.000000       0.772577       0.000000           28
       175        87.5000       1       1       6.103131       4.732418      10.835549       0.007105       3.113164       1.000000       0.751938       0.000000           28
       176        88.0000       1       1       5.833947       4.999295      10.833241       0.007112       3.195664       1.000000       0.764880       0.000001           34
       177        88.5000       1       1       5.548349       5.286296      10.834645       0.007066       3.171747       1.000000       0.819100       0.000001           32
       178        89.0000       1       1       5.255625       5.580661      10.836286       0.007071       3.171505       1.000000       0.917950       0.000001           31
       179        89.5000       1       1       4.984359       5.853992      10.838351       0.007061       3.201363       1.000000       1.054872       0.000001           27
       180        90.0000       1       1       4.764502       6.075008      10.839511       0.006997       3.220916       1.000000       1.217407       0.000001           30
       181        90.5000       1       1       4.611910       6.226890      10.838800       0.006815       3.196379       1.000000       1.392829       0.000002           37
       182        91.0000       1       1       4.514765       6.320893      10.835658       0.006622       3.099156       1.000000       1.570271       0.000003           27
       183        91.5000       1       1       4.426287       6.403799      10.830086       0.006562       2.919577       1.000000       1.740465       0.000010           30
# Surface Hop/Pointer State Switch: new state=      4 old state=      1 randnum=  0.382677221 gap=  0.010336 eV
       184        92.0000       4       1       4.274403       6.555682      10.830086       0.006472       2.721917       1.000000       1.895114       0.001540           70
       185        92.5000       4       1       3.908630       6.919889      10.828519       0.006539       2.731034       1.000000       2.047089       0.000011           48
       186        93.0000       4       1       3.401405       7.434333      10.835738       0.006477       3.148633       1.000000       2.171216       0.000006           26
       187        93.5000       4       1       2.864112       7.984876      10.848988       0.006509       3.792084       1.000000       2.267705       0.000004           28
       188        94.0000       4       1       2.476945       8.377150      10.854095       0.006657       4.360218       1.000000       2.346256       0.000004           29
       189        94.5000       4       1       2.343665       8.506458      10.850123       0.006718       5.677984       1.000000       2.436167       0.000005           34
       190        95.0000       4       1       2.563196       8.305911      10.869107       0.006744       8.266872       1.000000       2.475649       0.000006           30
       191        95.5000       4       1       3.137986       7.703471      10.841456       0.006728       4.368786       1.000000       2.303977       0.000006           29
       192        96.0000       4       1       3.639967       7.197102      10.837069       0.006857       3.116207       1.000000       2.179245       0.000005           23
       193        96.5000       4       1       3.915034       6.918524      10.833558       0.007068       2.627574       1.000000       2.123450       0.000005           40
       194        97.0000       4       1       3.906442       6.929441      10.835883       0.007132       2.867503       1.000000       2.103253       0.000004           28
       195        97.5000       4       1       3.670719       7.181943      10.852661       0.007184       3.762462       1.000000       2.050355       0.000004           28
       196        98.0000       4       1       3.452745       7.424279      10.877024       0.007216       4.609585       1.000000       1.877263       0.000004           34
       197        98.5000       4       1       3.552688       7.327027      10.879715       0.007193       4.670798       1.000000       1.567075       0.000005           30
       198        99.0000       4       1       4.011315       6.850438      10.861754       0.007255       4.022763       1.000000       1.306451       0.000024           35
# Surface Hop/Pointer State Switch: new state=      1 old state=      4 randnum=  0.044647294 gap= -0.165208 eV
       199        99.5000       1       1       4.649249       6.212504      10.861754       0.007620       3.452989       1.000000       1.387383       0.000084           30
       200       100.0000       1       1       5.098978       5.764741      10.863719       0.007690       3.229778       1.000000       1.509880       0.000012           29
