2026-07-22 14:19:49.857256 midway3-0561.rcc.local /project/lgagliardi/helenclifford/practice_rcc/sharc4/methaniminium/init_vertical/ICOND_00008
  ============================================================================
||                                                                            ||
||                         SHARC - MOLCAS - Interface                         ||
||                                                                            ||
||       Authors: Sascha Mausenberger, Lorenz Grünewald, Sebastian Mai        ||
||                                                                            ||
||                                Version: 4.0                                ||
||                              Date: 29.08.2023                              ||
||                                                                            ||
  ============================================================================
SAVEDIR set to ./SAVE/
Found env variable ncpu=1, resources["ncpu"] set to 1
Scratchdir set to /scratch/midway3/helenclifford/sharc_scratch/methaniminium/init_vertical/ICOND_00008
WARNING: 'no-douglas-kroll' not in template keywords: paddingstates, density_calculation_methods, tCI, basis, baslib, basis_per_element, basis_per_atom, nactel, ras1, ras2, ras3, inactive, roots, origin, origin_pos, isotope_elements, isotope_masses, method, functional, ipea, cort_or_dort, imaginary, frozen, gradaccudefault, gradaccumax, pcmset, pcmstate, iterations, cholesky_accu, rasscf_thrs
WARNING: 'cholesky' not in template keywords: paddingstates, density_calculation_methods, tCI, basis, baslib, basis_per_element, basis_per_atom, nactel, ras1, ras2, ras3, inactive, roots, origin, origin_pos, isotope_elements, isotope_masses, method, functional, ipea, cort_or_dort, imaginary, frozen, gradaccudefault, gradaccumax, pcmset, pcmstate, iterations, cholesky_accu, rasscf_thrs
paddingstates not specified setting default, [0, 0, 0]
Interface: 

Molecule: 
comment: Initial condition ICOND_00008/

natom: 6
elements: ['C', 'N', 'H', 'H', 'H', 'H']
unit: bohr
factor: 1.0
states: [4, 0, 3]
charge: [1, 1, 1]
nstates: 7
nmstates: 13
point_charges: False
npc: 0
Atomcharge: 17
frozcore: 2
Ubasis: [[      0.0       0.0]
 [      0.0       0.0]]
mol: None

Coords: 
coords: [[ 0.03061331  0.06895903  0.0826208]
 [-0.00831338 -0.03979892  2.434715]
 [ 1.592295 -0.3879485 -1.107982]
 [ 1.531374  0.2657072  3.589892]
 [-1.683731 -0.02575483  3.802889]
 [-1.688937 -0.1201071 -0.9021733]]
pccoords: None
pccharge: None
veloc: None

Save: 
savedir: /project/lgagliardi/helenclifford/practice_rcc/sharc4/methaniminium/init_vertical/ICOND_00008/SAVE
step: 1
previous_step: None
init: False
newstep: True
samestep: False
always_guess: False
always_orb_init: False
restart: False

Requests: 
h: True
soc: True
dm: True
mdeqm: False
grad: None
nacdr: None
overlap: True
phases: False
ion: False
socdr: False
dmdr: False
multipolar_fit: None
theodore: False
cleanup: False
retain: 5
molden: False
savestuff: False
nooverlap: False
mol: False
density_matrices: None
dyson_orbitals: None

Maps: 
statemap: {1: [1, 1, 0.0], 2: [1, 2, 0.0], 3: [1, 3, 0.0], 4: [1, 4, 0.0], 5: [3, 1, -1.0], 6: [3, 2, -1.0], 7: [3, 3, -1.0], 8: [3, 1, 0.0], 9: [3, 2, 0.0], 10: [3, 3, 0.0], 11: [3, 1, 1.0], 12: [3, 2, 1.0], 13: [3, 3, 1.0]}
mults: None
gsmap: None
gradmap: None
nacmap: None
densmap: None
ionmap: None
chargemap: {1: 1, 2: 1, 3: 1}
multmap: {0: (0, 0, 0), 1: (0, 0, 1), 2: (0, 0, 2), 3: (0, 0, 3), 4: (2, 1.0, 0), 5: (2, 0.0, 0), 6: (2, -1.0, 0), 7: (2, 1.0, 1), 8: (2, 0.0, 1), 9: (2, -1.0, 1), 10: (2, 1.0, 2), 11: (2, 0.0, 2), 12: (2, -1.0, 2)}

Resources: 
pwd: /project/lgagliardi/helenclifford/practice_rcc/sharc4/methaniminium/init_vertical/ICOND_00008
cwd: /project/lgagliardi/helenclifford/practice_rcc/sharc4/methaniminium/init_vertical/ICOND_00008
scratchdir: /scratch/midway3/helenclifford/sharc_scratch/methaniminium/init_vertical/ICOND_00008
ncpu: 1
ngpu: None
memory: 2000
delay: 0.0
theodir: None
theodore_prop: []
theodore_fragment: []
wfoverlap: /home/helenclifford/project-lgagliardi/practice_rcc/sharc4/bin/wfoverlap.x
wfthres: 0.998
wfnumocc: None
resp_shells: []
resp_vdw_radii_symbol: {}
resp_vdw_radii: []
resp_betas: [0.0005, 0.0015, 0.003]
resp_layers: 4
resp_first_layer: 1.4
resp_density: 10.0
resp_fit_order: 2
resp_mk_radii: True
resp_grid: lebedev
resp_target: zero
resp_block_size: 5000
resp_nuke_ram: False
molcas: /project/lgagliardi/shared/Apps/OpenMolcas/builds/parallel
mpi_parallel: False
dry_run: False
driver: /project/lgagliardi/shared/Apps/OpenMolcas/builds/parallel/pymolcas

Template: 
paddingstates: [0, 0, 0]
density_calculation_methods: []
tCI: 1e-07
basis: 6-31g
baslib: None
basis_per_element: None
basis_per_atom: None
nactel: [7, 0, 0]
ras1: None
ras2: 4
ras3: None
inactive: 5
roots: [4, 0, 3]
origin: none
origin_pos: [0.0, 0.0, 0.0]
isotope_elements: []
isotope_masses: []
method: casscf
functional: t:pbe
ipea: 0.25
cort_or_dort: CORT
imaginary: 0.0
frozen: None
gradaccudefault: 0.0001
gradaccumax: 0.001
pcmset: None
pcmstate: None
iterations: [200, 100]
cholesky_accu: 0.0001
rasscf_thrs: [1e-08, 0.0001, 0.0001]

Scheduling: 

Control: 
jobid: None
workdir: None
master: False
gradonly: False
densonly: False
states_to_do: [4, 0, 3]
jobs: None
nslots_pool: []

Starting job execution
['gateway']
['seward']
['copy', '/project/lgagliardi/helenclifford/practice_rcc/sharc4/methaniminium/init_vertical/ICOND_00008/SAVE/MOLCAS.1.JobIph.0', 'JOBOLD']
['rasscf', 1, 4, True, False]
['copy', 'MOLCAS.rasscf.h5', 'MOLCAS.1.rasscf.h5']
['copy', 'MOLCAS.JobIph', 'MOLCAS.1.JobIph']
['copy', '/project/lgagliardi/helenclifford/practice_rcc/sharc4/methaniminium/init_vertical/ICOND_00008/SAVE/MOLCAS.3.JobIph.0', 'JOBOLD']
['rasscf', 3, 3, True, False]
['copy', 'MOLCAS.rasscf.h5', 'MOLCAS.3.rasscf.h5']
['copy', 'MOLCAS.JobIph', 'MOLCAS.3.JobIph']
['link', 'MOLCAS.1.JobIph', 'JOB001']
['rassi', 'dm', [4]]
['copy', 'MOLCAS.rassi.h5', 'MOLCAS.rassi.1.h5']
['link', 'MOLCAS.3.JobIph', 'JOB001']
['rassi', 'dm', [3]]
['copy', 'MOLCAS.rassi.h5', 'MOLCAS.rassi.3.h5']
['copy', '/project/lgagliardi/helenclifford/practice_rcc/sharc4/methaniminium/init_vertical/ICOND_00008/SAVE/MOLCAS.1.JobIph.0', 'JOB001']
['link', 'MOLCAS.1.JobIph', 'JOB002']
['rassi', 'overlap', [4, 4]]
['copy', 'MOLCAS.rassi.h5', 'MOLCAS.rassi.ovlp.1.h5']
['copy', '/project/lgagliardi/helenclifford/practice_rcc/sharc4/methaniminium/init_vertical/ICOND_00008/SAVE/MOLCAS.3.JobIph.0', 'JOB001']
['link', 'MOLCAS.3.JobIph', 'JOB002']
['rassi', 'overlap', [3, 3]]
['copy', 'MOLCAS.rassi.h5', 'MOLCAS.rassi.ovlp.3.h5']
['link', 'MOLCAS.1.JobIph', 'JOB001']
['link', 'MOLCAS.3.JobIph', 'JOB002']
['rassi', 'soc', [4, 3]]
All jobs finished:
job: master          code: 0    runtime: 0:00:18.227590

===> Results:

=> Hamiltonian Matrix:
Diagonal Shift:    -94.00
Real Part:
---------------------------------------------------------------------------------------------------------------------------------------------------
|-3.387e-01                                  | 1.087e-06 -4.554e-06  3.050e-06 |                                 | 1.087e-06 -4.554e-06  3.050e-06 |
|           -3.559e-02                       |-1.936e-07 -6.697e-08 -1.370e-05 |                                 |-1.936e-07 -6.697e-08 -1.370e-05 |
|                       6.887e-02            |-1.220e-06  1.912e-06 -1.673e-06 |                                 |-1.220e-06  1.912e-06 -1.673e-06 |
|                                  1.066e-01 |-2.986e-06  3.521e-06  5.819e-06 |                                 |-2.986e-06  3.521e-06  5.819e-06 |
---------------------------------------------------------------------------------------------------------------------------------------------------
| 1.087e-06 -1.936e-07 -1.220e-06 -2.986e-06 |-1.388e-01                       | 2.117e-23  2.200e-07  5.517e-06 |                                 |
|-4.554e-06 -6.697e-08  1.912e-06  3.521e-06 |           -4.516e-02            |-2.200e-07  2.203e-22 -1.218e-05 |                                 |
| 3.050e-06 -1.370e-05 -1.673e-06  5.819e-06 |                       9.325e-02 |-5.517e-06  1.218e-05  2.578e-21 |                                 |
---------------------------------------------------------------------------------------------------------------------------------------------------
|                                            |-2.117e-23 -2.200e-07 -5.517e-06 |-1.388e-01                       | 2.117e-23  2.200e-07  5.517e-06 |
|                                            | 2.200e-07 -2.203e-22  1.218e-05 |           -4.516e-02            |-2.200e-07  2.203e-22 -1.218e-05 |
|                                            | 5.517e-06 -1.218e-05 -2.578e-21 |                       9.325e-02 |-5.517e-06  1.218e-05  2.578e-21 |
---------------------------------------------------------------------------------------------------------------------------------------------------
| 1.087e-06 -1.936e-07 -1.220e-06 -2.986e-06 |                                 |-2.117e-23 -2.200e-07 -5.517e-06 |-1.388e-01                       |
|-4.554e-06 -6.697e-08  1.912e-06  3.521e-06 |                                 | 2.200e-07 -2.203e-22  1.218e-05 |           -4.516e-02            |
| 3.050e-06 -1.370e-05 -1.673e-06  5.819e-06 |                                 | 5.517e-06 -1.218e-05 -2.578e-21 |                       9.325e-02 |
---------------------------------------------------------------------------------------------------------------------------------------------------

Imaginary Part:
---------------------------------------------------------------------------------------------------------------------------------------------------
|                                            | 3.919e-06  7.185e-07  2.872e-05 |-1.526e-05  9.119e-05 -4.329e-05 |-3.919e-06 -7.185e-07 -2.872e-05 |
|                                            | 1.326e-06 -1.665e-07 -1.948e-06 |-3.410e-05 -9.049e-06  6.898e-06 |-1.326e-06  1.665e-07  1.948e-06 |
|                                            |-3.821e-06  1.494e-06  7.993e-06 | 1.205e-05  2.119e-05 -3.963e-05 | 3.821e-06 -1.494e-06 -7.993e-06 |
|                                            |-5.670e-06 -8.982e-07 -2.225e-06 | 9.442e-05  9.472e-06  7.132e-06 | 5.670e-06  8.982e-07  2.225e-06 |
---------------------------------------------------------------------------------------------------------------------------------------------------
|-3.919e-06 -1.326e-06  3.821e-06  5.670e-06 |            3.276e-05 -9.171e-05 | 7.769e-22  3.039e-06 -1.527e-05 |                                 |
|-7.185e-07  1.665e-07 -1.494e-06  8.982e-07 |-3.276e-05            -1.563e-05 |-3.039e-06 -7.770e-23 -3.429e-06 |                                 |
|-2.872e-05  1.948e-06 -7.993e-06  2.225e-06 | 9.171e-05  1.563e-05            | 1.527e-05  3.429e-06  2.732e-22 |                                 |
---------------------------------------------------------------------------------------------------------------------------------------------------
| 1.526e-05  3.410e-05 -1.205e-05 -9.442e-05 | 7.769e-22  3.039e-06 -1.527e-05 |                                 | 7.769e-22  3.039e-06 -1.527e-05 |
|-9.119e-05  9.049e-06 -2.119e-05 -9.472e-06 |-3.039e-06 -7.770e-23 -3.429e-06 |                                 |-3.039e-06 -7.770e-23 -3.429e-06 |
| 4.329e-05 -6.898e-06  3.963e-05 -7.132e-06 | 1.527e-05  3.429e-06  2.732e-22 |                                 | 1.527e-05  3.429e-06  2.732e-22 |
---------------------------------------------------------------------------------------------------------------------------------------------------
| 3.919e-06  1.326e-06 -3.821e-06 -5.670e-06 |                                 | 7.769e-22  3.039e-06 -1.527e-05 |           -3.276e-05  9.171e-05 |
| 7.185e-07 -1.665e-07  1.494e-06 -8.982e-07 |                                 |-3.039e-06 -7.770e-23 -3.429e-06 | 3.276e-05             1.563e-05 |
| 2.872e-05 -1.948e-06  7.993e-06 -2.225e-06 |                                 | 1.527e-05  3.429e-06  2.732e-22 |-9.171e-05 -1.563e-05            |
---------------------------------------------------------------------------------------------------------------------------------------------------


=> Dipole Moment Matrices:

Polarisation X:
Real Part:
---------------------------------------------------------------------------------------------------------------------------------------------------
|-3.873e-02  7.584e-03 -2.314e-02  1.667e-02 |                                 |                                 |                                 |
| 7.584e-03 -1.817e-01 -3.398e-02  3.823e-02 |                                 |                                 |                                 |
|-2.314e-02 -3.398e-02 -6.982e-02 -4.038e-02 |                                 |                                 |                                 |
| 1.667e-02  3.823e-02 -4.038e-02 -2.509e-01 |                                 |                                 |                                 |
---------------------------------------------------------------------------------------------------------------------------------------------------
|                                            |-2.048e-02 -2.751e-02 -2.166e-02 |                                 |                                 |
|                                            |-2.751e-02 -2.336e-01 -3.546e-02 |                                 |                                 |
|                                            |-2.166e-02 -3.546e-02 -4.010e-01 |                                 |                                 |
---------------------------------------------------------------------------------------------------------------------------------------------------
|                                            |                                 |-2.048e-02 -2.751e-02 -2.166e-02 |                                 |
|                                            |                                 |-2.751e-02 -2.336e-01 -3.546e-02 |                                 |
|                                            |                                 |-2.166e-02 -3.546e-02 -4.010e-01 |                                 |
---------------------------------------------------------------------------------------------------------------------------------------------------
|                                            |                                 |                                 |-2.048e-02 -2.751e-02 -2.166e-02 |
|                                            |                                 |                                 |-2.751e-02 -2.336e-01 -3.546e-02 |
|                                            |                                 |                                 |-2.166e-02 -3.546e-02 -4.010e-01 |
---------------------------------------------------------------------------------------------------------------------------------------------------

Polarisation Y:
Real Part:
---------------------------------------------------------------------------------------------------------------------------------------------------
| 7.242e-02  2.620e-02 -2.166e-01  9.078e-02 |                                 |                                 |                                 |
| 2.620e-02 -1.193e-01 -8.420e-02 -1.175e-01 |                                 |                                 |                                 |
|-2.166e-01 -8.420e-02  8.069e-02 -4.698e-02 |                                 |                                 |                                 |
| 9.078e-02 -1.175e-01 -4.698e-02 -1.191e-01 |                                 |                                 |                                 |
---------------------------------------------------------------------------------------------------------------------------------------------------
|                                            |-4.946e-02 -4.051e-03  7.723e-02 |                                 |                                 |
|                                            |-4.051e-03 -1.140e-01 -1.073e-01 |                                 |                                 |
|                                            | 7.723e-02 -1.073e-01 -7.756e-02 |                                 |                                 |
---------------------------------------------------------------------------------------------------------------------------------------------------
|                                            |                                 |-4.946e-02 -4.051e-03  7.723e-02 |                                 |
|                                            |                                 |-4.051e-03 -1.140e-01 -1.073e-01 |                                 |
|                                            |                                 | 7.723e-02 -1.073e-01 -7.756e-02 |                                 |
---------------------------------------------------------------------------------------------------------------------------------------------------
|                                            |                                 |                                 |-4.946e-02 -4.051e-03  7.723e-02 |
|                                            |                                 |                                 |-4.051e-03 -1.140e-01 -1.073e-01 |
|                                            |                                 |                                 | 7.723e-02 -1.073e-01 -7.756e-02 |
---------------------------------------------------------------------------------------------------------------------------------------------------

Polarisation Z:
Real Part:
---------------------------------------------------------------------------------------------------------------------------------------------------
| 4.292e-01 -1.166e-01  1.331e+00 -3.468e-01 |                                 |                                 |                                 |
|-1.166e-01  3.675e-01 -1.173e-01 -7.912e-01 |                                 |                                 |                                 |
| 1.331e+00 -1.173e-01  1.881e-02  1.831e-01 |                                 |                                 |                                 |
|-3.468e-01 -7.912e-01  1.831e-01  1.214e+00 |                                 |                                 |                                 |
---------------------------------------------------------------------------------------------------------------------------------------------------
|                                            | 1.185e+00  1.599e-01  1.128e-01 |                                 |                                 |
|                                            | 1.599e-01  2.978e-01 -8.447e-01 |                                 |                                 |
|                                            | 1.128e-01 -8.447e-01  1.129e+00 |                                 |                                 |
---------------------------------------------------------------------------------------------------------------------------------------------------
|                                            |                                 | 1.185e+00  1.599e-01  1.128e-01 |                                 |
|                                            |                                 | 1.599e-01  2.978e-01 -8.447e-01 |                                 |
|                                            |                                 | 1.128e-01 -8.447e-01  1.129e+00 |                                 |
---------------------------------------------------------------------------------------------------------------------------------------------------
|                                            |                                 |                                 | 1.185e+00  1.599e-01  1.128e-01 |
|                                            |                                 |                                 | 1.599e-01  2.978e-01 -8.447e-01 |
|                                            |                                 |                                 | 1.128e-01 -8.447e-01  1.129e+00 |
---------------------------------------------------------------------------------------------------------------------------------------------------


=> Overlap matrix:

Real Part:
---------------------------------------------------------------------------------------------------------------------------------------------------
| 9.332e-01 -2.895e-03 -4.205e-02 -1.661e-02 |                                 |                                 |                                 |
| 3.627e-02  8.788e-01  1.683e-01  2.348e-01 |                                 |                                 |                                 |
| 3.602e-02 -1.304e-01  8.690e-01 -2.253e-01 |                                 |                                 |                                 |
|-5.591e-02 -8.260e-03  6.181e-02  1.104e-01 |                                 |                                 |                                 |
---------------------------------------------------------------------------------------------------------------------------------------------------
|                                            | 8.937e-01  1.792e-01 -2.757e-02 |                                 |                                 |
|                                            |-1.951e-01  8.804e-01  2.016e-01 |                                 |                                 |
|                                            | 3.434e-02  9.664e-03  3.096e-01 |                                 |                                 |
---------------------------------------------------------------------------------------------------------------------------------------------------
|                                            |                                 | 8.937e-01  1.792e-01 -2.757e-02 |                                 |
|                                            |                                 |-1.951e-01  8.804e-01  2.016e-01 |                                 |
|                                            |                                 | 3.434e-02  9.664e-03  3.096e-01 |                                 |
---------------------------------------------------------------------------------------------------------------------------------------------------
|                                            |                                 |                                 | 8.937e-01  1.792e-01 -2.757e-02 |
|                                            |                                 |                                 |-1.951e-01  8.804e-01  2.016e-01 |
|                                            |                                 |                                 | 3.434e-02  9.664e-03  3.096e-01 |
---------------------------------------------------------------------------------------------------------------------------------------------------



==> Runtime:	0 Days	0 Hours	0 Minutes	20.049728 Seconds


===> Writing output to file QM.out in SHARC Format

