2026-07-22 14:19:49.857335 midway3-0561.rcc.local /project/lgagliardi/helenclifford/practice_rcc/sharc4/methaniminium/init_vertical/ICOND_00012
  ============================================================================
||                                                                            ||
||                         SHARC - MOLCAS - Interface                         ||
||                                                                            ||
||       Authors: Sascha Mausenberger, Lorenz Grünewald, Sebastian Mai        ||
||                                                                            ||
||                                Version: 4.0                                ||
||                              Date: 29.08.2023                              ||
||                                                                            ||
  ============================================================================
SAVEDIR set to ./SAVE/
Found env variable ncpu=1, resources["ncpu"] set to 1
Scratchdir set to /scratch/midway3/helenclifford/sharc_scratch/methaniminium/init_vertical/ICOND_00012
WARNING: 'no-douglas-kroll' not in template keywords: paddingstates, density_calculation_methods, tCI, basis, baslib, basis_per_element, basis_per_atom, nactel, ras1, ras2, ras3, inactive, roots, origin, origin_pos, isotope_elements, isotope_masses, method, functional, ipea, cort_or_dort, imaginary, frozen, gradaccudefault, gradaccumax, pcmset, pcmstate, iterations, cholesky_accu, rasscf_thrs
WARNING: 'cholesky' not in template keywords: paddingstates, density_calculation_methods, tCI, basis, baslib, basis_per_element, basis_per_atom, nactel, ras1, ras2, ras3, inactive, roots, origin, origin_pos, isotope_elements, isotope_masses, method, functional, ipea, cort_or_dort, imaginary, frozen, gradaccudefault, gradaccumax, pcmset, pcmstate, iterations, cholesky_accu, rasscf_thrs
paddingstates not specified setting default, [0, 0, 0]
Interface: 

Molecule: 
comment: Initial condition ICOND_00012/

natom: 6
elements: ['C', 'N', 'H', 'H', 'H', 'H']
unit: bohr
factor: 1.0
states: [4, 0, 3]
charge: [1, 1, 1]
nstates: 7
nmstates: 13
point_charges: False
npc: 0
Atomcharge: 17
frozcore: 2
Ubasis: [[      0.0       0.0]
 [      0.0       0.0]]
mol: None

Coords: 
coords: [[-0.01574156  0.04031382  0.1066129]
 [ 0.04294422 -0.01758769  2.375561]
 [ 1.744581 -0.1756243 -0.443367]
 [ 1.390824  0.05940626  3.564692]
 [-1.684821  0.01986077   3.46536]
 [-1.859834 -0.139283 -0.6678178]]
pccoords: None
pccharge: None
veloc: None

Save: 
savedir: /project/lgagliardi/helenclifford/practice_rcc/sharc4/methaniminium/init_vertical/ICOND_00012/SAVE
step: 1
previous_step: None
init: False
newstep: True
samestep: False
always_guess: False
always_orb_init: False
restart: False

Requests: 
h: True
soc: True
dm: True
mdeqm: False
grad: None
nacdr: None
overlap: True
phases: False
ion: False
socdr: False
dmdr: False
multipolar_fit: None
theodore: False
cleanup: False
retain: 5
molden: False
savestuff: False
nooverlap: False
mol: False
density_matrices: None
dyson_orbitals: None

Maps: 
statemap: {1: [1, 1, 0.0], 2: [1, 2, 0.0], 3: [1, 3, 0.0], 4: [1, 4, 0.0], 5: [3, 1, -1.0], 6: [3, 2, -1.0], 7: [3, 3, -1.0], 8: [3, 1, 0.0], 9: [3, 2, 0.0], 10: [3, 3, 0.0], 11: [3, 1, 1.0], 12: [3, 2, 1.0], 13: [3, 3, 1.0]}
mults: None
gsmap: None
gradmap: None
nacmap: None
densmap: None
ionmap: None
chargemap: {1: 1, 2: 1, 3: 1}
multmap: {0: (0, 0, 0), 1: (0, 0, 1), 2: (0, 0, 2), 3: (0, 0, 3), 4: (2, 1.0, 0), 5: (2, 0.0, 0), 6: (2, -1.0, 0), 7: (2, 1.0, 1), 8: (2, 0.0, 1), 9: (2, -1.0, 1), 10: (2, 1.0, 2), 11: (2, 0.0, 2), 12: (2, -1.0, 2)}

Resources: 
pwd: /project/lgagliardi/helenclifford/practice_rcc/sharc4/methaniminium/init_vertical/ICOND_00012
cwd: /project/lgagliardi/helenclifford/practice_rcc/sharc4/methaniminium/init_vertical/ICOND_00012
scratchdir: /scratch/midway3/helenclifford/sharc_scratch/methaniminium/init_vertical/ICOND_00012
ncpu: 1
ngpu: None
memory: 2000
delay: 0.0
theodir: None
theodore_prop: []
theodore_fragment: []
wfoverlap: /home/helenclifford/project-lgagliardi/practice_rcc/sharc4/bin/wfoverlap.x
wfthres: 0.998
wfnumocc: None
resp_shells: []
resp_vdw_radii_symbol: {}
resp_vdw_radii: []
resp_betas: [0.0005, 0.0015, 0.003]
resp_layers: 4
resp_first_layer: 1.4
resp_density: 10.0
resp_fit_order: 2
resp_mk_radii: True
resp_grid: lebedev
resp_target: zero
resp_block_size: 5000
resp_nuke_ram: False
molcas: /project/lgagliardi/shared/Apps/OpenMolcas/builds/parallel
mpi_parallel: False
dry_run: False
driver: /project/lgagliardi/shared/Apps/OpenMolcas/builds/parallel/pymolcas

Template: 
paddingstates: [0, 0, 0]
density_calculation_methods: []
tCI: 1e-07
basis: 6-31g
baslib: None
basis_per_element: None
basis_per_atom: None
nactel: [7, 0, 0]
ras1: None
ras2: 4
ras3: None
inactive: 5
roots: [4, 0, 3]
origin: none
origin_pos: [0.0, 0.0, 0.0]
isotope_elements: []
isotope_masses: []
method: casscf
functional: t:pbe
ipea: 0.25
cort_or_dort: CORT
imaginary: 0.0
frozen: None
gradaccudefault: 0.0001
gradaccumax: 0.001
pcmset: None
pcmstate: None
iterations: [200, 100]
cholesky_accu: 0.0001
rasscf_thrs: [1e-08, 0.0001, 0.0001]

Scheduling: 

Control: 
jobid: None
workdir: None
master: False
gradonly: False
densonly: False
states_to_do: [4, 0, 3]
jobs: None
nslots_pool: []

Starting job execution
['gateway']
['seward']
['copy', '/project/lgagliardi/helenclifford/practice_rcc/sharc4/methaniminium/init_vertical/ICOND_00012/SAVE/MOLCAS.1.JobIph.0', 'JOBOLD']
['rasscf', 1, 4, True, False]
['copy', 'MOLCAS.rasscf.h5', 'MOLCAS.1.rasscf.h5']
['copy', 'MOLCAS.JobIph', 'MOLCAS.1.JobIph']
['copy', '/project/lgagliardi/helenclifford/practice_rcc/sharc4/methaniminium/init_vertical/ICOND_00012/SAVE/MOLCAS.3.JobIph.0', 'JOBOLD']
['rasscf', 3, 3, True, False]
['copy', 'MOLCAS.rasscf.h5', 'MOLCAS.3.rasscf.h5']
['copy', 'MOLCAS.JobIph', 'MOLCAS.3.JobIph']
['link', 'MOLCAS.1.JobIph', 'JOB001']
['rassi', 'dm', [4]]
['copy', 'MOLCAS.rassi.h5', 'MOLCAS.rassi.1.h5']
['link', 'MOLCAS.3.JobIph', 'JOB001']
['rassi', 'dm', [3]]
['copy', 'MOLCAS.rassi.h5', 'MOLCAS.rassi.3.h5']
['copy', '/project/lgagliardi/helenclifford/practice_rcc/sharc4/methaniminium/init_vertical/ICOND_00012/SAVE/MOLCAS.1.JobIph.0', 'JOB001']
['link', 'MOLCAS.1.JobIph', 'JOB002']
['rassi', 'overlap', [4, 4]]
['copy', 'MOLCAS.rassi.h5', 'MOLCAS.rassi.ovlp.1.h5']
['copy', '/project/lgagliardi/helenclifford/practice_rcc/sharc4/methaniminium/init_vertical/ICOND_00012/SAVE/MOLCAS.3.JobIph.0', 'JOB001']
['link', 'MOLCAS.3.JobIph', 'JOB002']
['rassi', 'overlap', [3, 3]]
['copy', 'MOLCAS.rassi.h5', 'MOLCAS.rassi.ovlp.3.h5']
['link', 'MOLCAS.1.JobIph', 'JOB001']
['link', 'MOLCAS.3.JobIph', 'JOB002']
['rassi', 'soc', [4, 3]]
All jobs finished:
job: master          code: 0    runtime: 0:00:16.707625

===> Results:

=> Hamiltonian Matrix:
Diagonal Shift:    -94.00
Real Part:
---------------------------------------------------------------------------------------------------------------------------------------------------
|-3.225e-01                                  | 9.674e-08 -2.031e-06  2.158e-07 |                                 | 9.674e-08 -2.031e-06  2.158e-07 |
|            3.991e-02                       |-1.412e-06 -2.646e-07  3.793e-05 |                                 |-1.412e-06 -2.646e-07  3.793e-05 |
|                       1.210e-01            |-1.083e-07  3.943e-07  2.305e-06 |                                 |-1.083e-07  3.943e-07  2.305e-06 |
|                                  1.434e-01 |-2.386e-06  3.806e-05 -2.190e-06 |                                 |-2.386e-06  3.806e-05 -2.190e-06 |
---------------------------------------------------------------------------------------------------------------------------------------------------
| 9.674e-08 -1.412e-06 -1.083e-07 -2.386e-06 |-8.306e-02                       |-1.564e-23  1.437e-06 -2.309e-06 |                                 |
|-2.031e-06 -2.646e-07  3.943e-07  3.806e-05 |            1.839e-02            |-1.437e-06 -9.798e-22  3.821e-05 |                                 |
| 2.158e-07  3.793e-05  2.305e-06 -2.190e-06 |                       9.706e-02 | 2.309e-06 -3.821e-05 -3.497e-22 |                                 |
---------------------------------------------------------------------------------------------------------------------------------------------------
|                                            | 1.564e-23 -1.437e-06  2.309e-06 |-8.306e-02                       |-1.564e-23  1.437e-06 -2.309e-06 |
|                                            | 1.437e-06  9.798e-22 -3.821e-05 |            1.839e-02            |-1.437e-06 -9.798e-22  3.821e-05 |
|                                            |-2.309e-06  3.821e-05  3.497e-22 |                       9.706e-02 | 2.309e-06 -3.821e-05 -3.497e-22 |
---------------------------------------------------------------------------------------------------------------------------------------------------
| 9.674e-08 -1.412e-06 -1.083e-07 -2.386e-06 |                                 | 1.564e-23 -1.437e-06  2.309e-06 |-8.306e-02                       |
|-2.031e-06 -2.646e-07  3.943e-07  3.806e-05 |                                 | 1.437e-06  9.798e-22 -3.821e-05 |            1.839e-02            |
| 2.158e-07  3.793e-05  2.305e-06 -2.190e-06 |                                 |-2.309e-06  3.821e-05  3.497e-22 |                       9.706e-02 |
---------------------------------------------------------------------------------------------------------------------------------------------------

Imaginary Part:
---------------------------------------------------------------------------------------------------------------------------------------------------
|                                            | 3.248e-06 -1.780e-05 -7.387e-05 |-3.829e-06  9.746e-05 -8.569e-06 |-3.248e-06  1.780e-05  7.387e-05 |
|                                            | 1.409e-05  3.673e-07  1.894e-06 |-4.200e-05 -3.154e-06 -3.765e-07 |-1.409e-05 -3.673e-07 -1.894e-06 |
|                                            | 8.789e-07 -3.642e-06 -2.011e-05 |-4.415e-06  2.186e-05  2.694e-06 |-8.789e-07  3.642e-06  2.011e-05 |
|                                            |-3.417e-05 -1.171e-06 -6.702e-08 | 2.735e-05  1.699e-07  1.733e-06 | 3.417e-05  1.171e-06  6.702e-08 |
---------------------------------------------------------------------------------------------------------------------------------------------------
|-3.248e-06 -1.409e-05 -8.789e-07  3.417e-05 |            4.026e-05  1.019e-05 | 9.006e-22  1.125e-05  2.926e-05 |                                 |
| 1.780e-05 -3.673e-07  3.642e-06  1.171e-06 |-4.026e-05             2.214e-07 |-1.125e-05 -2.468e-22  9.965e-07 |                                 |
| 7.387e-05 -1.894e-06  2.011e-05  6.702e-08 |-1.019e-05 -2.214e-07            |-2.926e-05 -9.965e-07  1.565e-22 |                                 |
---------------------------------------------------------------------------------------------------------------------------------------------------
| 3.829e-06  4.200e-05  4.415e-06 -2.735e-05 | 9.006e-22  1.125e-05  2.926e-05 |                                 | 9.006e-22  1.125e-05  2.926e-05 |
|-9.746e-05  3.154e-06 -2.186e-05 -1.699e-07 |-1.125e-05 -2.468e-22  9.965e-07 |                                 |-1.125e-05 -2.468e-22  9.965e-07 |
| 8.569e-06  3.765e-07 -2.694e-06 -1.733e-06 |-2.926e-05 -9.965e-07  1.565e-22 |                                 |-2.926e-05 -9.965e-07  1.565e-22 |
---------------------------------------------------------------------------------------------------------------------------------------------------
| 3.248e-06  1.409e-05  8.789e-07 -3.417e-05 |                                 | 9.006e-22  1.125e-05  2.926e-05 |           -4.026e-05 -1.019e-05 |
|-1.780e-05  3.673e-07 -3.642e-06 -1.171e-06 |                                 |-1.125e-05 -2.468e-22  9.965e-07 | 4.026e-05            -2.214e-07 |
|-7.387e-05  1.894e-06 -2.011e-05 -6.702e-08 |                                 |-2.926e-05 -9.965e-07  1.565e-22 | 1.019e-05  2.214e-07            |
---------------------------------------------------------------------------------------------------------------------------------------------------


=> Dipole Moment Matrices:

Polarisation X:
Real Part:
---------------------------------------------------------------------------------------------------------------------------------------------------
|-8.179e-02 -2.188e-02  3.464e-02 -1.477e-02 |                                 |                                 |                                 |
|-2.188e-02 -2.667e-01 -1.904e-02 -3.315e-01 |                                 |                                 |                                 |
| 3.464e-02 -1.904e-02 -9.224e-02 -1.232e-02 |                                 |                                 |                                 |
|-1.477e-02 -3.315e-01 -1.232e-02 -5.377e-01 |                                 |                                 |                                 |
---------------------------------------------------------------------------------------------------------------------------------------------------
|                                            |-6.607e-02 -4.831e-02 -5.450e-03 |                                 |                                 |
|                                            |-4.831e-02 -2.193e-01  4.883e-01 |                                 |                                 |
|                                            |-5.450e-03  4.883e-01 -4.541e-01 |                                 |                                 |
---------------------------------------------------------------------------------------------------------------------------------------------------
|                                            |                                 |-6.607e-02 -4.831e-02 -5.450e-03 |                                 |
|                                            |                                 |-4.831e-02 -2.193e-01  4.883e-01 |                                 |
|                                            |                                 |-5.450e-03  4.883e-01 -4.541e-01 |                                 |
---------------------------------------------------------------------------------------------------------------------------------------------------
|                                            |                                 |                                 |-6.607e-02 -4.831e-02 -5.450e-03 |
|                                            |                                 |                                 |-4.831e-02 -2.193e-01  4.883e-01 |
|                                            |                                 |                                 |-5.450e-03  4.883e-01 -4.541e-01 |
---------------------------------------------------------------------------------------------------------------------------------------------------

Polarisation Y:
Real Part:
---------------------------------------------------------------------------------------------------------------------------------------------------
| 1.476e-02 -5.502e-02 -1.353e-01 -3.376e-01 |                                 |                                 |                                 |
|-5.502e-02 -9.635e-02 -3.433e-02 -3.259e-02 |                                 |                                 |                                 |
|-1.353e-01 -3.433e-02  9.208e-03  1.277e-01 |                                 |                                 |                                 |
|-3.376e-01 -3.259e-02  1.277e-01 -1.068e-01 |                                 |                                 |                                 |
---------------------------------------------------------------------------------------------------------------------------------------------------
|                                            |-4.958e-02 -1.186e-03 -1.354e-01 |                                 |                                 |
|                                            |-1.186e-03 -8.637e-02  4.675e-03 |                                 |                                 |
|                                            |-1.354e-01  4.675e-03 -1.354e-01 |                                 |                                 |
---------------------------------------------------------------------------------------------------------------------------------------------------
|                                            |                                 |-4.958e-02 -1.186e-03 -1.354e-01 |                                 |
|                                            |                                 |-1.186e-03 -8.637e-02  4.675e-03 |                                 |
|                                            |                                 |-1.354e-01  4.675e-03 -1.354e-01 |                                 |
---------------------------------------------------------------------------------------------------------------------------------------------------
|                                            |                                 |                                 |-4.958e-02 -1.186e-03 -1.354e-01 |
|                                            |                                 |                                 |-1.186e-03 -8.637e-02  4.675e-03 |
|                                            |                                 |                                 |-1.354e-01  4.675e-03 -1.354e-01 |
---------------------------------------------------------------------------------------------------------------------------------------------------

Polarisation Z:
Real Part:
---------------------------------------------------------------------------------------------------------------------------------------------------
| 4.482e-01 -9.152e-02  1.364e+00  3.169e-02 |                                 |                                 |                                 |
|-9.152e-02  5.513e-01  4.281e-02 -3.498e-01 |                                 |                                 |                                 |
| 1.364e+00  4.281e-02  1.843e-01 -5.663e-02 |                                 |                                 |                                 |
| 3.169e-02 -3.498e-01 -5.663e-02  1.913e-01 |                                 |                                 |                                 |
---------------------------------------------------------------------------------------------------------------------------------------------------
|                                            | 1.275e+00  3.823e-02  8.651e-02 |                                 |                                 |
|                                            | 3.823e-02  4.783e-01  1.997e-01 |                                 |                                 |
|                                            | 8.651e-02  1.997e-01 -1.233e-01 |                                 |                                 |
---------------------------------------------------------------------------------------------------------------------------------------------------
|                                            |                                 | 1.275e+00  3.823e-02  8.651e-02 |                                 |
|                                            |                                 | 3.823e-02  4.783e-01  1.997e-01 |                                 |
|                                            |                                 | 8.651e-02  1.997e-01 -1.233e-01 |                                 |
---------------------------------------------------------------------------------------------------------------------------------------------------
|                                            |                                 |                                 | 1.275e+00  3.823e-02  8.651e-02 |
|                                            |                                 |                                 | 3.823e-02  4.783e-01  1.997e-01 |
|                                            |                                 |                                 | 8.651e-02  1.997e-01 -1.233e-01 |
---------------------------------------------------------------------------------------------------------------------------------------------------


=> Overlap matrix:

Real Part:
---------------------------------------------------------------------------------------------------------------------------------------------------
| 1.003e+00 -4.743e-03 -1.427e-02  1.395e-02 |                                 |                                 |                                 |
| 1.268e-02  8.904e-01  4.590e-02  2.594e-01 |                                 |                                 |                                 |
| 1.743e-02 -5.419e-02  9.443e-01 -3.000e-03 |                                 |                                 |                                 |
|-2.507e-02 -2.010e-01  5.322e-03  8.866e-01 |                                 |                                 |                                 |
---------------------------------------------------------------------------------------------------------------------------------------------------
|                                            | 9.603e-01  4.517e-02  5.914e-02 |                                 |                                 |
|                                            |-4.415e-02  9.167e-01 -1.913e-01 |                                 |                                 |
|                                            | 6.478e-02 -1.893e-01 -9.356e-01 |                                 |                                 |
---------------------------------------------------------------------------------------------------------------------------------------------------
|                                            |                                 | 9.603e-01  4.517e-02  5.914e-02 |                                 |
|                                            |                                 |-4.415e-02  9.167e-01 -1.913e-01 |                                 |
|                                            |                                 | 6.478e-02 -1.893e-01 -9.356e-01 |                                 |
---------------------------------------------------------------------------------------------------------------------------------------------------
|                                            |                                 |                                 | 9.603e-01  4.517e-02  5.914e-02 |
|                                            |                                 |                                 |-4.415e-02  9.167e-01 -1.913e-01 |
|                                            |                                 |                                 | 6.478e-02 -1.893e-01 -9.356e-01 |
---------------------------------------------------------------------------------------------------------------------------------------------------



==> Runtime:	0 Days	0 Hours	0 Minutes	18.456625 Seconds


===> Writing output to file QM.out in SHARC Format

