#===============================================================================================================================================================================
#     Step |         Time |         State |                                     Energy |      Angular |     Gradient |      Density |           Expectation Value |    Runtime |
#          |              |  diag |   MCH |          kin |          pot |          tot |     Momentum |          RMS |        Total |           DM |            S |            |
#          |         [fs] |       |       |         [eV] |         [eV] |         [eV] |       [hbar] |     [eV/Ang] |              |      [Debye] |              |      [sec] |
#===============================================================================================================================================================================
         0         0.0000       9       3       0.476883      11.130349      11.607232       0.000260       5.335420       1.000000       0.499992       0.000005           73
         1         0.5000       9       3       0.631579      10.967031      11.598611       0.000320       5.115073       1.000000       0.499750       0.000005           58
         2         1.0000       9       3       0.877745      10.716314      11.594058       0.000425       4.863656       1.000000       0.507033       0.000006           58
         3         1.5000       9       3       1.131247      10.463043      11.594290       0.000369       4.613739       1.000000       0.531572       0.000006           69
         4         2.0000       9       3       1.370544      10.223751      11.594295       0.000405       4.260215       1.000000       0.583801       0.000006           63
         5         2.5000       9       3       1.585696      10.007678      11.593374       0.000763       3.829661       1.000000       0.673687       0.000007           66
# Surface Hop/Pointer State Switch: new state=      8 old state=      9 randnum=  0.191966367 gap= -0.251274 eV
         6         3.0000       8       2       1.745379       9.847995      11.593374       0.000966       3.374512       1.000000       0.892263       0.000012           55
         7         3.5000       8       2       1.829265       9.764558      11.593823       0.000984       3.095201       1.000000       1.070761       0.000051           60
         8         4.0000       8       2       1.896432       9.700145      11.596577       0.001028       2.997899       1.000000       1.245193       0.001411           65
# Surface Hop/Pointer State Switch: new state=      5 old state=      8 randnum=  0.870230816 gap= -0.057518 eV
         9         4.5000       5       2       1.981612       9.614965      11.596577       0.001087       3.005219       1.000000       1.424344       0.000361           59
        10         5.0000       5       2       2.117878       9.480422      11.598300       0.001028       2.972281       1.000000       1.593970       0.000102           89
        11         5.5000       5       2       2.351660       9.252763      11.604423       0.001042       2.875127       1.000000       1.728549       0.000042           59
        12         6.0000       5       2       2.632092       8.997957      11.630049       0.001101       2.310803       1.000000       1.825724       0.000026           60
        13         6.5000       5       2       2.854762       8.768343      11.623105       0.001177       1.689705       1.000000       2.032916       0.000016           90
        14         7.0000       5       2       2.946562       8.672088      11.618650       0.001303       1.420233       1.000000       2.245135       0.000011           65
        15         7.5000       5       2       2.862791       8.760030      11.622821       0.001382       2.185587       1.000000       2.459060       0.000008           65
        16         8.0000       5       2       2.687030       8.949508      11.636538       0.001409       3.269569       1.000000       2.670062       0.000006           74
        17         8.5000       5       2       2.612960       9.032298      11.645259       0.001412       3.797227       1.000000       2.872739       0.000005           58
        18         9.0000       5       2       2.752335       8.884480      11.636815       0.001393       3.415691       1.000000       3.062333       0.000004           65
        19         9.5000       5       2       2.999273       8.624755      11.624028       0.001346       2.462324       1.000000       3.235093       0.000004           62
        20        10.0000       5       2       3.170265       8.450017      11.620282       0.001320       1.606215       1.000000       3.390129       0.000003           60
        21        10.5000       5       2       3.184213       8.439785      11.623998       0.001338       1.358438       1.000000       3.531297       0.000003           59
        22        11.0000       5       2       3.072433       8.557299      11.629732       0.001360       1.568514       1.000000       3.663769       0.000003           70
        23        11.5000       5       2       2.908985       8.725383      11.634368       0.001398       1.805754       1.000000       3.789905       0.000003           59
        24        12.0000       5       2       2.759099       8.877600      11.636699       0.001403       1.914431       1.000000       3.905929       0.000003           64
        25        12.5000       5       2       2.658041       8.979259      11.637300       0.001362       1.910657       1.000000       3.995474       0.000003           67
        26        13.0000       5       2       2.619904       9.019697      11.639602       0.001400       1.906992       1.000000       3.999956       0.000004           55
        27        13.5000       5       2       2.501638       9.037341      11.538979       0.001247       3.152786       1.000000       3.248398       0.000008           60
# Surface Hop/Pointer State Switch: new state=      4 old state=      5 randnum=  0.087143522 gap= -0.863197 eV
        28        14.0000       4       1       2.786612       8.752367      11.538979       0.001191       1.894391       1.000000       3.844617       0.000010           59
        29        14.5000       4       1       2.847328       8.697424      11.544752       0.001199       1.939813       1.000000       3.915947       0.000016           61
        30        15.0000       4       1       2.962663       8.604482      11.567145       0.001210       2.067730       1.000000       3.989065       0.000032           62
# Surface Hop/Pointer State Switch: new state=      1 old state=      4 randnum=  0.745586006 gap= -0.056014 eV
        31        15.5000       1       1       3.386345       8.180800      11.567145       0.001288       1.981106       1.000000       4.313254       0.001840           63
        32        16.0000       1       1       3.366331       8.193893      11.560224       0.001290       1.803195       1.000000       4.583263       0.000129           61
        33        16.5000       1       1       3.216292       8.341495      11.557787       0.001222       2.014701       1.000000       4.821967       0.000047           62
        34        17.0000       1       1       2.914361       8.613183      11.527544       0.001302       2.823042       1.000000       5.134303       0.000024           65
        35        17.5000       1       1       2.577859       8.966904      11.544763       0.001309       3.639608       1.000000       5.353064       0.000016           64
        36        18.0000       1       1       2.420644       9.130462      11.551106       0.001325       3.875883       1.000000       5.555103       0.000011          110
        37        18.5000       1       1       2.528329       9.011697      11.540026       0.001273       3.332383       1.000000       5.739800       0.000008           64
        38        19.0000       1       1       2.759998       8.767721      11.527719       0.000952       2.500929       1.000000       5.912080       0.000006           63
        39        19.5000       1       1       2.930863       8.593759      11.524622       0.000751       2.006951       1.000000       6.080033       0.000005           62
        40        20.0000       1       1       2.964737       8.562201      11.526938       0.000602       1.985814       1.000000       6.250132       0.000004           61
        41        20.5000       1       1       2.874634       8.791238      11.665872       0.000574       2.239857       1.000000       5.956249       0.000004           65
        42        21.0000       1       1       2.711591       8.958218      11.669809       0.000648       2.534686       1.000000       6.076017       0.000004           57
        43        21.5000       1       1       2.539973       9.134152      11.674125       0.000737       2.836660       1.000000       6.189052       0.000004           66
        44        22.0000       1       1       2.425035       9.252453      11.677489       0.000894       3.034417       1.000000       6.292633       0.000004           71
        45        22.5000       1       1       2.414323       9.263301      11.677624       0.001010       3.012845       1.000000       6.384415       0.000004           64
        46        23.0000       1       1       2.508966       9.165555      11.674521       0.001020       2.760944       1.000000       6.461124       0.000004           64
        47        23.5000       1       1       2.664637       9.006376      11.671014       0.001060       2.406313       1.000000       6.520108       0.000004           66
        48        24.0000       1       1       2.828246       8.841385      11.669631       0.001168       2.133196       1.000000       6.565532       0.000005           56
        49        24.5000       1       1       2.972500       8.697759      11.670259       0.001116       2.021353       1.000000       6.606135       0.000005           67
        50        25.0000       1       1       3.097367       8.573563      11.670930       0.001126       1.976911       1.000000       6.649438       0.000006           65
        51        25.5000       1       1       3.205423       8.464313      11.669736       0.001262       1.858610       1.000000       6.699834       0.000008           69
        52        26.0000       1       1       3.276774       8.389445      11.666219       0.001335       1.611131       1.000000       6.757714       0.000011           59
        53        26.5000       1       1       3.264953       8.397332      11.662284       0.001320       1.393536       1.000000       6.818844       0.000018           61
        54        27.0000       1       1       3.127069       8.535432      11.662502       0.001257       1.671310       1.000000       6.873923       0.000039           61
        55        27.5000       1       1       2.884529       8.786167      11.670696       0.001365       2.448089       1.000000       6.909175       0.000325           67
# Surface Hop/Pointer State Switch: new state=      4 old state=      1 randnum=  0.733174011 gap=  0.045802 eV
        56        28.0000       4       1       2.646810       9.023886      11.670696       0.001408       3.101943       1.000000       6.909987       0.000592           66
        57        28.5000       4       1       2.568392       9.102404      11.670796       0.001422       3.145511       1.000000       6.869520       0.000163           65
        58        29.0000       4       1       2.643093       9.017886      11.660979       0.001402       2.584880       1.000000       6.791343       0.000150           70
        59        29.5000       4       1       2.746548       8.906849      11.653397       0.001383       1.872406       1.000000       6.690291       0.000157           61
        60        30.0000       4       1       2.766871       8.885579      11.652450       0.001343       1.523015       1.000000       6.583175       0.000149           84
        61        30.5000       4       1       2.677630       8.977592      11.655222       0.001369       1.674205       1.000000       6.481442       0.000123           68
        62        31.0000       4       1       2.514005       9.145260      11.659265       0.001459       2.049323       1.000000       6.390138       0.000092           86
        63        31.5000       4       1       2.337480       9.326301      11.663781       0.001638       2.432242       1.000000       6.310811       0.000065           56
        64        32.0000       4       1       2.217041       9.450545      11.667586       0.001862       2.693875       1.000000       6.243488       0.000045           63
        65        32.5000       4       1       2.208155       9.460441      11.668596       0.001997       2.731660       1.000000       6.186513       0.000031           89
        66        33.0000       4       1       2.324681       9.341166      11.665847       0.002043       2.509895       1.000000       6.136127       0.000021           67
        67        33.5000       4       1       2.527436       9.133567      11.661003       0.002168       2.101981       1.000000       6.087183       0.000015           60
        68        34.0000       4       1       2.746484       8.910360      11.656844       0.002402       1.682401       1.000000       6.034784       0.000011           63
        69        34.5000       4       1       2.919129       8.735728      11.654857       0.002606       1.465664       1.000000       5.975653       0.000008           60
        70        35.0000       4       1       3.012363       8.642183      11.654546       0.002647       1.522599       1.000000       5.908534       0.000006           62
        71        35.5000       4       1       3.018352       8.636110      11.654461       0.002571       1.700381       1.000000       5.833780       0.000005           68
        72        36.0000       4       1       2.937202       8.717069      11.654271       0.002493       1.891787       1.000000       5.752654       0.000004           65
        73        36.5000       4       1       2.774651       8.881382      11.656033       0.002435       2.147045       1.000000       5.666754       0.000003           75
        74        37.0000       4       1       2.566303       9.095165      11.661468       0.002410       2.482229       1.000000       5.577680       0.000003           61
        75        37.5000       4       1       2.390494       9.276517      11.667011       0.002414       2.709684       1.000000       5.487004       0.000002           57
        76        38.0000       4       1       2.319520       9.347220      11.666740       0.002397       2.632581       1.000000       5.396569       0.000002           58
        77        38.5000       4       1       2.351432       9.310167      11.661599       0.002326       2.315104       1.000000       5.308776       0.000002           68
        78        39.0000       4       1       2.419471       9.237976      11.657447       0.002236       2.033402       1.000000       5.226563       0.000002           60
        79        39.5000       4       1       2.461814       9.194872      11.656686       0.002200       1.964832       1.000000       5.153465       0.000002           60
        80        40.0000       4       1       2.458970       9.198891      11.657861       0.002214       2.039328       1.000000       5.093890       0.000002           60
        81        40.5000       4       1       2.421033       9.238149      11.659183       0.002238       2.135333       1.000000       5.052208       0.000001           64
        82        41.0000       4       1       2.364872       9.295357      11.660230       0.002253       2.222140       1.000000       5.029739       0.000002           64
        83        41.5000       4       1       2.306562       9.354924      11.661486       0.002280       2.318500       1.000000       5.023873       0.000002           64
        84        42.0000       4       1       2.265058       9.397942      11.663001       0.002323       2.416467       1.000000       5.031418       0.000002           66
        85        42.5000       4       1       2.262192       9.401914      11.664105       0.002467       2.471801       1.000000       5.051064       0.000002           59
        86        43.0000       4       1       2.313544       9.350460      11.664005       0.002504       2.440793       1.000000       5.083388       0.000002           74
        87        43.5000       4       1       2.417056       9.245326      11.662382       0.002567       2.308439       1.000000       5.130620       0.000002           56
        88        44.0000       4       1       2.549277       9.110738      11.660016       0.002632       2.121672       1.000000       5.194917       0.000003           74
        89        44.5000       4       1       2.676763       8.981804      11.658567       0.002635       1.999010       1.000000       5.276553       0.000003          104
        90        45.0000       4       1       2.778760       8.880386      11.659146       0.002750       2.032507       1.000000       5.373946       0.000004           63
        91        45.5000       4       1       2.861602       8.799249      11.660851       0.002856       2.148043       1.000000       5.484776       0.000005           65
        92        46.0000       4       1       2.946424       8.714753      11.661177       0.002982       2.169806       1.000000       5.607156       0.000006           60
        93        46.5000       4       1       3.036845       8.621672      11.658517       0.003106       1.994938       1.000000       5.740221       0.000008           57
        94        47.0000       4       1       3.098333       8.555710      11.654043       0.003140       1.682281       1.000000       5.884196       0.000011           71
        95        47.5000       4       1       3.073369       8.577675      11.651044       0.003007       1.509101       1.000000       6.040008       0.000016           59
        96        48.0000       4       1       2.926770       8.726425      11.653195       0.002931       1.819925       1.000000       6.208617       0.000024           63
        97        48.5000       4       1       2.693014       8.968188      11.661202       0.002950       2.425620       1.000000       6.390217       0.000037           58
        98        49.0000       4       1       2.475842       9.192601      11.668443       0.002982       2.823476       1.000000       6.583558       0.000062           65
        99        49.5000       4       1       2.362079       9.304410      11.666489       0.003004       2.704717       1.000000       6.785965       0.000104           68
       100        50.0000       4       1       2.327117       9.330803      11.657920       0.003050       2.194189       1.000000       6.994371       0.000173           59
       101        50.5000       4       1       2.264317       9.388025      11.652342       0.003140       1.871646       1.000000       7.206243       0.000269           68
       102        51.0000       4       1       2.101825       9.552452      11.654277       0.003231       2.232216       1.000000       7.419226       0.000367           58
       103        51.5000       4       1       1.869889       9.791945      11.661834       0.003243       2.910609       1.000000       7.629860       0.000405           57
       104        52.0000       4       1       1.677033       9.992135      11.669168       0.003195       3.397633       1.000000       7.832636       0.000345           66
       105        52.5000       4       1       1.626206      10.044054      11.670260       0.003155       3.445057       1.000000       8.020526       0.000236           74
       106        53.0000       4       1       1.734652       9.930328      11.664980       0.003124       3.064243       1.000000       8.186929       0.000142           63
       107        53.5000       4       1       1.930295       9.728024      11.658319       0.003102       2.459282       1.000000       8.327716       0.000083           59
       108        54.0000       4       1       2.115369       9.538597      11.653966       0.003099       1.888212       1.000000       8.442570       0.000050           70
       109        54.5000       4       1       2.222261       9.430411      11.652672       0.003103       1.610147       1.000000       8.535375       0.000032           66
       110        55.0000       4       1       2.232112       9.422326      11.654438       0.003092       1.789489       1.000000       8.613121       0.000021           60
       111        55.5000       4       1       2.175377       9.483411      11.658789       0.003064       2.245976       1.000000       8.683388       0.000015           60
       112        56.0000       4       1       2.118371       9.544688      11.663059       0.003028       2.648087       1.000000       8.751728       0.000011           58
       113        56.5000       4       1       2.121754       9.541752      11.663506       0.002997       2.772524       1.000000       8.820516       0.000008           69
       114        57.0000       4       1       2.192335       9.467828      11.660163       0.002979       2.600735       1.000000       8.889418       0.000006           63
       115        57.5000       4       1       2.283783       9.373330      11.657113       0.002922       2.297133       1.000000       8.956209       0.000005           59
       116        58.0000       4       1       2.346925       9.309797      11.656722       0.002860       2.032718       1.000000       9.017057       0.000004           68
       117        58.5000       4       1       2.364247       9.293395      11.657642       0.002837       1.836258       1.000000       9.066851       0.000004           59
       118        59.0000       4       1       2.339497       9.318665      11.658162       0.002802       1.670309       1.000000       9.100416       0.000003           61
       119        59.5000       4       1       2.276771       9.381572      11.658343       0.002741       1.559930       1.000000       9.114332       0.000003           58
       120        60.0000       4       1       2.178593       9.480545      11.659138       0.002690       1.577743       1.000000       9.108168       0.000003           60
       121        60.5000       4       1       2.057392       9.603872      11.661265       0.002779       1.756091       1.000000       9.084444       0.000002           54
       122        61.0000       4       1       1.945207       9.719484      11.664691       0.003054       2.037202       1.000000       9.047953       0.000002           60
       123        61.5000       4       1       1.890837       9.777078      11.667915       0.003347       2.289263       1.000000       9.004965       0.000003           57
       124        62.0000       4       1       1.936796       9.731620      11.668416       0.003594       2.379549       1.000000       8.961980       0.000003           62
       125        62.5000       4       1       2.087020       9.578365      11.665385       0.003786       2.268075       1.000000       8.924115       0.000003          102
       126        63.0000       4       1       2.298188       9.362683      11.660871       0.003924       2.029442       1.000000       8.894036       0.000003           60
       127        63.5000       4       1       2.506125       9.151049      11.657174       0.004029       1.775440       1.000000       8.871751       0.000004           59
       128        64.0000       4       1       2.657452       8.997473      11.654925       0.004028       1.581294       1.000000       8.854875       0.000004           60
       129        64.5000       4       1       2.720194       8.933519      11.653713       0.004049       1.511786       1.000000       8.839374       0.000005           67
       130        65.0000       4       1       2.682024       8.971756      11.653780       0.004176       1.665486       1.000000       8.820710       0.000006           61
       131        65.5000       4       1       2.553915       9.102146      11.656061       0.004214       2.063440       1.000000       8.794748       0.000007           67
       132        66.0000       4       1       2.378798       9.281390      11.660189       0.004192       2.552148       1.000000       8.758705       0.000009           64
       133        66.5000       4       1       2.222855       9.440518      11.663373       0.004197       2.920290       1.000000       8.713033       0.000011           60
       134        67.0000       4       1       2.137554       9.525788      11.663343       0.004226       3.079500       1.000000       8.663772       0.000015           56
       135        67.5000       4       1       2.133236       9.529002      11.662238       0.004258       3.125614       1.000000       8.623072       0.000019           65
       136        68.0000       4       1       2.200691       9.461517      11.662208       0.004292       3.123703       1.000000       8.605916       0.000026           62
       137        68.5000       4       1       2.331097       9.329362      11.660459       0.004329       2.933187       1.000000       8.623986       0.000035           60
       138        69.0000       4       1       2.487159       9.167721      11.654880       0.004369       2.437512       1.000000       8.680447       0.000046           61
       139        69.5000       4       1       2.583303       9.065200      11.648503       0.004412       1.785531       1.000000       8.768751       0.000061           56
       140        70.0000       4       1       2.525497       9.120004      11.645501       0.004455       1.507484       1.000000       8.874906       0.000081           60
       141        70.5000       4       1       2.274067       9.374998      11.649065       0.004499       2.121348       1.000000       8.980474       0.000106           59
       142        71.0000       4       1       1.892411       9.768046      11.660457       0.004542       3.125227       1.000000       9.065144       0.000137           58
       143        71.5000       4       1       1.548580      10.124156      11.672736       0.004583       3.866635       1.000000       9.109996       0.000168           57
       144        72.0000       4       1       1.408996      10.264696      11.673692       0.004623       3.945386       1.000000       9.102574       0.000186           56
       145        72.5000       4       1       1.492095      10.172506      11.664601       0.004664       3.413487       1.000000       9.041521       0.000179           57
       146        73.0000       4       1       1.679209       9.978109      11.657318       0.004709       2.687855       1.000000       8.936096       0.000151           59
       147        73.5000       4       1       1.855208       9.800656      11.655864       0.004763       2.134697       1.000000       8.800892       0.000114           60
       148        74.0000       4       1       1.978225       9.678733      11.656957       0.004828       1.835184       1.000000       8.650844       0.000081           54
       149        74.5000       4       1       2.050927       9.606926      11.657854       0.004904       1.702362       1.000000       8.498992       0.000055           63
       150        75.0000       4       1       2.083486       9.575121      11.658607       0.004985       1.701082       1.000000       8.355938       0.000037           55
       151        75.5000       4       1       2.090290       9.570564      11.660854       0.005068       1.870390       1.000000       8.229313       0.000025           76
       152        76.0000       4       1       2.107606       9.557674      11.665279       0.005149       2.162625       1.000000       8.122802       0.000018           64
       153        76.5000       4       1       2.196600       9.472440      11.669041       0.005222       2.377046       1.000000       8.035538       0.000012           57
       154        77.0000       4       1       2.402888       9.264364      11.667252       0.005286       2.300600       1.000000       7.963026       0.000009           55
       155        77.5000       4       1       2.698108       8.961230      11.659339       0.005343       1.882288       1.000000       7.899743       0.000007           55
       156        78.0000       4       1       2.975524       8.675043      11.650567       0.005418       1.295319       1.000000       7.841936       0.000005           66
       157        78.5000       4       1       3.114459       8.531237      11.645696       0.005491       0.931669       1.000000       7.788902       0.000004           53
       158        79.0000       4       1       3.045103       8.600577      11.645680       0.005526       1.190579       1.000000       7.742419       0.000004           59
       159        79.5000       4       1       2.770841       8.879444      11.650285       0.005552       1.815459       1.000000       7.705078       0.000003           56
       160        80.0000       4       1       2.369081       9.290241      11.659321       0.005587       2.511567       1.000000       7.678650       0.000003           60
       161        80.5000       4       1       1.978673       9.690416      11.669089       0.005622       3.039649       1.000000       7.663575       0.000003           53
       162        81.0000       4       1       1.738066       9.934019      11.672085       0.005557       3.168263       1.000000       7.659776       0.000003           59
       163        81.5000       4       1       1.690566       9.976226      11.666792       0.005393       2.894910       1.000000       7.667998       0.000003           55
       164        82.0000       4       1       1.767688       9.892717      11.660404       0.005276       2.501069       1.000000       7.690840       0.000002           58
       165        82.5000       4       1       1.875861       9.782272      11.658133       0.005222       2.274521       1.000000       7.732246       0.000002           60
       166        83.0000       4       1       1.970116       9.688989      11.659105       0.005196       2.239399       1.000000       7.795929       0.000002           62
       167        83.5000       4       1       2.052746       9.607800      11.660546       0.005208       2.252369       1.000000       7.884302       0.000002           58
       168        84.0000       4       1       2.137949       9.522750      11.660699       0.005279       2.208384       1.000000       7.997831       0.000002           57
       169        84.5000       4       1       2.225072       9.433999      11.659071       0.005290       2.080772       1.000000       8.134632       0.000003           62
       170        85.0000       4       1       2.290465       9.365802      11.656267       0.005266       1.916184       1.000000       8.290138       0.000003           58
       171        85.5000       4       1       2.297380       9.356805      11.654185       0.005288       1.863832       1.000000       8.456880       0.000003           54
       172        86.0000       4       1       2.223917       9.431608      11.655525       0.005320       2.109971       1.000000       8.626199       0.000003           58
       173        86.5000       4       1       2.098572       9.562932      11.661505       0.005330       2.602155       1.000000       8.792384       0.000004           54
       174        87.0000       4       1       2.011090       9.658023      11.669113       0.005293       3.039564       1.000000       8.953257       0.000004           57
       175        87.5000       4       1       2.065393       9.606583      11.671976       0.005267       3.140724       1.000000       9.107402       0.000005           60
       176        88.0000       4       1       2.295722       9.370981      11.666703       0.005277       2.802632       1.000000       9.254266       0.000005           58
       177        88.5000       4       1       2.626124       9.030740      11.656863       0.005258       2.129523       1.000000       9.395556       0.000006           70
       178        89.0000       4       1       2.918080       8.730787      11.648868       0.005269       1.390437       1.000000       9.534611       0.000007           74
       179        89.5000       4       1       3.054829       8.590853      11.645683       0.005323       1.004608       1.000000       9.674605       0.000009           67
       180        90.0000       4       1       2.986831       8.659999      11.646830       0.005348       1.289976       1.000000       9.817730       0.000012           65
       181        90.5000       4       1       2.732600       8.919476      11.652076       0.005424       1.927888       1.000000       9.965970       0.000017           96
       182        91.0000       4       1       2.373275       9.287896      11.661171       0.005495       2.614420       1.000000      10.122451       0.000024           82
       183        91.5000       4       1       2.036871       9.632578      11.669449       0.005516       3.078438       1.000000      10.291714       0.000037           85
       184        92.0000       4       1       1.832580       9.837548      11.670128       0.005552       3.099026       1.000000      10.477840       0.000057           79
       185        92.5000       4       1       1.772508       9.891655      11.664163       0.005616       2.714724       1.000000      10.681558       0.000090           73
       186        93.0000       4       1       1.781229       9.877190      11.658419       0.005707       2.213530       1.000000      10.898653       0.000135           54
       187        93.5000       4       1       1.776677       9.879345      11.656021       0.005804       1.917278       1.000000      11.120376       0.000188           56
       188        94.0000       4       1       1.719433       9.936789      11.656222       0.005889       1.999396       1.000000      11.334771       0.000229           55
       189        94.5000       4       1       1.613793      10.045083      11.658877       0.005956       2.418266       1.000000      11.528149       0.000238           57
       190        95.0000       4       1       1.505980      10.158545      11.664525       0.006007       2.977225       1.000000      11.686929       0.000207           86
       191        95.5000       4       1       1.480189      10.189813      11.670002       0.006047       3.376383       1.000000      11.800364       0.000156           57
       192        96.0000       4       1       1.607073      10.061265      11.668338       0.006080       3.329219       1.000000      11.864135       0.000108           57
       193        96.5000       4       1       1.860217       9.798343      11.658559       0.006111       2.785734       1.000000      11.883087       0.000072           59
       194        97.0000       4       1       2.109724       9.538907      11.648630       0.006143       2.023029       1.000000      11.870375       0.000049           72
       195        97.5000       4       1       2.221470       9.424031      11.645501       0.006177       1.591696       1.000000      11.843014       0.000035           59
       196        98.0000       4       1       2.153097       9.496758      11.649855       0.006216       1.889832       1.000000      11.817108       0.000026           64
       197        98.5000       4       1       1.968039       9.689242      11.657282       0.006260       2.457211       1.000000      11.805280       0.000020           57
       198        99.0000       4       1       1.775836       9.886431      11.662267       0.006310       2.884939       1.000000      11.816302       0.000016           60
       199        99.5000       4       1       1.660175      10.004108      11.664283       0.006367       3.142744       1.000000      11.855672       0.000013           62
       200       100.0000       4       1       1.660869      10.004044      11.664913       0.006431       3.243739       1.000000      11.925777       0.000010           67
