2026-07-22 14:19:49.857364 midway3-0561.rcc.local /project/lgagliardi/helenclifford/practice_rcc/sharc4/methaniminium/init_vertical/ICOND_00015
  ============================================================================
||                                                                            ||
||                         SHARC - MOLCAS - Interface                         ||
||                                                                            ||
||       Authors: Sascha Mausenberger, Lorenz Grünewald, Sebastian Mai        ||
||                                                                            ||
||                                Version: 4.0                                ||
||                              Date: 29.08.2023                              ||
||                                                                            ||
  ============================================================================
SAVEDIR set to ./SAVE/
Found env variable ncpu=1, resources["ncpu"] set to 1
Scratchdir set to /scratch/midway3/helenclifford/sharc_scratch/methaniminium/init_vertical/ICOND_00015
WARNING: 'no-douglas-kroll' not in template keywords: paddingstates, density_calculation_methods, tCI, basis, baslib, basis_per_element, basis_per_atom, nactel, ras1, ras2, ras3, inactive, roots, origin, origin_pos, isotope_elements, isotope_masses, method, functional, ipea, cort_or_dort, imaginary, frozen, gradaccudefault, gradaccumax, pcmset, pcmstate, iterations, cholesky_accu, rasscf_thrs
WARNING: 'cholesky' not in template keywords: paddingstates, density_calculation_methods, tCI, basis, baslib, basis_per_element, basis_per_atom, nactel, ras1, ras2, ras3, inactive, roots, origin, origin_pos, isotope_elements, isotope_masses, method, functional, ipea, cort_or_dort, imaginary, frozen, gradaccudefault, gradaccumax, pcmset, pcmstate, iterations, cholesky_accu, rasscf_thrs
paddingstates not specified setting default, [0, 0, 0]
Interface: 

Molecule: 
comment: Initial condition ICOND_00015/

natom: 6
elements: ['C', 'N', 'H', 'H', 'H', 'H']
unit: bohr
factor: 1.0
states: [4, 0, 3]
charge: [1, 1, 1]
nstates: 7
nmstates: 13
point_charges: False
npc: 0
Atomcharge: 17
frozcore: 2
Ubasis: [[      0.0       0.0]
 [      0.0       0.0]]
mol: None

Coords: 
coords: [[-0.0163157 -0.00653126  0.08128564]
 [-0.00089773 -0.01026034  2.504063]
 [ 1.698318 -0.08296395 -1.059403]
 [ 1.634717  0.2045155  3.227098]
 [-1.613086 -0.07651765  3.442297]
 [-1.513209  0.1752935 -1.175011]]
pccoords: None
pccharge: None
veloc: None

Save: 
savedir: /project/lgagliardi/helenclifford/practice_rcc/sharc4/methaniminium/init_vertical/ICOND_00015/SAVE
step: 1
previous_step: None
init: False
newstep: True
samestep: False
always_guess: False
always_orb_init: False
restart: False

Requests: 
h: True
soc: True
dm: True
mdeqm: False
grad: None
nacdr: None
overlap: True
phases: False
ion: False
socdr: False
dmdr: False
multipolar_fit: None
theodore: False
cleanup: False
retain: 5
molden: False
savestuff: False
nooverlap: False
mol: False
density_matrices: None
dyson_orbitals: None

Maps: 
statemap: {1: [1, 1, 0.0], 2: [1, 2, 0.0], 3: [1, 3, 0.0], 4: [1, 4, 0.0], 5: [3, 1, -1.0], 6: [3, 2, -1.0], 7: [3, 3, -1.0], 8: [3, 1, 0.0], 9: [3, 2, 0.0], 10: [3, 3, 0.0], 11: [3, 1, 1.0], 12: [3, 2, 1.0], 13: [3, 3, 1.0]}
mults: None
gsmap: None
gradmap: None
nacmap: None
densmap: None
ionmap: None
chargemap: {1: 1, 2: 1, 3: 1}
multmap: {0: (0, 0, 0), 1: (0, 0, 1), 2: (0, 0, 2), 3: (0, 0, 3), 4: (2, 1.0, 0), 5: (2, 0.0, 0), 6: (2, -1.0, 0), 7: (2, 1.0, 1), 8: (2, 0.0, 1), 9: (2, -1.0, 1), 10: (2, 1.0, 2), 11: (2, 0.0, 2), 12: (2, -1.0, 2)}

Resources: 
pwd: /project/lgagliardi/helenclifford/practice_rcc/sharc4/methaniminium/init_vertical/ICOND_00015
cwd: /project/lgagliardi/helenclifford/practice_rcc/sharc4/methaniminium/init_vertical/ICOND_00015
scratchdir: /scratch/midway3/helenclifford/sharc_scratch/methaniminium/init_vertical/ICOND_00015
ncpu: 1
ngpu: None
memory: 2000
delay: 0.0
theodir: None
theodore_prop: []
theodore_fragment: []
wfoverlap: /home/helenclifford/project-lgagliardi/practice_rcc/sharc4/bin/wfoverlap.x
wfthres: 0.998
wfnumocc: None
resp_shells: []
resp_vdw_radii_symbol: {}
resp_vdw_radii: []
resp_betas: [0.0005, 0.0015, 0.003]
resp_layers: 4
resp_first_layer: 1.4
resp_density: 10.0
resp_fit_order: 2
resp_mk_radii: True
resp_grid: lebedev
resp_target: zero
resp_block_size: 5000
resp_nuke_ram: False
molcas: /project/lgagliardi/shared/Apps/OpenMolcas/builds/parallel
mpi_parallel: False
dry_run: False
driver: /project/lgagliardi/shared/Apps/OpenMolcas/builds/parallel/pymolcas

Template: 
paddingstates: [0, 0, 0]
density_calculation_methods: []
tCI: 1e-07
basis: 6-31g
baslib: None
basis_per_element: None
basis_per_atom: None
nactel: [7, 0, 0]
ras1: None
ras2: 4
ras3: None
inactive: 5
roots: [4, 0, 3]
origin: none
origin_pos: [0.0, 0.0, 0.0]
isotope_elements: []
isotope_masses: []
method: casscf
functional: t:pbe
ipea: 0.25
cort_or_dort: CORT
imaginary: 0.0
frozen: None
gradaccudefault: 0.0001
gradaccumax: 0.001
pcmset: None
pcmstate: None
iterations: [200, 100]
cholesky_accu: 0.0001
rasscf_thrs: [1e-08, 0.0001, 0.0001]

Scheduling: 

Control: 
jobid: None
workdir: None
master: False
gradonly: False
densonly: False
states_to_do: [4, 0, 3]
jobs: None
nslots_pool: []

Starting job execution
['gateway']
['seward']
['copy', '/project/lgagliardi/helenclifford/practice_rcc/sharc4/methaniminium/init_vertical/ICOND_00015/SAVE/MOLCAS.1.JobIph.0', 'JOBOLD']
['rasscf', 1, 4, True, False]
['copy', 'MOLCAS.rasscf.h5', 'MOLCAS.1.rasscf.h5']
['copy', 'MOLCAS.JobIph', 'MOLCAS.1.JobIph']
['copy', '/project/lgagliardi/helenclifford/practice_rcc/sharc4/methaniminium/init_vertical/ICOND_00015/SAVE/MOLCAS.3.JobIph.0', 'JOBOLD']
['rasscf', 3, 3, True, False]
['copy', 'MOLCAS.rasscf.h5', 'MOLCAS.3.rasscf.h5']
['copy', 'MOLCAS.JobIph', 'MOLCAS.3.JobIph']
['link', 'MOLCAS.1.JobIph', 'JOB001']
['rassi', 'dm', [4]]
['copy', 'MOLCAS.rassi.h5', 'MOLCAS.rassi.1.h5']
['link', 'MOLCAS.3.JobIph', 'JOB001']
['rassi', 'dm', [3]]
['copy', 'MOLCAS.rassi.h5', 'MOLCAS.rassi.3.h5']
['copy', '/project/lgagliardi/helenclifford/practice_rcc/sharc4/methaniminium/init_vertical/ICOND_00015/SAVE/MOLCAS.1.JobIph.0', 'JOB001']
['link', 'MOLCAS.1.JobIph', 'JOB002']
['rassi', 'overlap', [4, 4]]
['copy', 'MOLCAS.rassi.h5', 'MOLCAS.rassi.ovlp.1.h5']
['copy', '/project/lgagliardi/helenclifford/practice_rcc/sharc4/methaniminium/init_vertical/ICOND_00015/SAVE/MOLCAS.3.JobIph.0', 'JOB001']
['link', 'MOLCAS.3.JobIph', 'JOB002']
['rassi', 'overlap', [3, 3]]
['copy', 'MOLCAS.rassi.h5', 'MOLCAS.rassi.ovlp.3.h5']
['link', 'MOLCAS.1.JobIph', 'JOB001']
['link', 'MOLCAS.3.JobIph', 'JOB002']
['rassi', 'soc', [4, 3]]
All jobs finished:
job: master          code: 0    runtime: 0:00:12.334357

===> Results:

=> Hamiltonian Matrix:
Diagonal Shift:    -94.00
Real Part:
---------------------------------------------------------------------------------------------------------------------------------------------------
|-3.541e-01                                  |-7.140e-08  1.763e-07  1.645e-06 |                                 |-7.140e-08  1.763e-07  1.645e-06 |
|           -3.450e-02                       |-1.340e-06 -8.374e-07  3.025e-05 |                                 |-1.340e-06 -8.374e-07  3.025e-05 |
|                       3.408e-02            | 1.017e-06 -3.227e-06 -1.280e-07 |                                 | 1.017e-06 -3.227e-06 -1.280e-07 |
|                                  9.230e-02 |-8.991e-06  2.977e-05  6.127e-07 |                                 |-8.991e-06  2.977e-05  6.127e-07 |
---------------------------------------------------------------------------------------------------------------------------------------------------
|-7.140e-08 -1.340e-06  1.017e-06 -8.991e-06 |-1.572e-01                       | 4.192e-23 -1.581e-06  9.057e-06 |                                 |
| 1.763e-07 -8.374e-07 -3.227e-06  2.977e-05 |           -5.057e-02            | 1.581e-06  2.706e-22 -2.991e-05 |                                 |
| 1.645e-06  3.025e-05 -1.280e-07  6.127e-07 |                       6.077e-02 |-9.057e-06  2.991e-05 -2.918e-22 |                                 |
---------------------------------------------------------------------------------------------------------------------------------------------------
|                                            |-4.192e-23  1.581e-06 -9.057e-06 |-1.572e-01                       | 4.192e-23 -1.581e-06  9.057e-06 |
|                                            |-1.581e-06 -2.706e-22  2.991e-05 |           -5.057e-02            | 1.581e-06  2.706e-22 -2.991e-05 |
|                                            | 9.057e-06 -2.991e-05  2.918e-22 |                       6.077e-02 |-9.057e-06  2.991e-05 -2.918e-22 |
---------------------------------------------------------------------------------------------------------------------------------------------------
|-7.140e-08 -1.340e-06  1.017e-06 -8.991e-06 |                                 |-4.192e-23  1.581e-06 -9.057e-06 |-1.572e-01                       |
| 1.763e-07 -8.374e-07 -3.227e-06  2.977e-05 |                                 |-1.581e-06 -2.706e-22  2.991e-05 |           -5.057e-02            |
| 1.645e-06  3.025e-05 -1.280e-07  6.127e-07 |                                 | 9.057e-06 -2.991e-05  2.918e-22 |                       6.077e-02 |
---------------------------------------------------------------------------------------------------------------------------------------------------

Imaginary Part:
---------------------------------------------------------------------------------------------------------------------------------------------------
|                                            |-1.948e-06 -4.236e-06  8.512e-05 |-1.048e-05  7.388e-05  8.251e-06 | 1.948e-06  4.236e-06 -8.512e-05 |
|                                            |-2.163e-06 -7.921e-07  4.375e-06 |-2.003e-06  1.300e-06  7.591e-07 | 2.163e-06  7.921e-07 -4.375e-06 |
|                                            | 4.998e-06 -1.418e-06  2.111e-05 | 8.131e-06  5.945e-06  4.524e-06 |-4.998e-06  1.418e-06 -2.111e-05 |
|                                            |-4.966e-05 -6.188e-06  9.227e-07 |-4.215e-06 -1.673e-07  3.971e-07 | 4.966e-05  6.188e-06 -9.227e-07 |
---------------------------------------------------------------------------------------------------------------------------------------------------
| 1.948e-06  2.163e-06 -4.998e-06  4.966e-05 |           -9.884e-08  5.395e-06 |-1.717e-22  2.915e-06 -4.783e-05 |                                 |
| 4.236e-06  7.921e-07  1.418e-06  6.188e-06 | 9.884e-08             8.054e-07 |-2.915e-06  2.132e-22 -6.022e-06 |                                 |
|-8.512e-05 -4.375e-06 -2.111e-05 -9.227e-07 |-5.395e-06 -8.054e-07            | 4.783e-05  6.022e-06  2.954e-22 |                                 |
---------------------------------------------------------------------------------------------------------------------------------------------------
| 1.048e-05  2.003e-06 -8.131e-06  4.215e-06 |-1.717e-22  2.915e-06 -4.783e-05 |                                 |-1.717e-22  2.915e-06 -4.783e-05 |
|-7.388e-05 -1.300e-06 -5.945e-06  1.673e-07 |-2.915e-06  2.132e-22 -6.022e-06 |                                 |-2.915e-06  2.132e-22 -6.022e-06 |
|-8.251e-06 -7.591e-07 -4.524e-06 -3.971e-07 | 4.783e-05  6.022e-06  2.954e-22 |                                 | 4.783e-05  6.022e-06  2.954e-22 |
---------------------------------------------------------------------------------------------------------------------------------------------------
|-1.948e-06 -2.163e-06  4.998e-06 -4.966e-05 |                                 |-1.717e-22  2.915e-06 -4.783e-05 |            9.884e-08 -5.395e-06 |
|-4.236e-06 -7.921e-07 -1.418e-06 -6.188e-06 |                                 |-2.915e-06  2.132e-22 -6.022e-06 |-9.884e-08            -8.054e-07 |
| 8.512e-05  4.375e-06  2.111e-05  9.227e-07 |                                 | 4.783e-05  6.022e-06  2.954e-22 | 5.395e-06  8.054e-07            |
---------------------------------------------------------------------------------------------------------------------------------------------------


=> Dipole Moment Matrices:

Polarisation X:
Real Part:
---------------------------------------------------------------------------------------------------------------------------------------------------
|-1.299e-03  7.975e-03  6.871e-03  3.985e-02 |                                 |                                 |                                 |
| 7.975e-03  1.240e-01 -5.110e-02  2.535e-01 |                                 |                                 |                                 |
| 6.871e-03 -5.110e-02  1.791e-02 -7.347e-02 |                                 |                                 |                                 |
| 3.985e-02  2.535e-01 -7.347e-02 -1.250e-02 |                                 |                                 |                                 |
---------------------------------------------------------------------------------------------------------------------------------------------------
|                                            |-6.881e-04 -8.216e-03  4.732e-02 |                                 |                                 |
|                                            |-8.216e-03  1.449e-01 -3.049e-01 |                                 |                                 |
|                                            | 4.732e-02 -3.049e-01 -1.788e-02 |                                 |                                 |
---------------------------------------------------------------------------------------------------------------------------------------------------
|                                            |                                 |-6.881e-04 -8.216e-03  4.732e-02 |                                 |
|                                            |                                 |-8.216e-03  1.449e-01 -3.049e-01 |                                 |
|                                            |                                 | 4.732e-02 -3.049e-01 -1.788e-02 |                                 |
---------------------------------------------------------------------------------------------------------------------------------------------------
|                                            |                                 |                                 |-6.881e-04 -8.216e-03  4.732e-02 |
|                                            |                                 |                                 |-8.216e-03  1.449e-01 -3.049e-01 |
|                                            |                                 |                                 | 4.732e-02 -3.049e-01 -1.788e-02 |
---------------------------------------------------------------------------------------------------------------------------------------------------

Polarisation Y:
Real Part:
---------------------------------------------------------------------------------------------------------------------------------------------------
| 6.538e-02 -1.934e-02  4.578e-03 -6.256e-02 |                                 |                                 |                                 |
|-1.934e-02  1.254e-01  7.936e-04 -1.879e-02 |                                 |                                 |                                 |
| 4.578e-03  7.936e-04  7.634e-02  6.481e-02 |                                 |                                 |                                 |
|-6.256e-02 -1.879e-02  6.481e-02  1.380e-01 |                                 |                                 |                                 |
---------------------------------------------------------------------------------------------------------------------------------------------------
|                                            | 7.272e-02 -1.936e-02  4.698e-02 |                                 |                                 |
|                                            |-1.936e-02  1.158e-01  4.493e-02 |                                 |                                 |
|                                            | 4.698e-02  4.493e-02  1.278e-01 |                                 |                                 |
---------------------------------------------------------------------------------------------------------------------------------------------------
|                                            |                                 | 7.272e-02 -1.936e-02  4.698e-02 |                                 |
|                                            |                                 |-1.936e-02  1.158e-01  4.493e-02 |                                 |
|                                            |                                 | 4.698e-02  4.493e-02  1.278e-01 |                                 |
---------------------------------------------------------------------------------------------------------------------------------------------------
|                                            |                                 |                                 | 7.272e-02 -1.936e-02  4.698e-02 |
|                                            |                                 |                                 |-1.936e-02  1.158e-01  4.493e-02 |
|                                            |                                 |                                 | 4.698e-02  4.493e-02  1.278e-01 |
---------------------------------------------------------------------------------------------------------------------------------------------------

Polarisation Z:
Real Part:
---------------------------------------------------------------------------------------------------------------------------------------------------
| 9.089e-02  2.350e-01  1.369e+00  1.244e-01 |                                 |                                 |                                 |
| 2.350e-01 -6.431e-01  5.441e-02  1.724e-02 |                                 |                                 |                                 |
| 1.369e+00  5.441e-02 -2.026e-01 -3.882e-02 |                                 |                                 |                                 |
| 1.244e-01  1.724e-02 -3.882e-02  1.573e-01 |                                 |                                 |                                 |
---------------------------------------------------------------------------------------------------------------------------------------------------
|                                            | 9.851e-01  2.319e-01  2.032e-02 |                                 |                                 |
|                                            | 2.319e-01 -6.963e-01 -2.227e-02 |                                 |                                 |
|                                            | 2.032e-02 -2.227e-02  7.131e-02 |                                 |                                 |
---------------------------------------------------------------------------------------------------------------------------------------------------
|                                            |                                 | 9.851e-01  2.319e-01  2.032e-02 |                                 |
|                                            |                                 | 2.319e-01 -6.963e-01 -2.227e-02 |                                 |
|                                            |                                 | 2.032e-02 -2.227e-02  7.131e-02 |                                 |
---------------------------------------------------------------------------------------------------------------------------------------------------
|                                            |                                 |                                 | 9.851e-01  2.319e-01  2.032e-02 |
|                                            |                                 |                                 | 2.319e-01 -6.963e-01 -2.227e-02 |
|                                            |                                 |                                 | 2.032e-02 -2.227e-02  7.131e-02 |
---------------------------------------------------------------------------------------------------------------------------------------------------


=> Overlap matrix:

Real Part:
---------------------------------------------------------------------------------------------------------------------------------------------------
| 1.005e+00  2.531e-02 -3.956e-03 -2.539e-03 |                                 |                                 |                                 |
| 4.276e-02 -9.984e-01  1.736e-01  5.288e-02 |                                 |                                 |                                 |
|-5.142e-03  2.027e-01  9.738e-01  9.737e-02 |                                 |                                 |                                 |
| 6.256e-03  3.509e-02 -1.112e-01  9.905e-01 |                                 |                                 |                                 |
---------------------------------------------------------------------------------------------------------------------------------------------------
|                                            | 9.909e-01  1.572e-01  3.505e-02 |                                 |                                 |
|                                            |-1.854e-01  9.950e-01  5.540e-02 |                                 |                                 |
|                                            |-3.028e-02 -6.347e-02  9.853e-01 |                                 |                                 |
---------------------------------------------------------------------------------------------------------------------------------------------------
|                                            |                                 | 9.909e-01  1.572e-01  3.505e-02 |                                 |
|                                            |                                 |-1.854e-01  9.950e-01  5.540e-02 |                                 |
|                                            |                                 |-3.028e-02 -6.347e-02  9.853e-01 |                                 |
---------------------------------------------------------------------------------------------------------------------------------------------------
|                                            |                                 |                                 | 9.909e-01  1.572e-01  3.505e-02 |
|                                            |                                 |                                 |-1.854e-01  9.950e-01  5.540e-02 |
|                                            |                                 |                                 |-3.028e-02 -6.347e-02  9.853e-01 |
---------------------------------------------------------------------------------------------------------------------------------------------------



==> Runtime:	0 Days	0 Hours	0 Minutes	18.434353 Seconds


===> Writing output to file QM.out in SHARC Format

