2026-07-22 14:19:49.857398 midway3-0561.rcc.local /project/lgagliardi/helenclifford/practice_rcc/sharc4/methaniminium/init_vertical/ICOND_00011
  ============================================================================
||                                                                            ||
||                         SHARC - MOLCAS - Interface                         ||
||                                                                            ||
||       Authors: Sascha Mausenberger, Lorenz Grünewald, Sebastian Mai        ||
||                                                                            ||
||                                Version: 4.0                                ||
||                              Date: 29.08.2023                              ||
||                                                                            ||
  ============================================================================
SAVEDIR set to ./SAVE/
Found env variable ncpu=1, resources["ncpu"] set to 1
Scratchdir set to /scratch/midway3/helenclifford/sharc_scratch/methaniminium/init_vertical/ICOND_00011
WARNING: 'no-douglas-kroll' not in template keywords: paddingstates, density_calculation_methods, tCI, basis, baslib, basis_per_element, basis_per_atom, nactel, ras1, ras2, ras3, inactive, roots, origin, origin_pos, isotope_elements, isotope_masses, method, functional, ipea, cort_or_dort, imaginary, frozen, gradaccudefault, gradaccumax, pcmset, pcmstate, iterations, cholesky_accu, rasscf_thrs
WARNING: 'cholesky' not in template keywords: paddingstates, density_calculation_methods, tCI, basis, baslib, basis_per_element, basis_per_atom, nactel, ras1, ras2, ras3, inactive, roots, origin, origin_pos, isotope_elements, isotope_masses, method, functional, ipea, cort_or_dort, imaginary, frozen, gradaccudefault, gradaccumax, pcmset, pcmstate, iterations, cholesky_accu, rasscf_thrs
paddingstates not specified setting default, [0, 0, 0]
Interface: 

Molecule: 
comment: Initial condition ICOND_00011/

natom: 6
elements: ['C', 'N', 'H', 'H', 'H', 'H']
unit: bohr
factor: 1.0
states: [4, 0, 3]
charge: [1, 1, 1]
nstates: 7
nmstates: 13
point_charges: False
npc: 0
Atomcharge: 17
frozcore: 2
Ubasis: [[      0.0       0.0]
 [      0.0       0.0]]
mol: None

Coords: 
coords: [[ 0.00166197 -0.01407163  0.04088165]
 [-0.00208477 -0.02530178  2.494196]
 [ 1.996428  0.1954887 -1.186303]
 [ 1.390398  0.05603631   3.51872]
 [-1.531624  0.2540704  3.332939]
 [-1.846025  0.01350484 -0.6122022]]
pccoords: None
pccharge: None
veloc: None

Save: 
savedir: /project/lgagliardi/helenclifford/practice_rcc/sharc4/methaniminium/init_vertical/ICOND_00011/SAVE
step: 1
previous_step: None
init: False
newstep: True
samestep: False
always_guess: False
always_orb_init: False
restart: False

Requests: 
h: True
soc: True
dm: True
mdeqm: False
grad: None
nacdr: None
overlap: True
phases: False
ion: False
socdr: False
dmdr: False
multipolar_fit: None
theodore: False
cleanup: False
retain: 5
molden: False
savestuff: False
nooverlap: False
mol: False
density_matrices: None
dyson_orbitals: None

Maps: 
statemap: {1: [1, 1, 0.0], 2: [1, 2, 0.0], 3: [1, 3, 0.0], 4: [1, 4, 0.0], 5: [3, 1, -1.0], 6: [3, 2, -1.0], 7: [3, 3, -1.0], 8: [3, 1, 0.0], 9: [3, 2, 0.0], 10: [3, 3, 0.0], 11: [3, 1, 1.0], 12: [3, 2, 1.0], 13: [3, 3, 1.0]}
mults: None
gsmap: None
gradmap: None
nacmap: None
densmap: None
ionmap: None
chargemap: {1: 1, 2: 1, 3: 1}
multmap: {0: (0, 0, 0), 1: (0, 0, 1), 2: (0, 0, 2), 3: (0, 0, 3), 4: (2, 1.0, 0), 5: (2, 0.0, 0), 6: (2, -1.0, 0), 7: (2, 1.0, 1), 8: (2, 0.0, 1), 9: (2, -1.0, 1), 10: (2, 1.0, 2), 11: (2, 0.0, 2), 12: (2, -1.0, 2)}

Resources: 
pwd: /project/lgagliardi/helenclifford/practice_rcc/sharc4/methaniminium/init_vertical/ICOND_00011
cwd: /project/lgagliardi/helenclifford/practice_rcc/sharc4/methaniminium/init_vertical/ICOND_00011
scratchdir: /scratch/midway3/helenclifford/sharc_scratch/methaniminium/init_vertical/ICOND_00011
ncpu: 1
ngpu: None
memory: 2000
delay: 0.0
theodir: None
theodore_prop: []
theodore_fragment: []
wfoverlap: /home/helenclifford/project-lgagliardi/practice_rcc/sharc4/bin/wfoverlap.x
wfthres: 0.998
wfnumocc: None
resp_shells: []
resp_vdw_radii_symbol: {}
resp_vdw_radii: []
resp_betas: [0.0005, 0.0015, 0.003]
resp_layers: 4
resp_first_layer: 1.4
resp_density: 10.0
resp_fit_order: 2
resp_mk_radii: True
resp_grid: lebedev
resp_target: zero
resp_block_size: 5000
resp_nuke_ram: False
molcas: /project/lgagliardi/shared/Apps/OpenMolcas/builds/parallel
mpi_parallel: False
dry_run: False
driver: /project/lgagliardi/shared/Apps/OpenMolcas/builds/parallel/pymolcas

Template: 
paddingstates: [0, 0, 0]
density_calculation_methods: []
tCI: 1e-07
basis: 6-31g
baslib: None
basis_per_element: None
basis_per_atom: None
nactel: [7, 0, 0]
ras1: None
ras2: 4
ras3: None
inactive: 5
roots: [4, 0, 3]
origin: none
origin_pos: [0.0, 0.0, 0.0]
isotope_elements: []
isotope_masses: []
method: casscf
functional: t:pbe
ipea: 0.25
cort_or_dort: CORT
imaginary: 0.0
frozen: None
gradaccudefault: 0.0001
gradaccumax: 0.001
pcmset: None
pcmstate: None
iterations: [200, 100]
cholesky_accu: 0.0001
rasscf_thrs: [1e-08, 0.0001, 0.0001]

Scheduling: 

Control: 
jobid: None
workdir: None
master: False
gradonly: False
densonly: False
states_to_do: [4, 0, 3]
jobs: None
nslots_pool: []

Starting job execution
['gateway']
['seward']
['copy', '/project/lgagliardi/helenclifford/practice_rcc/sharc4/methaniminium/init_vertical/ICOND_00011/SAVE/MOLCAS.1.JobIph.0', 'JOBOLD']
['rasscf', 1, 4, True, False]
['copy', 'MOLCAS.rasscf.h5', 'MOLCAS.1.rasscf.h5']
['copy', 'MOLCAS.JobIph', 'MOLCAS.1.JobIph']
['copy', '/project/lgagliardi/helenclifford/practice_rcc/sharc4/methaniminium/init_vertical/ICOND_00011/SAVE/MOLCAS.3.JobIph.0', 'JOBOLD']
['rasscf', 3, 3, True, False]
['copy', 'MOLCAS.rasscf.h5', 'MOLCAS.3.rasscf.h5']
['copy', 'MOLCAS.JobIph', 'MOLCAS.3.JobIph']
['link', 'MOLCAS.1.JobIph', 'JOB001']
['rassi', 'dm', [4]]
['copy', 'MOLCAS.rassi.h5', 'MOLCAS.rassi.1.h5']
['link', 'MOLCAS.3.JobIph', 'JOB001']
['rassi', 'dm', [3]]
['copy', 'MOLCAS.rassi.h5', 'MOLCAS.rassi.3.h5']
['copy', '/project/lgagliardi/helenclifford/practice_rcc/sharc4/methaniminium/init_vertical/ICOND_00011/SAVE/MOLCAS.1.JobIph.0', 'JOB001']
['link', 'MOLCAS.1.JobIph', 'JOB002']
['rassi', 'overlap', [4, 4]]
['copy', 'MOLCAS.rassi.h5', 'MOLCAS.rassi.ovlp.1.h5']
['copy', '/project/lgagliardi/helenclifford/practice_rcc/sharc4/methaniminium/init_vertical/ICOND_00011/SAVE/MOLCAS.3.JobIph.0', 'JOB001']
['link', 'MOLCAS.3.JobIph', 'JOB002']
['rassi', 'overlap', [3, 3]]
['copy', 'MOLCAS.rassi.h5', 'MOLCAS.rassi.ovlp.3.h5']
['link', 'MOLCAS.1.JobIph', 'JOB001']
['link', 'MOLCAS.3.JobIph', 'JOB002']
['rassi', 'soc', [4, 3]]
All jobs finished:
job: master          code: 0    runtime: 0:00:19.520196

===> Results:

=> Hamiltonian Matrix:
Diagonal Shift:    -94.00
Real Part:
---------------------------------------------------------------------------------------------------------------------------------------------------
|-3.301e-01                                  | 3.859e-08  2.040e-08  1.481e-06 |                                 | 3.859e-08  2.040e-08  1.481e-06 |
|            2.182e-03                       | 2.326e-06  3.738e-07  2.956e-05 |                                 | 2.326e-06  3.738e-07  2.956e-05 |
|                       4.777e-02            |-1.267e-06 -5.378e-06 -1.477e-06 |                                 |-1.267e-06 -5.378e-06 -1.477e-06 |
|                                  9.056e-02 | 6.466e-06  3.046e-05 -3.196e-06 |                                 | 6.466e-06  3.046e-05 -3.196e-06 |
---------------------------------------------------------------------------------------------------------------------------------------------------
| 3.859e-08  2.326e-06 -1.267e-06  6.466e-06 |-1.357e-01                       | 6.651e-23 -2.339e-06  6.443e-06 |                                 |
| 2.040e-08  3.738e-07 -5.378e-06  3.046e-05 |           -2.040e-02            | 2.339e-06  5.607e-22  2.967e-05 |                                 |
| 1.481e-06  2.956e-05 -1.477e-06 -3.196e-06 |                       5.084e-02 |-6.443e-06 -2.967e-05 -3.239e-21 |                                 |
---------------------------------------------------------------------------------------------------------------------------------------------------
|                                            |-6.651e-23  2.339e-06 -6.443e-06 |-1.357e-01                       | 6.651e-23 -2.339e-06  6.443e-06 |
|                                            |-2.339e-06 -5.607e-22 -2.967e-05 |           -2.040e-02            | 2.339e-06  5.607e-22  2.967e-05 |
|                                            | 6.443e-06  2.967e-05  3.239e-21 |                       5.084e-02 |-6.443e-06 -2.967e-05 -3.239e-21 |
---------------------------------------------------------------------------------------------------------------------------------------------------
| 3.859e-08  2.326e-06 -1.267e-06  6.466e-06 |                                 |-6.651e-23  2.339e-06 -6.443e-06 |-1.357e-01                       |
| 2.040e-08  3.738e-07 -5.378e-06  3.046e-05 |                                 |-2.339e-06 -5.607e-22 -2.967e-05 |           -2.040e-02            |
| 1.481e-06  2.956e-05 -1.477e-06 -3.196e-06 |                                 | 6.443e-06  2.967e-05  3.239e-21 |                       5.084e-02 |
---------------------------------------------------------------------------------------------------------------------------------------------------

Imaginary Part:
---------------------------------------------------------------------------------------------------------------------------------------------------
|                                            |-4.401e-06 -9.710e-06 -7.586e-05 | 6.300e-06  7.406e-05 -1.770e-05 | 4.401e-06  9.710e-06  7.586e-05 |
|                                            | 9.641e-07  9.084e-08 -3.327e-06 |-4.043e-06  1.073e-06 -2.449e-07 |-9.641e-07 -9.084e-08  3.327e-06 |
|                                            | 6.425e-06 -1.202e-06 -1.982e-05 |-3.584e-06  6.553e-06  4.195e-07 |-6.425e-06  1.202e-06  1.982e-05 |
|                                            |-4.377e-05  3.753e-06 -2.078e-06 |-8.122e-07  1.720e-06  1.006e-07 | 4.377e-05 -3.753e-06  2.078e-06 |
---------------------------------------------------------------------------------------------------------------------------------------------------
| 4.401e-06 -9.641e-07 -6.425e-06  4.377e-05 |            6.595e-06 -3.305e-06 |-2.362e-21  8.422e-07  3.713e-05 |                                 |
| 9.710e-06 -9.084e-08  1.202e-06 -3.753e-06 |-6.595e-06             1.438e-07 |-8.422e-07  6.589e-23 -3.560e-06 |                                 |
| 7.586e-05  3.327e-06  1.982e-05  2.078e-06 | 3.305e-06 -1.438e-07            |-3.713e-05  3.560e-06  1.531e-22 |                                 |
---------------------------------------------------------------------------------------------------------------------------------------------------
|-6.300e-06  4.043e-06  3.584e-06  8.122e-07 |-2.362e-21  8.422e-07  3.713e-05 |                                 |-2.362e-21  8.422e-07  3.713e-05 |
|-7.406e-05 -1.073e-06 -6.553e-06 -1.720e-06 |-8.422e-07  6.589e-23 -3.560e-06 |                                 |-8.422e-07  6.589e-23 -3.560e-06 |
| 1.770e-05  2.449e-07 -4.195e-07 -1.006e-07 |-3.713e-05  3.560e-06  1.531e-22 |                                 |-3.713e-05  3.560e-06  1.531e-22 |
---------------------------------------------------------------------------------------------------------------------------------------------------
|-4.401e-06  9.641e-07  6.425e-06 -4.377e-05 |                                 |-2.362e-21  8.422e-07  3.713e-05 |           -6.595e-06  3.305e-06 |
|-9.710e-06  9.084e-08 -1.202e-06  3.753e-06 |                                 |-8.422e-07  6.589e-23 -3.560e-06 | 6.595e-06            -1.438e-07 |
|-7.586e-05 -3.327e-06 -1.982e-05 -2.078e-06 |                                 |-3.713e-05  3.560e-06  1.531e-22 |-3.305e-06  1.438e-07            |
---------------------------------------------------------------------------------------------------------------------------------------------------


=> Dipole Moment Matrices:

Polarisation X:
Real Part:
---------------------------------------------------------------------------------------------------------------------------------------------------
| 1.776e-02  3.173e-02 -1.046e-02 -3.356e-02 |                                 |                                 |                                 |
| 3.173e-02  3.180e-01 -9.871e-03 -4.736e-01 |                                 |                                 |                                 |
|-1.046e-02 -9.871e-03  8.580e-04  1.149e-01 |                                 |                                 |                                 |
|-3.356e-02 -4.736e-01  1.149e-01 -5.780e-02 |                                 |                                 |                                 |
---------------------------------------------------------------------------------------------------------------------------------------------------
|                                            | 9.946e-03  6.065e-02  5.640e-02 |                                 |                                 |
|                                            | 6.065e-02  4.249e-01  5.822e-01 |                                 |                                 |
|                                            | 5.640e-02  5.822e-01 -1.809e-01 |                                 |                                 |
---------------------------------------------------------------------------------------------------------------------------------------------------
|                                            |                                 | 9.946e-03  6.065e-02  5.640e-02 |                                 |
|                                            |                                 | 6.065e-02  4.249e-01  5.822e-01 |                                 |
|                                            |                                 | 5.640e-02  5.822e-01 -1.809e-01 |                                 |
---------------------------------------------------------------------------------------------------------------------------------------------------
|                                            |                                 |                                 | 9.946e-03  6.065e-02  5.640e-02 |
|                                            |                                 |                                 | 6.065e-02  4.249e-01  5.822e-01 |
|                                            |                                 |                                 | 5.640e-02  5.822e-01 -1.809e-01 |
---------------------------------------------------------------------------------------------------------------------------------------------------

Polarisation Y:
Real Part:
---------------------------------------------------------------------------------------------------------------------------------------------------
| 1.663e-01  1.274e-01 -2.371e-02 -2.747e-01 |                                 |                                 |                                 |
| 1.274e-01  2.876e-01 -5.693e-02 -8.676e-03 |                                 |                                 |                                 |
|-2.371e-02 -5.693e-02  2.083e-01  8.606e-02 |                                 |                                 |                                 |
|-2.747e-01 -8.676e-03  8.606e-02  3.016e-01 |                                 |                                 |                                 |
---------------------------------------------------------------------------------------------------------------------------------------------------
|                                            | 1.500e-01 -4.899e-02 -5.469e-02 |                                 |                                 |
|                                            |-4.899e-02  3.218e-01  3.740e-02 |                                 |                                 |
|                                            |-5.469e-02  3.740e-02  2.764e-01 |                                 |                                 |
---------------------------------------------------------------------------------------------------------------------------------------------------
|                                            |                                 | 1.500e-01 -4.899e-02 -5.469e-02 |                                 |
|                                            |                                 |-4.899e-02  3.218e-01  3.740e-02 |                                 |
|                                            |                                 |-5.469e-02  3.740e-02  2.764e-01 |                                 |
---------------------------------------------------------------------------------------------------------------------------------------------------
|                                            |                                 |                                 | 1.500e-01 -4.899e-02 -5.469e-02 |
|                                            |                                 |                                 |-4.899e-02  3.218e-01  3.740e-02 |
|                                            |                                 |                                 |-5.469e-02  3.740e-02  2.764e-01 |
---------------------------------------------------------------------------------------------------------------------------------------------------

Polarisation Z:
Real Part:
---------------------------------------------------------------------------------------------------------------------------------------------------
| 1.494e-01  2.361e-01  1.375e+00  1.921e-01 |                                 |                                 |                                 |
| 2.361e-01 -5.806e-01  6.069e-02  1.159e-01 |                                 |                                 |                                 |
| 1.375e+00  6.069e-02 -1.166e-01 -2.604e-02 |                                 |                                 |                                 |
| 1.921e-01  1.159e-01 -2.604e-02 -1.147e-01 |                                 |                                 |                                 |
---------------------------------------------------------------------------------------------------------------------------------------------------
|                                            | 1.106e+00 -1.732e-01 -5.907e-02 |                                 |                                 |
|                                            |-1.732e-01 -6.770e-01 -1.473e-01 |                                 |                                 |
|                                            |-5.907e-02 -1.473e-01 -3.461e-01 |                                 |                                 |
---------------------------------------------------------------------------------------------------------------------------------------------------
|                                            |                                 | 1.106e+00 -1.732e-01 -5.907e-02 |                                 |
|                                            |                                 |-1.732e-01 -6.770e-01 -1.473e-01 |                                 |
|                                            |                                 |-5.907e-02 -1.473e-01 -3.461e-01 |                                 |
---------------------------------------------------------------------------------------------------------------------------------------------------
|                                            |                                 |                                 | 1.106e+00 -1.732e-01 -5.907e-02 |
|                                            |                                 |                                 |-1.732e-01 -6.770e-01 -1.473e-01 |
|                                            |                                 |                                 |-5.907e-02 -1.473e-01 -3.461e-01 |
---------------------------------------------------------------------------------------------------------------------------------------------------


=> Overlap matrix:

Real Part:
---------------------------------------------------------------------------------------------------------------------------------------------------
| 9.785e-01  7.614e-03  1.190e-02  3.131e-03 |                                 |                                 |                                 |
|-9.868e-03  9.536e-01 -1.957e-01  1.145e-01 |                                 |                                 |                                 |
|-1.807e-02  1.926e-01  9.552e-01  1.530e-01 |                                 |                                 |                                 |
|-2.744e-03 -1.480e-01 -1.474e-01  9.674e-01 |                                 |                                 |                                 |
---------------------------------------------------------------------------------------------------------------------------------------------------
|                                            | 9.794e-01 -1.077e-01 -5.163e-02 |                                 |                                 |
|                                            | 1.107e-01  9.555e-01 -1.893e-01 |                                 |                                 |
|                                            |-9.161e-02 -1.821e-01 -9.679e-01 |                                 |                                 |
---------------------------------------------------------------------------------------------------------------------------------------------------
|                                            |                                 | 9.794e-01 -1.077e-01 -5.163e-02 |                                 |
|                                            |                                 | 1.107e-01  9.555e-01 -1.893e-01 |                                 |
|                                            |                                 |-9.161e-02 -1.821e-01 -9.679e-01 |                                 |
---------------------------------------------------------------------------------------------------------------------------------------------------
|                                            |                                 |                                 | 9.794e-01 -1.077e-01 -5.163e-02 |
|                                            |                                 |                                 | 1.107e-01  9.555e-01 -1.893e-01 |
|                                            |                                 |                                 |-9.161e-02 -1.821e-01 -9.679e-01 |
---------------------------------------------------------------------------------------------------------------------------------------------------



==> Runtime:	0 Days	0 Hours	0 Minutes	19.750147 Seconds


===> Writing output to file QM.out in SHARC Format

