#===============================================================================================================================================================================
#     Step |         Time |         State |                                     Energy |      Angular |     Gradient |      Density |           Expectation Value |    Runtime |
#          |              |  diag |   MCH |          kin |          pot |          tot |     Momentum |          RMS |        Total |           DM |            S |            |
#          |         [fs] |       |       |         [eV] |         [eV] |         [eV] |       [hbar] |     [eV/Ang] |              |      [Debye] |              |      [sec] |
#===============================================================================================================================================================================
         0         0.0000       9       3       0.712935      10.905188      11.618123       0.004225       5.018740       1.000000       0.129833       0.000252          108
         1         0.5000       9       3       0.726947      10.889756      11.616703       0.004373       4.759986       1.000000       0.081926       0.010656           46
# Surface Hop/Pointer State Switch: new state=     12 old state=      9 randnum=  0.968081611 gap=  0.054431 eV
         2         1.0000      12       3       0.785272      10.831430      11.616703       0.004279       4.301252       1.000000       0.038560       0.000477           40
# Surface Hop/Pointer State Switch: new state=      8 old state=     12 randnum=  0.003206242 gap= -0.487551 eV
         3         1.5000       8       2       1.338998      10.277705      11.616703       0.005271       2.656139       1.000000       0.611637       0.000041           71
# Surface Hop/Pointer State Switch: new state=     11 old state=      8 randnum=  0.709445976 gap=  0.102077 eV
         4         2.0000      11       2       1.101347      10.515356      11.616703       0.005051       3.015162       1.000000       0.281260       0.000217           29
         5         2.5000      11       2       1.041713      10.552473      11.594187       0.005043       3.279419       1.000000       0.275626       0.000097           77
# Surface Hop/Pointer State Switch: new state=      8 old state=     11 randnum=  0.211174131 gap= -0.212951 eV
         6         3.0000       8       2       1.093178      10.501008      11.594187       0.005457       3.076267       1.000000       0.353688       0.000025           39
         7         3.5000       8       2       1.266520      10.327882      11.594402       0.005390       2.819595       1.000000       0.436831       0.000011           34
         8         4.0000       8       2       1.534210      10.057753      11.591964       0.005354       2.473720       1.000000       0.556626       0.000008           30
         9         4.5000       8       2       1.857968       9.729568      11.587536       0.005375       2.046897       1.000000       0.706055       0.000009           28
        10         5.0000       8       2       2.169691       9.414144      11.583835       0.005470       1.645506       1.000000       0.871015       0.000013           31
        11         5.5000       8       2       2.409428       9.173578      11.583006       0.005680       1.436715       1.000000       1.045261       0.000031           30
        12         6.0000       8       2       2.556703       9.028054      11.584757       0.005813       1.457169       1.000000       1.227899       0.000337           81
# Surface Hop/Pointer State Switch: new state=      5 old state=      8 randnum=  0.137267516 gap= -0.077355 eV
        13         6.5000       5       2       2.627981       8.956777      11.584757       0.005842       1.579807       1.000000       1.419833       0.000155           39
        14         7.0000       5       2       2.657925       8.929586      11.587511       0.005887       1.696251       1.000000       1.617534       0.000025           48
        15         7.5000       5       2       2.692730       8.896704      11.589434       0.006076       1.762836       1.000000       1.825242       0.000010           33
        16         8.0000       5       2       2.762699       8.827611      11.590310       0.006280       1.772554       1.000000       2.041986       0.000006           31
        17         8.5000       5       2       2.882059       8.708031      11.590090       0.006319       1.739770       1.000000       2.266725       0.000005           32
        18         9.0000       5       2       3.047833       8.541182      11.589015       0.006198       1.771667       1.000000       2.499444       0.000004           31
        19         9.5000       5       2       3.248416       8.319104      11.567520       0.006077       1.540293       1.000000       2.907173       0.000003           32
        20        10.0000       5       2       3.459141       8.105916      11.565057       0.006007       1.403513       1.000000       3.159238       0.000003           32
        21        10.5000       5       2       3.640071       7.922411      11.562482       0.005914       1.305601       1.000000       3.408361       0.000003           33
        22        11.0000       5       2       3.752751       7.807685      11.560436       0.005758       1.338159       1.000000       3.657752       0.000004           30
        23        11.5000       5       2       3.767905       7.791557      11.559462       0.005488       1.581193       1.000000       3.916235       0.000005           43
        24        12.0000       5       2       3.671794       7.886466      11.558260       0.005336       2.052845       1.000000       4.184955       0.000007           31
        25        12.5000       5       2       3.431149       8.112757      11.543906       0.005113       2.886331       1.000000       4.060781       0.000010           31
        26        13.0000       5       2       2.997692       8.565770      11.563462       0.004815       3.672217       1.000000       2.527684       0.000010           42
        27        13.5000       5       2       2.492271       9.082285      11.574555       0.004725       3.778635       1.000000       2.201569       0.000009           36
        28        14.0000       5       2       2.076420       9.498599      11.575019       0.004605       3.673504       1.000000       2.240647       0.000009           32
        29        14.5000       5       2       1.769139       9.803975      11.573114       0.004383       3.488598       1.000000       2.296465       0.000011           36
        30        15.0000       5       2       1.543627      10.027921      11.571548       0.004252       3.311207       1.000000       2.328424       0.000015           38
        31        15.5000       5       2       1.374391      10.196740      11.571131       0.004254       3.184696       1.000000       2.330581       0.000024           37
        32        16.0000       5       2       1.251934      10.319621      11.571554       0.004253       3.103554       1.000000       2.303569       0.000050           33
        33        16.5000       5       2       1.180371      10.391887      11.572258       0.004260       3.042063       1.000000       2.250750       0.000191           37
        34        17.0000       5       2       1.169941      10.402793      11.572735       0.004270       2.955539       1.000000       2.174179       0.019318           78
# Surface Hop/Pointer State Switch: new state=      8 old state=      5 randnum=  0.836980002 gap=  0.083880 eV
        35        17.5000       8       2       1.230482      10.342252      11.572735       0.004078       2.930265       1.000000       2.093457       0.000503           50
        36        18.0000       8       2       1.363251      10.210063      11.573315       0.004065       2.884585       1.000000       2.014631       0.000143           41
        37        18.5000       8       2       1.592479       9.980660      11.573139       0.004073       2.825132       1.000000       1.943372       0.000106           29
        38        19.0000       8       2       1.914042       9.657454      11.571496       0.004079       2.720084       1.000000       1.883972       0.000136           33
        39        19.5000       8       2       2.301994       9.266305      11.568299       0.004107       2.552181       1.000000       1.838110       0.000348           33
        40        20.0000       8       2       2.706802       8.855939      11.562741       0.004145       2.329455       1.000000       1.783947       0.020667           69
# Surface Hop/Pointer State Switch: new state=      5 old state=      8 randnum=  0.249644630 gap= -0.165526 eV
        41        20.5000       5       2       3.080268       8.482472      11.562741       0.004269       2.212202       1.000000       1.810034       0.000438           41
# Surface Hop/Pointer State Switch: new state=      4 old state=      5 randnum=  0.830901506 gap= -0.223210 eV
        42        21.0000       4       1       3.365360       8.197381      11.562741       0.004408       2.124537       1.000000       1.741069       0.000097           61
        43        21.5000       4       1       3.549378       8.013732      11.563110       0.004375       2.261508       1.000000       1.776595       0.000044           33
        44        22.0000       4       1       3.658695       8.604149      12.262844       0.004402       2.814003       1.000000       2.831567       0.004756           97
        45        22.5000       4       1       3.737613       8.527267      12.264880       0.004474       2.966939       1.000000       2.886159       0.000246           48
        46        23.0000       4       1       3.818052       8.448457      12.266509       0.004555       3.024391       1.000000       2.938088       0.000090           31
        47        23.5000       4       1       3.920763       8.346464      12.267228       0.004638       3.021052       1.000000       3.023825       0.000051           32
        48        24.0000       4       1       4.055337       8.211875      12.267212       0.004724       2.968609       1.000000       3.142898       0.000034           27
        49        24.5000       4       1       4.224701       8.043180      12.267882       0.004755       2.845569       1.000000       3.269930       0.000023           30
        50        25.0000       4       1       4.452872       7.822204      12.275076       0.004723       2.777370       1.000000       3.293019       0.000015           33
        51        25.5000       4       1       4.743351       7.515684      12.259035       0.004705       2.864931       1.000000       3.081060       0.000009           36
        52        26.0000       4       1       5.021620       7.235898      12.257518       0.004729       2.718239       1.000000       2.854570       0.000006           30
        53        26.5000       4       1       5.222041       6.921108      12.143149       0.004834       3.227276       1.000000       2.475786       0.000004           30
        54        27.0000       4       1       5.300962       6.859012      12.159974       0.004945       2.461828       1.000000       2.463153       0.000003           32
        55        27.5000       4       1       5.231444       6.930896      12.162340       0.004961       2.452766       1.000000       2.520855       0.000002           35
        56        28.0000       4       1       5.070950       7.093733      12.164683       0.004894       2.582117       1.000000       2.587515       0.000002           31
        57        28.5000       4       1       4.864352       7.308936      12.173288       0.004816       2.701158       1.000000       2.625961       0.000002           34
        58        29.0000       4       1       4.715377       7.427148      12.142525       0.004760       2.654949       1.000000       2.450591       0.000004           40
        59        29.5000       4       1       4.581255       7.592095      12.173350       0.004715       2.857268       1.000000       2.473639       0.000039           29
# Surface Hop/Pointer State Switch: new state=      1 old state=      4 randnum=  0.959795547 gap= -0.063716 eV
        60        30.0000       1       1       4.440251       7.733099      12.173350       0.004650       2.888839       1.000000       2.527771       0.000387           79
        61        30.5000       1       1       4.327882       7.848534      12.176416       0.004584       2.921066       1.000000       2.585908       0.000024           27
        62        31.0000       1       1       4.362570       7.816374      12.178944       0.004584       2.971055       1.000000       2.617735       0.000009           47
        63        31.5000       1       1       4.581866       7.599554      12.181420       0.004561       3.036290       1.000000       2.613607       0.000005           29
        64        32.0000       1       1       5.017327       7.164238      12.181565       0.004557       3.066535       1.000000       2.571555       0.000003           32
        65        32.5000       1       1       5.671081       6.506688      12.177769       0.004633       3.032050       1.000000       2.491147       0.000002           39
        66        33.0000       1       1       6.498260       5.672855      12.171115       0.004740       2.955164       1.000000       2.372090       0.000001           40
        67        33.5000       1       1       7.413909       4.748272      12.162181       0.004891       2.843134       1.000000       2.223755       0.000001           35
        68        34.0000       1       1       8.304474       3.847530      12.152004       0.004999       2.689208       1.000000       2.054693       0.000001           32
        69        34.5000       1       1       9.037877       3.103598      12.141474       0.005037       2.545552       1.000000       1.871225       0.000001           35
        70        35.0000       1       1       9.481828       2.651482      12.133311       0.005088       2.637490       1.000000       1.682500       0.000000           32
        71        35.5000       1       1       9.539494       2.591034      12.130528       0.005210       3.217228       1.000000       1.488952       0.000000           46
        72        36.0000       1       1       9.187316       2.946753      12.134069       0.005229       4.247897       1.000000       1.287035       0.000000           30
        73        36.5000       1       1       8.485248       3.656469      12.141717       0.005239       5.521625       1.000000       1.073794       0.000001           35
        74        37.0000       1       1       7.569132       4.588253      12.157386       0.005181       6.683297       1.000000       0.844371       0.000001           29
        75        37.5000       1       1       6.600788       5.565447      12.166235       0.005230       7.576908       1.000000       0.595728       0.000001           38
        76        38.0000       1       1       5.718324       6.454756      12.173080       0.005635       8.068738       1.000000       0.358334       0.000001           34
        77        38.5000       1       1       5.013432       7.161523      12.174955       0.006068       8.036305       1.000000       0.296175       0.000001           31
        78        39.0000       1       1       4.510360       7.662575      12.172936       0.006430       7.505598       1.000000       0.539807       0.000001           39
        79        39.5000       1       1       4.177106       7.992466      12.169572       0.006889       6.618491       1.000000       0.866016       0.000001           28
        80        40.0000       1       1       3.960598       8.206618      12.167216       0.007155       5.594631       1.000000       1.179441       0.000001           32
        81        40.5000       1       1       3.820938       8.346598      12.167536       0.007379       4.635608       1.000000       1.460174       0.000001           31
        82        41.0000       1       1       3.776346       8.401020      12.177366       0.007734       3.969123       1.000000       1.725118       0.000001           29
        83        41.5000       1       1       3.903252       8.273084      12.176336       0.007820       3.677750       1.000000       1.902352       0.000001           27
        84        42.0000       1       1       4.219183       7.949512      12.168696       0.007825       3.368850       1.000000       1.996533       0.000001           30
        85        42.5000       1       1       4.633573       7.528925      12.162498       0.007836       3.071549       1.000000       2.088888       0.000001           33
        86        43.0000       1       1       5.032309       7.122026      12.154335       0.007727       2.738922       1.000000       2.142237       0.000002           27
        87        43.5000       1       1       5.302483       6.846431      12.148914       0.007488       2.569846       1.000000       2.121738       0.000002           32
        88        44.0000       1       1       5.371598       6.777876      12.149475       0.007209       2.793699       1.000000       2.037726       0.000002           36
        89        44.5000       1       1       5.254379       6.902456      12.156835       0.006965       3.347394       1.000000       1.915793       0.000002           30
        90        45.0000       1       1       5.056623       7.109696      12.166319       0.006833       3.845145       1.000000       1.781936       0.000002           30
        91        45.5000       1       1       4.902125       7.266624      12.168749       0.006837       3.906877       1.000000       1.654488       0.000002           26
        92        46.0000       1       1       4.819970       7.342820      12.162790       0.006904       3.478613       1.000000       1.541893       0.000002           33
        93        46.5000       1       1       4.730531       7.426763      12.157294       0.006978       2.879416       1.000000       1.444132       0.000003           30
        94        47.0000       1       1       4.552706       7.605807      12.158513       0.007054       2.549216       1.000000       1.354829       0.000003           28
        95        47.5000       1       1       4.293414       7.872032      12.165446       0.007137       2.656991       1.000000       1.265008       0.000003           30
        96        48.0000       1       1       4.042414       8.130821      12.173236       0.007266       2.957971       1.000000       1.168507       0.000004           33
        97        48.5000       1       1       3.905611       8.271242      12.176853       0.007286       3.174382       1.000000       1.065690       0.000004           36
        98        49.0000       1       1       3.936680       8.238354      12.175034       0.007167       3.238482       1.000000       0.962862       0.000005           35
        99        49.5000       1       1       4.120109       8.051141      12.171250       0.007234       3.237556       1.000000       0.868904       0.000005           36
       100        50.0000       1       1       4.412477       7.756504      12.168981       0.007369       3.225296       1.000000       0.791130       0.000005           41
       101        50.5000       1       1       4.767699       7.394629      12.162328       0.007386       3.184146       1.000000       0.743613       0.000004           33
       102        51.0000       1       1       5.118131       7.038530      12.156662       0.007391       3.216558       1.000000       0.777099       0.000004           39
       103        51.5000       1       1       5.387967       6.763536      12.151503       0.007424       3.329253       1.000000       0.905749       0.000004           30
       104        52.0000       1       1       5.509882       6.637148      12.147030       0.007492       3.568960       1.000000       1.085264       0.000004           30
       105        52.5000       1       1       5.442727       6.705649      12.148376       0.007624       4.042003       1.000000       1.274542       0.000003           36
       106        53.0000       1       1       5.236374       6.923063      12.159438       0.007796       4.654230       1.000000       1.450504       0.000004           40
       107        53.5000       1       1       5.054213       7.115110      12.169323       0.007919       4.941578       1.000000       1.598291       0.000004           31
       108        54.0000       1       1       5.018304       7.142374      12.160678       0.007963       4.497161       1.000000       1.710625       0.000005           31
       109        54.5000       1       1       5.023144       7.120004      12.143147       0.007964       3.707903       1.000000       1.800439       0.000007           32
       110        55.0000       1       1       4.872272       7.273649      12.145921       0.007902       3.764974       1.000000       1.907145       0.000014           33
       111        55.5000       1       1       4.589446       7.575104      12.164550       0.007856       4.528522       1.000000       2.035797       0.000055           85
# Surface Hop/Pointer State Switch: new state=      4 old state=      1 randnum=  0.440592433 gap=  0.005769 eV
       112        56.0000       4       1       4.383308       7.781243      12.164550       0.007828       4.835386       1.000000       2.160678       0.014772           47
       113        56.5000       4       1       4.370825       7.785290      12.156115       0.007886       4.363134       1.000000       2.273208       0.000040           45
       114        57.0000       4       1       4.433792       7.714690      12.148481       0.007946       3.571017       1.000000       2.362055       0.000011           32
       115        57.5000       4       1       4.446173       7.705077      12.151250       0.007971       2.984970       1.000000       2.433368       0.000005           30
       116        58.0000       4       1       4.408271       7.750829      12.159100       0.007940       2.741925       1.000000       2.486338       0.000003           34
       117        58.5000       4       1       4.403320       7.761930      12.165250       0.007868       2.679999       1.000000       2.501479       0.000002           29
       118        59.0000       4       1       4.506781       7.659325      12.166106       0.007777       2.614831       1.000000       2.441310       0.000002           28
       119        59.5000       4       1       4.733342       7.428253      12.161595       0.007683       2.468717       1.000000       2.284788       0.000003           30
       120        60.0000       4       1       5.032076       7.122429      12.154505       0.007604       2.318604       1.000000       2.054243       0.000010           28
       121        60.5000       4       1       5.320989       6.828340      12.149330       0.007470       2.417364       1.000000       1.797858       0.000227           69
# Surface Hop/Pointer State Switch: new state=      1 old state=      4 randnum=  0.156855859 gap= -0.121597 eV
       122        61.0000       1       1       5.546791       6.602539      12.149330       0.007472       2.939054       1.000000       1.567338       0.000055           35
       123        61.5000       1       1       5.734526       6.420876      12.155402       0.007290       3.611128       1.000000       1.411243       0.000012           39
       124        62.0000       1       1       5.951393       6.204232      12.155625       0.007227       4.040838       1.000000       1.332872       0.000006           29
       125        62.5000       1       1       6.202971       5.946420      12.149391       0.007198       4.159796       1.000000       1.304410       0.000004           39
       126        63.0000       1       1       6.423812       5.721994      12.145806       0.007111       4.205154       1.000000       1.293196       0.000003           29
       127        63.5000       1       1       6.576234       5.572394      12.148628       0.006921       4.306762       1.000000       1.279067       0.000002           34
       128        64.0000       1       1       6.691949       5.458957      12.150906       0.006691       4.297647       1.000000       1.256930       0.000002           28
       129        64.5000       1       1       6.794130       5.352261      12.146391       0.006496       4.022696       1.000000       1.236053       0.000002           32
       130        65.0000       1       1       6.825663       5.312837      12.138501       0.006397       3.612477       1.000000       1.235690       0.000002           30
       131        65.5000       1       1       6.695258       5.441676      12.136934       0.006442       3.460250       1.000000       1.271114       0.000001           30
       132        66.0000       1       1       6.404096       5.743971      12.148067       0.006632       3.780219       1.000000       1.340536       0.000001           32
       133        66.5000       1       1       6.110472       6.051889      12.162361       0.006883       4.102734       1.000000       1.431925       0.000001           36
       134        67.0000       1       1       5.990579       6.168873      12.159452       0.007151       3.805817       1.000000       1.538549       0.000001           34
       135        67.5000       1       1       6.009827       6.131687      12.141514       0.007434       2.993007       1.000000       1.656958       0.000001           30
       136        68.0000       1       1       5.949795       6.180060      12.129855       0.007804       2.717842       1.000000       1.773901       0.000001           28
       137        68.5000       1       1       5.659280       6.474140      12.133420       0.007991       3.699219       1.000000       1.869771       0.000001           40
       138        69.0000       1       1       5.202189       6.947628      12.149817       0.008013       5.235646       1.000000       1.917523       0.000001           35
       139        69.5000       1       1       4.813891       7.351163      12.165053       0.008148       6.441371       1.000000       1.869446       0.000001           33
       140        70.0000       1       1       4.715722       7.452623      12.168345       0.008169       6.994945       1.000000       1.717365       0.000001           37
       141        70.5000       1       1       4.964358       7.195549      12.159907       0.008108       7.103909       1.000000       1.524309       0.000001           25
       142        71.0000       1       1       5.431527       6.709236      12.140763       0.008186       6.908281       1.000000       1.362913       0.000001           26
       143        71.5000       1       1       5.852735       6.267895      12.120630       0.008322       6.649745       1.000000       1.288076       0.000001           29
       144        72.0000       1       1       5.984681       6.133196      12.117877       0.008452       6.718529       1.000000       1.309146       0.000001           33
       145        72.5000       1       1       5.841049       6.300357      12.141406       0.008576       7.175101       1.000000       1.379192       0.000001           29
       146        73.0000       1       1       5.738328       6.421597      12.159925       0.008673       7.267585       1.000000       1.440810       0.000001           31
       147        73.5000       1       1       5.909497       6.237522      12.147019       0.008687       6.431217       1.000000       1.466847       0.000001           28
       148        74.0000       1       1       6.221489       5.911723      12.133211       0.008699       5.212459       1.000000       1.464452       0.000001           28
       149        74.5000       1       1       6.458526       5.674591      12.133117       0.008768       4.242762       1.000000       1.458006       0.000001           26
       150        75.0000       1       1       6.535855       5.594627      12.130482       0.008778       3.403697       1.000000       1.466717       0.000001           27
       151        75.5000       1       1       6.339761       5.779492      12.119253       0.008800       2.950372       1.000000       1.482479       0.000002           34
       152        76.0000       1       1       5.824173       6.307674      12.131848       0.008851       3.398350       1.000000       1.518336       0.000002           29
       153        76.5000       1       1       5.135649       7.016578      12.152228       0.008904       4.235605       1.000000       1.585363       0.000003           31
       154        77.0000       1       1       4.886420       7.578883      12.465303       0.008894       7.876837       1.000000       1.648856       0.000003           33
       155        77.5000       1       1       4.901285       8.090173      12.991457       0.008772       5.392665       1.000000       1.796825       0.000004           25
       156        78.0000       1       1       4.618516       8.359632      12.978148       0.008679       4.826569       1.000000       1.899839       0.000005           30
       157        78.5000       1       1       4.525371       8.439988      12.965359       0.008584       3.935421       1.000000       1.971626       0.000006           29
       158        79.0000       1       1       4.419222       8.544913      12.964135       0.008598       3.272687       1.000000       2.036131       0.000013           32
       159        79.5000       1       1       4.237073       8.730822      12.967895       0.008818       2.980627       1.000000       2.110711       0.000017           29
       160        80.0000       1       1       4.031317       8.953449      12.984766       0.008895       2.940076       1.000000       2.171093       0.000026           29
       161        80.5000       1       1       3.852503       9.137971      12.990475       0.008926       2.938613       1.000000       2.276700       0.000034           27
       162        81.0000       1       1       3.714142       9.276011      12.990152       0.009077       2.979725       1.000000       2.451778       0.000044           27
       163        81.5000       1       1       3.614748       9.373657      12.988404       0.009141       3.068458       1.000000       2.669968       0.000057           28
       164        82.0000       1       1       3.528862       9.458713      12.987576       0.009132       3.269070       1.000000       2.904256       0.000070           35
       165        82.5000       1       1       3.445893       9.545453      12.991346       0.009093       3.635406       1.000000       3.129355       0.000081           24
       166        83.0000       1       1       3.414725       9.585960      13.000685       0.009035       4.075042       1.000000       3.324609       0.000083           26
       167        83.5000       1       1       3.544582       9.462810      13.007392       0.008964       4.303126       1.000000       3.473168       0.000070           27
       168        84.0000       1       1       3.911457       9.091151      13.002608       0.008942       4.115217       1.000000       3.565887       0.000047           31
       169        84.5000       1       1       4.459252       8.530215      12.989467       0.008971       3.614083       1.000000       3.611858       0.000029           32
       170        85.0000       1       1       5.034287       7.944593      12.978880       0.008999       3.094398       1.000000       3.623545       0.000018           27
       171        85.5000       1       1       5.500562       7.473316      12.973878       0.009047       2.750148       1.000000       3.610150       0.000012           29
       172        86.0000       1       1       5.784596       7.186100      12.970696       0.009178       2.579645       1.000000       3.576061       0.000009           28
       173        86.5000       1       1       5.843727       7.123787      12.967514       0.009319       2.592895       1.000000       3.517727       0.000007           25
       174        87.0000       1       1       5.649541       7.317537      12.967078       0.009337       2.934466       1.000000       3.432517       0.000006           28
       175        87.5000       1       1       5.226111       7.747910      12.974021       0.009290       3.631407       1.000000       3.328565       0.000006           27
       176        88.0000       1       1       4.705227       8.282759      12.987986       0.009340       4.367068       1.000000       3.221021       0.000005           29
       177        88.5000       1       1       4.296320       8.700871      12.997191       0.009439       4.675777       1.000000       3.126168       0.000005           23
       178        89.0000       1       1       4.135516       8.859605      12.995120       0.009497       4.444201       1.000000       3.058567       0.000005           37
       179        89.5000       1       1       4.208725       8.783132      12.991857       0.009522       4.081555       1.000000       3.027746       0.000004           31
       180        90.0000       1       1       4.456638       8.535599      12.992236       0.009555       3.920033       1.000000       3.032288       0.000004           28
       181        90.5000       1       1       4.849425       8.140890      12.990315       0.009710       3.824960       1.000000       3.055362       0.000003           27
       182        91.0000       1       1       5.340711       7.643488      12.984199       0.009945       3.636213       1.000000       3.070625       0.000002           32
       183        91.5000       1       1       5.837788       7.138497      12.976285       0.010234       3.386446       1.000000       3.056794       0.000002           28
       184        92.0000       1       1       6.286868       6.991536      13.278404       0.010506       3.343299       1.000000       3.239827       0.000002           29
       185        92.5000       1       1       6.648198       6.626392      13.274590       0.010542       3.148833       1.000000       3.055426       0.000001           28
       186        93.0000       1       1       6.852920       6.419642      13.272562       0.010361       2.978900       1.000000       2.811857       0.000001           24
       187        93.5000       1       1       6.863996       6.403104      13.267099       0.010149       2.934999       1.000000       2.606668       0.000001           37
       188        94.0000       1       1       6.590016       6.647907      13.237923       0.010120       3.585452       1.000000       2.610545       0.000001           28
       189        94.5000       1       1       6.137190       7.624795      13.761985       0.010190       3.423687       1.000000       3.096823       0.000001           31
       190        95.0000       1       1       5.586033       8.191253      13.777286       0.010263       4.539506       1.000000       2.876877       0.000000           29
       191        95.5000       1       1       5.143560       8.670562      13.814122       0.010385       5.819636       1.000000       2.618860       0.000000           34
       192        96.0000       1       1       5.286168       8.536839      13.823007       0.010504       6.111602       1.000000       2.287898       0.000000           39
       193        96.5000       1       1       6.092925       7.685351      13.778276       0.010568       5.050213       1.000000       1.884477       0.000001           35
       194        97.0000       1       1       7.026347       6.715244      13.741591       0.010571       3.810190       1.000000       1.465371       0.000001           26
       195        97.5000       1       1       7.559082       6.178131      13.737213       0.010555       3.433730       1.000000       1.121442       0.000001           27
       196        98.0000       1       1       7.555724       6.192631      13.748355       0.010512       3.713811       1.000000       0.945425       0.000001           31
       197        98.5000       1       1       7.142994       6.622773      13.765767       0.010456       4.212125       1.000000       0.968427       0.000001           33
       198        99.0000       1       1       6.561583       7.223281      13.784864       0.010668       4.662252       1.000000       1.119424       0.000001           30
       199        99.5000       1       1       6.066864       7.728159      13.795023       0.011110       4.755272       1.000000       1.316627       0.000001           27
       200       100.0000       1       1       5.789744       8.001216      13.790960       0.011521       4.362826       1.000000       1.519131       0.000001           30
