2026-07-27 13:14:26.341877 midway3-0545.rcc.local /project/lgagliardi/helenclifford/practice_rcc/sharc4/methaniminium/tutorial_reproduction/init/ICOND_00007
  ============================================================================
||                                                                            ||
||                         SHARC - MOLCAS - Interface                         ||
||                                                                            ||
||       Authors: Sascha Mausenberger, Lorenz Grünewald, Sebastian Mai        ||
||                                                                            ||
||                                Version: 4.0                                ||
||                              Date: 29.08.2023                              ||
||                                                                            ||
  ============================================================================
SAVEDIR set to ./SAVE/
Scratchdir set to /scratch/midway3/helenclifford/sharc_scratch/methaniminium_tutorial/init/ICOND_00007
WARNING: 'no-douglas-kroll' not in template keywords: paddingstates, density_calculation_methods, tCI, basis, baslib, basis_per_element, basis_per_atom, nactel, ras1, ras2, ras3, inactive, roots, origin, origin_pos, isotope_elements, isotope_masses, method, functional, ipea, cort_or_dort, imaginary, frozen, gradaccudefault, gradaccumax, pcmset, pcmstate, iterations, cholesky_accu, rasscf_thrs, rasscf_levshift, rasscf_sxdamp, rasscf_noqune, rasscf_convergence_mults, rasscf_guess_jobiph, rasscf_guess_mult, rasscf_guess_step, mclr_iterations, mclr_cgs
WARNING: 'cholesky' not in template keywords: paddingstates, density_calculation_methods, tCI, basis, baslib, basis_per_element, basis_per_atom, nactel, ras1, ras2, ras3, inactive, roots, origin, origin_pos, isotope_elements, isotope_masses, method, functional, ipea, cort_or_dort, imaginary, frozen, gradaccudefault, gradaccumax, pcmset, pcmstate, iterations, cholesky_accu, rasscf_thrs, rasscf_levshift, rasscf_sxdamp, rasscf_noqune, rasscf_convergence_mults, rasscf_guess_jobiph, rasscf_guess_mult, rasscf_guess_step, mclr_iterations, mclr_cgs
paddingstates not specified setting default, [0, 0, 0]
Interface: 

Molecule: 
comment: Initial condition ICOND_00007/

natom: 6
elements: ['C', 'N', 'H', 'H', 'H', 'H']
unit: bohr
factor: 1.0
states: [4, 0, 3]
charge: [1, 0, 1]
nstates: 7
nmstates: 13
point_charges: False
npc: 0
Atomcharge: 17
frozcore: 2
Ubasis: [[      0.0       0.0]
 [      0.0       0.0]]
mol: None

Coords: 
coords: [[ 0.00963636 -0.04828284  0.0796002]
 [-0.00268903 -0.00398469  2.435213]
 [ 1.699398  0.3551246 -0.6504689]
 [ 1.472928 -0.05180565   3.30682]
 [-1.495832  0.2261897  3.759636]
 [ -1.75387  0.1008347 -1.001197]]
pccoords: None
pccharge: None
veloc: None

Save: 
savedir: /project/lgagliardi/helenclifford/practice_rcc/sharc4/methaniminium/tutorial_reproduction/init/ICOND_00007/SAVE
step: 1
previous_step: None
init: False
newstep: True
samestep: False
always_guess: False
always_orb_init: False
restart: False

Requests: 
h: True
soc: True
dm: True
mdeqm: False
grad: None
nacdr: None
overlap: True
phases: False
ion: False
socdr: False
dmdr: False
multipolar_fit: None
theodore: False
cleanup: False
retain: 5
molden: False
savestuff: False
nooverlap: False
mol: False
density_matrices: None
dyson_orbitals: None

Maps: 
statemap: {1: [1, 1, 0.0], 2: [1, 2, 0.0], 3: [1, 3, 0.0], 4: [1, 4, 0.0], 5: [3, 1, -1.0], 6: [3, 2, -1.0], 7: [3, 3, -1.0], 8: [3, 1, 0.0], 9: [3, 2, 0.0], 10: [3, 3, 0.0], 11: [3, 1, 1.0], 12: [3, 2, 1.0], 13: [3, 3, 1.0]}
mults: None
gsmap: None
gradmap: None
nacmap: None
densmap: None
ionmap: None
chargemap: {1: 1, 2: 0, 3: 1}
multmap: {0: (0, 0, 0), 1: (0, 0, 1), 2: (0, 0, 2), 3: (0, 0, 3), 4: (2, 1.0, 0), 5: (2, 0.0, 0), 6: (2, -1.0, 0), 7: (2, 1.0, 1), 8: (2, 0.0, 1), 9: (2, -1.0, 1), 10: (2, 1.0, 2), 11: (2, 0.0, 2), 12: (2, -1.0, 2)}

Resources: 
pwd: /project/lgagliardi/helenclifford/practice_rcc/sharc4/methaniminium/tutorial_reproduction/init/ICOND_00007
cwd: /project/lgagliardi/helenclifford/practice_rcc/sharc4/methaniminium/tutorial_reproduction/init/ICOND_00007
scratchdir: /scratch/midway3/helenclifford/sharc_scratch/methaniminium_tutorial/init/ICOND_00007
ncpu: 1
ngpu: None
memory: 500
delay: 0.0
theodir: None
theodore_prop: []
theodore_fragment: []
wfoverlap: /home/helenclifford/project-lgagliardi/practice_rcc/sharc4/bin/wfoverlap.x
wfthres: 0.998
wfnumocc: None
resp_shells: []
resp_vdw_radii_symbol: {}
resp_vdw_radii: []
resp_betas: [0.0005, 0.0015, 0.003]
resp_layers: 4
resp_first_layer: 1.4
resp_density: 10.0
resp_fit_order: 2
resp_mk_radii: True
resp_grid: lebedev
resp_target: zero
resp_block_size: 5000
resp_nuke_ram: False
molcas: /project/lgagliardi/shared/Apps/OpenMolcas/builds/parallel
mpi_parallel: False
dry_run: False
driver: /project/lgagliardi/shared/Apps/OpenMolcas/builds/parallel/pymolcas

Template: 
paddingstates: [0, 0, 0]
density_calculation_methods: []
tCI: 1e-07
basis: cc-pVDZ
baslib: None
basis_per_element: None
basis_per_atom: None
nactel: [7, 0, 0]
ras1: None
ras2: 4
ras3: None
inactive: 5
roots: [4, 0, 3]
origin: none
origin_pos: [0.0, 0.0, 0.0]
isotope_elements: []
isotope_masses: []
method: casscf
functional: t:pbe
ipea: 0.25
cort_or_dort: CORT
imaginary: 0.0
frozen: None
gradaccudefault: 0.0001
gradaccumax: 0.001
pcmset: None
pcmstate: None
iterations: [200, 100]
cholesky_accu: 0.0001
rasscf_thrs: [1e-08, 0.0001, 0.0001]
rasscf_levshift: None
rasscf_sxdamp: None
rasscf_noqune: False
rasscf_convergence_mults: []
rasscf_guess_jobiph: None
rasscf_guess_mult: 0
rasscf_guess_step: -1
mclr_iterations: 200
mclr_cgs: False

Scheduling: 

Control: 
jobid: None
workdir: None
master: False
gradonly: False
densonly: False
states_to_do: [4, 0, 3]
jobs: None
nslots_pool: []

Starting job execution
['gateway']
['seward']
['copy', '/project/lgagliardi/helenclifford/practice_rcc/sharc4/methaniminium/tutorial_reproduction/init/ICOND_00007/SAVE/MOLCAS.1.JobIph.0', 'JOBOLD']
['rasscf', 1, 4, True, False]
['copy', 'MOLCAS.rasscf.h5', 'MOLCAS.1.rasscf.h5']
['copy', 'MOLCAS.JobIph', 'MOLCAS.1.JobIph']
['copy', '/project/lgagliardi/helenclifford/practice_rcc/sharc4/methaniminium/tutorial_reproduction/init/ICOND_00007/SAVE/MOLCAS.3.JobIph.0', 'JOBOLD']
['rasscf', 3, 3, True, False]
['copy', 'MOLCAS.rasscf.h5', 'MOLCAS.3.rasscf.h5']
['copy', 'MOLCAS.JobIph', 'MOLCAS.3.JobIph']
['link', 'MOLCAS.1.JobIph', 'JOB001']
['rassi', 'dm', [4]]
['copy', 'MOLCAS.rassi.h5', 'MOLCAS.rassi.1.h5']
['link', 'MOLCAS.3.JobIph', 'JOB001']
['rassi', 'dm', [3]]
['copy', 'MOLCAS.rassi.h5', 'MOLCAS.rassi.3.h5']
['copy', '/project/lgagliardi/helenclifford/practice_rcc/sharc4/methaniminium/tutorial_reproduction/init/ICOND_00007/SAVE/MOLCAS.1.JobIph.0', 'JOB001']
['link', 'MOLCAS.1.JobIph', 'JOB002']
['rassi', 'overlap', [4, 4]]
['copy', 'MOLCAS.rassi.h5', 'MOLCAS.rassi.ovlp.1.h5']
['copy', '/project/lgagliardi/helenclifford/practice_rcc/sharc4/methaniminium/tutorial_reproduction/init/ICOND_00007/SAVE/MOLCAS.3.JobIph.0', 'JOB001']
['link', 'MOLCAS.3.JobIph', 'JOB002']
['rassi', 'overlap', [3, 3]]
['copy', 'MOLCAS.rassi.h5', 'MOLCAS.rassi.ovlp.3.h5']
['link', 'MOLCAS.1.JobIph', 'JOB001']
['link', 'MOLCAS.3.JobIph', 'JOB002']
['rassi', 'soc', [4, 3]]
All jobs finished:
job: master          code: 0    runtime: 0:00:16.698315

===> Results:

=> Hamiltonian Matrix:
Diagonal Shift:    -94.00
Real Part:
---------------------------------------------------------------------------------------------------------------------------------------------------
|-3.796e-01                                  | 4.111e-07  1.748e-06 -1.303e-06 |                                 | 4.111e-07  1.748e-06 -1.303e-06 |
|           -3.920e-02                       | 3.149e-06 -3.604e-06 -3.442e-05 |                                 | 3.149e-06 -3.604e-06 -3.442e-05 |
|                       2.505e-02            | 2.886e-06  7.749e-06 -6.772e-06 |                                 | 2.886e-06  7.749e-06 -6.772e-06 |
|                                  7.637e-02 | 6.906e-06  3.047e-05  6.943e-06 |                                 | 6.906e-06  3.047e-05  6.943e-06 |
---------------------------------------------------------------------------------------------------------------------------------------------------
| 4.111e-07  3.149e-06  2.886e-06  6.906e-06 |-1.712e-01                       | 6.568e-23 -4.142e-06 -8.588e-06 |                                 |
| 1.748e-06 -3.604e-06  7.749e-06  3.047e-05 |           -5.603e-02            | 4.142e-06 -2.261e-21 -3.467e-05 |                                 |
|-1.303e-06 -3.442e-05 -6.772e-06  6.943e-06 |                       3.477e-02 | 8.588e-06  3.467e-05  1.558e-21 |                                 |
---------------------------------------------------------------------------------------------------------------------------------------------------
|                                            |-6.568e-23  4.142e-06  8.588e-06 |-1.712e-01                       | 6.568e-23 -4.142e-06 -8.588e-06 |
|                                            |-4.142e-06  2.261e-21  3.467e-05 |           -5.603e-02            | 4.142e-06 -2.261e-21 -3.467e-05 |
|                                            |-8.588e-06 -3.467e-05 -1.558e-21 |                       3.477e-02 | 8.588e-06  3.467e-05  1.558e-21 |
---------------------------------------------------------------------------------------------------------------------------------------------------
| 4.111e-07  3.149e-06  2.886e-06  6.906e-06 |                                 |-6.568e-23  4.142e-06  8.588e-06 |-1.712e-01                       |
| 1.748e-06 -3.604e-06  7.749e-06  3.047e-05 |                                 |-4.142e-06  2.261e-21  3.467e-05 |           -5.603e-02            |
|-1.303e-06 -3.442e-05 -6.772e-06  6.943e-06 |                                 |-8.588e-06 -3.467e-05 -1.558e-21 |                       3.477e-02 |
---------------------------------------------------------------------------------------------------------------------------------------------------

Imaginary Part:
---------------------------------------------------------------------------------------------------------------------------------------------------
|                                            |-6.617e-06  1.328e-06  8.591e-05 | 1.193e-05  9.038e-05 -1.443e-05 | 6.617e-06 -1.328e-06 -8.591e-05 |
|                                            | 1.104e-05 -9.458e-07  7.921e-06 |-1.984e-05  7.351e-06 -1.967e-06 |-1.104e-05  9.458e-07 -7.921e-06 |
|                                            |-6.181e-06  5.885e-07 -1.918e-05 | 3.933e-06 -1.228e-05  6.381e-06 | 6.181e-06 -5.885e-07  1.918e-05 |
|                                            |-4.083e-05  5.044e-06  4.034e-06 | 5.049e-05 -1.660e-06  2.396e-06 | 4.083e-05 -5.044e-06 -4.034e-06 |
---------------------------------------------------------------------------------------------------------------------------------------------------
| 6.617e-06 -1.104e-05  6.181e-06  4.083e-05 |            1.867e-05 -1.896e-05 | 7.437e-22  5.097e-06 -3.870e-05 |                                 |
|-1.328e-06  9.458e-07 -5.885e-07 -5.044e-06 |-1.867e-05             2.567e-06 |-5.097e-06 -1.128e-21  4.937e-06 |                                 |
|-8.591e-05 -7.921e-06  1.918e-05 -4.034e-06 | 1.896e-05 -2.567e-06            | 3.870e-05 -4.937e-06 -5.027e-22 |                                 |
---------------------------------------------------------------------------------------------------------------------------------------------------
|-1.193e-05  1.984e-05 -3.933e-06 -5.049e-05 | 7.437e-22  5.097e-06 -3.870e-05 |                                 | 7.437e-22  5.097e-06 -3.870e-05 |
|-9.038e-05 -7.351e-06  1.228e-05  1.660e-06 |-5.097e-06 -1.128e-21  4.937e-06 |                                 |-5.097e-06 -1.128e-21  4.937e-06 |
| 1.443e-05  1.967e-06 -6.381e-06 -2.396e-06 | 3.870e-05 -4.937e-06 -5.027e-22 |                                 | 3.870e-05 -4.937e-06 -5.027e-22 |
---------------------------------------------------------------------------------------------------------------------------------------------------
|-6.617e-06  1.104e-05 -6.181e-06 -4.083e-05 |                                 | 7.437e-22  5.097e-06 -3.870e-05 |           -1.867e-05  1.896e-05 |
| 1.328e-06 -9.458e-07  5.885e-07  5.044e-06 |                                 |-5.097e-06 -1.128e-21  4.937e-06 | 1.867e-05            -2.567e-06 |
| 8.591e-05  7.921e-06 -1.918e-05  4.034e-06 |                                 | 3.870e-05 -4.937e-06 -5.027e-22 |-1.896e-05  2.567e-06            |
---------------------------------------------------------------------------------------------------------------------------------------------------


=> Dipole Moment Matrices:

Polarisation X:
Real Part:
---------------------------------------------------------------------------------------------------------------------------------------------------
|-2.117e-02  4.599e-02  2.300e-02 -3.225e-02 |                                 |                                 |                                 |
| 4.599e-02 -2.451e-01 -1.278e-01 -2.710e-01 |                                 |                                 |                                 |
| 2.300e-02 -1.278e-01 -1.103e-01 -1.686e-01 |                                 |                                 |                                 |
|-3.225e-02 -2.710e-01 -1.686e-01 -3.482e-01 |                                 |                                 |                                 |
---------------------------------------------------------------------------------------------------------------------------------------------------
|                                            |-3.307e-02  1.498e-02 -7.513e-02 |                                 |                                 |
|                                            | 1.498e-02 -2.953e-01 -4.763e-01 |                                 |                                 |
|                                            |-7.513e-02 -4.763e-01 -1.783e-01 |                                 |                                 |
---------------------------------------------------------------------------------------------------------------------------------------------------
|                                            |                                 |-3.307e-02  1.498e-02 -7.513e-02 |                                 |
|                                            |                                 | 1.498e-02 -2.953e-01 -4.763e-01 |                                 |
|                                            |                                 |-7.513e-02 -4.763e-01 -1.783e-01 |                                 |
---------------------------------------------------------------------------------------------------------------------------------------------------
|                                            |                                 |                                 |-3.307e-02  1.498e-02 -7.513e-02 |
|                                            |                                 |                                 | 1.498e-02 -2.953e-01 -4.763e-01 |
|                                            |                                 |                                 |-7.513e-02 -4.763e-01 -1.783e-01 |
---------------------------------------------------------------------------------------------------------------------------------------------------

Polarisation Y:
Real Part:
---------------------------------------------------------------------------------------------------------------------------------------------------
| 6.102e-02 -6.326e-02 -1.775e-01 -1.609e-01 |                                 |                                 |                                 |
|-6.326e-02  2.949e-01  7.834e-02 -9.132e-04 |                                 |                                 |                                 |
|-1.775e-01  7.834e-02  1.082e-01 -3.522e-02 |                                 |                                 |                                 |
|-1.609e-01 -9.132e-04 -3.522e-02  2.919e-01 |                                 |                                 |                                 |
---------------------------------------------------------------------------------------------------------------------------------------------------
|                                            | 1.365e-01  4.581e-02  5.510e-02 |                                 |                                 |
|                                            | 4.581e-02  2.865e-01 -3.834e-02 |                                 |                                 |
|                                            | 5.510e-02 -3.834e-02  2.647e-01 |                                 |                                 |
---------------------------------------------------------------------------------------------------------------------------------------------------
|                                            |                                 | 1.365e-01  4.581e-02  5.510e-02 |                                 |
|                                            |                                 | 4.581e-02  2.865e-01 -3.834e-02 |                                 |
|                                            |                                 | 5.510e-02 -3.834e-02  2.647e-01 |                                 |
---------------------------------------------------------------------------------------------------------------------------------------------------
|                                            |                                 |                                 | 1.365e-01  4.581e-02  5.510e-02 |
|                                            |                                 |                                 | 4.581e-02  2.865e-01 -3.834e-02 |
|                                            |                                 |                                 | 5.510e-02 -3.834e-02  2.647e-01 |
---------------------------------------------------------------------------------------------------------------------------------------------------

Polarisation Z:
Real Part:
---------------------------------------------------------------------------------------------------------------------------------------------------
| 3.285e-01  3.512e-01 -1.279e+00  3.381e-01 |                                 |                                 |                                 |
| 3.512e-01  1.066e-02 -1.154e-01 -4.337e-01 |                                 |                                 |                                 |
|-1.279e+00 -1.154e-01  5.323e-02 -3.125e-02 |                                 |                                 |                                 |
| 3.381e-01 -4.337e-01 -3.125e-02  5.943e-01 |                                 |                                 |                                 |
---------------------------------------------------------------------------------------------------------------------------------------------------
|                                            | 1.198e+00 -1.729e-01  7.036e-02 |                                 |                                 |
|                                            |-1.729e-01 -1.441e-01 -3.068e-01 |                                 |                                 |
|                                            | 7.036e-02 -3.068e-01  7.691e-02 |                                 |                                 |
---------------------------------------------------------------------------------------------------------------------------------------------------
|                                            |                                 | 1.198e+00 -1.729e-01  7.036e-02 |                                 |
|                                            |                                 |-1.729e-01 -1.441e-01 -3.068e-01 |                                 |
|                                            |                                 | 7.036e-02 -3.068e-01  7.691e-02 |                                 |
---------------------------------------------------------------------------------------------------------------------------------------------------
|                                            |                                 |                                 | 1.198e+00 -1.729e-01  7.036e-02 |
|                                            |                                 |                                 |-1.729e-01 -1.441e-01 -3.068e-01 |
|                                            |                                 |                                 | 7.036e-02 -3.068e-01  7.691e-02 |
---------------------------------------------------------------------------------------------------------------------------------------------------


=> Overlap matrix:

Real Part:
---------------------------------------------------------------------------------------------------------------------------------------------------
| 1.015e+00  1.579e-02  2.297e-02 -1.578e-03 |                                 |                                 |                                 |
|-5.443e-02  9.437e-01  2.887e-01  5.068e-02 |                                 |                                 |                                 |
| 1.495e-02  2.914e-01 -9.199e-01  2.448e-01 |                                 |                                 |                                 |
| 3.392e-02 -5.772e-02  2.275e-01  8.425e-01 |                                 |                                 |                                 |
---------------------------------------------------------------------------------------------------------------------------------------------------
|                                            | 9.853e-01 -1.482e-01  8.979e-02 |                                 |                                 |
|                                            | 1.839e-01  9.815e-01 -2.617e-02 |                                 |                                 |
|                                            |-9.957e-02  5.761e-02  9.782e-01 |                                 |                                 |
---------------------------------------------------------------------------------------------------------------------------------------------------
|                                            |                                 | 9.853e-01 -1.482e-01  8.979e-02 |                                 |
|                                            |                                 | 1.839e-01  9.815e-01 -2.617e-02 |                                 |
|                                            |                                 |-9.957e-02  5.761e-02  9.782e-01 |                                 |
---------------------------------------------------------------------------------------------------------------------------------------------------
|                                            |                                 |                                 | 9.853e-01 -1.482e-01  8.979e-02 |
|                                            |                                 |                                 | 1.839e-01  9.815e-01 -2.617e-02 |
|                                            |                                 |                                 |-9.957e-02  5.761e-02  9.782e-01 |
---------------------------------------------------------------------------------------------------------------------------------------------------



==> Runtime:	0 Days	0 Hours	0 Minutes	19.410702 Seconds


===> Writing output to file QM.out in SHARC Format

