2026-07-27 13:13:20.239422 midway3-0545.rcc.local /project/lgagliardi/helenclifford/practice_rcc/sharc4/methaniminium/tutorial_reproduction/init/ICOND_00004
  ============================================================================
||                                                                            ||
||                         SHARC - MOLCAS - Interface                         ||
||                                                                            ||
||       Authors: Sascha Mausenberger, Lorenz Grünewald, Sebastian Mai        ||
||                                                                            ||
||                                Version: 4.0                                ||
||                              Date: 29.08.2023                              ||
||                                                                            ||
  ============================================================================
SAVEDIR set to ./SAVE/
Scratchdir set to /scratch/midway3/helenclifford/sharc_scratch/methaniminium_tutorial/init/ICOND_00004
WARNING: 'no-douglas-kroll' not in template keywords: paddingstates, density_calculation_methods, tCI, basis, baslib, basis_per_element, basis_per_atom, nactel, ras1, ras2, ras3, inactive, roots, origin, origin_pos, isotope_elements, isotope_masses, method, functional, ipea, cort_or_dort, imaginary, frozen, gradaccudefault, gradaccumax, pcmset, pcmstate, iterations, cholesky_accu, rasscf_thrs, rasscf_levshift, rasscf_sxdamp, rasscf_noqune, rasscf_convergence_mults, rasscf_guess_jobiph, rasscf_guess_mult, rasscf_guess_step, mclr_iterations, mclr_cgs
WARNING: 'cholesky' not in template keywords: paddingstates, density_calculation_methods, tCI, basis, baslib, basis_per_element, basis_per_atom, nactel, ras1, ras2, ras3, inactive, roots, origin, origin_pos, isotope_elements, isotope_masses, method, functional, ipea, cort_or_dort, imaginary, frozen, gradaccudefault, gradaccumax, pcmset, pcmstate, iterations, cholesky_accu, rasscf_thrs, rasscf_levshift, rasscf_sxdamp, rasscf_noqune, rasscf_convergence_mults, rasscf_guess_jobiph, rasscf_guess_mult, rasscf_guess_step, mclr_iterations, mclr_cgs
paddingstates not specified setting default, [0, 0, 0]
Interface: 

Molecule: 
comment: Initial condition ICOND_00004/

natom: 6
elements: ['C', 'N', 'H', 'H', 'H', 'H']
unit: bohr
factor: 1.0
states: [4, 0, 3]
charge: [1, 0, 1]
nstates: 7
nmstates: 13
point_charges: False
npc: 0
Atomcharge: 17
frozcore: 2
Ubasis: [[      0.0       0.0]
 [      0.0       0.0]]
mol: None

Coords: 
coords: [[-0.05070249  0.04277325  0.04204454]
 [ 0.02801969 -0.03017048  2.483882]
 [ 1.966938 -0.2434533 -0.6074351]
 [ 1.744413  0.2072654  3.363101]
 [-1.772171  0.00043495  3.484061]
 [-1.724789 -0.05425839 -1.053992]]
pccoords: None
pccharge: None
veloc: None

Save: 
savedir: /project/lgagliardi/helenclifford/practice_rcc/sharc4/methaniminium/tutorial_reproduction/init/ICOND_00004/SAVE
step: 1
previous_step: None
init: False
newstep: True
samestep: False
always_guess: False
always_orb_init: False
restart: False

Requests: 
h: True
soc: True
dm: True
mdeqm: False
grad: None
nacdr: None
overlap: True
phases: False
ion: False
socdr: False
dmdr: False
multipolar_fit: None
theodore: False
cleanup: False
retain: 5
molden: False
savestuff: False
nooverlap: False
mol: False
density_matrices: None
dyson_orbitals: None

Maps: 
statemap: {1: [1, 1, 0.0], 2: [1, 2, 0.0], 3: [1, 3, 0.0], 4: [1, 4, 0.0], 5: [3, 1, -1.0], 6: [3, 2, -1.0], 7: [3, 3, -1.0], 8: [3, 1, 0.0], 9: [3, 2, 0.0], 10: [3, 3, 0.0], 11: [3, 1, 1.0], 12: [3, 2, 1.0], 13: [3, 3, 1.0]}
mults: None
gsmap: None
gradmap: None
nacmap: None
densmap: None
ionmap: None
chargemap: {1: 1, 2: 0, 3: 1}
multmap: {0: (0, 0, 0), 1: (0, 0, 1), 2: (0, 0, 2), 3: (0, 0, 3), 4: (2, 1.0, 0), 5: (2, 0.0, 0), 6: (2, -1.0, 0), 7: (2, 1.0, 1), 8: (2, 0.0, 1), 9: (2, -1.0, 1), 10: (2, 1.0, 2), 11: (2, 0.0, 2), 12: (2, -1.0, 2)}

Resources: 
pwd: /project/lgagliardi/helenclifford/practice_rcc/sharc4/methaniminium/tutorial_reproduction/init/ICOND_00004
cwd: /project/lgagliardi/helenclifford/practice_rcc/sharc4/methaniminium/tutorial_reproduction/init/ICOND_00004
scratchdir: /scratch/midway3/helenclifford/sharc_scratch/methaniminium_tutorial/init/ICOND_00004
ncpu: 1
ngpu: None
memory: 500
delay: 0.0
theodir: None
theodore_prop: []
theodore_fragment: []
wfoverlap: /home/helenclifford/project-lgagliardi/practice_rcc/sharc4/bin/wfoverlap.x
wfthres: 0.998
wfnumocc: None
resp_shells: []
resp_vdw_radii_symbol: {}
resp_vdw_radii: []
resp_betas: [0.0005, 0.0015, 0.003]
resp_layers: 4
resp_first_layer: 1.4
resp_density: 10.0
resp_fit_order: 2
resp_mk_radii: True
resp_grid: lebedev
resp_target: zero
resp_block_size: 5000
resp_nuke_ram: False
molcas: /project/lgagliardi/shared/Apps/OpenMolcas/builds/parallel
mpi_parallel: False
dry_run: False
driver: /project/lgagliardi/shared/Apps/OpenMolcas/builds/parallel/pymolcas

Template: 
paddingstates: [0, 0, 0]
density_calculation_methods: []
tCI: 1e-07
basis: cc-pVDZ
baslib: None
basis_per_element: None
basis_per_atom: None
nactel: [7, 0, 0]
ras1: None
ras2: 4
ras3: None
inactive: 5
roots: [4, 0, 3]
origin: none
origin_pos: [0.0, 0.0, 0.0]
isotope_elements: []
isotope_masses: []
method: casscf
functional: t:pbe
ipea: 0.25
cort_or_dort: CORT
imaginary: 0.0
frozen: None
gradaccudefault: 0.0001
gradaccumax: 0.001
pcmset: None
pcmstate: None
iterations: [200, 100]
cholesky_accu: 0.0001
rasscf_thrs: [1e-08, 0.0001, 0.0001]
rasscf_levshift: None
rasscf_sxdamp: None
rasscf_noqune: False
rasscf_convergence_mults: []
rasscf_guess_jobiph: None
rasscf_guess_mult: 0
rasscf_guess_step: -1
mclr_iterations: 200
mclr_cgs: False

Scheduling: 

Control: 
jobid: None
workdir: None
master: False
gradonly: False
densonly: False
states_to_do: [4, 0, 3]
jobs: None
nslots_pool: []

Starting job execution
['gateway']
['seward']
['copy', '/project/lgagliardi/helenclifford/practice_rcc/sharc4/methaniminium/tutorial_reproduction/init/ICOND_00004/SAVE/MOLCAS.1.JobIph.0', 'JOBOLD']
['rasscf', 1, 4, True, False]
['copy', 'MOLCAS.rasscf.h5', 'MOLCAS.1.rasscf.h5']
['copy', 'MOLCAS.JobIph', 'MOLCAS.1.JobIph']
['copy', '/project/lgagliardi/helenclifford/practice_rcc/sharc4/methaniminium/tutorial_reproduction/init/ICOND_00004/SAVE/MOLCAS.3.JobIph.0', 'JOBOLD']
['rasscf', 3, 3, True, False]
['copy', 'MOLCAS.rasscf.h5', 'MOLCAS.3.rasscf.h5']
['copy', 'MOLCAS.JobIph', 'MOLCAS.3.JobIph']
['link', 'MOLCAS.1.JobIph', 'JOB001']
['rassi', 'dm', [4]]
['copy', 'MOLCAS.rassi.h5', 'MOLCAS.rassi.1.h5']
['link', 'MOLCAS.3.JobIph', 'JOB001']
['rassi', 'dm', [3]]
['copy', 'MOLCAS.rassi.h5', 'MOLCAS.rassi.3.h5']
['copy', '/project/lgagliardi/helenclifford/practice_rcc/sharc4/methaniminium/tutorial_reproduction/init/ICOND_00004/SAVE/MOLCAS.1.JobIph.0', 'JOB001']
['link', 'MOLCAS.1.JobIph', 'JOB002']
['rassi', 'overlap', [4, 4]]
['copy', 'MOLCAS.rassi.h5', 'MOLCAS.rassi.ovlp.1.h5']
['copy', '/project/lgagliardi/helenclifford/practice_rcc/sharc4/methaniminium/tutorial_reproduction/init/ICOND_00004/SAVE/MOLCAS.3.JobIph.0', 'JOB001']
['link', 'MOLCAS.3.JobIph', 'JOB002']
['rassi', 'overlap', [3, 3]]
['copy', 'MOLCAS.rassi.h5', 'MOLCAS.rassi.ovlp.3.h5']
['link', 'MOLCAS.1.JobIph', 'JOB001']
['link', 'MOLCAS.3.JobIph', 'JOB002']
['rassi', 'soc', [4, 3]]
All jobs finished:
job: master          code: 0    runtime: 0:00:16.582076

===> Results:

=> Hamiltonian Matrix:
Diagonal Shift:    -94.00
Real Part:
---------------------------------------------------------------------------------------------------------------------------------------------------
|-3.936e-01                                  | 3.903e-07 -3.080e-06  5.551e-07 |                                 | 3.903e-07 -3.080e-06  5.551e-07 |
|           -6.547e-02                       | 1.696e-06  9.364e-07 -3.460e-05 |                                 | 1.696e-06  9.364e-07 -3.460e-05 |
|                      -1.221e-02            | 7.363e-07 -4.234e-06 -3.468e-06 |                                 | 7.363e-07 -4.234e-06 -3.468e-06 |
|                                  2.433e-02 |-6.749e-06  3.457e-05  3.659e-06 |                                 |-6.749e-06  3.457e-05  3.659e-06 |
---------------------------------------------------------------------------------------------------------------------------------------------------
| 3.903e-07  1.696e-06  7.363e-07 -6.749e-06 |-2.023e-01                       | 5.689e-24 -1.924e-06  6.611e-06 |                                 |
|-3.080e-06  9.364e-07 -4.234e-06  3.457e-05 |           -8.852e-02            | 1.924e-06 -1.253e-21 -3.563e-05 |                                 |
| 5.551e-07 -3.460e-05 -3.468e-06  3.659e-06 |                      -9.522e-03 |-6.611e-06  3.563e-05 -1.435e-21 |                                 |
---------------------------------------------------------------------------------------------------------------------------------------------------
|                                            |-5.689e-24  1.924e-06 -6.611e-06 |-2.023e-01                       | 5.689e-24 -1.924e-06  6.611e-06 |
|                                            |-1.924e-06  1.253e-21  3.563e-05 |           -8.852e-02            | 1.924e-06 -1.253e-21 -3.563e-05 |
|                                            | 6.611e-06 -3.563e-05  1.435e-21 |                      -9.522e-03 |-6.611e-06  3.563e-05 -1.435e-21 |
---------------------------------------------------------------------------------------------------------------------------------------------------
| 3.903e-07  1.696e-06  7.363e-07 -6.749e-06 |                                 |-5.689e-24  1.924e-06 -6.611e-06 |-2.023e-01                       |
|-3.080e-06  9.364e-07 -4.234e-06  3.457e-05 |                                 |-1.924e-06  1.253e-21  3.563e-05 |           -8.852e-02            |
| 5.551e-07 -3.460e-05 -3.468e-06  3.659e-06 |                                 | 6.611e-06 -3.563e-05  1.435e-21 |                      -9.522e-03 |
---------------------------------------------------------------------------------------------------------------------------------------------------

Imaginary Part:
---------------------------------------------------------------------------------------------------------------------------------------------------
|                                            | 2.946e-06 -3.426e-05  8.551e-05 |-7.131e-06  8.120e-05  3.211e-05 |-2.946e-06  3.426e-05 -8.551e-05 |
|                                            | 1.903e-05  2.716e-06 -3.442e-06 |-8.409e-06 -1.720e-06 -2.571e-06 |-1.903e-05 -2.716e-06  3.442e-06 |
|                                            | 6.751e-06 -9.182e-06  2.055e-05 | 2.299e-06  1.012e-05  6.016e-06 |-6.751e-06  9.182e-06 -2.055e-05 |
|                                            |-4.853e-05 -4.939e-06 -8.322e-08 | 6.140e-06  1.304e-07 -5.174e-07 | 4.853e-05  4.939e-06  8.322e-08 |
---------------------------------------------------------------------------------------------------------------------------------------------------
|-2.946e-06 -1.903e-05 -6.751e-06  4.853e-05 |            1.229e-05  3.482e-06 |-1.102e-22  1.884e-05 -4.399e-05 |                                 |
| 3.426e-05 -2.716e-06  9.182e-06  4.939e-06 |-1.229e-05            -9.609e-07 |-1.884e-05 -6.281e-22 -4.422e-06 |                                 |
|-8.551e-05  3.442e-06 -2.055e-05  8.322e-08 |-3.482e-06  9.609e-07            | 4.399e-05  4.422e-06  2.525e-22 |                                 |
---------------------------------------------------------------------------------------------------------------------------------------------------
| 7.131e-06  8.409e-06 -2.299e-06 -6.140e-06 |-1.102e-22  1.884e-05 -4.399e-05 |                                 |-1.102e-22  1.884e-05 -4.399e-05 |
|-8.120e-05  1.720e-06 -1.012e-05 -1.304e-07 |-1.884e-05 -6.281e-22 -4.422e-06 |                                 |-1.884e-05 -6.281e-22 -4.422e-06 |
|-3.211e-05  2.571e-06 -6.016e-06  5.174e-07 | 4.399e-05  4.422e-06  2.525e-22 |                                 | 4.399e-05  4.422e-06  2.525e-22 |
---------------------------------------------------------------------------------------------------------------------------------------------------
| 2.946e-06  1.903e-05  6.751e-06 -4.853e-05 |                                 |-1.102e-22  1.884e-05 -4.399e-05 |           -1.229e-05 -3.482e-06 |
|-3.426e-05  2.716e-06 -9.182e-06 -4.939e-06 |                                 |-1.884e-05 -6.281e-22 -4.422e-06 | 1.229e-05             9.609e-07 |
| 8.551e-05 -3.442e-06  2.055e-05 -8.322e-08 |                                 | 4.399e-05  4.422e-06  2.525e-22 | 3.482e-06 -9.609e-07            |
---------------------------------------------------------------------------------------------------------------------------------------------------


=> Dipole Moment Matrices:

Polarisation X:
Real Part:
---------------------------------------------------------------------------------------------------------------------------------------------------
|-4.014e-02 -4.773e-02  3.284e-02  1.159e-02 |                                 |                                 |                                 |
|-4.773e-02  2.658e-01  9.916e-02 -1.641e-01 |                                 |                                 |                                 |
| 3.284e-02  9.916e-02 -2.732e-02 -2.598e-02 |                                 |                                 |                                 |
| 1.159e-02 -1.641e-01 -2.598e-02 -2.941e-01 |                                 |                                 |                                 |
---------------------------------------------------------------------------------------------------------------------------------------------------
|                                            |-2.879e-02 -4.778e-02  2.400e-02 |                                 |                                 |
|                                            |-4.778e-02  3.220e-01 -2.263e-01 |                                 |                                 |
|                                            | 2.400e-02 -2.263e-01 -3.383e-01 |                                 |                                 |
---------------------------------------------------------------------------------------------------------------------------------------------------
|                                            |                                 |-2.879e-02 -4.778e-02  2.400e-02 |                                 |
|                                            |                                 |-4.778e-02  3.220e-01 -2.263e-01 |                                 |
|                                            |                                 | 2.400e-02 -2.263e-01 -3.383e-01 |                                 |
---------------------------------------------------------------------------------------------------------------------------------------------------
|                                            |                                 |                                 |-2.879e-02 -4.778e-02  2.400e-02 |
|                                            |                                 |                                 |-4.778e-02  3.220e-01 -2.263e-01 |
|                                            |                                 |                                 | 2.400e-02 -2.263e-01 -3.383e-01 |
---------------------------------------------------------------------------------------------------------------------------------------------------

Polarisation Y:
Real Part:
---------------------------------------------------------------------------------------------------------------------------------------------------
| 7.219e-02  9.408e-02 -1.065e-01 -1.420e-01 |                                 |                                 |                                 |
| 9.408e-02 -6.250e-02 -6.391e-02 -3.459e-02 |                                 |                                 |                                 |
|-1.065e-01 -6.391e-02  4.105e-02  7.123e-02 |                                 |                                 |                                 |
|-1.420e-01 -3.459e-02  7.123e-02  1.555e-02 |                                 |                                 |                                 |
---------------------------------------------------------------------------------------------------------------------------------------------------
|                                            |-4.518e-03 -1.835e-02  5.347e-02 |                                 |                                 |
|                                            |-1.835e-02 -7.065e-02  1.463e-03 |                                 |                                 |
|                                            | 5.347e-02  1.463e-03  2.596e-02 |                                 |                                 |
---------------------------------------------------------------------------------------------------------------------------------------------------
|                                            |                                 |-4.518e-03 -1.835e-02  5.347e-02 |                                 |
|                                            |                                 |-1.835e-02 -7.065e-02  1.463e-03 |                                 |
|                                            |                                 | 5.347e-02  1.463e-03  2.596e-02 |                                 |
---------------------------------------------------------------------------------------------------------------------------------------------------
|                                            |                                 |                                 |-4.518e-03 -1.835e-02  5.347e-02 |
|                                            |                                 |                                 |-1.835e-02 -7.065e-02  1.463e-03 |
|                                            |                                 |                                 | 5.347e-02  1.463e-03  2.596e-02 |
---------------------------------------------------------------------------------------------------------------------------------------------------

Polarisation Z:
Real Part:
---------------------------------------------------------------------------------------------------------------------------------------------------
| 2.574e-01 -2.474e-01  1.358e+00  1.224e-01 |                                 |                                 |                                 |
|-2.474e-01 -1.651e-01 -6.547e-04 -2.243e-01 |                                 |                                 |                                 |
| 1.358e+00 -6.547e-04  1.326e-02 -6.265e-02 |                                 |                                 |                                 |
| 1.224e-01 -2.243e-01 -6.265e-02  2.347e-01 |                                 |                                 |                                 |
---------------------------------------------------------------------------------------------------------------------------------------------------
|                                            | 1.144e+00  1.411e-01  1.893e-03 |                                 |                                 |
|                                            | 1.411e-01 -1.973e-01 -1.824e-01 |                                 |                                 |
|                                            | 1.893e-03 -1.824e-01  4.669e-02 |                                 |                                 |
---------------------------------------------------------------------------------------------------------------------------------------------------
|                                            |                                 | 1.144e+00  1.411e-01  1.893e-03 |                                 |
|                                            |                                 | 1.411e-01 -1.973e-01 -1.824e-01 |                                 |
|                                            |                                 | 1.893e-03 -1.824e-01  4.669e-02 |                                 |
---------------------------------------------------------------------------------------------------------------------------------------------------
|                                            |                                 |                                 | 1.144e+00  1.411e-01  1.893e-03 |
|                                            |                                 |                                 | 1.411e-01 -1.973e-01 -1.824e-01 |
|                                            |                                 |                                 | 1.893e-03 -1.824e-01  4.669e-02 |
---------------------------------------------------------------------------------------------------------------------------------------------------


=> Overlap matrix:

Real Part:
---------------------------------------------------------------------------------------------------------------------------------------------------
| 9.244e-01 -8.598e-03 -1.369e-02 -2.316e-05 |                                 |                                 |                                 |
| 2.019e-02  8.564e-01  1.334e-01  3.235e-01 |                                 |                                 |                                 |
| 1.002e-02 -1.799e-01  9.119e-01  6.173e-02 |                                 |                                 |                                 |
|-2.503e-02 -3.356e-01 -1.254e-01  8.654e-01 |                                 |                                 |                                 |
---------------------------------------------------------------------------------------------------------------------------------------------------
|                                            | 9.252e-01  9.921e-02  1.035e-02 |                                 |                                 |
|                                            |-1.118e-01  8.530e-01  3.388e-01 |                                 |                                 |
|                                            | 3.346e-02 -3.701e-01  8.613e-01 |                                 |                                 |
---------------------------------------------------------------------------------------------------------------------------------------------------
|                                            |                                 | 9.252e-01  9.921e-02  1.035e-02 |                                 |
|                                            |                                 |-1.118e-01  8.530e-01  3.388e-01 |                                 |
|                                            |                                 | 3.346e-02 -3.701e-01  8.613e-01 |                                 |
---------------------------------------------------------------------------------------------------------------------------------------------------
|                                            |                                 |                                 | 9.252e-01  9.921e-02  1.035e-02 |
|                                            |                                 |                                 |-1.118e-01  8.530e-01  3.388e-01 |
|                                            |                                 |                                 | 3.346e-02 -3.701e-01  8.613e-01 |
---------------------------------------------------------------------------------------------------------------------------------------------------



==> Runtime:	0 Days	0 Hours	0 Minutes	18.593560 Seconds


===> Writing output to file QM.out in SHARC Format

