#===============================================================================================================================================================================
#     Step |         Time |         State |                                     Energy |      Angular |     Gradient |      Density |           Expectation Value |    Runtime |
#          |              |  diag |   MCH |          kin |          pot |          tot |     Momentum |          RMS |        Total |           DM |            S |            |
#          |         [fs] |       |       |         [eV] |         [eV] |         [eV] |       [hbar] |     [eV/Ang] |              |      [Debye] |              |      [sec] |
#===============================================================================================================================================================================
         0         0.0000       9       3       0.618528      11.006976      11.625504       0.000338       5.006495       1.000000       0.552286       0.000003           69
         1         0.5000       9       3       0.565659      11.059567      11.625225       0.000370       5.316266       1.000000       0.485358       0.000002           62
         2         1.0000       9       3       0.576253      11.048846      11.625099       0.000365       5.454814       1.000000       0.449550       0.000002           59
         3         1.5000       9       3       0.648994      10.976159      11.625153       0.000362       5.432749       1.000000       0.453497       0.000002           61
         4         2.0000       9       3       0.786410      10.839079      11.625489       0.000407       5.256121       1.000000       0.494705       0.000002           69
         5         2.5000       9       3       0.991410      10.633580      11.624990       0.000554       4.846485       1.000000       0.548494       0.000001           57
         6         3.0000       9       3       1.253196      10.369682      11.622879       0.000742       4.173380       1.000000       0.602016       0.000001           60
         7         3.5000       9       3       1.538774      10.081190      11.619964       0.000872       3.324221       1.000000       0.672117       0.000001           58
         8         4.0000       9       3       1.798105       9.817022      11.615127       0.001032       2.290545       1.000000       0.783448       0.000001           64
# Surface Hop/Pointer State Switch: new state=      8 old state=      9 randnum=  0.009990149 gap= -0.406067 eV
         9         4.5000       8       2       2.374648       9.240479      11.615127       0.001225       1.310946       1.000000       1.246910       0.000003           59
        10         5.0000       8       2       2.443863       9.159591      11.603454       0.001153       1.251617       1.000000       1.272372       0.000016           92
# Surface Hop/Pointer State Switch: new state=      5 old state=      8 randnum=  0.902135121 gap= -0.014368 eV
        11         5.5000       5       2       2.522582       9.080872      11.603454       0.001097       1.289039       1.000000       1.421256       0.002221           57
        12         6.0000       5       2       2.522891       9.080955      11.603846       0.001010       1.368154       1.000000       1.639162       0.000220           68
        13         6.5000       5       2       2.456016       9.149942      11.605958       0.000847       1.621795       1.000000       1.886157       0.000667           76
# Surface Hop/Pointer State Switch: new state=      8 old state=      5 randnum=  0.397956459 gap=  0.028290 eV
        14         7.0000       8       2       2.350177       9.255781      11.605958       0.000768       1.933346       1.000000       2.127419       0.000678           70
# Surface Hop/Pointer State Switch: new state=      9 old state=      8 randnum=  0.012497615 gap=  0.555856 eV
        15         7.5000       9       3       1.686169       9.919790      11.605958       0.000350       1.584105       1.000000       0.976687       0.000001           62
        16         8.0000       9       3       1.679957       9.922177      11.602134       0.000366       1.642585       1.000000       1.372378       0.000001           63
        17         8.5000       9       3       1.678016       9.920099      11.598115       0.000285       1.914660       1.000000       2.209641       0.000001           60
        18         9.0000       9       3       1.636993       9.961526      11.598519       0.000273       2.298727       1.000000       3.171866       0.000000           67
# Surface Hop/Pointer State Switch: new state=      8 old state=      9 randnum=  0.056199276 gap= -0.746564 eV
        19         9.5000       8       2       2.297626       9.300893      11.598519       0.000416       1.532389       1.000000       0.690389       0.000001           64
        20        10.0000       8       2       2.383066       9.214518      11.597584       0.000371       1.532959       1.000000       0.491820       0.000001           64
        21        10.5000       8       2       2.458516       9.138848      11.597364       0.000375       1.541189       1.000000       0.462485       0.000001           57
        22        11.0000       8       2       2.520302       9.076754      11.597057       0.000404       1.501537       1.000000       0.515637       0.000001           61
        23        11.5000       8       2       2.564957       9.031551      11.596508       0.000478       1.425696       1.000000       0.606256       0.000001           57
        24        12.0000       8       2       2.586578       9.009427      11.596005       0.000541       1.378385       1.000000       0.717787       0.000001           65
        25        12.5000       8       2       2.563279       9.019861      11.583141       0.000460       1.443878       1.000000       0.824391       0.000002           68
        26        13.0000       8       2       2.520943       9.383942      11.904886       0.000377       1.708988       1.000000       0.690521       0.000001           60
        27        13.5000       8       2       2.504914       9.401245      11.906159       0.000381       1.900458       1.000000       0.689800       0.000002           62
        28        14.0000       8       2       2.521916       9.383496      11.905411       0.000341       1.906508       1.000000       0.690943       0.000002           59
        29        14.5000       8       2       2.559500       9.343099      11.902598       0.000252       1.698213       1.000000       0.693175       0.000003           60
        30        15.0000       8       2       2.576590       9.323138      11.899728       0.000209       1.382176       1.000000       0.686738       0.000003           60
        31        15.5000       8       2       2.530309       9.368391      11.898700       0.000251       1.180096       1.000000       0.656230       0.000005           60
        32        16.0000       8       2       2.402326       9.497043      11.899369       0.000306       1.313570       1.000000       0.652746       0.000006           70
        33        16.5000       8       2       2.199283       9.700232      11.899515       0.000334       1.759891       1.000000       1.140016       0.000009           62
# Surface Hop/Pointer State Switch: new state=      7 old state=      8 randnum=  0.070369087 gap= -0.397752 eV
        34        17.0000       7       1       2.337469       9.562046      11.899515       0.000375       2.078034       1.000000       1.259024       0.000027           62
        35        17.5000       7       1       2.173300       9.721266      11.894566       0.000432       1.906848       1.000000       1.684728       0.000018           71
        36        18.0000       7       1       2.105045       9.786147      11.891191       0.000439       1.733454       1.000000       1.850032       0.000018          119
        37        18.5000       7       1       2.083861       9.805204      11.889065       0.000396       1.565355       1.000000       1.962767       0.000022           64
        38        19.0000       7       1       2.078903       9.809504      11.888407       0.000347       1.476886       1.000000       2.069198       0.000028           58
        39        19.5000       7       1       2.079485       9.809161      11.888646       0.000304       1.468066       1.000000       2.175587       0.000040           66
        40        20.0000       7       1       2.088141       9.800758      11.888899       0.000283       1.482459       1.000000       2.281591       0.000063           62
        41        20.5000       7       1       2.108558       9.780024      11.888582       0.000302       1.474046       1.000000       2.386773       0.000115           63
        42        21.0000       7       1       2.136897       9.750669      11.887566       0.000369       1.433520       1.000000       2.491571       0.000294           71
        43        21.5000       7       1       2.159802       9.726347      11.886149       0.000468       1.394557       1.000000       2.598415       0.002003           74
# Surface Hop/Pointer State Switch: new state=      4 old state=      7 randnum=  0.673067582 gap= -0.054252 eV
        44        22.0000       4       1       2.161002       9.725147      11.886149       0.000522       1.431070       1.000000       2.706957       0.004559           70
        45        22.5000       4       1       2.129658       9.756646      11.886304       0.000597       1.595788       1.000000       2.804477       0.000399           70
        46        23.0000       4       1       2.071657       9.816375      11.888031       0.000670       1.851222       1.000000       2.907465       0.000135           63
        47        23.5000       4       1       2.013102       9.876728      11.889830       0.000773       2.043917       1.000000       3.009659       0.000067           60
        48        24.0000       4       1       1.978657       9.910928      11.889585       0.000860       2.037098       1.000000       3.108372       0.000040           56
        49        24.5000       4       1       1.965032       9.922206      11.887238       0.001102       1.820646       1.000000       3.200248       0.000027           61
        50        25.0000       4       1       1.941575       9.943738      11.885313       0.001368       1.551521       1.000000       3.281542       0.000019           65
        51        25.5000       4       1       1.882692      10.003281      11.885974       0.001570       1.462088       1.000000       3.348851       0.000015           67
        52        26.0000       4       1       1.796438      10.092274      11.888712       0.001697       1.588547       1.000000       3.399686       0.000012           63
        53        26.5000       4       1       1.718916      10.172258      11.891174       0.001712       1.743956       1.000000       3.432549       0.000011           62
        54        27.0000       4       1       1.683560      10.208115      11.891674       0.001652       1.805813       1.000000       3.446740       0.000010           67
        55        27.5000       4       1       1.697925      10.192649      11.890574       0.001517       1.793751       1.000000       3.442128       0.000009           68
        56        28.0000       4       1       1.746811      10.142484      11.889296       0.001303       1.787262       1.000000       3.418973       0.000009           66
        57        28.5000       4       1       1.810875      10.077876      11.888751       0.001072       1.829059       1.000000       3.377807       0.000010           63
        58        29.0000       4       1       1.880315      10.008629      11.888944       0.000890       1.899060       1.000000       3.319402       0.000011           75
        59        29.5000       4       1       1.956289       9.933148      11.889437       0.000781       1.954837       1.000000       3.244684       0.000012           59
        60        30.0000       4       1       2.045071       9.844711      11.889781       0.000737       1.965140       1.000000       3.154562       0.000014           66
        61        30.5000       4       1       2.151265       9.738415      11.889680       0.000808       1.915150       1.000000       3.049756       0.000017           78
        62        31.0000       4       1       2.273074       9.615942      11.889016       0.000983       1.802954       1.000000       2.930787       0.000021           74
        63        31.5000       4       1       2.400436       9.487463      11.887899       0.001075       1.641510       1.000000       2.798178       0.000027           63
        64        32.0000       4       1       2.516646       9.370071      11.886717       0.001053       1.469838       1.000000       2.652910       0.000034           66
        65        32.5000       4       1       2.604294       9.281840      11.886134       0.001016       1.364557       1.000000       2.497093       0.000044           80
        66        33.0000       4       1       2.654636       9.232098      11.886734       0.001002       1.394374       1.000000       2.334667       0.000057           60
        67        33.5000       4       1       2.674687       9.213595      11.888283       0.001046       1.513524       1.000000       2.171819       0.000073           63
        68        34.0000       4       1       2.682917       9.206565      11.889481       0.001135       1.581105       1.000000       2.016674       0.000090           70
        69        34.5000       4       1       2.692652       9.196611      11.889262       0.001216       1.504326       1.000000       1.878268       0.000107           62
        70        35.0000       4       1       2.699850       9.188391      11.888242       0.001360       1.321647       1.000000       1.765350       0.000118           68
        71        35.5000       4       1       2.690613       9.197116      11.887730       0.001745       1.155167       1.000000       1.685680       0.000119           74
        72        36.0000       4       1       2.656529       9.231275      11.887805       0.001974       1.052568       1.000000       1.645798       0.000109           64
        73        36.5000       4       1       2.595921       9.291689      11.887611       0.001920       0.955581       1.000000       1.650640       0.000089           63
        74        37.0000       4       1       2.505161       9.381921      11.887082       0.001919       0.873683       1.000000       1.701971       0.000068           61
        75        37.5000       4       1       2.378531       9.508504      11.887035       0.002006       0.916379       1.000000       1.795098       0.000050           74
        76        38.0000       4       1       2.217484       9.670541      11.888025       0.002056       1.098545       1.000000       1.917003       0.000035           62
        77        38.5000       4       1       2.048911       9.849282      11.898193       0.002160       1.157794       1.000000       2.061631       0.000025           59
        78        39.0000       4       1       1.888640       8.745297      10.633938       0.002252       1.609453       1.000000       6.550100       0.000004           61
        79        39.5000       4       1       1.742884       8.892188      10.635072       0.002186       1.782946       1.000000       6.576204       0.000003           59
        80        40.0000       4       1       1.625805       9.009980      10.635784       0.002011       1.899653       1.000000       6.601763       0.000003           64
        81        40.5000       4       1       1.549100       9.086862      10.635963       0.001696       1.957209       1.000000       6.627873       0.000003           55
        82        41.0000       4       1       1.515773       9.119759      10.635532       0.001528       1.954792       1.000000       6.655933       0.000002           65
        83        41.5000       4       1       1.519336       9.115154      10.634490       0.001605       1.894115       1.000000       6.687548       0.000002           61
        84        42.0000       4       1       1.544428       9.088599      10.633027       0.001771       1.786572       1.000000       6.724529       0.000002           62
        85        42.5000       4       1       1.570202       9.061449      10.631651       0.001909       1.667503       1.000000       6.768952       0.000002           58
        86        43.0000       4       1       1.578283       9.052895      10.631178       0.001986       1.603693       1.000000       6.823197       0.000002           70
        87        43.5000       4       1       1.564431       9.067848      10.632279       0.002037       1.649564       1.000000       6.889858       0.000002           60
        88        44.0000       4       1       1.546341       9.088165      10.634506       0.002108       1.758437       1.000000       6.971441       0.000002           66
        89        44.5000       4       1       1.555797       9.080290      10.636087       0.002173       1.802776       1.000000       7.069855       0.000003           93
        90        45.0000       4       1       1.615235       9.020445      10.635680       0.002234       1.708203       1.000000       7.185900       0.000003           64
        91        45.5000       4       1       1.720647       8.913291      10.633938       0.002297       1.526808       1.000000       7.319058       0.000003           61
        92        46.0000       4       1       1.848031       8.784130      10.632161       0.002303       1.362303       1.000000       7.467762       0.000004           58
        93        46.5000       4       1       1.969118       8.661479      10.630597       0.002248       1.241985       1.000000       7.629897       0.000004           66
        94        47.0000       4       1       2.057486       8.571712      10.629199       0.002190       1.144426       1.000000       7.803190       0.000005           67
        95        47.5000       4       1       2.090692       8.537832      10.628524       0.002135       1.101397       1.000000       7.985380       0.000006           59
        96        48.0000       4       1       2.057770       8.571315      10.629085       0.002086       1.158370       1.000000       8.174274       0.000007           73
        97        48.5000       4       1       1.965859       8.664845      10.630705       0.002045       1.290193       1.000000       8.367799       0.000009           61
        98        49.0000       4       1       1.838164       8.794605      10.632770       0.002011       1.434828       1.000000       8.564054       0.000010           58
        99        49.5000       4       1       1.705422       8.929276      10.634697       0.001984       1.549752       1.000000       8.761352       0.000013           62
       100        50.0000       4       1       1.596980       9.039140      10.636120       0.001962       1.616228       1.000000       8.958228       0.000015           60
       101        50.5000       4       1       1.534617       9.102223      10.636840       0.001944       1.626437       1.000000       9.153423       0.000018           59
       102        51.0000       4       1       1.528940       9.107795      10.636736       0.001920       1.574376       1.000000       9.345835       0.000022           60
       103        51.5000       4       1       1.577302       9.058419      10.635721       0.001923       1.452295       1.000000       9.534459       0.000025           59
       104        52.0000       4       1       1.662758       8.971052      10.633810       0.001945       1.253440       1.000000       9.718352       0.000029           73
       105        52.5000       4       1       1.754958       8.876324      10.631282       0.001949       0.987383       1.000000       9.896589       0.000032           57
       106        53.0000       4       1       1.815464       8.813454      10.628917       0.001983       0.742075       1.000000      10.068251       0.000034           66
       107        53.5000       4       1       1.810594       8.817483      10.628076       0.002059       0.792761       1.000000      10.232434       0.000034           61
       108        54.0000       4       1       1.731233       8.898805      10.630037       0.002141       1.199731       1.000000      10.388319       0.000033           64
       109        54.5000       4       1       1.608654       9.025755      10.634409       0.002216       1.654352       1.000000      10.535317       0.000029           73
       110        55.0000       4       1       1.505503       9.132687      10.638190       0.002282       1.914296       1.000000      10.673170       0.000025           63
       111        55.5000       4       1       1.474089       9.163975      10.638065       0.002345       1.850518       1.000000      10.801845       0.000021           72
       112        56.0000       4       1       1.513835       9.120414      10.634249       0.002414       1.486356       1.000000      10.921258       0.000017           62
       113        56.5000       4       1       1.573388       9.056781      10.630170       0.002486       1.008084       1.000000      11.031135       0.000014           64
       114        57.0000       4       1       1.593927       9.034503      10.628430       0.002551       0.752923       1.000000      11.131155       0.000011           62
       115        57.5000       4       1       1.546178       9.082867      10.629044       0.002593       0.921631       1.000000      11.221272       0.000009           61
       116        58.0000       4       1       1.435080       9.195744      10.630824       0.002609       1.225576       1.000000      11.301979       0.000008           60
       117        58.5000       4       1       1.285303       9.347516      10.632820       0.002622       1.491476       1.000000      11.374402       0.000007           59
       118        59.0000       4       1       1.127078       9.507524      10.634602       0.002659       1.694036       1.000000      11.440193       0.000006           64
       119        59.5000       4       1       0.988525       9.647485      10.636010       0.002644       1.837147       1.000000      11.501259       0.000006           55
       120        60.0000       4       1       0.892171       9.744770      10.636942       0.002525       1.923431       1.000000      11.559436       0.000006           61
       121        60.5000       4       1       0.852799       9.784478      10.637277       0.002351       1.950120       1.000000      11.616163       0.000005           57
       122        61.0000       4       1       0.875448       9.761440      10.636889       0.002161       1.910309       1.000000      11.672270       0.000006           59
       123        61.5000       4       1       0.953499       9.682168      10.635667       0.001994       1.795061       1.000000      11.727886       0.000006           57
       124        62.0000       4       1       1.067415       9.566195      10.633610       0.001881       1.598615       1.000000      11.782517       0.000006           63
       125        62.5000       4       1       1.185631       9.445380      10.631011       0.001831       1.335332       1.000000      11.835221       0.000007           59
       126        63.0000       4       1       1.270354       9.358360      10.628714       0.001833       1.090144       1.000000      11.884869       0.000008           92
       127        63.5000       4       1       1.291253       9.336875      10.628128       0.001865       1.080037       1.000000      11.930379       0.000009           58
       128        64.0000       4       1       1.245403       9.384990      10.630393       0.001905       1.399257       1.000000      11.970879       0.000011           60
       129        64.5000       4       1       1.170105       9.464580      10.634685       0.001941       1.792400       1.000000      12.005763       0.000013           59
       130        65.0000       4       1       1.127418       9.510332      10.637751       0.001971       1.991296       1.000000      12.034741       0.000016           62
       131        65.5000       4       1       1.159569       9.477312      10.636881       0.001998       1.871743       1.000000      12.057922       0.000020           59
       132        66.0000       4       1       1.254269       9.378842      10.633111       0.002026       1.483068       1.000000      12.075944       0.000025           63
       133        66.5000       4       1       1.357582       9.272163      10.629745       0.002056       1.023981       1.000000      12.089984       0.000031           63
       134        67.0000       4       1       1.417351       9.211321      10.628672       0.002086       0.787125       1.000000      12.101692       0.000037           66
       135        67.5000       4       1       1.411962       9.217551      10.629514       0.002118       0.889937       1.000000      12.113114       0.000044           64
       136        68.0000       4       1       1.349224       9.281935      10.631159       0.002154       1.095520       1.000000      12.126646       0.000053           59
       137        68.5000       4       1       1.252042       9.380863      10.632905       0.002197       1.265580       1.000000      12.144848       0.000062           59
       138        69.0000       4       1       1.147076       9.487396      10.634472       0.002248       1.383208       1.000000      12.170135       0.000072           71
       139        69.5000       4       1       1.058995       9.576689      10.635683       0.002309       1.453399       1.000000      12.204439       0.000084           56
       140        70.0000       4       1       1.006873       9.629450      10.636324       0.002380       1.475625       1.000000      12.248979       0.000096           55
       141        70.5000       4       1       1.000624       9.635554      10.636178       0.002459       1.445250       1.000000      12.304231       0.000110           63
       142        71.0000       4       1       1.037841       9.597295      10.635136       0.002542       1.363486       1.000000      12.370046       0.000122           59
       143        71.5000       4       1       1.102751       9.530616      10.633367       0.002626       1.255959       1.000000      12.445857       0.000132           56
       144        72.0000       4       1       1.169783       9.461739      10.631522       0.002709       1.201395       1.000000      12.530897       0.000136           61
       145        72.5000       4       1       1.214197       9.416521      10.630718       0.002792       1.312159       1.000000      12.624348       0.000132           56
       146        73.0000       4       1       1.227870       9.403907      10.631776       0.002875       1.586270       1.000000      12.725360       0.000119           59
       147        73.5000       4       1       1.228479       9.405439      10.633918       0.002959       1.863753       1.000000      12.832999       0.000100           57
       148        74.0000       4       1       1.246824       9.388141      10.634965       0.003041       1.983282       1.000000      12.946141       0.000078           56
       149        74.5000       4       1       1.298448       9.335512      10.633960       0.003119       1.903447       1.000000      13.063392       0.000058           59
       150        75.0000       4       1       1.370778       9.261407      10.632186       0.003186       1.695310       1.000000      13.183046       0.000043           58
       151        75.5000       4       1       1.437619       9.193314      10.630933       0.003241       1.437887       1.000000      13.303164       0.000031           63
       152        76.0000       4       1       1.477265       9.153159      10.630424       0.003285       1.185470       1.000000      13.421842       0.000023           80
       153        76.5000       4       1       1.479055       9.151675      10.630730       0.003319       1.048070       1.000000      13.537537       0.000017           58
       154        77.0000       4       1       1.445150       9.186675      10.631825       0.003341       1.122738       1.000000      13.649247       0.000014           58
       155        77.5000       4       1       1.389202       9.243870      10.633072       0.003350       1.305792       1.000000      13.756434       0.000011           55
       156        78.0000       4       1       1.327972       9.305770      10.633742       0.003343       1.456083       1.000000      13.858762       0.000009           59
       157        78.5000       4       1       1.271878       9.361925      10.633803       0.003316       1.540136       1.000000      13.955809       0.000008           60
       158        79.0000       4       1       1.223569       9.410151      10.633720       0.003272       1.587520       1.000000      14.046894       0.000007           59
       159        79.5000       4       1       1.182999       9.450765      10.633764       0.003218       1.623114       1.000000      14.131065       0.000006           55
       160        80.0000       4       1       1.150894       9.482902      10.633796       0.003165       1.642910       1.000000      14.207187       0.000006           56
       161        80.5000       4       1       1.127337       9.506211      10.633548       0.003121       1.630930       1.000000      14.274055       0.000006           57
       162        81.0000       4       1       1.108699       9.524279      10.632978       0.003089       1.585321       1.000000      14.330516       0.000006           59
       163        81.5000       4       1       1.087704       9.544749      10.632453       0.003064       1.536638       1.000000      14.375595       0.000006           58
       164        82.0000       4       1       1.059119       9.573527      10.632646       0.003042       1.544514       1.000000      14.408650       0.000006           54
       165        82.5000       4       1       1.028862       9.605101      10.633964       0.003019       1.641742       1.000000      14.429534       0.000006           57
       166        83.0000       4       1       1.017996       9.617733      10.635729       0.003002       1.767731       1.000000      14.438709       0.000006           55
       167        83.5000       4       1       1.051891       9.584426      10.636318       0.002996       1.810962       1.000000      14.437293       0.000007           59
       168        84.0000       4       1       1.138706       9.496170      10.634877       0.003004       1.718256       1.000000      14.426973       0.000007           61
       169        84.5000       4       1       1.258594       9.373808      10.632402       0.003025       1.536793       1.000000      14.409761       0.000007           60
       170        85.0000       4       1       1.375961       9.254438      10.630399       0.003058       1.349371       1.000000      14.387689       0.000008           53
       171        85.5000       4       1       1.459600       9.169797      10.629397       0.003097       1.192092       1.000000      14.362569       0.000009           59
       172        86.0000       4       1       1.492403       9.136924      10.629327       0.003138       1.090384       1.000000      14.335990       0.000009           54
       173        86.5000       4       1       1.472925       9.157463      10.630389       0.003176       1.136198       1.000000      14.309491       0.000010           58
       174        87.0000       4       1       1.417464       9.215144      10.632608       0.003205       1.355397       1.000000      14.284710       0.000011           57
       175        87.5000       4       1       1.358095       9.276865      10.634960       0.003227       1.600832       1.000000      14.263299       0.000012           63
       176        88.0000       4       1       1.327871       9.308068      10.635939       0.003249       1.722694       1.000000      14.246494       0.000014           60
       177        88.5000       4       1       1.341176       9.293988      10.635163       0.003272       1.678451       1.000000      14.234564       0.000015           63
       178        89.0000       4       1       1.388163       9.245463      10.633626       0.003297       1.521121       1.000000      14.226546       0.000017           62
       179        89.5000       4       1       1.446568       9.185768      10.632336       0.003328       1.334540       1.000000      14.220424       0.000020           55
       180        90.0000       4       1       1.495425       9.136052      10.631477       0.003358       1.177841       1.000000      14.213557       0.000023           60
       181        90.5000       4       1       1.519470       9.111365      10.630835       0.003383       1.084694       1.000000      14.203044       0.000026           61
       182        91.0000       4       1       1.508213       9.122352      10.630566       0.003398       1.105003       1.000000      14.185912       0.000029           85
       183        91.5000       4       1       1.459194       9.172210      10.631403       0.003405       1.287809       1.000000      14.159265       0.000031           72
       184        92.0000       4       1       1.387487       9.246394      10.633881       0.003404       1.584212       1.000000      14.120570       0.000033           65
       185        92.5000       4       1       1.330293       9.306702      10.636995       0.003398       1.849567       1.000000      14.068254       0.000032           60
       186        93.0000       4       1       1.330986       9.307345      10.638331       0.003389       1.945839       1.000000      14.002472       0.000030           56
       187        93.5000       4       1       1.407496       9.229124      10.636620       0.003379       1.831421       1.000000      13.925563       0.000026           66
       188        94.0000       4       1       1.536135       9.097104      10.633239       0.003373       1.577357       1.000000      13.841648       0.000021           57
       189        94.5000       4       1       1.668444       8.961922      10.630367       0.003377       1.302435       1.000000      13.755463       0.000017           56
       190        95.0000       4       1       1.760435       8.868497      10.628932       0.003392       1.095075       1.000000      13.671203       0.000014           57
       191        95.5000       4       1       1.787915       8.840734      10.628649       0.003423       0.986641       1.000000      13.592028       0.000011           57
       192        96.0000       4       1       1.745373       8.883720      10.629093       0.003466       1.003080       1.000000      13.520231       0.000009           81
       193        96.5000       4       1       1.641552       8.988893      10.630445       0.003518       1.200583       1.000000      13.457613       0.000008           58
       194        97.0000       4       1       1.501180       9.131931      10.633112       0.003572       1.556674       1.000000      13.405691       0.000007           56
       195        97.5000       4       1       1.367328       9.269081      10.636409       0.003621       1.926550       1.000000      13.365589       0.000006           58
       196        98.0000       4       1       1.288919       9.349292      10.638212       0.003660       2.145437       1.000000      13.337654       0.000005           79
       197        98.5000       4       1       1.291887       9.345099      10.636986       0.003691       2.129836       1.000000      13.321025       0.000005           59
       198        99.0000       4       1       1.359700       9.274014      10.633714       0.003715       1.919244       1.000000      13.313563       0.000004           59
       199        99.5000       4       1       1.445435       9.185188      10.630623       0.003738       1.633739       1.000000      13.312341       0.000004           61
       200       100.0000       4       1       1.501526       9.127435      10.628961       0.003759       1.392333       1.000000      13.314367       0.000004           57
