2026-07-22 14:19:49.857366 midway3-0561.rcc.local /project/lgagliardi/helenclifford/practice_rcc/sharc4/methaniminium/init_vertical/ICOND_00003
  ============================================================================
||                                                                            ||
||                         SHARC - MOLCAS - Interface                         ||
||                                                                            ||
||       Authors: Sascha Mausenberger, Lorenz Grünewald, Sebastian Mai        ||
||                                                                            ||
||                                Version: 4.0                                ||
||                              Date: 29.08.2023                              ||
||                                                                            ||
  ============================================================================
SAVEDIR set to ./SAVE/
Found env variable ncpu=1, resources["ncpu"] set to 1
Scratchdir set to /scratch/midway3/helenclifford/sharc_scratch/methaniminium/init_vertical/ICOND_00003
WARNING: 'no-douglas-kroll' not in template keywords: paddingstates, density_calculation_methods, tCI, basis, baslib, basis_per_element, basis_per_atom, nactel, ras1, ras2, ras3, inactive, roots, origin, origin_pos, isotope_elements, isotope_masses, method, functional, ipea, cort_or_dort, imaginary, frozen, gradaccudefault, gradaccumax, pcmset, pcmstate, iterations, cholesky_accu, rasscf_thrs
WARNING: 'cholesky' not in template keywords: paddingstates, density_calculation_methods, tCI, basis, baslib, basis_per_element, basis_per_atom, nactel, ras1, ras2, ras3, inactive, roots, origin, origin_pos, isotope_elements, isotope_masses, method, functional, ipea, cort_or_dort, imaginary, frozen, gradaccudefault, gradaccumax, pcmset, pcmstate, iterations, cholesky_accu, rasscf_thrs
paddingstates not specified setting default, [0, 0, 0]
Interface: 

Molecule: 
comment: Initial condition ICOND_00003/

natom: 6
elements: ['C', 'N', 'H', 'H', 'H', 'H']
unit: bohr
factor: 1.0
states: [4, 0, 3]
charge: [1, 1, 1]
nstates: 7
nmstates: 13
point_charges: False
npc: 0
Atomcharge: 17
frozcore: 2
Ubasis: [[      0.0       0.0]
 [      0.0       0.0]]
mol: None

Coords: 
coords: [[ 0.00482126  0.00559708  0.00042532]
 [-0.03104377 -5.642e-05  2.514209]
 [ 1.730334  0.07352039 -0.8743713]
 [ 1.776858 -0.1151929  3.541741]
 [-1.414403  0.1005704  3.895951]
 [-1.718861 -0.1247575 -1.306519]]
pccoords: None
pccharge: None
veloc: None

Save: 
savedir: /project/lgagliardi/helenclifford/practice_rcc/sharc4/methaniminium/init_vertical/ICOND_00003/SAVE
step: 1
previous_step: None
init: False
newstep: True
samestep: False
always_guess: False
always_orb_init: False
restart: False

Requests: 
h: True
soc: True
dm: True
mdeqm: False
grad: None
nacdr: None
overlap: True
phases: False
ion: False
socdr: False
dmdr: False
multipolar_fit: None
theodore: False
cleanup: False
retain: 5
molden: False
savestuff: False
nooverlap: False
mol: False
density_matrices: None
dyson_orbitals: None

Maps: 
statemap: {1: [1, 1, 0.0], 2: [1, 2, 0.0], 3: [1, 3, 0.0], 4: [1, 4, 0.0], 5: [3, 1, -1.0], 6: [3, 2, -1.0], 7: [3, 3, -1.0], 8: [3, 1, 0.0], 9: [3, 2, 0.0], 10: [3, 3, 0.0], 11: [3, 1, 1.0], 12: [3, 2, 1.0], 13: [3, 3, 1.0]}
mults: None
gsmap: None
gradmap: None
nacmap: None
densmap: None
ionmap: None
chargemap: {1: 1, 2: 1, 3: 1}
multmap: {0: (0, 0, 0), 1: (0, 0, 1), 2: (0, 0, 2), 3: (0, 0, 3), 4: (2, 1.0, 0), 5: (2, 0.0, 0), 6: (2, -1.0, 0), 7: (2, 1.0, 1), 8: (2, 0.0, 1), 9: (2, -1.0, 1), 10: (2, 1.0, 2), 11: (2, 0.0, 2), 12: (2, -1.0, 2)}

Resources: 
pwd: /project/lgagliardi/helenclifford/practice_rcc/sharc4/methaniminium/init_vertical/ICOND_00003
cwd: /project/lgagliardi/helenclifford/practice_rcc/sharc4/methaniminium/init_vertical/ICOND_00003
scratchdir: /scratch/midway3/helenclifford/sharc_scratch/methaniminium/init_vertical/ICOND_00003
ncpu: 1
ngpu: None
memory: 2000
delay: 0.0
theodir: None
theodore_prop: []
theodore_fragment: []
wfoverlap: /home/helenclifford/project-lgagliardi/practice_rcc/sharc4/bin/wfoverlap.x
wfthres: 0.998
wfnumocc: None
resp_shells: []
resp_vdw_radii_symbol: {}
resp_vdw_radii: []
resp_betas: [0.0005, 0.0015, 0.003]
resp_layers: 4
resp_first_layer: 1.4
resp_density: 10.0
resp_fit_order: 2
resp_mk_radii: True
resp_grid: lebedev
resp_target: zero
resp_block_size: 5000
resp_nuke_ram: False
molcas: /project/lgagliardi/shared/Apps/OpenMolcas/builds/parallel
mpi_parallel: False
dry_run: False
driver: /project/lgagliardi/shared/Apps/OpenMolcas/builds/parallel/pymolcas

Template: 
paddingstates: [0, 0, 0]
density_calculation_methods: []
tCI: 1e-07
basis: 6-31g
baslib: None
basis_per_element: None
basis_per_atom: None
nactel: [7, 0, 0]
ras1: None
ras2: 4
ras3: None
inactive: 5
roots: [4, 0, 3]
origin: none
origin_pos: [0.0, 0.0, 0.0]
isotope_elements: []
isotope_masses: []
method: casscf
functional: t:pbe
ipea: 0.25
cort_or_dort: CORT
imaginary: 0.0
frozen: None
gradaccudefault: 0.0001
gradaccumax: 0.001
pcmset: None
pcmstate: None
iterations: [200, 100]
cholesky_accu: 0.0001
rasscf_thrs: [1e-08, 0.0001, 0.0001]

Scheduling: 

Control: 
jobid: None
workdir: None
master: False
gradonly: False
densonly: False
states_to_do: [4, 0, 3]
jobs: None
nslots_pool: []

Starting job execution
['gateway']
['seward']
['copy', '/project/lgagliardi/helenclifford/practice_rcc/sharc4/methaniminium/init_vertical/ICOND_00003/SAVE/MOLCAS.1.JobIph.0', 'JOBOLD']
['rasscf', 1, 4, True, False]
['copy', 'MOLCAS.rasscf.h5', 'MOLCAS.1.rasscf.h5']
['copy', 'MOLCAS.JobIph', 'MOLCAS.1.JobIph']
['copy', '/project/lgagliardi/helenclifford/practice_rcc/sharc4/methaniminium/init_vertical/ICOND_00003/SAVE/MOLCAS.3.JobIph.0', 'JOBOLD']
['rasscf', 3, 3, True, False]
['copy', 'MOLCAS.rasscf.h5', 'MOLCAS.3.rasscf.h5']
['copy', 'MOLCAS.JobIph', 'MOLCAS.3.JobIph']
['link', 'MOLCAS.1.JobIph', 'JOB001']
['rassi', 'dm', [4]]
['copy', 'MOLCAS.rassi.h5', 'MOLCAS.rassi.1.h5']
['link', 'MOLCAS.3.JobIph', 'JOB001']
['rassi', 'dm', [3]]
['copy', 'MOLCAS.rassi.h5', 'MOLCAS.rassi.3.h5']
['copy', '/project/lgagliardi/helenclifford/practice_rcc/sharc4/methaniminium/init_vertical/ICOND_00003/SAVE/MOLCAS.1.JobIph.0', 'JOB001']
['link', 'MOLCAS.1.JobIph', 'JOB002']
['rassi', 'overlap', [4, 4]]
['copy', 'MOLCAS.rassi.h5', 'MOLCAS.rassi.ovlp.1.h5']
['copy', '/project/lgagliardi/helenclifford/practice_rcc/sharc4/methaniminium/init_vertical/ICOND_00003/SAVE/MOLCAS.3.JobIph.0', 'JOB001']
['link', 'MOLCAS.3.JobIph', 'JOB002']
['rassi', 'overlap', [3, 3]]
['copy', 'MOLCAS.rassi.h5', 'MOLCAS.rassi.ovlp.3.h5']
['link', 'MOLCAS.1.JobIph', 'JOB001']
['link', 'MOLCAS.3.JobIph', 'JOB002']
['rassi', 'soc', [4, 3]]
All jobs finished:
job: master          code: 0    runtime: 0:00:21.475810

===> Results:

=> Hamiltonian Matrix:
Diagonal Shift:    -94.00
Real Part:
---------------------------------------------------------------------------------------------------------------------------------------------------
|-3.452e-01                                  |-8.864e-08 -7.870e-07  1.121e-06 |                                 |-8.864e-08 -7.870e-07  1.121e-06 |
|           -4.047e-02                       | 3.883e-07 -1.941e-06  1.997e-05 |                                 | 3.883e-07 -1.941e-06  1.997e-05 |
|                       2.165e-02            | 1.508e-08  2.692e-08 -1.217e-06 |                                 | 1.508e-08  2.692e-08 -1.217e-06 |
|                                  7.410e-02 | 1.404e-06  4.293e-06  8.928e-06 |                                 | 1.404e-06  4.293e-06  8.928e-06 |
---------------------------------------------------------------------------------------------------------------------------------------------------
|-8.864e-08  3.883e-07  1.508e-08  1.404e-06 |-1.742e-01                       |-1.641e-23 -7.340e-07  3.489e-06 |                                 |
|-7.870e-07 -1.941e-06  2.692e-08  4.293e-06 |           -4.961e-02            | 7.340e-07 -5.220e-22  1.742e-05 |                                 |
| 1.121e-06  1.997e-05 -1.217e-06  8.928e-06 |                       5.857e-02 |-3.489e-06 -1.742e-05  4.500e-21 |                                 |
---------------------------------------------------------------------------------------------------------------------------------------------------
|                                            | 1.641e-23  7.340e-07 -3.489e-06 |-1.742e-01                       |-1.641e-23 -7.340e-07  3.489e-06 |
|                                            |-7.340e-07  5.220e-22 -1.742e-05 |           -4.961e-02            | 7.340e-07 -5.220e-22  1.742e-05 |
|                                            | 3.489e-06  1.742e-05 -4.500e-21 |                       5.857e-02 |-3.489e-06 -1.742e-05  4.500e-21 |
---------------------------------------------------------------------------------------------------------------------------------------------------
|-8.864e-08  3.883e-07  1.508e-08  1.404e-06 |                                 | 1.641e-23  7.340e-07 -3.489e-06 |-1.742e-01                       |
|-7.870e-07 -1.941e-06  2.692e-08  4.293e-06 |                                 |-7.340e-07  5.220e-22 -1.742e-05 |           -4.961e-02            |
| 1.121e-06  1.997e-05 -1.217e-06  8.928e-06 |                                 | 3.489e-06  1.742e-05 -4.500e-21 |                       5.857e-02 |
---------------------------------------------------------------------------------------------------------------------------------------------------

Imaginary Part:
---------------------------------------------------------------------------------------------------------------------------------------------------
|                                            | 1.195e-06  1.376e-05 -4.476e-05 | 7.191e-06  8.974e-05 -3.108e-05 |-1.195e-06 -1.376e-05  4.476e-05 |
|                                            |-4.962e-06  1.040e-07 -1.746e-06 |-3.478e-05  5.970e-06 -6.365e-06 | 4.962e-06 -1.040e-07  1.746e-06 |
|                                            |-1.016e-07 -8.524e-07 -9.609e-06 |-1.692e-06  1.855e-05 -3.445e-05 | 1.016e-07  8.524e-07  9.609e-06 |
|                                            |-1.320e-05  1.152e-06  1.513e-06 |-9.338e-05  4.456e-06  2.782e-06 | 1.320e-05 -1.152e-06 -1.513e-06 |
---------------------------------------------------------------------------------------------------------------------------------------------------
|-1.195e-06  4.962e-06  1.016e-07  1.320e-05 |            3.035e-05 -8.127e-05 |-5.515e-23 -9.371e-06  2.759e-05 |                                 |
|-1.376e-05 -1.040e-07  8.524e-07 -1.152e-06 |-3.035e-05             6.575e-06 | 9.371e-06 -6.824e-23 -2.165e-06 |                                 |
| 4.476e-05  1.746e-06  9.609e-06 -1.513e-06 | 8.127e-05 -6.575e-06            |-2.759e-05  2.165e-06 -1.958e-22 |                                 |
---------------------------------------------------------------------------------------------------------------------------------------------------
|-7.191e-06  3.478e-05  1.692e-06  9.338e-05 |-5.515e-23 -9.371e-06  2.759e-05 |                                 |-5.515e-23 -9.371e-06  2.759e-05 |
|-8.974e-05 -5.970e-06 -1.855e-05 -4.456e-06 | 9.371e-06 -6.824e-23 -2.165e-06 |                                 | 9.371e-06 -6.824e-23 -2.165e-06 |
| 3.108e-05  6.365e-06  3.445e-05 -2.782e-06 |-2.759e-05  2.165e-06 -1.958e-22 |                                 |-2.759e-05  2.165e-06 -1.958e-22 |
---------------------------------------------------------------------------------------------------------------------------------------------------
| 1.195e-06 -4.962e-06 -1.016e-07 -1.320e-05 |                                 |-5.515e-23 -9.371e-06  2.759e-05 |           -3.035e-05  8.127e-05 |
| 1.376e-05  1.040e-07 -8.524e-07  1.152e-06 |                                 | 9.371e-06 -6.824e-23 -2.165e-06 | 3.035e-05            -6.575e-06 |
|-4.476e-05 -1.746e-06 -9.609e-06  1.513e-06 |                                 |-2.759e-05  2.165e-06 -1.958e-22 |-8.127e-05  6.575e-06            |
---------------------------------------------------------------------------------------------------------------------------------------------------


=> Dipole Moment Matrices:

Polarisation X:
Real Part:
---------------------------------------------------------------------------------------------------------------------------------------------------
| 7.918e-02 -1.531e-02 -1.851e-02 -1.657e-02 |                                 |                                 |                                 |
|-1.531e-02  7.464e-02  1.894e-02  1.487e-01 |                                 |                                 |                                 |
|-1.851e-02  1.894e-02  8.250e-02 -8.789e-03 |                                 |                                 |                                 |
|-1.657e-02  1.487e-01 -8.789e-03  2.569e-01 |                                 |                                 |                                 |
---------------------------------------------------------------------------------------------------------------------------------------------------
|                                            | 5.129e-02 -3.170e-03  3.960e-03 |                                 |                                 |
|                                            |-3.170e-03  9.234e-02 -3.557e-02 |                                 |                                 |
|                                            | 3.960e-03 -3.557e-02  4.409e-01 |                                 |                                 |
---------------------------------------------------------------------------------------------------------------------------------------------------
|                                            |                                 | 5.129e-02 -3.170e-03  3.960e-03 |                                 |
|                                            |                                 |-3.170e-03  9.234e-02 -3.557e-02 |                                 |
|                                            |                                 | 3.960e-03 -3.557e-02  4.409e-01 |                                 |
---------------------------------------------------------------------------------------------------------------------------------------------------
|                                            |                                 |                                 | 5.129e-02 -3.170e-03  3.960e-03 |
|                                            |                                 |                                 |-3.170e-03  9.234e-02 -3.557e-02 |
|                                            |                                 |                                 | 3.960e-03 -3.557e-02  4.409e-01 |
---------------------------------------------------------------------------------------------------------------------------------------------------

Polarisation Y:
Real Part:
---------------------------------------------------------------------------------------------------------------------------------------------------
|-9.109e-03 -4.440e-02 -1.528e-03  4.704e-02 |                                 |                                 |                                 |
|-4.440e-02 -3.314e-02  2.482e-02 -1.216e-03 |                                 |                                 |                                 |
|-1.528e-03  2.482e-02 -1.562e-02 -2.781e-03 |                                 |                                 |                                 |
| 4.704e-02 -1.216e-03 -2.781e-03 -3.549e-02 |                                 |                                 |                                 |
---------------------------------------------------------------------------------------------------------------------------------------------------
|                                            |-1.551e-02  1.885e-02  4.698e-03 |                                 |                                 |
|                                            | 1.885e-02 -4.566e-02  1.011e-02 |                                 |                                 |
|                                            | 4.698e-03  1.011e-02 -2.918e-02 |                                 |                                 |
---------------------------------------------------------------------------------------------------------------------------------------------------
|                                            |                                 |-1.551e-02  1.885e-02  4.698e-03 |                                 |
|                                            |                                 | 1.885e-02 -4.566e-02  1.011e-02 |                                 |
|                                            |                                 | 4.698e-03  1.011e-02 -2.918e-02 |                                 |
---------------------------------------------------------------------------------------------------------------------------------------------------
|                                            |                                 |                                 |-1.551e-02  1.885e-02  4.698e-03 |
|                                            |                                 |                                 | 1.885e-02 -4.566e-02  1.011e-02 |
|                                            |                                 |                                 | 4.698e-03  1.011e-02 -2.918e-02 |
---------------------------------------------------------------------------------------------------------------------------------------------------

Polarisation Z:
Real Part:
---------------------------------------------------------------------------------------------------------------------------------------------------
| 3.231e-01  1.867e-01  1.394e+00 -1.617e-01 |                                 |                                 |                                 |
| 1.867e-01  1.814e-01 -3.462e-03  7.688e-01 |                                 |                                 |                                 |
| 1.394e+00 -3.462e-03 -2.181e-01  1.593e-02 |                                 |                                 |                                 |
|-1.617e-01  7.688e-01  1.593e-02  1.083e+00 |                                 |                                 |                                 |
---------------------------------------------------------------------------------------------------------------------------------------------------
|                                            | 1.152e+00 -9.446e-02 -5.267e-02 |                                 |                                 |
|                                            |-9.446e-02  4.732e-02 -6.942e-01 |                                 |                                 |
|                                            |-5.267e-02 -6.942e-01  7.781e-01 |                                 |                                 |
---------------------------------------------------------------------------------------------------------------------------------------------------
|                                            |                                 | 1.152e+00 -9.446e-02 -5.267e-02 |                                 |
|                                            |                                 |-9.446e-02  4.732e-02 -6.942e-01 |                                 |
|                                            |                                 |-5.267e-02 -6.942e-01  7.781e-01 |                                 |
---------------------------------------------------------------------------------------------------------------------------------------------------
|                                            |                                 |                                 | 1.152e+00 -9.446e-02 -5.267e-02 |
|                                            |                                 |                                 |-9.446e-02  4.732e-02 -6.942e-01 |
|                                            |                                 |                                 |-5.267e-02 -6.942e-01  7.781e-01 |
---------------------------------------------------------------------------------------------------------------------------------------------------


=> Overlap matrix:

Real Part:
---------------------------------------------------------------------------------------------------------------------------------------------------
| 9.240e-01  4.627e-03 -3.498e-02 -2.005e-02 |                                 |                                 |                                 |
|-2.885e-02  8.678e-01 -1.574e-01 -2.772e-01 |                                 |                                 |                                 |
| 2.984e-02  1.540e-01  9.350e-01 -1.105e-01 |                                 |                                 |                                 |
|-9.383e-03  1.433e-01 -1.112e-02  1.994e-01 |                                 |                                 |                                 |
---------------------------------------------------------------------------------------------------------------------------------------------------
|                                            | 9.403e-01 -9.982e-02  7.691e-03 |                                 |                                 |
|                                            | 1.048e-01  8.891e-01  2.532e-01 |                                 |                                 |
|                                            | 1.219e-02  1.758e-01 -4.831e-01 |                                 |                                 |
---------------------------------------------------------------------------------------------------------------------------------------------------
|                                            |                                 | 9.403e-01 -9.982e-02  7.691e-03 |                                 |
|                                            |                                 | 1.048e-01  8.891e-01  2.532e-01 |                                 |
|                                            |                                 | 1.219e-02  1.758e-01 -4.831e-01 |                                 |
---------------------------------------------------------------------------------------------------------------------------------------------------
|                                            |                                 |                                 | 9.403e-01 -9.982e-02  7.691e-03 |
|                                            |                                 |                                 | 1.048e-01  8.891e-01  2.532e-01 |
|                                            |                                 |                                 | 1.219e-02  1.758e-01 -4.831e-01 |
---------------------------------------------------------------------------------------------------------------------------------------------------



==> Runtime:	0 Days	0 Hours	0 Minutes	23.253502 Seconds


===> Writing output to file QM.out in SHARC Format

