2026-07-22 14:19:49.857245 midway3-0561.rcc.local /project/lgagliardi/helenclifford/practice_rcc/sharc4/methaniminium/init_vertical/ICOND_00019
  ============================================================================
||                                                                            ||
||                         SHARC - MOLCAS - Interface                         ||
||                                                                            ||
||       Authors: Sascha Mausenberger, Lorenz Grünewald, Sebastian Mai        ||
||                                                                            ||
||                                Version: 4.0                                ||
||                              Date: 29.08.2023                              ||
||                                                                            ||
  ============================================================================
SAVEDIR set to ./SAVE/
Found env variable ncpu=1, resources["ncpu"] set to 1
Scratchdir set to /scratch/midway3/helenclifford/sharc_scratch/methaniminium/init_vertical/ICOND_00019
WARNING: 'no-douglas-kroll' not in template keywords: paddingstates, density_calculation_methods, tCI, basis, baslib, basis_per_element, basis_per_atom, nactel, ras1, ras2, ras3, inactive, roots, origin, origin_pos, isotope_elements, isotope_masses, method, functional, ipea, cort_or_dort, imaginary, frozen, gradaccudefault, gradaccumax, pcmset, pcmstate, iterations, cholesky_accu, rasscf_thrs
WARNING: 'cholesky' not in template keywords: paddingstates, density_calculation_methods, tCI, basis, baslib, basis_per_element, basis_per_atom, nactel, ras1, ras2, ras3, inactive, roots, origin, origin_pos, isotope_elements, isotope_masses, method, functional, ipea, cort_or_dort, imaginary, frozen, gradaccudefault, gradaccumax, pcmset, pcmstate, iterations, cholesky_accu, rasscf_thrs
paddingstates not specified setting default, [0, 0, 0]
Interface: 

Molecule: 
comment: Initial condition ICOND_00019/

natom: 6
elements: ['C', 'N', 'H', 'H', 'H', 'H']
unit: bohr
factor: 1.0
states: [4, 0, 3]
charge: [1, 1, 1]
nstates: 7
nmstates: 13
point_charges: False
npc: 0
Atomcharge: 17
frozcore: 2
Ubasis: [[      0.0       0.0]
 [      0.0       0.0]]
mol: None

Coords: 
coords: [[ 0.0317927 -0.03157079  0.09392632]
 [-0.00164379 -0.01793372  2.454539]
 [ 1.708633  0.1816111 -1.407522]
 [ 1.604601  0.1301955  3.774104]
 [-1.778135  0.1483644  3.452989]
 [-1.890811  0.1649144 -0.8469925]]
pccoords: None
pccharge: None
veloc: None

Save: 
savedir: /project/lgagliardi/helenclifford/practice_rcc/sharc4/methaniminium/init_vertical/ICOND_00019/SAVE
step: 1
previous_step: None
init: False
newstep: True
samestep: False
always_guess: False
always_orb_init: False
restart: False

Requests: 
h: True
soc: True
dm: True
mdeqm: False
grad: None
nacdr: None
overlap: True
phases: False
ion: False
socdr: False
dmdr: False
multipolar_fit: None
theodore: False
cleanup: False
retain: 5
molden: False
savestuff: False
nooverlap: False
mol: False
density_matrices: None
dyson_orbitals: None

Maps: 
statemap: {1: [1, 1, 0.0], 2: [1, 2, 0.0], 3: [1, 3, 0.0], 4: [1, 4, 0.0], 5: [3, 1, -1.0], 6: [3, 2, -1.0], 7: [3, 3, -1.0], 8: [3, 1, 0.0], 9: [3, 2, 0.0], 10: [3, 3, 0.0], 11: [3, 1, 1.0], 12: [3, 2, 1.0], 13: [3, 3, 1.0]}
mults: None
gsmap: None
gradmap: None
nacmap: None
densmap: None
ionmap: None
chargemap: {1: 1, 2: 1, 3: 1}
multmap: {0: (0, 0, 0), 1: (0, 0, 1), 2: (0, 0, 2), 3: (0, 0, 3), 4: (2, 1.0, 0), 5: (2, 0.0, 0), 6: (2, -1.0, 0), 7: (2, 1.0, 1), 8: (2, 0.0, 1), 9: (2, -1.0, 1), 10: (2, 1.0, 2), 11: (2, 0.0, 2), 12: (2, -1.0, 2)}

Resources: 
pwd: /project/lgagliardi/helenclifford/practice_rcc/sharc4/methaniminium/init_vertical/ICOND_00019
cwd: /project/lgagliardi/helenclifford/practice_rcc/sharc4/methaniminium/init_vertical/ICOND_00019
scratchdir: /scratch/midway3/helenclifford/sharc_scratch/methaniminium/init_vertical/ICOND_00019
ncpu: 1
ngpu: None
memory: 2000
delay: 0.0
theodir: None
theodore_prop: []
theodore_fragment: []
wfoverlap: /home/helenclifford/project-lgagliardi/practice_rcc/sharc4/bin/wfoverlap.x
wfthres: 0.998
wfnumocc: None
resp_shells: []
resp_vdw_radii_symbol: {}
resp_vdw_radii: []
resp_betas: [0.0005, 0.0015, 0.003]
resp_layers: 4
resp_first_layer: 1.4
resp_density: 10.0
resp_fit_order: 2
resp_mk_radii: True
resp_grid: lebedev
resp_target: zero
resp_block_size: 5000
resp_nuke_ram: False
molcas: /project/lgagliardi/shared/Apps/OpenMolcas/builds/parallel
mpi_parallel: False
dry_run: False
driver: /project/lgagliardi/shared/Apps/OpenMolcas/builds/parallel/pymolcas

Template: 
paddingstates: [0, 0, 0]
density_calculation_methods: []
tCI: 1e-07
basis: 6-31g
baslib: None
basis_per_element: None
basis_per_atom: None
nactel: [7, 0, 0]
ras1: None
ras2: 4
ras3: None
inactive: 5
roots: [4, 0, 3]
origin: none
origin_pos: [0.0, 0.0, 0.0]
isotope_elements: []
isotope_masses: []
method: casscf
functional: t:pbe
ipea: 0.25
cort_or_dort: CORT
imaginary: 0.0
frozen: None
gradaccudefault: 0.0001
gradaccumax: 0.001
pcmset: None
pcmstate: None
iterations: [200, 100]
cholesky_accu: 0.0001
rasscf_thrs: [1e-08, 0.0001, 0.0001]

Scheduling: 

Control: 
jobid: None
workdir: None
master: False
gradonly: False
densonly: False
states_to_do: [4, 0, 3]
jobs: None
nslots_pool: []

Starting job execution
['gateway']
['seward']
['copy', '/project/lgagliardi/helenclifford/practice_rcc/sharc4/methaniminium/init_vertical/ICOND_00019/SAVE/MOLCAS.1.JobIph.0', 'JOBOLD']
['rasscf', 1, 4, True, False]
['copy', 'MOLCAS.rasscf.h5', 'MOLCAS.1.rasscf.h5']
['copy', 'MOLCAS.JobIph', 'MOLCAS.1.JobIph']
['copy', '/project/lgagliardi/helenclifford/practice_rcc/sharc4/methaniminium/init_vertical/ICOND_00019/SAVE/MOLCAS.3.JobIph.0', 'JOBOLD']
['rasscf', 3, 3, True, False]
['copy', 'MOLCAS.rasscf.h5', 'MOLCAS.3.rasscf.h5']
['copy', 'MOLCAS.JobIph', 'MOLCAS.3.JobIph']
['link', 'MOLCAS.1.JobIph', 'JOB001']
['rassi', 'dm', [4]]
['copy', 'MOLCAS.rassi.h5', 'MOLCAS.rassi.1.h5']
['link', 'MOLCAS.3.JobIph', 'JOB001']
['rassi', 'dm', [3]]
['copy', 'MOLCAS.rassi.h5', 'MOLCAS.rassi.3.h5']
['copy', '/project/lgagliardi/helenclifford/practice_rcc/sharc4/methaniminium/init_vertical/ICOND_00019/SAVE/MOLCAS.1.JobIph.0', 'JOB001']
['link', 'MOLCAS.1.JobIph', 'JOB002']
['rassi', 'overlap', [4, 4]]
['copy', 'MOLCAS.rassi.h5', 'MOLCAS.rassi.ovlp.1.h5']
['copy', '/project/lgagliardi/helenclifford/practice_rcc/sharc4/methaniminium/init_vertical/ICOND_00019/SAVE/MOLCAS.3.JobIph.0', 'JOB001']
['link', 'MOLCAS.3.JobIph', 'JOB002']
['rassi', 'overlap', [3, 3]]
['copy', 'MOLCAS.rassi.h5', 'MOLCAS.rassi.ovlp.3.h5']
['link', 'MOLCAS.1.JobIph', 'JOB001']
['link', 'MOLCAS.3.JobIph', 'JOB002']
['rassi', 'soc', [4, 3]]
All jobs finished:
job: master          code: 0    runtime: 0:00:19.028620

===> Results:

=> Hamiltonian Matrix:
Diagonal Shift:    -94.00
Real Part:
---------------------------------------------------------------------------------------------------------------------------------------------------
|-3.368e-01                                  |-4.157e-09  6.708e-07  4.341e-07 |                                 |-4.157e-09  6.708e-07  4.341e-07 |
|           -3.909e-02                       | 3.690e-06 -1.017e-06  3.312e-05 |                                 | 3.690e-06 -1.017e-06  3.312e-05 |
|                       7.562e-02            | 8.121e-08 -2.831e-06  1.572e-06 |                                 | 8.121e-08 -2.831e-06  1.572e-06 |
|                                  1.166e-01 | 2.904e-06  3.540e-07  2.381e-05 |                                 | 2.904e-06  3.540e-07  2.381e-05 |
---------------------------------------------------------------------------------------------------------------------------------------------------
|-4.157e-09  3.690e-06  8.121e-08  2.904e-06 |-1.209e-01                       |-1.853e-24 -3.208e-06  7.452e-07 |                                 |
| 6.708e-07 -1.017e-06 -2.831e-06  3.540e-07 |           -5.111e-02            | 3.208e-06  1.029e-22  3.021e-05 |                                 |
| 4.341e-07  3.312e-05  1.572e-06  2.381e-05 |                       8.211e-02 |-7.452e-07 -3.021e-05  1.132e-21 |                                 |
---------------------------------------------------------------------------------------------------------------------------------------------------
|                                            | 1.853e-24  3.208e-06 -7.452e-07 |-1.209e-01                       |-1.853e-24 -3.208e-06  7.452e-07 |
|                                            |-3.208e-06 -1.029e-22 -3.021e-05 |           -5.111e-02            | 3.208e-06  1.029e-22  3.021e-05 |
|                                            | 7.452e-07  3.021e-05 -1.132e-21 |                       8.211e-02 |-7.452e-07 -3.021e-05  1.132e-21 |
---------------------------------------------------------------------------------------------------------------------------------------------------
|-4.157e-09  3.690e-06  8.121e-08  2.904e-06 |                                 | 1.853e-24  3.208e-06 -7.452e-07 |-1.209e-01                       |
| 6.708e-07 -1.017e-06 -2.831e-06  3.540e-07 |                                 |-3.208e-06 -1.029e-22 -3.021e-05 |           -5.111e-02            |
| 4.341e-07  3.312e-05  1.572e-06  2.381e-05 |                                 | 7.452e-07  3.021e-05 -1.132e-21 |                       8.211e-02 |
---------------------------------------------------------------------------------------------------------------------------------------------------

Imaginary Part:
---------------------------------------------------------------------------------------------------------------------------------------------------
|                                            |-4.453e-06  4.120e-06 -7.692e-05 | 3.911e-07  7.802e-05 -6.716e-06 | 4.453e-06 -4.120e-06  7.692e-05 |
|                                            |-5.070e-06 -2.647e-07  7.576e-07 |-2.451e-05 -3.515e-07  8.941e-07 | 5.070e-06  2.647e-07 -7.576e-07 |
|                                            | 2.515e-06  2.694e-06 -1.786e-05 |-2.463e-06  7.146e-06 -2.614e-06 |-2.515e-06 -2.694e-06  1.786e-05 |
|                                            |-6.560e-06  1.483e-06  5.230e-07 |-9.801e-05  8.561e-08  5.542e-06 | 6.560e-06 -1.483e-06 -5.230e-07 |
---------------------------------------------------------------------------------------------------------------------------------------------------
| 4.453e-06  5.070e-06 -2.515e-06  6.560e-06 |            1.166e-05 -1.272e-05 |-1.084e-21 -6.422e-06  3.378e-05 |                                 |
|-4.120e-06  2.647e-07 -2.694e-06 -1.483e-06 |-1.166e-05            -1.732e-07 | 6.422e-06  2.675e-22 -3.899e-07 |                                 |
| 7.692e-05 -7.576e-07  1.786e-05 -5.230e-07 | 1.272e-05  1.732e-07            |-3.378e-05  3.899e-07 -2.861e-23 |                                 |
---------------------------------------------------------------------------------------------------------------------------------------------------
|-3.911e-07  2.451e-05  2.463e-06  9.801e-05 |-1.084e-21 -6.422e-06  3.378e-05 |                                 |-1.084e-21 -6.422e-06  3.378e-05 |
|-7.802e-05  3.515e-07 -7.146e-06 -8.561e-08 | 6.422e-06  2.675e-22 -3.899e-07 |                                 | 6.422e-06  2.675e-22 -3.899e-07 |
| 6.716e-06 -8.941e-07  2.614e-06 -5.542e-06 |-3.378e-05  3.899e-07 -2.861e-23 |                                 |-3.378e-05  3.899e-07 -2.861e-23 |
---------------------------------------------------------------------------------------------------------------------------------------------------
|-4.453e-06 -5.070e-06  2.515e-06 -6.560e-06 |                                 |-1.084e-21 -6.422e-06  3.378e-05 |           -1.166e-05  1.272e-05 |
| 4.120e-06 -2.647e-07  2.694e-06  1.483e-06 |                                 | 6.422e-06  2.675e-22 -3.899e-07 | 1.166e-05             1.732e-07 |
|-7.692e-05  7.576e-07 -1.786e-05  5.230e-07 |                                 |-3.378e-05  3.899e-07 -2.861e-23 |-1.272e-05 -1.732e-07            |
---------------------------------------------------------------------------------------------------------------------------------------------------


=> Dipole Moment Matrices:

Polarisation X:
Real Part:
---------------------------------------------------------------------------------------------------------------------------------------------------
|-2.729e-02  3.613e-02 -1.946e-02  1.243e-02 |                                 |                                 |                                 |
| 3.613e-02 -5.819e-02  1.975e-03 -4.941e-02 |                                 |                                 |                                 |
|-1.946e-02  1.975e-03 -2.499e-02 -4.039e-02 |                                 |                                 |                                 |
| 1.243e-02 -4.941e-02 -4.039e-02  4.000e-02 |                                 |                                 |                                 |
---------------------------------------------------------------------------------------------------------------------------------------------------
|                                            |-4.868e-02  4.287e-02  5.201e-03 |                                 |                                 |
|                                            | 4.287e-02 -4.997e-02  5.535e-01 |                                 |                                 |
|                                            | 5.201e-03  5.535e-01  9.641e-02 |                                 |                                 |
---------------------------------------------------------------------------------------------------------------------------------------------------
|                                            |                                 |-4.868e-02  4.287e-02  5.201e-03 |                                 |
|                                            |                                 | 4.287e-02 -4.997e-02  5.535e-01 |                                 |
|                                            |                                 | 5.201e-03  5.535e-01  9.641e-02 |                                 |
---------------------------------------------------------------------------------------------------------------------------------------------------
|                                            |                                 |                                 |-4.868e-02  4.287e-02  5.201e-03 |
|                                            |                                 |                                 | 4.287e-02 -4.997e-02  5.535e-01 |
|                                            |                                 |                                 | 5.201e-03  5.535e-01  9.641e-02 |
---------------------------------------------------------------------------------------------------------------------------------------------------

Polarisation Y:
Real Part:
---------------------------------------------------------------------------------------------------------------------------------------------------
| 1.591e-01  4.483e-02  3.634e-02 -5.296e-02 |                                 |                                 |                                 |
| 4.483e-02  3.634e-01  3.112e-03 -1.700e-02 |                                 |                                 |                                 |
| 3.634e-02  3.112e-03  1.904e-01  3.694e-02 |                                 |                                 |                                 |
|-5.296e-02 -1.700e-02  3.694e-02  3.393e-01 |                                 |                                 |                                 |
---------------------------------------------------------------------------------------------------------------------------------------------------
|                                            | 1.804e-01 -2.110e-02 -1.276e-01 |                                 |                                 |
|                                            |-2.110e-02  3.463e-01  1.087e-02 |                                 |                                 |
|                                            |-1.276e-01  1.087e-02  3.375e-01 |                                 |                                 |
---------------------------------------------------------------------------------------------------------------------------------------------------
|                                            |                                 | 1.804e-01 -2.110e-02 -1.276e-01 |                                 |
|                                            |                                 |-2.110e-02  3.463e-01  1.087e-02 |                                 |
|                                            |                                 |-1.276e-01  1.087e-02  3.375e-01 |                                 |
---------------------------------------------------------------------------------------------------------------------------------------------------
|                                            |                                 |                                 | 1.804e-01 -2.110e-02 -1.276e-01 |
|                                            |                                 |                                 |-2.110e-02  3.463e-01  1.087e-02 |
|                                            |                                 |                                 |-1.276e-01  1.087e-02  3.375e-01 |
---------------------------------------------------------------------------------------------------------------------------------------------------

Polarisation Z:
Real Part:
---------------------------------------------------------------------------------------------------------------------------------------------------
| 3.087e-01 -2.230e-02  1.388e+00 -2.172e-02 |                                 |                                 |                                 |
|-2.230e-02 -4.123e-02  1.127e-02  6.855e-01 |                                 |                                 |                                 |
| 1.388e+00  1.127e-02 -8.647e-02  3.694e-02 |                                 |                                 |                                 |
|-2.172e-02  6.855e-01  3.694e-02  1.255e+00 |                                 |                                 |                                 |
---------------------------------------------------------------------------------------------------------------------------------------------------
|                                            | 1.226e+00 -1.273e-02 -8.208e-02 |                                 |                                 |
|                                            |-1.273e-02 -3.683e-01 -2.350e-01 |                                 |                                 |
|                                            |-8.208e-02 -2.350e-01 -1.459e-01 |                                 |                                 |
---------------------------------------------------------------------------------------------------------------------------------------------------
|                                            |                                 | 1.226e+00 -1.273e-02 -8.208e-02 |                                 |
|                                            |                                 |-1.273e-02 -3.683e-01 -2.350e-01 |                                 |
|                                            |                                 |-8.208e-02 -2.350e-01 -1.459e-01 |                                 |
---------------------------------------------------------------------------------------------------------------------------------------------------
|                                            |                                 |                                 | 1.226e+00 -1.273e-02 -8.208e-02 |
|                                            |                                 |                                 |-1.273e-02 -3.683e-01 -2.350e-01 |
|                                            |                                 |                                 |-8.208e-02 -2.350e-01 -1.459e-01 |
---------------------------------------------------------------------------------------------------------------------------------------------------


=> Overlap matrix:

Real Part:
---------------------------------------------------------------------------------------------------------------------------------------------------
| 8.755e-01 -4.196e-03 -2.596e-02 -1.431e-03 |                                 |                                 |                                 |
| 4.776e-03  8.666e-01  6.216e-04 -1.555e-01 |                                 |                                 |                                 |
| 2.594e-02 -3.733e-03  8.529e-01 -1.495e-02 |                                 |                                 |                                 |
| 1.157e-02  1.526e-02 -7.237e-02  1.196e-01 |                                 |                                 |                                 |
---------------------------------------------------------------------------------------------------------------------------------------------------
|                                            | 8.584e-01 -2.472e-03 -6.458e-02 |                                 |                                 |
|                                            | 2.793e-03  8.857e-01  1.674e-02 |                                 |                                 |
|                                            |-7.779e-02  2.153e-02 -8.491e-01 |                                 |                                 |
---------------------------------------------------------------------------------------------------------------------------------------------------
|                                            |                                 | 8.584e-01 -2.472e-03 -6.458e-02 |                                 |
|                                            |                                 | 2.793e-03  8.857e-01  1.674e-02 |                                 |
|                                            |                                 |-7.779e-02  2.153e-02 -8.491e-01 |                                 |
---------------------------------------------------------------------------------------------------------------------------------------------------
|                                            |                                 |                                 | 8.584e-01 -2.472e-03 -6.458e-02 |
|                                            |                                 |                                 | 2.793e-03  8.857e-01  1.674e-02 |
|                                            |                                 |                                 |-7.779e-02  2.153e-02 -8.491e-01 |
---------------------------------------------------------------------------------------------------------------------------------------------------



==> Runtime:	0 Days	0 Hours	0 Minutes	20.968183 Seconds


===> Writing output to file QM.out in SHARC Format

