2026-07-27 13:15:32.421166 midway3-0545.rcc.local /project/lgagliardi/helenclifford/practice_rcc/sharc4/methaniminium/tutorial_reproduction/init/ICOND_00010
  ============================================================================
||                                                                            ||
||                         SHARC - MOLCAS - Interface                         ||
||                                                                            ||
||       Authors: Sascha Mausenberger, Lorenz Grünewald, Sebastian Mai        ||
||                                                                            ||
||                                Version: 4.0                                ||
||                              Date: 29.08.2023                              ||
||                                                                            ||
  ============================================================================
SAVEDIR set to ./SAVE/
Scratchdir set to /scratch/midway3/helenclifford/sharc_scratch/methaniminium_tutorial/init/ICOND_00010
WARNING: 'no-douglas-kroll' not in template keywords: paddingstates, density_calculation_methods, tCI, basis, baslib, basis_per_element, basis_per_atom, nactel, ras1, ras2, ras3, inactive, roots, origin, origin_pos, isotope_elements, isotope_masses, method, functional, ipea, cort_or_dort, imaginary, frozen, gradaccudefault, gradaccumax, pcmset, pcmstate, iterations, cholesky_accu, rasscf_thrs, rasscf_levshift, rasscf_sxdamp, rasscf_noqune, rasscf_convergence_mults, rasscf_guess_jobiph, rasscf_guess_mult, rasscf_guess_step, mclr_iterations, mclr_cgs
WARNING: 'cholesky' not in template keywords: paddingstates, density_calculation_methods, tCI, basis, baslib, basis_per_element, basis_per_atom, nactel, ras1, ras2, ras3, inactive, roots, origin, origin_pos, isotope_elements, isotope_masses, method, functional, ipea, cort_or_dort, imaginary, frozen, gradaccudefault, gradaccumax, pcmset, pcmstate, iterations, cholesky_accu, rasscf_thrs, rasscf_levshift, rasscf_sxdamp, rasscf_noqune, rasscf_convergence_mults, rasscf_guess_jobiph, rasscf_guess_mult, rasscf_guess_step, mclr_iterations, mclr_cgs
paddingstates not specified setting default, [0, 0, 0]
Interface: 

Molecule: 
comment: Initial condition ICOND_00010/

natom: 6
elements: ['C', 'N', 'H', 'H', 'H', 'H']
unit: bohr
factor: 1.0
states: [4, 0, 3]
charge: [1, 0, 1]
nstates: 7
nmstates: 13
point_charges: False
npc: 0
Atomcharge: 17
frozcore: 2
Ubasis: [[      0.0       0.0]
 [      0.0       0.0]]
mol: None

Coords: 
coords: [[ 0.02800749 -0.04663898  0.06927589]
 [-0.01536219  0.0056465  2.488445]
 [ 1.516581 -0.05237334 -1.285953]
 [ 1.674615  0.314868  3.645073]
 [-1.625205 -0.2484538  3.434741]
 [-1.686023  0.4629104 -0.9957545]]
pccoords: None
pccharge: None
veloc: None

Save: 
savedir: /project/lgagliardi/helenclifford/practice_rcc/sharc4/methaniminium/tutorial_reproduction/init/ICOND_00010/SAVE
step: 1
previous_step: None
init: False
newstep: True
samestep: False
always_guess: False
always_orb_init: False
restart: False

Requests: 
h: True
soc: True
dm: True
mdeqm: False
grad: None
nacdr: None
overlap: True
phases: False
ion: False
socdr: False
dmdr: False
multipolar_fit: None
theodore: False
cleanup: False
retain: 5
molden: False
savestuff: False
nooverlap: False
mol: False
density_matrices: None
dyson_orbitals: None

Maps: 
statemap: {1: [1, 1, 0.0], 2: [1, 2, 0.0], 3: [1, 3, 0.0], 4: [1, 4, 0.0], 5: [3, 1, -1.0], 6: [3, 2, -1.0], 7: [3, 3, -1.0], 8: [3, 1, 0.0], 9: [3, 2, 0.0], 10: [3, 3, 0.0], 11: [3, 1, 1.0], 12: [3, 2, 1.0], 13: [3, 3, 1.0]}
mults: None
gsmap: None
gradmap: None
nacmap: None
densmap: None
ionmap: None
chargemap: {1: 1, 2: 0, 3: 1}
multmap: {0: (0, 0, 0), 1: (0, 0, 1), 2: (0, 0, 2), 3: (0, 0, 3), 4: (2, 1.0, 0), 5: (2, 0.0, 0), 6: (2, -1.0, 0), 7: (2, 1.0, 1), 8: (2, 0.0, 1), 9: (2, -1.0, 1), 10: (2, 1.0, 2), 11: (2, 0.0, 2), 12: (2, -1.0, 2)}

Resources: 
pwd: /project/lgagliardi/helenclifford/practice_rcc/sharc4/methaniminium/tutorial_reproduction/init/ICOND_00010
cwd: /project/lgagliardi/helenclifford/practice_rcc/sharc4/methaniminium/tutorial_reproduction/init/ICOND_00010
scratchdir: /scratch/midway3/helenclifford/sharc_scratch/methaniminium_tutorial/init/ICOND_00010
ncpu: 1
ngpu: None
memory: 500
delay: 0.0
theodir: None
theodore_prop: []
theodore_fragment: []
wfoverlap: /home/helenclifford/project-lgagliardi/practice_rcc/sharc4/bin/wfoverlap.x
wfthres: 0.998
wfnumocc: None
resp_shells: []
resp_vdw_radii_symbol: {}
resp_vdw_radii: []
resp_betas: [0.0005, 0.0015, 0.003]
resp_layers: 4
resp_first_layer: 1.4
resp_density: 10.0
resp_fit_order: 2
resp_mk_radii: True
resp_grid: lebedev
resp_target: zero
resp_block_size: 5000
resp_nuke_ram: False
molcas: /project/lgagliardi/shared/Apps/OpenMolcas/builds/parallel
mpi_parallel: False
dry_run: False
driver: /project/lgagliardi/shared/Apps/OpenMolcas/builds/parallel/pymolcas

Template: 
paddingstates: [0, 0, 0]
density_calculation_methods: []
tCI: 1e-07
basis: cc-pVDZ
baslib: None
basis_per_element: None
basis_per_atom: None
nactel: [7, 0, 0]
ras1: None
ras2: 4
ras3: None
inactive: 5
roots: [4, 0, 3]
origin: none
origin_pos: [0.0, 0.0, 0.0]
isotope_elements: []
isotope_masses: []
method: casscf
functional: t:pbe
ipea: 0.25
cort_or_dort: CORT
imaginary: 0.0
frozen: None
gradaccudefault: 0.0001
gradaccumax: 0.001
pcmset: None
pcmstate: None
iterations: [200, 100]
cholesky_accu: 0.0001
rasscf_thrs: [1e-08, 0.0001, 0.0001]
rasscf_levshift: None
rasscf_sxdamp: None
rasscf_noqune: False
rasscf_convergence_mults: []
rasscf_guess_jobiph: None
rasscf_guess_mult: 0
rasscf_guess_step: -1
mclr_iterations: 200
mclr_cgs: False

Scheduling: 

Control: 
jobid: None
workdir: None
master: False
gradonly: False
densonly: False
states_to_do: [4, 0, 3]
jobs: None
nslots_pool: []

Starting job execution
['gateway']
['seward']
['copy', '/project/lgagliardi/helenclifford/practice_rcc/sharc4/methaniminium/tutorial_reproduction/init/ICOND_00010/SAVE/MOLCAS.1.JobIph.0', 'JOBOLD']
['rasscf', 1, 4, True, False]
['copy', 'MOLCAS.rasscf.h5', 'MOLCAS.1.rasscf.h5']
['copy', 'MOLCAS.JobIph', 'MOLCAS.1.JobIph']
['copy', '/project/lgagliardi/helenclifford/practice_rcc/sharc4/methaniminium/tutorial_reproduction/init/ICOND_00010/SAVE/MOLCAS.3.JobIph.0', 'JOBOLD']
['rasscf', 3, 3, True, False]
['copy', 'MOLCAS.rasscf.h5', 'MOLCAS.3.rasscf.h5']
['copy', 'MOLCAS.JobIph', 'MOLCAS.3.JobIph']
['link', 'MOLCAS.1.JobIph', 'JOB001']
['rassi', 'dm', [4]]
['copy', 'MOLCAS.rassi.h5', 'MOLCAS.rassi.1.h5']
['link', 'MOLCAS.3.JobIph', 'JOB001']
['rassi', 'dm', [3]]
['copy', 'MOLCAS.rassi.h5', 'MOLCAS.rassi.3.h5']
['copy', '/project/lgagliardi/helenclifford/practice_rcc/sharc4/methaniminium/tutorial_reproduction/init/ICOND_00010/SAVE/MOLCAS.1.JobIph.0', 'JOB001']
['link', 'MOLCAS.1.JobIph', 'JOB002']
['rassi', 'overlap', [4, 4]]
['copy', 'MOLCAS.rassi.h5', 'MOLCAS.rassi.ovlp.1.h5']
['copy', '/project/lgagliardi/helenclifford/practice_rcc/sharc4/methaniminium/tutorial_reproduction/init/ICOND_00010/SAVE/MOLCAS.3.JobIph.0', 'JOB001']
['link', 'MOLCAS.3.JobIph', 'JOB002']
['rassi', 'overlap', [3, 3]]
['copy', 'MOLCAS.rassi.h5', 'MOLCAS.rassi.ovlp.3.h5']
['link', 'MOLCAS.1.JobIph', 'JOB001']
['link', 'MOLCAS.3.JobIph', 'JOB002']
['rassi', 'soc', [4, 3]]
All jobs finished:
job: master          code: 0    runtime: 0:00:16.777676

===> Results:

=> Hamiltonian Matrix:
Diagonal Shift:    -94.00
Real Part:
---------------------------------------------------------------------------------------------------------------------------------------------------
|-3.882e-01                                  |-1.181e-06  2.753e-06 -3.234e-06 |                                 |-1.181e-06  2.753e-06 -3.234e-06 |
|           -1.004e-01                       |-3.745e-07  5.917e-07 -3.391e-05 |                                 |-3.745e-07  5.917e-07 -3.391e-05 |
|                      -1.070e-02            | 1.883e-06 -1.568e-06 -2.209e-06 |                                 | 1.883e-06 -1.568e-06 -2.209e-06 |
|                                  5.582e-02 |-6.194e-06  7.605e-06  2.265e-05 |                                 |-6.194e-06  7.605e-06  2.265e-05 |
---------------------------------------------------------------------------------------------------------------------------------------------------
|-1.181e-06 -3.745e-07  1.883e-06 -6.194e-06 |-2.064e-01                       |-2.229e-22 -1.523e-07 -1.700e-05 |                                 |
| 2.753e-06  5.917e-07 -1.568e-06  7.605e-06 |           -9.914e-02            | 1.523e-07  1.197e-21  2.561e-05 |                                 |
|-3.234e-06 -3.391e-05 -2.209e-06  2.265e-05 |                       2.261e-02 | 1.700e-05 -2.561e-05  1.564e-21 |                                 |
---------------------------------------------------------------------------------------------------------------------------------------------------
|                                            | 2.229e-22  1.523e-07  1.700e-05 |-2.064e-01                       |-2.229e-22 -1.523e-07 -1.700e-05 |
|                                            |-1.523e-07 -1.197e-21 -2.561e-05 |           -9.914e-02            | 1.523e-07  1.197e-21  2.561e-05 |
|                                            |-1.700e-05  2.561e-05 -1.564e-21 |                       2.261e-02 | 1.700e-05 -2.561e-05  1.564e-21 |
---------------------------------------------------------------------------------------------------------------------------------------------------
|-1.181e-06 -3.745e-07  1.883e-06 -6.194e-06 |                                 | 2.229e-22  1.523e-07  1.700e-05 |-2.064e-01                       |
| 2.753e-06  5.917e-07 -1.568e-06  7.605e-06 |                                 |-1.523e-07 -1.197e-21 -2.561e-05 |           -9.914e-02            |
|-3.234e-06 -3.391e-05 -2.209e-06  2.265e-05 |                                 |-1.700e-05  2.561e-05 -1.564e-21 |                       2.261e-02 |
---------------------------------------------------------------------------------------------------------------------------------------------------

Imaginary Part:
---------------------------------------------------------------------------------------------------------------------------------------------------
|                                            |-7.174e-06  1.061e-05 -8.674e-05 |-2.250e-05  7.832e-05 -9.214e-06 | 7.174e-06 -1.061e-05  8.674e-05 |
|                                            | 1.064e-05  3.492e-06 -7.813e-06 | 1.753e-05  5.990e-06 -3.526e-06 |-1.064e-05 -3.492e-06  7.813e-06 |
|                                            | 3.296e-06  3.263e-06 -1.704e-05 | 2.169e-05  9.897e-06 -9.947e-06 |-3.296e-06 -3.263e-06  1.704e-05 |
|                                            |-2.675e-05 -4.912e-06 -8.395e-06 |-9.203e-05 -1.777e-05  1.179e-06 | 2.675e-05  4.912e-06  8.395e-06 |
---------------------------------------------------------------------------------------------------------------------------------------------------
| 7.174e-06 -1.064e-05 -3.296e-06  2.675e-05 |            4.205e-06 -3.017e-05 |-6.242e-22 -1.048e-05  4.637e-05 |                                 |
|-1.061e-05 -3.492e-06 -3.263e-06  4.912e-06 |-4.205e-06            -9.206e-06 | 1.048e-05 -2.396e-22  1.190e-05 |                                 |
| 8.674e-05  7.813e-06  1.704e-05  8.395e-06 | 3.017e-05  9.206e-06            |-4.637e-05 -1.190e-05  2.650e-22 |                                 |
---------------------------------------------------------------------------------------------------------------------------------------------------
| 2.250e-05 -1.753e-05 -2.169e-05  9.203e-05 |-6.242e-22 -1.048e-05  4.637e-05 |                                 |-6.242e-22 -1.048e-05  4.637e-05 |
|-7.832e-05 -5.990e-06 -9.897e-06  1.777e-05 | 1.048e-05 -2.396e-22  1.190e-05 |                                 | 1.048e-05 -2.396e-22  1.190e-05 |
| 9.214e-06  3.526e-06  9.947e-06 -1.179e-06 |-4.637e-05 -1.190e-05  2.650e-22 |                                 |-4.637e-05 -1.190e-05  2.650e-22 |
---------------------------------------------------------------------------------------------------------------------------------------------------
|-7.174e-06  1.064e-05  3.296e-06 -2.675e-05 |                                 |-6.242e-22 -1.048e-05  4.637e-05 |           -4.205e-06  3.017e-05 |
| 1.061e-05  3.492e-06  3.263e-06 -4.912e-06 |                                 | 1.048e-05 -2.396e-22  1.190e-05 | 4.205e-06             9.206e-06 |
|-8.674e-05 -7.813e-06 -1.704e-05 -8.395e-06 |                                 |-4.637e-05 -1.190e-05  2.650e-22 |-3.017e-05 -9.206e-06            |
---------------------------------------------------------------------------------------------------------------------------------------------------


=> Dipole Moment Matrices:

Polarisation X:
Real Part:
---------------------------------------------------------------------------------------------------------------------------------------------------
| 2.049e-02 -5.279e-02 -5.189e-03  4.749e-02 |                                 |                                 |                                 |
|-5.279e-02  3.600e-03  3.354e-02 -4.445e-02 |                                 |                                 |                                 |
|-5.189e-03  3.354e-02  5.738e-02 -8.998e-02 |                                 |                                 |                                 |
| 4.749e-02 -4.445e-02 -8.998e-02  3.133e-01 |                                 |                                 |                                 |
---------------------------------------------------------------------------------------------------------------------------------------------------
|                                            | 6.319e-03  3.670e-02 -7.943e-02 |                                 |                                 |
|                                            | 3.670e-02 -6.651e-03  2.488e-01 |                                 |                                 |
|                                            |-7.943e-02  2.488e-01  3.139e-01 |                                 |                                 |
---------------------------------------------------------------------------------------------------------------------------------------------------
|                                            |                                 | 6.319e-03  3.670e-02 -7.943e-02 |                                 |
|                                            |                                 | 3.670e-02 -6.651e-03  2.488e-01 |                                 |
|                                            |                                 |-7.943e-02  2.488e-01  3.139e-01 |                                 |
---------------------------------------------------------------------------------------------------------------------------------------------------
|                                            |                                 |                                 | 6.319e-03  3.670e-02 -7.943e-02 |
|                                            |                                 |                                 | 3.670e-02 -6.651e-03  2.488e-01 |
|                                            |                                 |                                 |-7.943e-02  2.488e-01  3.139e-01 |
---------------------------------------------------------------------------------------------------------------------------------------------------

Polarisation Y:
Real Part:
---------------------------------------------------------------------------------------------------------------------------------------------------
| 3.360e-02  3.128e-02  9.276e-02  4.051e-02 |                                 |                                 |                                 |
| 3.128e-02  2.267e-01 -9.612e-02  1.041e-02 |                                 |                                 |                                 |
| 9.276e-02 -9.612e-02  8.093e-02 -2.035e-02 |                                 |                                 |                                 |
| 4.051e-02  1.041e-02 -2.035e-02  2.290e-01 |                                 |                                 |                                 |
---------------------------------------------------------------------------------------------------------------------------------------------------
|                                            | 1.080e-01 -4.375e-02 -2.933e-02 |                                 |                                 |
|                                            |-4.375e-02  2.418e-01 -6.075e-02 |                                 |                                 |
|                                            |-2.933e-02 -6.075e-02  1.533e-01 |                                 |                                 |
---------------------------------------------------------------------------------------------------------------------------------------------------
|                                            |                                 | 1.080e-01 -4.375e-02 -2.933e-02 |                                 |
|                                            |                                 |-4.375e-02  2.418e-01 -6.075e-02 |                                 |
|                                            |                                 |-2.933e-02 -6.075e-02  1.533e-01 |                                 |
---------------------------------------------------------------------------------------------------------------------------------------------------
|                                            |                                 |                                 | 1.080e-01 -4.375e-02 -2.933e-02 |
|                                            |                                 |                                 |-4.375e-02  2.418e-01 -6.075e-02 |
|                                            |                                 |                                 |-2.933e-02 -6.075e-02  1.533e-01 |
---------------------------------------------------------------------------------------------------------------------------------------------------

Polarisation Z:
Real Part:
---------------------------------------------------------------------------------------------------------------------------------------------------
| 2.348e-01  2.947e-01  1.259e+00  5.057e-01 |                                 |                                 |                                 |
| 2.947e-01 -1.172e-01  1.533e-01 -4.888e-01 |                                 |                                 |                                 |
| 1.259e+00  1.533e-01 -3.093e-02 -2.548e-01 |                                 |                                 |                                 |
| 5.057e-01 -4.888e-01 -2.548e-01  1.082e+00 |                                 |                                 |                                 |
---------------------------------------------------------------------------------------------------------------------------------------------------
|                                            | 1.046e+00  4.165e-01  2.659e-02 |                                 |                                 |
|                                            | 4.165e-01 -3.301e-01 -2.747e-01 |                                 |                                 |
|                                            | 2.659e-02 -2.747e-01  3.161e-01 |                                 |                                 |
---------------------------------------------------------------------------------------------------------------------------------------------------
|                                            |                                 | 1.046e+00  4.165e-01  2.659e-02 |                                 |
|                                            |                                 | 4.165e-01 -3.301e-01 -2.747e-01 |                                 |
|                                            |                                 | 2.659e-02 -2.747e-01  3.161e-01 |                                 |
---------------------------------------------------------------------------------------------------------------------------------------------------
|                                            |                                 |                                 | 1.046e+00  4.165e-01  2.659e-02 |
|                                            |                                 |                                 | 4.165e-01 -3.301e-01 -2.747e-01 |
|                                            |                                 |                                 | 2.659e-02 -2.747e-01  3.161e-01 |
---------------------------------------------------------------------------------------------------------------------------------------------------


=> Overlap matrix:

Real Part:
---------------------------------------------------------------------------------------------------------------------------------------------------
| 9.292e-01  2.646e-02 -4.372e-02  2.286e-02 |                                 |                                 |                                 |
| 8.543e-02 -8.782e-01  2.958e-01 -9.989e-02 |                                 |                                 |                                 |
| 2.129e-02  2.941e-01  8.204e-01  3.118e-01 |                                 |                                 |                                 |
| 3.762e-02 -1.356e-01 -8.700e-02  3.926e-01 |                                 |                                 |                                 |
---------------------------------------------------------------------------------------------------------------------------------------------------
|                                            | 8.816e-01  2.802e-01 -3.836e-02 |                                 |                                 |
|                                            |-3.274e-01  8.753e-01  1.097e-01 |                                 |                                 |
|                                            |-7.487e-02  1.064e-01 -8.526e-01 |                                 |                                 |
---------------------------------------------------------------------------------------------------------------------------------------------------
|                                            |                                 | 8.816e-01  2.802e-01 -3.836e-02 |                                 |
|                                            |                                 |-3.274e-01  8.753e-01  1.097e-01 |                                 |
|                                            |                                 |-7.487e-02  1.064e-01 -8.526e-01 |                                 |
---------------------------------------------------------------------------------------------------------------------------------------------------
|                                            |                                 |                                 | 8.816e-01  2.802e-01 -3.836e-02 |
|                                            |                                 |                                 |-3.274e-01  8.753e-01  1.097e-01 |
|                                            |                                 |                                 |-7.487e-02  1.064e-01 -8.526e-01 |
---------------------------------------------------------------------------------------------------------------------------------------------------



==> Runtime:	0 Days	0 Hours	0 Minutes	17.877139 Seconds


===> Writing output to file QM.out in SHARC Format

