#===============================================================================================================================================================================
#     Step |         Time |         State |                                     Energy |      Angular |     Gradient |      Density |           Expectation Value |    Runtime |
#          |              |  diag |   MCH |          kin |          pot |          tot |     Momentum |          RMS |        Total |           DM |            S |            |
#          |         [fs] |       |       |         [eV] |         [eV] |         [eV] |       [hbar] |     [eV/Ang] |              |      [Debye] |              |      [sec] |
#===============================================================================================================================================================================
         0         0.0000      12       3       0.250628      11.061376      11.312004       0.000223       5.557158       1.000000       0.280794       0.000856          108
         1         0.5000      12       3       0.263221      11.048868      11.312089       0.000307       5.374014       1.000000       0.275135       0.005816           47
# Surface Hop/Pointer State Switch: new state=      9 old state=     12 randnum=  0.166680619 gap= -0.031116 eV
         2         1.0000       9       3       0.371352      10.940737      11.312089       0.000378       5.015301       1.000000       0.266421       0.001829           40
         3         1.5000       9       3       0.566141      10.744075      11.310216       0.000168       4.492127       1.000000       0.263432       0.000380           45
         4         2.0000       9       3       0.821118      10.484148      11.305267       0.000185       3.794190       1.000000       0.289273       0.000163           46
         5         2.5000       9       3       1.026694      10.251401      11.278094       0.000280       2.088549       1.000000       0.551081       0.000262           67
# Surface Hop/Pointer State Switch: new state=      8 old state=      9 randnum=  0.252742937 gap= -0.196685 eV
         6         3.0000       8       2       1.366406       9.911688      11.278094       0.000461       2.244838       1.000000       0.524758       0.000046           61
         7         3.5000       8       2       1.579756       9.696495      11.276251       0.000511       2.335217       1.000000       0.597418       0.000055           37
# Surface Hop/Pointer State Switch: new state=      5 old state=      8 randnum=  0.267002593 gap= -0.153372 eV
         8         4.0000       5       2       1.772996       9.503255      11.276251       0.000450       2.293477       1.000000       0.720641       0.000061           28
         9         4.5000       5       2       1.916628       9.360555      11.277183       0.000305       2.239674       1.000000       0.856853       0.000077           31
        10         5.0000       5       2       2.051053       9.225290      11.276342       0.000277       2.031240       1.000000       0.992931       0.000105           29
        11         5.5000       5       2       2.163386       9.112018      11.275404       0.000312       1.739812       1.000000       1.130579       0.000150           62
        12         6.0000       5       2       2.237529       9.037968      11.275497       0.000407       1.475486       1.000000       1.276517       0.000221           52
        13         6.5000       5       2       2.270454       9.005982      11.276436       0.000590       1.306598       1.000000       1.436464       0.000335           49
        14         7.0000       5       2       2.271632       9.005854      11.277486       0.000847       1.238769       1.000000       1.609129       0.000537           40
        15         7.5000       5       2       2.253655       9.024498      11.278153       0.001164       1.248452       1.000000       1.782291       0.000931           47
        16         8.0000       5       2       2.224948       9.053497      11.278445       0.001515       1.324984       1.000000       1.934086       0.001625           44
        17         8.5000       5       2       2.189535       9.089268      11.278803       0.001829       1.473013       1.000000       2.044461       0.001803           42
        18         9.0000       5       2       2.153194       9.126580      11.279773       0.001910       1.680285       1.000000       2.111132       0.000741           42
        19         9.5000       5       2       2.130645       9.150718      11.281363       0.001812       1.882635       1.000000       2.152185       0.000190           45
        20        10.0000       5       2       2.144009       9.138397      11.282407       0.001718       1.968537       1.000000       2.192377       0.000055           43
        21        10.5000       5       2       2.206006       9.075286      11.281292       0.001650       1.844158       1.000000       2.244827       0.000021           56
        22        11.0000       5       2       2.300372       8.977837      11.278209       0.001600       1.545954       1.000000       2.311032       0.000010           30
        23        11.5000       5       2       2.386752       8.888984      11.275736       0.001520       1.342889       1.000000       2.388209       0.000006           35
        24        12.0000       5       2       2.434158       8.841903      11.276061       0.001399       1.525025       1.000000       2.472959       0.000004           34
        25        12.5000       5       2       2.447986       8.830331      11.278317       0.001306       1.879016       1.000000       2.561287       0.000003           31
        26        13.0000       5       2       2.458349       8.821335      11.279684       0.001221       2.071510       1.000000       2.648420       0.000003           36
        27        13.5000       5       2       2.484222       8.794746      11.278967       0.001180       2.002138       1.000000       2.729788       0.000003           32
        28        14.0000       5       2       2.517210       8.760538      11.277748       0.001196       1.754788       1.000000       2.801851       0.000003           42
        29        14.5000       5       2       2.541822       8.737111      11.278933       0.001229       1.482994       1.000000       2.860590       0.000004           44
        30        15.0000       5       2       2.766088       8.677828      11.443916       0.001347       3.321025       1.000000       2.891715       0.000005           38
        31        15.5000       5       2       2.910930       8.393187      11.304117       0.001271       1.749947       1.000000       3.087320       0.000010           35
        32        16.0000       5       2       2.731468       8.574544      11.306012       0.001015       1.887264       1.000000       3.163102       0.000013           32
        33        16.5000       5       2       2.570345       8.736401      11.306746       0.000964       2.007418       1.000000       3.221724       0.000018           31
        34        17.0000       5       2       2.440820       8.865409      11.306229       0.001046       2.090218       1.000000       3.228755       0.000025           34
        35        17.5000       5       2       2.339526       8.965431      11.304957       0.000969       2.138354       1.000000       3.149388       0.000034           32
        36        18.0000       5       2       2.254771       9.049958      11.304730       0.000870       2.173430       1.000000       3.032130       0.000045           32
        37        18.5000       5       2       2.181322       9.124024      11.305346       0.000935       2.183773       1.000000       2.999892       0.000065           30
        38        19.0000       5       2       2.120090       9.185225      11.305315       0.000945       2.136179       1.000000       3.079344       0.000122           41
        39        19.5000       5       2       2.066201       9.238309      11.304510       0.000932       2.026073       1.000000       3.229413       0.000602           73
# Surface Hop/Pointer State Switch: new state=      8 old state=      5 randnum=  0.004246505 gap=  0.148168 eV
        40        20.0000       8       2       1.896699       9.407810      11.304510       0.000796       1.885133       1.000000       3.507910       0.000157           39
        41        20.5000       8       2       1.814590       9.489588      11.304178       0.000820       1.793751       1.000000       3.716091       0.000046           36
        42        21.0000       8       2       1.721677       9.583669      11.305347       0.000828       1.839555       1.000000       3.930498       0.000023           28
        43        21.5000       8       2       1.636170       9.670389      11.306559       0.000765       1.996949       1.000000       4.164424       0.000151           69
        44        22.0000       8       2       1.593622      10.204146      11.797767       0.000728       2.232498       1.000000       5.223993       0.000011           41
        45        22.5000       8       2       1.631369      10.165595      11.796963       0.000675       2.262071       1.000000       5.435970       0.000010           34
        46        23.0000       8       2       1.742975      10.050489      11.793464       0.000683       2.155733       1.000000       5.625607       0.000009           31
        47        23.5000       8       2       1.879932       9.910025      11.789957       0.000690       2.043692       1.000000       5.789238       0.000008           32
        48        24.0000       8       2       1.990662       9.797700      11.788362       0.000609       2.028528       1.000000       5.923820       0.000009           32
        49        24.5000       8       2       2.048309       9.740241      11.788550       0.000509       2.088903       1.000000       6.026944       0.000009           34
        50        25.0000       8       2       2.052758       9.736844      11.789602       0.000449       2.157311       1.000000       6.097329       0.000011           33
        51        25.5000       8       2       2.019200       9.771708      11.790908       0.000444       2.202564       1.000000       6.135237       0.000013           33
        52        26.0000       8       2       1.968469       9.823773      11.792242       0.000429       2.227659       1.000000       6.142464       0.000016           27
        53        26.5000       8       2       1.922377       9.871113      11.793489       0.000442       2.241202       1.000000       6.121939       0.000022           32
        54        27.0000       8       2       1.901007       9.893459      11.794466       0.000466       2.239054       1.000000       6.077237       0.000032           29
        55        27.5000       8       2       1.919281       9.875581      11.794862       0.000427       2.201118       1.000000       6.013544       0.000054           74
# Surface Hop/Pointer State Switch: new state=      7 old state=      8 randnum=  0.895080228 gap= -0.052783 eV
        56        28.0000       7       1       1.982835       9.812027      11.794862       0.000403       2.101220       1.000000       5.913945       0.000107           45
        57        28.5000       7       1       2.075764       9.717558      11.793322       0.000372       1.921511       1.000000       5.816579       0.000235           44
        58        29.0000       7       1       2.180186       9.610984      11.791169       0.000311       1.684568       1.000000       5.690225       0.000710           34
        59        29.5000       7       1       2.263671       9.526224      11.789895       0.000319       1.468271       1.000000       5.520866       0.004652           76
# Surface Hop/Pointer State Switch: new state=      4 old state=      7 randnum=  0.802477726 gap= -0.029738 eV
        60        30.0000       4       1       2.308159       9.481736      11.789895       0.000286       1.402269       1.000000       5.265907       0.025065           46
        61        30.5000       4       1       2.341979       9.448567      11.790546       0.000322       1.694190       1.000000       4.872519       0.000711           43
        62        31.0000       4       1       2.380377       9.407948      11.788326       0.000319       2.060749       1.000000       4.521486       0.000235           33
        63        31.5000       4       1       2.431237       9.363357      11.794594       0.000274       2.212333       1.000000       4.334131       0.000174           27
        64        32.0000       4       1       2.548388       9.249192      11.797580       0.000162       2.100602       1.000000       4.257375       0.000134           41
        65        32.5000       4       1       2.752304       9.039529      11.791833       0.000095       1.785330       1.000000       4.203062       0.000083           43
        66        33.0000       4       1       2.989312       8.797050      11.786362       0.000266       1.455362       1.000000       4.131302       0.000044           33
        67        33.5000       4       1       3.194167       8.589537      11.783704       0.000429       1.328034       1.000000       4.040436       0.000024           35
        68        34.0000       4       1       3.333398       8.449230      11.782628       0.000573       1.401440       1.000000       3.936584       0.000014           33
        69        34.5000       4       1       3.395413       8.386359      11.781772       0.000644       1.518617       1.000000       3.825946       0.000009           32
        70        35.0000       4       1       3.372811       8.408148      11.780960       0.000690       1.634578       1.000000       3.714615       0.000006           35
        71        35.5000       4       1       3.259060       8.521853      11.780913       0.000733       1.800127       1.000000       3.608733       0.000004           31
        72        36.0000       4       1       3.057056       8.725042      11.782098       0.000765       2.035758       1.000000       3.514200       0.000003           30
        73        36.5000       4       1       2.785532       8.998732      11.784264       0.000782       2.298090       1.000000       3.436061       0.000002           33
        74        37.0000       4       1       2.476416       9.310426      11.786842       0.000792       2.526305       1.000000       3.378168       0.000002           29
        75        37.5000       4       1       2.170294       9.621178      11.791472       0.000788       2.642500       1.000000       3.346055       0.000002           39
        76        38.0000       4       1       1.885276       9.320693      11.205969       0.000787       2.798027       1.000000       3.198742       0.000001           35
        77        38.5000       4       1       1.640355       9.550298      11.190653       0.000793       2.797671       1.000000       3.263972       0.000002           31
        78        39.0000       4       1       1.455910       9.734822      11.190732       0.000791       2.712295       1.000000       3.294419       0.000002           33
        79        39.5000       4       1       1.333957       9.856859      11.190816       0.000800       2.581662       1.000000       3.351686       0.000003           30
        80        40.0000       4       1       1.276901       9.914744      11.191645       0.000851       2.449087       1.000000       3.432355       0.000003           33
        81        40.5000       4       1       1.297324       9.895978      11.193302       0.000916       2.348370       1.000000       3.532572       0.000003           31
        82        41.0000       4       1       1.418213       9.776589      11.194802       0.000935       2.274246       1.000000       3.649072       0.000002           36
        83        41.5000       4       1       1.659401       9.535206      11.194607       0.000894       2.177189       1.000000       3.778772       0.000002           30
        84        42.0000       4       1       2.016579       9.175149      11.191728       0.000861       2.002135       1.000000       3.917457       0.000002           22
        85        42.5000       4       1       2.447394       8.755739      11.203133       0.000889       1.746020       1.000000       3.995044       0.000001           40
        86        43.0000       4       1       2.881002       8.316646      11.197648       0.000949       1.507109       1.000000       4.138528       0.000001           35
# Surface Hop/Pointer State Switch: new state=      1 old state=      4 randnum=  0.947922813 gap= -0.022584 eV
        87        43.5000       1       1       3.247433       7.950214      11.197648       0.001004       1.412843       1.000000       4.283225       0.000002           71
# Surface Hop/Pointer State Switch: new state=      4 old state=      1 randnum=  0.711419527 gap=  0.012167 eV
        88        44.0000       4       1       3.430701       7.766947      11.197648       0.000981       1.902723       1.000000       4.441205       0.000002           41
        89        44.5000       4       1       3.442069       8.195727      11.637796       0.000988       1.659283       1.000000       4.693623       0.000003           42
        90        45.0000       4       1       3.424825       8.213429      11.638254       0.000950       1.737340       1.000000       4.859692       0.000004           28
        91        45.5000       4       1       3.296433       8.342747      11.639180       0.000917       1.775412       1.000000       5.035003       0.000006           26
        92        46.0000       4       1       3.071924       8.569238      11.641162       0.000936       1.827774       1.000000       5.217136       0.000008           38
        93        46.5000       4       1       2.781224       8.862862      11.644087       0.000947       1.912360       1.000000       5.401113       0.000011           34
        94        47.0000       4       1       2.468016       9.179311      11.647327       0.000947       2.009609       1.000000       5.580328       0.000017           31
        95        47.5000       4       1       2.180796       9.469400      11.650197       0.000938       2.090482       1.000000       5.747290       0.000025           32
        96        48.0000       4       1       1.962143       9.689974      11.652118       0.000904       2.130813       1.000000       5.894441       0.000040           25
        97        48.5000       4       1       1.839304       9.813241      11.652545       0.000885       2.110787       1.000000       6.015518       0.000066           48
        98        49.0000       4       1       1.815787       9.835122      11.650909       0.000879       2.015705       1.000000       6.107479       0.000114           37
        99        49.5000       4       1       1.863915       9.782973      11.646888       0.000876       1.856264       1.000000       6.171938       0.000205           23
       100        50.0000       4       1       1.923627       9.717793      11.641420       0.000860       1.741509       1.000000       6.213984       0.000377           41
       101        50.5000       4       1       1.922434       9.715812      11.638246       0.000812       1.943456       1.000000       6.236908       0.000677           27
       102        51.0000       4       1       1.831414       9.811243      11.642657       0.000764       2.541782       1.000000       6.234942       0.001093           46
       103        51.5000       4       1       1.723287       9.929081      11.652368       0.000770       3.079431       1.000000       6.190766       0.001400           33
       104        52.0000       4       1       1.722058       9.931595      11.653653       0.000837       3.019444       1.000000       6.083556       0.001273           30
       105        52.5000       4       1       1.843905       9.799940      11.643845       0.000942       2.403571       1.000000       5.898962       0.000846           28
       106        53.0000       4       1       1.970994       9.666276      11.637270       0.001035       2.027154       1.000000       5.627555       0.000485           43
# Jump frustrated.
       107        53.5000       4       1       2.008804       9.630404      11.639208       0.001087       2.282496       1.000000       5.265243       0.000287           30
       108        54.0000       4       1       1.967185       9.676728      11.643912       0.001150       2.581045       1.000000       4.827305       0.000198           33
       109        54.5000       4       1       1.903418       9.743648      11.647066       0.001239       2.634412       1.000000       4.361802       0.000167           38
       110        55.0000       4       1       1.859527       9.788113      11.647640       0.001254       2.468746       1.000000       3.942229       0.000172           30
       111        55.5000       4       1       1.842938       9.803350      11.646288       0.001239       2.176870       1.000000       3.635235       0.000216           45
       112        56.0000       4       1       1.835696       9.809236      11.644931       0.001227       1.896385       1.000000       3.468153       0.000337           30
       113        56.5000       4       1       1.819223       9.825852      11.645075       0.001195       1.768431       1.000000       3.427156       0.000739           34
       114        57.0000       4       1       1.794007       9.852632      11.646639       0.001259       1.817302       1.000000       3.480872       0.003908           70
# Surface Hop/Pointer State Switch: new state=      1 old state=      4 randnum=  0.813526054 gap= -0.029366 eV
       115        57.5000       1       1       1.777712       9.868927      11.646639       0.001130       1.961416       1.000000       3.598263       0.018021           44
       116        58.0000       1       1       1.794632       9.852856      11.647488       0.001340       2.099850       1.000000       3.776969       0.000999           34
       117        58.5000       1       1       1.860943       9.786395      11.647338       0.001548       2.189857       1.000000       3.987623       0.000307           29
       118        59.0000       1       1       1.974050       9.671865      11.645915       0.001662       2.217981       1.000000       4.227509       0.000146           34
       119        59.5000       1       1       2.113020       9.530500      11.643521       0.001659       2.185231       1.000000       4.487227       0.000087           29
       120        60.0000       1       1       2.242699       9.398124      11.640823       0.001606       2.104914       1.000000       4.757298       0.000060           28
       121        60.5000       1       1       2.323843       9.314947      11.638791       0.001527       2.003260       1.000000       5.028997       0.000046           32
       122        61.0000       1       1       2.326935       9.311215      11.638149       0.001513       1.917015       1.000000       5.294100       0.000039           31
       123        61.5000       1       1       2.242814       9.396071      11.638885       0.001677       1.889160       1.000000       5.543331       0.000037           32
       124        62.0000       1       1       2.085566       9.555386      11.640951       0.001994       1.960564       1.000000       5.766916       0.000038           35
       125        62.5000       1       1       1.896012       9.751054      11.647066       0.001957       2.105634       1.000000       5.959559       0.000043           65
# Surface Hop/Pointer State Switch: new state=      4 old state=      1 randnum=  0.837077481 gap=  0.324520 eV
       126        63.0000       4       1       1.763362       9.883704      11.647066       0.001701       2.257573       1.000000       6.167438       0.000005           42
       127        63.5000       4       1       1.648713       9.999522      11.648235       0.001524       2.298548       1.000000       6.259288       0.000005           32
       128        64.0000       4       1       1.620238      10.026832      11.647070       0.001451       2.239694       1.000000       6.338080       0.000005           29
       129        64.5000       4       1       1.663112       9.982433      11.645545       0.001507       2.215627       1.000000       6.411072       0.000005           33
       130        65.0000       4       1       1.753776       9.891427      11.645203       0.001614       2.313691       1.000000       6.484392       0.000005           31
       131        65.5000       4       1       1.879452       9.765369      11.644821       0.001569       2.441831       1.000000       6.559990       0.000005           34
       132        66.0000       4       1       2.027390       9.615722      11.643112       0.001293       2.488793       1.000000       6.635428       0.000006           29
       133        66.5000       4       1       2.171802       9.469457      11.641259       0.001078       2.469223       1.000000       6.705645       0.000006           40
       134        67.0000       4       1       2.282158       9.048865      11.331023       0.000993       2.500725       1.000000       6.649950       0.000009           34
       135        67.5000       4       1       2.355446       8.976777      11.332223       0.000907       2.486804       1.000000       6.569785       0.000007           37
       136        68.0000       4       1       2.412512       8.921063      11.333575       0.000849       2.450990       1.000000       6.486991       0.000005           33
       137        68.5000       4       1       2.471859       8.862061      11.333920       0.000831       2.357878       1.000000       6.396502       0.000005           33
       138        69.0000       4       1       2.539524       8.793335      11.332859       0.000831       2.203068       1.000000       6.291394       0.000005           30
       139        69.5000       4       1       2.603389       8.727644      11.331033       0.000762       2.046754       1.000000       6.163983       0.000006           29
       140        70.0000       4       1       2.642759       8.687435      11.330195       0.000662       2.037480       1.000000       6.006287       0.000007           29
       141        70.5000       4       1       2.653058       8.679381      11.332439       0.000638       2.290589       1.000000       5.810811       0.000011           30
       142        71.0000       4       1       2.669112       8.668103      11.337215       0.000548       2.648710       1.000000       5.573766       0.000016           30
       143        71.5000       4       1       2.739177       9.200605      11.939782       0.000599       2.789666       1.000000       6.235645       0.000042           31
       144        72.0000       4       1       2.881035       9.054208      11.935244       0.000700       2.488602       1.000000       6.038975       0.000073           26
       145        72.5000       4       1       3.038787       8.889442      11.928230       0.000717       1.899435       1.000000       5.873105       0.000113           29
       146        73.0000       4       1       3.113504       8.811891      11.925394       0.000711       1.507497       1.000000       5.746785       0.000149           33
       147        73.5000       4       1       3.058591       8.869790      11.928380       0.000692       1.695013       1.000000       5.644013       0.000170           25
       148        74.0000       4       1       2.905926       9.027804      11.933730       0.000700       2.079214       1.000000       5.539520       0.000170           37
       149        74.5000       4       1       2.726064       9.211589      11.937652       0.000698       2.317729       1.000000       5.409687       0.000150           22
       150        75.0000       4       1       2.580973       9.358746      11.939719       0.000686       2.418979       1.000000       5.242901       0.000116           35
       151        75.5000       4       1       2.514195       9.426977      11.941172       0.000662       2.455954       1.000000       5.045680       0.000081           28
       152        76.0000       4       1       2.553211       9.386958      11.940169       0.000651       2.368030       1.000000       4.831853       0.000054           30
       153        76.5000       4       1       2.687985       9.247774      11.935760       0.000688       2.104334       1.000000       4.615478       0.000035           30
       154        77.0000       4       1       2.861782       9.068957      11.930739       0.000811       1.787676       1.000000       4.407741       0.000023           27
       155        77.5000       4       1       3.004917       8.923087      11.928004       0.001000       1.635538       1.000000       4.215994       0.000015           32
       156        78.0000       4       1       3.074173       8.853669      11.927842       0.001201       1.723695       1.000000       4.044891       0.000010           26
       157        78.5000       4       1       3.061751       8.867349      11.929099       0.001376       1.934239       1.000000       3.897584       0.000007           28
       158        79.0000       4       1       2.982640       8.948335      11.930975       0.001473       2.144059       1.000000       3.775537       0.000007           28
       159        79.5000       4       1       2.854064       8.514979      11.369044       0.001320       2.336980       1.000000       3.555785       0.000003           27
       160        80.0000       4       1       2.696234       8.674481      11.370716       0.001092       2.458458       1.000000       3.494715       0.000002           31
       161        80.5000       4       1       2.531890       8.839889      11.371779       0.001068       2.508839       1.000000       3.453776       0.000002           25
       162        81.0000       4       1       2.376105       8.996353      11.372458       0.001257       2.497266       1.000000       3.431938       0.000002           27
       163        81.5000       4       1       2.240136       9.134386      11.374521       0.001447       2.415036       1.000000       3.438532       0.000002           29
       164        82.0000       4       1       2.121822       9.249656      11.371478       0.001535       2.347522       1.000000       3.551765       0.000002           27
       165        82.5000       4       1       2.022722       9.349124      11.371846       0.001574       2.221393       1.000000       3.574461       0.000003           27
       166        83.0000       4       1       1.953803       9.419012      11.372815       0.001561       2.097115       1.000000       3.610998       0.000003           28
       167        83.5000       4       1       1.926385       9.447334      11.373719       0.001298       1.991542       1.000000       3.657800       0.000003           26
       168        84.0000       4       1       1.950945       9.422635      11.373580       0.001142       1.928263       1.000000       3.711415       0.000003           27
       169        84.5000       4       1       2.026850       9.345202      11.372052       0.001090       2.014574       1.000000       3.770769       0.000003           23
       170        85.0000       4       1       2.134992       9.231910      11.366902       0.001089       3.670111       1.000000       3.840319       0.000002           34
       171        85.5000       4       1       2.422848       8.927403      11.350251       0.001254       2.682355       1.000000       3.883946       0.000002           25
       172        86.0000       4       1       2.822117       8.541769      11.363886       0.001352       2.300226       1.000000       3.866070       0.000002           36
       173        86.5000       4       1       3.219980       8.135480      11.355460       0.001318       1.912950       1.000000       3.895494       0.000002           30
       174        87.0000       4       1       3.539742       8.333259      11.873002       0.001259       1.581434       1.000000       3.987417       0.000003           30
       175        87.5000       4       1       3.722070       8.148607      11.870677       0.001214       1.393523       1.000000       4.036903       0.000004           32
       176        88.0000       4       1       3.729480       8.142189      11.871668       0.001212       1.398969       1.000000       4.101845       0.000005           29
       177        88.5000       4       1       3.574867       8.300017      11.874884       0.001209       1.583710       1.000000       4.184416       0.000007           27
       178        89.0000       4       1       3.304998       8.574342      11.879340       0.001176       1.853981       1.000000       4.277007       0.000011           33
       179        89.5000       4       1       2.985032       8.899179      11.884211       0.001186       2.129981       1.000000       4.363978       0.000020           30
       180        90.0000       4       1       2.684599       9.203932      11.888531       0.001187       2.354680       1.000000       4.429286       0.000038           36
       181        90.5000       4       1       2.464520       9.427072      11.891592       0.001174       2.488185       1.000000       4.460167       0.000028           31
       182        91.0000       4       1       2.366151       9.526772      11.892924       0.001133       2.504749       1.000000       4.446710       0.000042           26
       183        91.5000       4       1       2.404058       9.488157      11.892214       0.001081       2.386768       1.000000       4.383661       0.000057           36
       184        92.0000       4       1       2.544458       9.312946      11.857404       0.001099       2.157367       1.000000       4.282335       0.000061           30
       185        92.5000       4       1       2.715842       9.134529      11.850371       0.001174       1.815869       1.000000       4.143163       0.000064           29
       186        93.0000       4       1       2.826647       9.016657      11.843304       0.001356       1.649112       1.000000       4.000551       0.000063           29
       187        93.5000       4       1       2.796809       9.046057      11.842866       0.001501       2.183156       1.000000       3.877074       0.000061           40
       188        94.0000       4       1       2.653863       9.200904      11.854767       0.001502       3.222480       1.000000       3.779014       0.000063           33
       189        94.5000       4       1       2.588276       9.283043      11.871320       0.001631       4.028041       1.000000       3.666795       0.000069           34
       190        95.0000       4       1       2.786755       9.068586      11.855341       0.001825       3.642317       1.000000       3.407794       0.000164           63
# Surface Hop/Pointer State Switch: new state=      8 old state=      4 randnum=  0.190142992 gap=  1.387770 eV
       191        95.5000       8       2       1.597714      10.257627      11.855341       0.001383      14.858088       1.000000       3.833093       0.000024           72
       192        96.0000       8       2       2.392913      10.150956      12.543869       0.001314       2.299689       1.000000       3.154168       0.000059           29
       193        96.5000       8       2       2.654436       9.887018      12.541454       0.001111       1.899330       1.000000       3.263918       0.000693           19
# Surface Hop/Pointer State Switch: new state=      5 old state=      8 randnum=  0.958595986 gap= -0.029940 eV
       194        97.0000       5       2       2.854278       9.687176      12.541454       0.001050       1.769640       1.000000       3.339284       0.010109           78
       195        97.5000       5       2       2.943255       9.599230      12.542486       0.001068       1.873857       1.000000       3.361558       0.000606           41
       196        98.0000       5       2       2.962910       9.581368      12.544278       0.001159       2.045846       1.000000       3.369538       0.000246           29
       197        98.5000       5       2       2.939012       9.606945      12.545957       0.001175       2.179945       1.000000       3.362422       0.000144           31
       198        99.0000       5       2       2.897274       9.649756      12.547030       0.001222       2.239366       1.000000       3.341965       0.000098           27
       199        99.5000       5       2       2.856181       9.691663      12.547845       0.001351       2.251422       1.000000       3.308047       0.000074           31
       200       100.0000       5       2       2.854170       9.713262      12.567433       0.001388       2.446470       1.000000       3.249695       0.001231           72
