2026-07-27 13:15:10.227198 midway3-0545.rcc.local /project/lgagliardi/helenclifford/practice_rcc/sharc4/methaniminium/tutorial_reproduction/init/ICOND_00009
  ============================================================================
||                                                                            ||
||                         SHARC - MOLCAS - Interface                         ||
||                                                                            ||
||       Authors: Sascha Mausenberger, Lorenz Grünewald, Sebastian Mai        ||
||                                                                            ||
||                                Version: 4.0                                ||
||                              Date: 29.08.2023                              ||
||                                                                            ||
  ============================================================================
SAVEDIR set to ./SAVE/
Scratchdir set to /scratch/midway3/helenclifford/sharc_scratch/methaniminium_tutorial/init/ICOND_00009
WARNING: 'no-douglas-kroll' not in template keywords: paddingstates, density_calculation_methods, tCI, basis, baslib, basis_per_element, basis_per_atom, nactel, ras1, ras2, ras3, inactive, roots, origin, origin_pos, isotope_elements, isotope_masses, method, functional, ipea, cort_or_dort, imaginary, frozen, gradaccudefault, gradaccumax, pcmset, pcmstate, iterations, cholesky_accu, rasscf_thrs, rasscf_levshift, rasscf_sxdamp, rasscf_noqune, rasscf_convergence_mults, rasscf_guess_jobiph, rasscf_guess_mult, rasscf_guess_step, mclr_iterations, mclr_cgs
WARNING: 'cholesky' not in template keywords: paddingstates, density_calculation_methods, tCI, basis, baslib, basis_per_element, basis_per_atom, nactel, ras1, ras2, ras3, inactive, roots, origin, origin_pos, isotope_elements, isotope_masses, method, functional, ipea, cort_or_dort, imaginary, frozen, gradaccudefault, gradaccumax, pcmset, pcmstate, iterations, cholesky_accu, rasscf_thrs, rasscf_levshift, rasscf_sxdamp, rasscf_noqune, rasscf_convergence_mults, rasscf_guess_jobiph, rasscf_guess_mult, rasscf_guess_step, mclr_iterations, mclr_cgs
paddingstates not specified setting default, [0, 0, 0]
Interface: 

Molecule: 
comment: Initial condition ICOND_00009/

natom: 6
elements: ['C', 'N', 'H', 'H', 'H', 'H']
unit: bohr
factor: 1.0
states: [4, 0, 3]
charge: [1, 0, 1]
nstates: 7
nmstates: 13
point_charges: False
npc: 0
Atomcharge: 17
frozcore: 2
Ubasis: [[      0.0       0.0]
 [      0.0       0.0]]
mol: None

Coords: 
coords: [[ 0.00923208 -0.03504717  0.03094604]
 [ 0.01256797 -0.00246729  2.540016]
 [ 1.657516 -0.03017723 -1.237411]
 [ 1.546636  0.2741891  3.549302]
 [-1.682128 -0.1521681  3.262534]
 [-1.806572  0.3598215 -1.036483]]
pccoords: None
pccharge: None
veloc: None

Save: 
savedir: /project/lgagliardi/helenclifford/practice_rcc/sharc4/methaniminium/tutorial_reproduction/init/ICOND_00009/SAVE
step: 1
previous_step: None
init: False
newstep: True
samestep: False
always_guess: False
always_orb_init: False
restart: False

Requests: 
h: True
soc: True
dm: True
mdeqm: False
grad: None
nacdr: None
overlap: True
phases: False
ion: False
socdr: False
dmdr: False
multipolar_fit: None
theodore: False
cleanup: False
retain: 5
molden: False
savestuff: False
nooverlap: False
mol: False
density_matrices: None
dyson_orbitals: None

Maps: 
statemap: {1: [1, 1, 0.0], 2: [1, 2, 0.0], 3: [1, 3, 0.0], 4: [1, 4, 0.0], 5: [3, 1, -1.0], 6: [3, 2, -1.0], 7: [3, 3, -1.0], 8: [3, 1, 0.0], 9: [3, 2, 0.0], 10: [3, 3, 0.0], 11: [3, 1, 1.0], 12: [3, 2, 1.0], 13: [3, 3, 1.0]}
mults: None
gsmap: None
gradmap: None
nacmap: None
densmap: None
ionmap: None
chargemap: {1: 1, 2: 0, 3: 1}
multmap: {0: (0, 0, 0), 1: (0, 0, 1), 2: (0, 0, 2), 3: (0, 0, 3), 4: (2, 1.0, 0), 5: (2, 0.0, 0), 6: (2, -1.0, 0), 7: (2, 1.0, 1), 8: (2, 0.0, 1), 9: (2, -1.0, 1), 10: (2, 1.0, 2), 11: (2, 0.0, 2), 12: (2, -1.0, 2)}

Resources: 
pwd: /project/lgagliardi/helenclifford/practice_rcc/sharc4/methaniminium/tutorial_reproduction/init/ICOND_00009
cwd: /project/lgagliardi/helenclifford/practice_rcc/sharc4/methaniminium/tutorial_reproduction/init/ICOND_00009
scratchdir: /scratch/midway3/helenclifford/sharc_scratch/methaniminium_tutorial/init/ICOND_00009
ncpu: 1
ngpu: None
memory: 500
delay: 0.0
theodir: None
theodore_prop: []
theodore_fragment: []
wfoverlap: /home/helenclifford/project-lgagliardi/practice_rcc/sharc4/bin/wfoverlap.x
wfthres: 0.998
wfnumocc: None
resp_shells: []
resp_vdw_radii_symbol: {}
resp_vdw_radii: []
resp_betas: [0.0005, 0.0015, 0.003]
resp_layers: 4
resp_first_layer: 1.4
resp_density: 10.0
resp_fit_order: 2
resp_mk_radii: True
resp_grid: lebedev
resp_target: zero
resp_block_size: 5000
resp_nuke_ram: False
molcas: /project/lgagliardi/shared/Apps/OpenMolcas/builds/parallel
mpi_parallel: False
dry_run: False
driver: /project/lgagliardi/shared/Apps/OpenMolcas/builds/parallel/pymolcas

Template: 
paddingstates: [0, 0, 0]
density_calculation_methods: []
tCI: 1e-07
basis: cc-pVDZ
baslib: None
basis_per_element: None
basis_per_atom: None
nactel: [7, 0, 0]
ras1: None
ras2: 4
ras3: None
inactive: 5
roots: [4, 0, 3]
origin: none
origin_pos: [0.0, 0.0, 0.0]
isotope_elements: []
isotope_masses: []
method: casscf
functional: t:pbe
ipea: 0.25
cort_or_dort: CORT
imaginary: 0.0
frozen: None
gradaccudefault: 0.0001
gradaccumax: 0.001
pcmset: None
pcmstate: None
iterations: [200, 100]
cholesky_accu: 0.0001
rasscf_thrs: [1e-08, 0.0001, 0.0001]
rasscf_levshift: None
rasscf_sxdamp: None
rasscf_noqune: False
rasscf_convergence_mults: []
rasscf_guess_jobiph: None
rasscf_guess_mult: 0
rasscf_guess_step: -1
mclr_iterations: 200
mclr_cgs: False

Scheduling: 

Control: 
jobid: None
workdir: None
master: False
gradonly: False
densonly: False
states_to_do: [4, 0, 3]
jobs: None
nslots_pool: []

Starting job execution
['gateway']
['seward']
['copy', '/project/lgagliardi/helenclifford/practice_rcc/sharc4/methaniminium/tutorial_reproduction/init/ICOND_00009/SAVE/MOLCAS.1.JobIph.0', 'JOBOLD']
['rasscf', 1, 4, True, False]
['copy', 'MOLCAS.rasscf.h5', 'MOLCAS.1.rasscf.h5']
['copy', 'MOLCAS.JobIph', 'MOLCAS.1.JobIph']
['copy', '/project/lgagliardi/helenclifford/practice_rcc/sharc4/methaniminium/tutorial_reproduction/init/ICOND_00009/SAVE/MOLCAS.3.JobIph.0', 'JOBOLD']
['rasscf', 3, 3, True, False]
['copy', 'MOLCAS.rasscf.h5', 'MOLCAS.3.rasscf.h5']
['copy', 'MOLCAS.JobIph', 'MOLCAS.3.JobIph']
['link', 'MOLCAS.1.JobIph', 'JOB001']
['rassi', 'dm', [4]]
['copy', 'MOLCAS.rassi.h5', 'MOLCAS.rassi.1.h5']
['link', 'MOLCAS.3.JobIph', 'JOB001']
['rassi', 'dm', [3]]
['copy', 'MOLCAS.rassi.h5', 'MOLCAS.rassi.3.h5']
['copy', '/project/lgagliardi/helenclifford/practice_rcc/sharc4/methaniminium/tutorial_reproduction/init/ICOND_00009/SAVE/MOLCAS.1.JobIph.0', 'JOB001']
['link', 'MOLCAS.1.JobIph', 'JOB002']
['rassi', 'overlap', [4, 4]]
['copy', 'MOLCAS.rassi.h5', 'MOLCAS.rassi.ovlp.1.h5']
['copy', '/project/lgagliardi/helenclifford/practice_rcc/sharc4/methaniminium/tutorial_reproduction/init/ICOND_00009/SAVE/MOLCAS.3.JobIph.0', 'JOB001']
['link', 'MOLCAS.3.JobIph', 'JOB002']
['rassi', 'overlap', [3, 3]]
['copy', 'MOLCAS.rassi.h5', 'MOLCAS.rassi.ovlp.3.h5']
['link', 'MOLCAS.1.JobIph', 'JOB001']
['link', 'MOLCAS.3.JobIph', 'JOB002']
['rassi', 'soc', [4, 3]]
All jobs finished:
job: master          code: 0    runtime: 0:00:16.868348

===> Results:

=> Hamiltonian Matrix:
Diagonal Shift:    -94.00
Real Part:
---------------------------------------------------------------------------------------------------------------------------------------------------
|-3.937e-01                                  |-3.931e-07  1.088e-06  2.703e-06 |                                 |-3.931e-07  1.088e-06  2.703e-06 |
|           -9.096e-02                       |-1.602e-06 -9.904e-07  3.015e-05 |                                 |-1.602e-06 -9.904e-07  3.015e-05 |
|                      -3.864e-02            | 2.042e-06 -3.450e-06 -1.961e-06 |                                 | 2.042e-06 -3.450e-06 -1.961e-06 |
|                                  1.451e-02 |-1.306e-05  2.806e-05  1.274e-06 |                                 |-1.306e-05  2.806e-05  1.274e-06 |
---------------------------------------------------------------------------------------------------------------------------------------------------
|-3.931e-07 -1.602e-06  2.042e-06 -1.306e-05 |-2.211e-01                       | 1.386e-23 -2.066e-06  1.313e-05 |                                 |
| 1.088e-06 -9.904e-07 -3.450e-06  2.806e-05 |           -1.041e-01            | 2.066e-06 -1.072e-21 -2.826e-05 |                                 |
| 2.703e-06  3.015e-05 -1.961e-06  1.274e-06 |                      -1.790e-02 |-1.313e-05  2.826e-05  3.601e-21 |                                 |
---------------------------------------------------------------------------------------------------------------------------------------------------
|                                            |-1.386e-23  2.066e-06 -1.313e-05 |-2.211e-01                       | 1.386e-23 -2.066e-06  1.313e-05 |
|                                            |-2.066e-06  1.072e-21  2.826e-05 |           -1.041e-01            | 2.066e-06 -1.072e-21 -2.826e-05 |
|                                            | 1.313e-05 -2.826e-05 -3.601e-21 |                      -1.790e-02 |-1.313e-05  2.826e-05  3.601e-21 |
---------------------------------------------------------------------------------------------------------------------------------------------------
|-3.931e-07 -1.602e-06  2.042e-06 -1.306e-05 |                                 |-1.386e-23  2.066e-06 -1.313e-05 |-2.211e-01                       |
| 1.088e-06 -9.904e-07 -3.450e-06  2.806e-05 |                                 |-2.066e-06  1.072e-21  2.826e-05 |           -1.041e-01            |
| 2.703e-06  3.015e-05 -1.961e-06  1.274e-06 |                                 | 1.313e-05 -2.826e-05 -3.601e-21 |                      -1.790e-02 |
---------------------------------------------------------------------------------------------------------------------------------------------------

Imaginary Part:
---------------------------------------------------------------------------------------------------------------------------------------------------
|                                            |-4.579e-06 -1.517e-07  8.986e-05 |-1.296e-05  7.655e-05 -1.128e-05 | 4.579e-06  1.517e-07 -8.986e-05 |
|                                            | 1.454e-06  3.955e-07  8.393e-06 |-1.996e-06  1.447e-06 -4.311e-06 |-1.454e-06 -3.955e-07 -8.393e-06 |
|                                            | 6.374e-06  2.189e-06  2.044e-05 | 1.037e-05  4.470e-06 -7.597e-06 |-6.374e-06 -2.189e-06 -2.044e-05 |
|                                            |-5.238e-05 -7.584e-06  9.835e-07 | 1.953e-05  3.758e-06  5.480e-08 | 5.238e-05  7.584e-06 -9.835e-07 |
---------------------------------------------------------------------------------------------------------------------------------------------------
| 4.579e-06 -1.454e-06 -6.374e-06  5.238e-05 |           -1.840e-06 -1.465e-05 |-6.367e-22 -3.870e-07 -5.017e-05 |                                 |
| 1.517e-07 -3.955e-07 -2.189e-06  7.584e-06 | 1.840e-06            -1.752e-06 | 3.870e-07 -9.062e-23 -7.535e-06 |                                 |
|-8.986e-05 -8.393e-06 -2.044e-05 -9.835e-07 | 1.465e-05  1.752e-06            | 5.017e-05  7.535e-06  1.063e-21 |                                 |
---------------------------------------------------------------------------------------------------------------------------------------------------
| 1.296e-05  1.996e-06 -1.037e-05 -1.953e-05 |-6.367e-22 -3.870e-07 -5.017e-05 |                                 |-6.367e-22 -3.870e-07 -5.017e-05 |
|-7.655e-05 -1.447e-06 -4.470e-06 -3.758e-06 | 3.870e-07 -9.062e-23 -7.535e-06 |                                 | 3.870e-07 -9.062e-23 -7.535e-06 |
| 1.128e-05  4.311e-06  7.597e-06 -5.480e-08 | 5.017e-05  7.535e-06  1.063e-21 |                                 | 5.017e-05  7.535e-06  1.063e-21 |
---------------------------------------------------------------------------------------------------------------------------------------------------
|-4.579e-06  1.454e-06  6.374e-06 -5.238e-05 |                                 |-6.367e-22 -3.870e-07 -5.017e-05 |            1.840e-06  1.465e-05 |
|-1.517e-07  3.955e-07  2.189e-06 -7.584e-06 |                                 | 3.870e-07 -9.062e-23 -7.535e-06 |-1.840e-06             1.752e-06 |
| 8.986e-05  8.393e-06  2.044e-05  9.835e-07 |                                 | 5.017e-05  7.535e-06  1.063e-21 |-1.465e-05 -1.752e-06            |
---------------------------------------------------------------------------------------------------------------------------------------------------


=> Dipole Moment Matrices:

Polarisation X:
Real Part:
---------------------------------------------------------------------------------------------------------------------------------------------------
|-1.817e-02 -2.976e-02  1.871e-02  6.194e-02 |                                 |                                 |                                 |
|-2.976e-02 -1.275e-01  2.202e-02  3.098e-01 |                                 |                                 |                                 |
| 1.871e-02  2.202e-02 -2.701e-03 -1.426e-01 |                                 |                                 |                                 |
| 6.194e-02  3.098e-01 -1.426e-01 -7.946e-02 |                                 |                                 |                                 |
---------------------------------------------------------------------------------------------------------------------------------------------------
|                                            |-1.308e-02  4.932e-02  8.029e-02 |                                 |                                 |
|                                            | 4.932e-02 -1.403e-01 -3.923e-01 |                                 |                                 |
|                                            | 8.029e-02 -3.923e-01 -3.789e-02 |                                 |                                 |
---------------------------------------------------------------------------------------------------------------------------------------------------
|                                            |                                 |-1.308e-02  4.932e-02  8.029e-02 |                                 |
|                                            |                                 | 4.932e-02 -1.403e-01 -3.923e-01 |                                 |
|                                            |                                 | 8.029e-02 -3.923e-01 -3.789e-02 |                                 |
---------------------------------------------------------------------------------------------------------------------------------------------------
|                                            |                                 |                                 |-1.308e-02  4.932e-02  8.029e-02 |
|                                            |                                 |                                 | 4.932e-02 -1.403e-01 -3.923e-01 |
|                                            |                                 |                                 | 8.029e-02 -3.923e-01 -3.789e-02 |
---------------------------------------------------------------------------------------------------------------------------------------------------

Polarisation Y:
Real Part:
---------------------------------------------------------------------------------------------------------------------------------------------------
| 4.664e-02  6.324e-02  4.949e-02 -1.189e-01 |                                 |                                 |                                 |
| 6.324e-02  2.226e-01 -6.312e-02 -4.172e-02 |                                 |                                 |                                 |
| 4.949e-02 -6.312e-02  1.061e-01  4.599e-02 |                                 |                                 |                                 |
|-1.189e-01 -4.172e-02  4.599e-02  1.703e-01 |                                 |                                 |                                 |
---------------------------------------------------------------------------------------------------------------------------------------------------
|                                            | 9.767e-02 -1.409e-02  3.772e-03 |                                 |                                 |
|                                            |-1.409e-02  2.371e-01  6.735e-02 |                                 |                                 |
|                                            | 3.772e-03  6.735e-02  1.515e-01 |                                 |                                 |
---------------------------------------------------------------------------------------------------------------------------------------------------
|                                            |                                 | 9.767e-02 -1.409e-02  3.772e-03 |                                 |
|                                            |                                 |-1.409e-02  2.371e-01  6.735e-02 |                                 |
|                                            |                                 | 3.772e-03  6.735e-02  1.515e-01 |                                 |
---------------------------------------------------------------------------------------------------------------------------------------------------
|                                            |                                 |                                 | 9.767e-02 -1.409e-02  3.772e-03 |
|                                            |                                 |                                 |-1.409e-02  2.371e-01  6.735e-02 |
|                                            |                                 |                                 | 3.772e-03  6.735e-02  1.515e-01 |
---------------------------------------------------------------------------------------------------------------------------------------------------

Polarisation Z:
Real Part:
---------------------------------------------------------------------------------------------------------------------------------------------------
| 9.953e-02  4.511e-01  1.316e+00  1.341e-01 |                                 |                                 |                                 |
| 4.511e-01 -5.938e-01  1.535e-01  1.511e-02 |                                 |                                 |                                 |
| 1.316e+00  1.535e-01 -1.261e-01 -1.847e-02 |                                 |                                 |                                 |
| 1.341e-01  1.511e-02 -1.847e-02  1.695e-01 |                                 |                                 |                                 |
---------------------------------------------------------------------------------------------------------------------------------------------------
|                                            | 1.040e+00  3.027e-01  5.035e-02 |                                 |                                 |
|                                            | 3.027e-01 -6.974e-01 -1.208e-02 |                                 |                                 |
|                                            | 5.035e-02 -1.208e-02  1.224e-02 |                                 |                                 |
---------------------------------------------------------------------------------------------------------------------------------------------------
|                                            |                                 | 1.040e+00  3.027e-01  5.035e-02 |                                 |
|                                            |                                 | 3.027e-01 -6.974e-01 -1.208e-02 |                                 |
|                                            |                                 | 5.035e-02 -1.208e-02  1.224e-02 |                                 |
---------------------------------------------------------------------------------------------------------------------------------------------------
|                                            |                                 |                                 | 1.040e+00  3.027e-01  5.035e-02 |
|                                            |                                 |                                 | 3.027e-01 -6.974e-01 -1.208e-02 |
|                                            |                                 |                                 | 5.035e-02 -1.208e-02  1.224e-02 |
---------------------------------------------------------------------------------------------------------------------------------------------------


=> Overlap matrix:

Real Part:
---------------------------------------------------------------------------------------------------------------------------------------------------
| 9.433e-01  2.760e-02 -8.203e-03 -6.598e-03 |                                 |                                 |                                 |
| 5.515e-02 -9.007e-01  3.279e-01 -3.833e-03 |                                 |                                 |                                 |
|-1.328e-02  3.657e-01  8.852e-01  8.869e-02 |                                 |                                 |                                 |
| 1.457e-02 -3.576e-02 -1.150e-01  9.356e-01 |                                 |                                 |                                 |
---------------------------------------------------------------------------------------------------------------------------------------------------
|                                            | 9.437e-01  1.800e-01  3.730e-02 |                                 |                                 |
|                                            |-2.192e-01  9.322e-01 -2.834e-02 |                                 |                                 |
|                                            |-6.000e-02  1.095e-02  9.376e-01 |                                 |                                 |
---------------------------------------------------------------------------------------------------------------------------------------------------
|                                            |                                 | 9.437e-01  1.800e-01  3.730e-02 |                                 |
|                                            |                                 |-2.192e-01  9.322e-01 -2.834e-02 |                                 |
|                                            |                                 |-6.000e-02  1.095e-02  9.376e-01 |                                 |
---------------------------------------------------------------------------------------------------------------------------------------------------
|                                            |                                 |                                 | 9.437e-01  1.800e-01  3.730e-02 |
|                                            |                                 |                                 |-2.192e-01  9.322e-01 -2.834e-02 |
|                                            |                                 |                                 |-6.000e-02  1.095e-02  9.376e-01 |
---------------------------------------------------------------------------------------------------------------------------------------------------



==> Runtime:	0 Days	0 Hours	0 Minutes	18.879609 Seconds


===> Writing output to file QM.out in SHARC Format

