2026-07-22 14:19:49.857213 midway3-0561.rcc.local /project/lgagliardi/helenclifford/practice_rcc/sharc4/methaniminium/init_vertical/ICOND_00009
  ============================================================================
||                                                                            ||
||                         SHARC - MOLCAS - Interface                         ||
||                                                                            ||
||       Authors: Sascha Mausenberger, Lorenz Grünewald, Sebastian Mai        ||
||                                                                            ||
||                                Version: 4.0                                ||
||                              Date: 29.08.2023                              ||
||                                                                            ||
  ============================================================================
SAVEDIR set to ./SAVE/
Found env variable ncpu=1, resources["ncpu"] set to 1
Scratchdir set to /scratch/midway3/helenclifford/sharc_scratch/methaniminium/init_vertical/ICOND_00009
WARNING: 'no-douglas-kroll' not in template keywords: paddingstates, density_calculation_methods, tCI, basis, baslib, basis_per_element, basis_per_atom, nactel, ras1, ras2, ras3, inactive, roots, origin, origin_pos, isotope_elements, isotope_masses, method, functional, ipea, cort_or_dort, imaginary, frozen, gradaccudefault, gradaccumax, pcmset, pcmstate, iterations, cholesky_accu, rasscf_thrs
WARNING: 'cholesky' not in template keywords: paddingstates, density_calculation_methods, tCI, basis, baslib, basis_per_element, basis_per_atom, nactel, ras1, ras2, ras3, inactive, roots, origin, origin_pos, isotope_elements, isotope_masses, method, functional, ipea, cort_or_dort, imaginary, frozen, gradaccudefault, gradaccumax, pcmset, pcmstate, iterations, cholesky_accu, rasscf_thrs
paddingstates not specified setting default, [0, 0, 0]
Interface: 

Molecule: 
comment: Initial condition ICOND_00009/

natom: 6
elements: ['C', 'N', 'H', 'H', 'H', 'H']
unit: bohr
factor: 1.0
states: [4, 0, 3]
charge: [1, 1, 1]
nstates: 7
nmstates: 13
point_charges: False
npc: 0
Atomcharge: 17
frozcore: 2
Ubasis: [[      0.0       0.0]
 [      0.0       0.0]]
mol: None

Coords: 
coords: [[ 0.04680295 -0.04521034 -0.00201947]
 [ 0.01222901  0.03648007  2.560379]
 [ 1.508278  0.198019 -1.314688]
 [ 1.475252 -0.1865155  3.583552]
 [-1.779625 -0.08239394  3.471443]
 [-1.931094  0.1023352 -1.095904]]
pccoords: None
pccharge: None
veloc: None

Save: 
savedir: /project/lgagliardi/helenclifford/practice_rcc/sharc4/methaniminium/init_vertical/ICOND_00009/SAVE
step: 1
previous_step: None
init: False
newstep: True
samestep: False
always_guess: False
always_orb_init: False
restart: False

Requests: 
h: True
soc: True
dm: True
mdeqm: False
grad: None
nacdr: None
overlap: True
phases: False
ion: False
socdr: False
dmdr: False
multipolar_fit: None
theodore: False
cleanup: False
retain: 5
molden: False
savestuff: False
nooverlap: False
mol: False
density_matrices: None
dyson_orbitals: None

Maps: 
statemap: {1: [1, 1, 0.0], 2: [1, 2, 0.0], 3: [1, 3, 0.0], 4: [1, 4, 0.0], 5: [3, 1, -1.0], 6: [3, 2, -1.0], 7: [3, 3, -1.0], 8: [3, 1, 0.0], 9: [3, 2, 0.0], 10: [3, 3, 0.0], 11: [3, 1, 1.0], 12: [3, 2, 1.0], 13: [3, 3, 1.0]}
mults: None
gsmap: None
gradmap: None
nacmap: None
densmap: None
ionmap: None
chargemap: {1: 1, 2: 1, 3: 1}
multmap: {0: (0, 0, 0), 1: (0, 0, 1), 2: (0, 0, 2), 3: (0, 0, 3), 4: (2, 1.0, 0), 5: (2, 0.0, 0), 6: (2, -1.0, 0), 7: (2, 1.0, 1), 8: (2, 0.0, 1), 9: (2, -1.0, 1), 10: (2, 1.0, 2), 11: (2, 0.0, 2), 12: (2, -1.0, 2)}

Resources: 
pwd: /project/lgagliardi/helenclifford/practice_rcc/sharc4/methaniminium/init_vertical/ICOND_00009
cwd: /project/lgagliardi/helenclifford/practice_rcc/sharc4/methaniminium/init_vertical/ICOND_00009
scratchdir: /scratch/midway3/helenclifford/sharc_scratch/methaniminium/init_vertical/ICOND_00009
ncpu: 1
ngpu: None
memory: 2000
delay: 0.0
theodir: None
theodore_prop: []
theodore_fragment: []
wfoverlap: /home/helenclifford/project-lgagliardi/practice_rcc/sharc4/bin/wfoverlap.x
wfthres: 0.998
wfnumocc: None
resp_shells: []
resp_vdw_radii_symbol: {}
resp_vdw_radii: []
resp_betas: [0.0005, 0.0015, 0.003]
resp_layers: 4
resp_first_layer: 1.4
resp_density: 10.0
resp_fit_order: 2
resp_mk_radii: True
resp_grid: lebedev
resp_target: zero
resp_block_size: 5000
resp_nuke_ram: False
molcas: /project/lgagliardi/shared/Apps/OpenMolcas/builds/parallel
mpi_parallel: False
dry_run: False
driver: /project/lgagliardi/shared/Apps/OpenMolcas/builds/parallel/pymolcas

Template: 
paddingstates: [0, 0, 0]
density_calculation_methods: []
tCI: 1e-07
basis: 6-31g
baslib: None
basis_per_element: None
basis_per_atom: None
nactel: [7, 0, 0]
ras1: None
ras2: 4
ras3: None
inactive: 5
roots: [4, 0, 3]
origin: none
origin_pos: [0.0, 0.0, 0.0]
isotope_elements: []
isotope_masses: []
method: casscf
functional: t:pbe
ipea: 0.25
cort_or_dort: CORT
imaginary: 0.0
frozen: None
gradaccudefault: 0.0001
gradaccumax: 0.001
pcmset: None
pcmstate: None
iterations: [200, 100]
cholesky_accu: 0.0001
rasscf_thrs: [1e-08, 0.0001, 0.0001]

Scheduling: 

Control: 
jobid: None
workdir: None
master: False
gradonly: False
densonly: False
states_to_do: [4, 0, 3]
jobs: None
nslots_pool: []

Starting job execution
['gateway']
['seward']
['copy', '/project/lgagliardi/helenclifford/practice_rcc/sharc4/methaniminium/init_vertical/ICOND_00009/SAVE/MOLCAS.1.JobIph.0', 'JOBOLD']
['rasscf', 1, 4, True, False]
['copy', 'MOLCAS.rasscf.h5', 'MOLCAS.1.rasscf.h5']
['copy', 'MOLCAS.JobIph', 'MOLCAS.1.JobIph']
['copy', '/project/lgagliardi/helenclifford/practice_rcc/sharc4/methaniminium/init_vertical/ICOND_00009/SAVE/MOLCAS.3.JobIph.0', 'JOBOLD']
['rasscf', 3, 3, True, False]
['copy', 'MOLCAS.rasscf.h5', 'MOLCAS.3.rasscf.h5']
['copy', 'MOLCAS.JobIph', 'MOLCAS.3.JobIph']
['link', 'MOLCAS.1.JobIph', 'JOB001']
['rassi', 'dm', [4]]
['copy', 'MOLCAS.rassi.h5', 'MOLCAS.rassi.1.h5']
['link', 'MOLCAS.3.JobIph', 'JOB001']
['rassi', 'dm', [3]]
['copy', 'MOLCAS.rassi.h5', 'MOLCAS.rassi.3.h5']
['copy', '/project/lgagliardi/helenclifford/practice_rcc/sharc4/methaniminium/init_vertical/ICOND_00009/SAVE/MOLCAS.1.JobIph.0', 'JOB001']
['link', 'MOLCAS.1.JobIph', 'JOB002']
['rassi', 'overlap', [4, 4]]
['copy', 'MOLCAS.rassi.h5', 'MOLCAS.rassi.ovlp.1.h5']
['copy', '/project/lgagliardi/helenclifford/practice_rcc/sharc4/methaniminium/init_vertical/ICOND_00009/SAVE/MOLCAS.3.JobIph.0', 'JOB001']
['link', 'MOLCAS.3.JobIph', 'JOB002']
['rassi', 'overlap', [3, 3]]
['copy', 'MOLCAS.rassi.h5', 'MOLCAS.rassi.ovlp.3.h5']
['link', 'MOLCAS.1.JobIph', 'JOB001']
['link', 'MOLCAS.3.JobIph', 'JOB002']
['rassi', 'soc', [4, 3]]
All jobs finished:
job: master          code: 0    runtime: 0:00:18.279846

===> Results:

=> Hamiltonian Matrix:
Diagonal Shift:    -94.00
Real Part:
---------------------------------------------------------------------------------------------------------------------------------------------------
|-3.373e-01                                  | 2.407e-07  2.584e-06 -2.329e-06 |                                 | 2.407e-07  2.584e-06 -2.329e-06 |
|           -4.045e-02                       |-2.670e-07 -1.144e-06 -2.801e-05 |                                 |-2.670e-07 -1.144e-06 -2.801e-05 |
|                       9.207e-03            |-3.653e-07 -1.398e-06  1.583e-06 |                                 |-3.653e-07 -1.398e-06  1.583e-06 |
|                                  6.742e-02 | 3.990e-06  2.701e-05  4.159e-06 |                                 | 3.990e-06  2.701e-05  4.159e-06 |
---------------------------------------------------------------------------------------------------------------------------------------------------
| 2.407e-07 -2.670e-07 -3.653e-07  3.990e-06 |-1.734e-01                       |-2.459e-24  9.200e-08 -3.934e-06 |                                 |
| 2.584e-06 -1.144e-06 -1.398e-06  2.701e-05 |           -5.956e-02            |-9.200e-08 -2.495e-21 -2.848e-05 |                                 |
|-2.329e-06 -2.801e-05  1.583e-06  4.159e-06 |                       3.992e-02 | 3.934e-06  2.848e-05  2.914e-22 |                                 |
---------------------------------------------------------------------------------------------------------------------------------------------------
|                                            | 2.459e-24 -9.200e-08  3.934e-06 |-1.734e-01                       |-2.459e-24  9.200e-08 -3.934e-06 |
|                                            | 9.200e-08  2.495e-21  2.848e-05 |           -5.956e-02            |-9.200e-08 -2.495e-21 -2.848e-05 |
|                                            |-3.934e-06 -2.848e-05 -2.914e-22 |                       3.992e-02 | 3.934e-06  2.848e-05  2.914e-22 |
---------------------------------------------------------------------------------------------------------------------------------------------------
| 2.407e-07 -2.670e-07 -3.653e-07  3.990e-06 |                                 | 2.459e-24 -9.200e-08  3.934e-06 |-1.734e-01                       |
| 2.584e-06 -1.144e-06 -1.398e-06  2.701e-05 |                                 | 9.200e-08  2.495e-21  2.848e-05 |           -5.956e-02            |
|-2.329e-06 -2.801e-05  1.583e-06  4.159e-06 |                                 |-3.934e-06 -2.848e-05 -2.914e-22 |                       3.992e-02 |
---------------------------------------------------------------------------------------------------------------------------------------------------

Imaginary Part:
---------------------------------------------------------------------------------------------------------------------------------------------------
|                                            |-2.180e-06  7.723e-06  7.733e-05 | 3.762e-06  7.108e-05 -3.139e-05 | 2.180e-06 -7.723e-06 -7.733e-05 |
|                                            |-2.370e-07  1.149e-06  2.675e-06 |-1.928e-06  9.075e-07 -1.016e-06 | 2.370e-07 -1.149e-06 -2.675e-06 |
|                                            | 4.578e-06  4.198e-06  1.692e-05 |-4.855e-06  3.332e-06 -1.802e-05 |-4.578e-06 -4.198e-06 -1.692e-05 |
|                                            |-4.560e-05  1.992e-06  1.464e-06 | 4.745e-05 -1.372e-06 -1.344e-06 | 4.560e-05 -1.992e-06 -1.464e-06 |
---------------------------------------------------------------------------------------------------------------------------------------------------
| 2.180e-06  2.370e-07 -4.578e-06  4.560e-05 |            1.699e-06 -3.447e-05 |-1.934e-22 -2.820e-06 -4.723e-05 |                                 |
|-7.723e-06 -1.149e-06 -4.198e-06 -1.992e-06 |-1.699e-06             2.908e-06 | 2.820e-06 -1.900e-22  1.867e-06 |                                 |
|-7.733e-05 -2.675e-06 -1.692e-05 -1.464e-06 | 3.447e-05 -2.908e-06            | 4.723e-05 -1.867e-06 -1.794e-22 |                                 |
---------------------------------------------------------------------------------------------------------------------------------------------------
|-3.762e-06  1.928e-06  4.855e-06 -4.745e-05 |-1.934e-22 -2.820e-06 -4.723e-05 |                                 |-1.934e-22 -2.820e-06 -4.723e-05 |
|-7.108e-05 -9.075e-07 -3.332e-06  1.372e-06 | 2.820e-06 -1.900e-22  1.867e-06 |                                 | 2.820e-06 -1.900e-22  1.867e-06 |
| 3.139e-05  1.016e-06  1.802e-05  1.344e-06 | 4.723e-05 -1.867e-06 -1.794e-22 |                                 | 4.723e-05 -1.867e-06 -1.794e-22 |
---------------------------------------------------------------------------------------------------------------------------------------------------
|-2.180e-06 -2.370e-07  4.578e-06 -4.560e-05 |                                 |-1.934e-22 -2.820e-06 -4.723e-05 |           -1.699e-06  3.447e-05 |
| 7.723e-06  1.149e-06  4.198e-06  1.992e-06 |                                 | 2.820e-06 -1.900e-22  1.867e-06 | 1.699e-06            -2.908e-06 |
| 7.733e-05  2.675e-06  1.692e-05  1.464e-06 |                                 | 4.723e-05 -1.867e-06 -1.794e-22 |-3.447e-05  2.908e-06            |
---------------------------------------------------------------------------------------------------------------------------------------------------


=> Dipole Moment Matrices:

Polarisation X:
Real Part:
---------------------------------------------------------------------------------------------------------------------------------------------------
|-8.088e-02  5.355e-04 -1.852e-02 -1.368e-02 |                                 |                                 |                                 |
| 5.355e-04 -5.143e-01  7.757e-02 -2.124e-01 |                                 |                                 |                                 |
|-1.852e-02  7.757e-02 -9.538e-02  4.643e-02 |                                 |                                 |                                 |
|-1.368e-02 -2.124e-01  4.643e-02 -3.334e-01 |                                 |                                 |                                 |
---------------------------------------------------------------------------------------------------------------------------------------------------
|                                            |-7.775e-02  1.026e-02 -1.682e-02 |                                 |                                 |
|                                            | 1.026e-02 -5.655e-01 -2.535e-01 |                                 |                                 |
|                                            |-1.682e-02 -2.535e-01 -2.238e-01 |                                 |                                 |
---------------------------------------------------------------------------------------------------------------------------------------------------
|                                            |                                 |-7.775e-02  1.026e-02 -1.682e-02 |                                 |
|                                            |                                 | 1.026e-02 -5.655e-01 -2.535e-01 |                                 |
|                                            |                                 |-1.682e-02 -2.535e-01 -2.238e-01 |                                 |
---------------------------------------------------------------------------------------------------------------------------------------------------
|                                            |                                 |                                 |-7.775e-02  1.026e-02 -1.682e-02 |
|                                            |                                 |                                 | 1.026e-02 -5.655e-01 -2.535e-01 |
|                                            |                                 |                                 |-1.682e-02 -2.535e-01 -2.238e-01 |
---------------------------------------------------------------------------------------------------------------------------------------------------

Polarisation Y:
Real Part:
---------------------------------------------------------------------------------------------------------------------------------------------------
|-1.087e-01 -8.190e-02  1.830e-01 -3.282e-02 |                                 |                                 |                                 |
|-8.190e-02  2.902e-02 -1.677e-02  2.137e-02 |                                 |                                 |                                 |
| 1.830e-01 -1.677e-02 -1.327e-01  2.813e-02 |                                 |                                 |                                 |
|-3.282e-02  2.137e-02  2.813e-02 -5.986e-02 |                                 |                                 |                                 |
---------------------------------------------------------------------------------------------------------------------------------------------------
|                                            |-4.520e-03  2.835e-02  2.937e-02 |                                 |                                 |
|                                            | 2.835e-02  1.394e-02  5.746e-03 |                                 |                                 |
|                                            | 2.937e-02  5.746e-03 -7.803e-02 |                                 |                                 |
---------------------------------------------------------------------------------------------------------------------------------------------------
|                                            |                                 |-4.520e-03  2.835e-02  2.937e-02 |                                 |
|                                            |                                 | 2.835e-02  1.394e-02  5.746e-03 |                                 |
|                                            |                                 | 2.937e-02  5.746e-03 -7.803e-02 |                                 |
---------------------------------------------------------------------------------------------------------------------------------------------------
|                                            |                                 |                                 |-4.520e-03  2.835e-02  2.937e-02 |
|                                            |                                 |                                 | 2.835e-02  1.394e-02  5.746e-03 |
|                                            |                                 |                                 | 2.937e-02  5.746e-03 -7.803e-02 |
---------------------------------------------------------------------------------------------------------------------------------------------------

Polarisation Z:
Real Part:
---------------------------------------------------------------------------------------------------------------------------------------------------
| 1.422e-01  1.738e-01  1.417e+00  1.186e-01 |                                 |                                 |                                 |
| 1.738e-01 -6.640e-01  5.108e-02 -1.554e-01 |                                 |                                 |                                 |
| 1.417e+00  5.108e-02 -3.011e-01 -5.319e-02 |                                 |                                 |                                 |
| 1.186e-01 -1.554e-01 -5.319e-02  4.553e-01 |                                 |                                 |                                 |
---------------------------------------------------------------------------------------------------------------------------------------------------
|                                            | 1.073e+00 -7.741e-02  2.001e-02 |                                 |                                 |
|                                            |-7.741e-02 -7.616e-01 -1.288e-01 |                                 |                                 |
|                                            | 2.001e-02 -1.288e-01  2.672e-01 |                                 |                                 |
---------------------------------------------------------------------------------------------------------------------------------------------------
|                                            |                                 | 1.073e+00 -7.741e-02  2.001e-02 |                                 |
|                                            |                                 |-7.741e-02 -7.616e-01 -1.288e-01 |                                 |
|                                            |                                 | 2.001e-02 -1.288e-01  2.672e-01 |                                 |
---------------------------------------------------------------------------------------------------------------------------------------------------
|                                            |                                 |                                 | 1.073e+00 -7.741e-02  2.001e-02 |
|                                            |                                 |                                 |-7.741e-02 -7.616e-01 -1.288e-01 |
|                                            |                                 |                                 | 2.001e-02 -1.288e-01  2.672e-01 |
---------------------------------------------------------------------------------------------------------------------------------------------------


=> Overlap matrix:

Real Part:
---------------------------------------------------------------------------------------------------------------------------------------------------
| 9.250e-01  6.074e-03 -5.618e-03 -2.176e-02 |                                 |                                 |                                 |
|-2.009e-02  9.396e-01 -1.081e-01 -7.331e-02 |                                 |                                 |                                 |
| 1.483e-03  1.258e-01  9.596e-01  7.556e-02 |                                 |                                 |                                 |
| 4.646e-02  7.914e-02 -6.509e-02  8.295e-01 |                                 |                                 |                                 |
---------------------------------------------------------------------------------------------------------------------------------------------------
|                                            | 9.535e-01 -4.472e-02  2.610e-05 |                                 |                                 |
|                                            | 6.036e-02  9.363e-01 -1.197e-01 |                                 |                                 |
|                                            | 7.352e-03  1.321e-01  8.677e-01 |                                 |                                 |
---------------------------------------------------------------------------------------------------------------------------------------------------
|                                            |                                 | 9.535e-01 -4.472e-02  2.610e-05 |                                 |
|                                            |                                 | 6.036e-02  9.363e-01 -1.197e-01 |                                 |
|                                            |                                 | 7.352e-03  1.321e-01  8.677e-01 |                                 |
---------------------------------------------------------------------------------------------------------------------------------------------------
|                                            |                                 |                                 | 9.535e-01 -4.472e-02  2.610e-05 |
|                                            |                                 |                                 | 6.036e-02  9.363e-01 -1.197e-01 |
|                                            |                                 |                                 | 7.352e-03  1.321e-01  8.677e-01 |
---------------------------------------------------------------------------------------------------------------------------------------------------



==> Runtime:	0 Days	0 Hours	0 Minutes	18.499736 Seconds


===> Writing output to file QM.out in SHARC Format

