2026-07-22 14:15:30.627142 midway3-0561.rcc.local /project/lgagliardi/helenclifford/practice_rcc/sharc4/methaniminium/init_vertical/ICOND_00000
  ============================================================================
||                                                                            ||
||                         SHARC - MOLCAS - Interface                         ||
||                                                                            ||
||       Authors: Sascha Mausenberger, Lorenz Grünewald, Sebastian Mai        ||
||                                                                            ||
||                                Version: 4.0                                ||
||                              Date: 29.08.2023                              ||
||                                                                            ||
  ============================================================================
SAVEDIR set to ./SAVE/
Scratchdir set to /scratch/midway3/helenclifford/sharc_scratch/methaniminium/init_vertical/ICOND_00000
WARNING: 'no-douglas-kroll' not in template keywords: paddingstates, density_calculation_methods, tCI, basis, baslib, basis_per_element, basis_per_atom, nactel, ras1, ras2, ras3, inactive, roots, origin, origin_pos, isotope_elements, isotope_masses, method, functional, ipea, cort_or_dort, imaginary, frozen, gradaccudefault, gradaccumax, pcmset, pcmstate, iterations, cholesky_accu, rasscf_thrs
WARNING: 'cholesky' not in template keywords: paddingstates, density_calculation_methods, tCI, basis, baslib, basis_per_element, basis_per_atom, nactel, ras1, ras2, ras3, inactive, roots, origin, origin_pos, isotope_elements, isotope_masses, method, functional, ipea, cort_or_dort, imaginary, frozen, gradaccudefault, gradaccumax, pcmset, pcmstate, iterations, cholesky_accu, rasscf_thrs
paddingstates not specified setting default, [0, 0, 0]
Interface: 

Molecule: 
comment: Initial condition ICOND_00000/

natom: 6
elements: ['C', 'N', 'H', 'H', 'H', 'H']
unit: bohr
factor: 1.0
states: [4, 0, 3]
charge: [1, 1, 1]
nstates: 7
nmstates: 13
point_charges: False
npc: 0
Atomcharge: 17
frozcore: 2
Ubasis: [[      0.0       0.0]
 [      0.0       0.0]]
mol: None

Coords: 
coords: [[      0.0      -0.0  0.05937186]
 [      0.0      -0.0    2.4779]
 [ 1.751268  -4.1e-06 -0.9551625]
 [ 1.609345  4.46e-06  3.484876]
 [-1.609345 -4.46e-06  3.484876]
 [-1.751268   4.1e-06 -0.9551625]]
pccoords: None
pccharge: None
veloc: None

Save: 
savedir: /project/lgagliardi/helenclifford/practice_rcc/sharc4/methaniminium/init_vertical/ICOND_00000/SAVE
step: 0
previous_step: None
init: True
newstep: False
samestep: False
always_guess: False
always_orb_init: False
restart: False

Requests: 
h: True
soc: True
dm: True
mdeqm: False
grad: None
nacdr: None
overlap: False
phases: False
ion: False
socdr: False
dmdr: False
multipolar_fit: None
theodore: False
cleanup: False
retain: 5
molden: False
savestuff: False
nooverlap: False
mol: False
density_matrices: None
dyson_orbitals: None

Maps: 
statemap: {1: [1, 1, 0.0], 2: [1, 2, 0.0], 3: [1, 3, 0.0], 4: [1, 4, 0.0], 5: [3, 1, -1.0], 6: [3, 2, -1.0], 7: [3, 3, -1.0], 8: [3, 1, 0.0], 9: [3, 2, 0.0], 10: [3, 3, 0.0], 11: [3, 1, 1.0], 12: [3, 2, 1.0], 13: [3, 3, 1.0]}
mults: None
gsmap: None
gradmap: None
nacmap: None
densmap: None
ionmap: None
chargemap: {1: 1, 2: 1, 3: 1}
multmap: {0: (0, 0, 0), 1: (0, 0, 1), 2: (0, 0, 2), 3: (0, 0, 3), 4: (2, 1.0, 0), 5: (2, 0.0, 0), 6: (2, -1.0, 0), 7: (2, 1.0, 1), 8: (2, 0.0, 1), 9: (2, -1.0, 1), 10: (2, 1.0, 2), 11: (2, 0.0, 2), 12: (2, -1.0, 2)}

Resources: 
pwd: /project/lgagliardi/helenclifford/practice_rcc/sharc4/methaniminium/init_vertical/ICOND_00000
cwd: /project/lgagliardi/helenclifford/practice_rcc/sharc4/methaniminium/init_vertical/ICOND_00000
scratchdir: /scratch/midway3/helenclifford/sharc_scratch/methaniminium/init_vertical/ICOND_00000
ncpu: 1
ngpu: None
memory: 2000
delay: 0.0
theodir: None
theodore_prop: []
theodore_fragment: []
wfoverlap: /project/lgagliardi/helenclifford/practice_rcc/sharc4/bin/wfoverlap.x
wfthres: 0.998
wfnumocc: None
resp_shells: []
resp_vdw_radii_symbol: {}
resp_vdw_radii: []
resp_betas: [0.0005, 0.0015, 0.003]
resp_layers: 4
resp_first_layer: 1.4
resp_density: 10.0
resp_fit_order: 2
resp_mk_radii: True
resp_grid: lebedev
resp_target: zero
resp_block_size: 5000
resp_nuke_ram: False
molcas: /project/lgagliardi/shared/Apps/OpenMolcas/builds/parallel
mpi_parallel: False
dry_run: False
driver: /project/lgagliardi/shared/Apps/OpenMolcas/builds/parallel/pymolcas

Template: 
paddingstates: [0, 0, 0]
density_calculation_methods: []
tCI: 1e-07
basis: 6-31g
baslib: None
basis_per_element: None
basis_per_atom: None
nactel: [7, 0, 0]
ras1: None
ras2: 4
ras3: None
inactive: 5
roots: [4, 0, 3]
origin: none
origin_pos: [0.0, 0.0, 0.0]
isotope_elements: []
isotope_masses: []
method: casscf
functional: t:pbe
ipea: 0.25
cort_or_dort: CORT
imaginary: 0.0
frozen: None
gradaccudefault: 0.0001
gradaccumax: 0.001
pcmset: None
pcmstate: None
iterations: [200, 100]
cholesky_accu: 0.0001
rasscf_thrs: [1e-08, 0.0001, 0.0001]

Scheduling: 

Control: 
jobid: None
workdir: None
master: False
gradonly: False
densonly: False
states_to_do: [4, 0, 3]
jobs: None
nslots_pool: []

Starting job execution
['gateway']
['seward']
['copy', '/project/lgagliardi/helenclifford/practice_rcc/sharc4/methaniminium/init_vertical/ICOND_00000/MOLCAS.1.RasOrb.init', 'INPORB']
['rasscf', 1, 4, False, True]
['copy', 'MOLCAS.rasscf.h5', 'MOLCAS.1.rasscf.h5']
['copy', 'MOLCAS.JobIph', 'MOLCAS.1.JobIph']
['copy', '/project/lgagliardi/helenclifford/practice_rcc/sharc4/methaniminium/init_vertical/ICOND_00000/MOLCAS.3.RasOrb.init', 'INPORB']
['rasscf', 3, 3, False, True]
['copy', 'MOLCAS.rasscf.h5', 'MOLCAS.3.rasscf.h5']
['copy', 'MOLCAS.JobIph', 'MOLCAS.3.JobIph']
['link', 'MOLCAS.1.JobIph', 'JOB001']
['rassi', 'dm', [4]]
['copy', 'MOLCAS.rassi.h5', 'MOLCAS.rassi.1.h5']
['link', 'MOLCAS.3.JobIph', 'JOB001']
['rassi', 'dm', [3]]
['copy', 'MOLCAS.rassi.h5', 'MOLCAS.rassi.3.h5']
['link', 'MOLCAS.1.JobIph', 'JOB001']
['link', 'MOLCAS.3.JobIph', 'JOB002']
['rassi', 'soc', [4, 3]]
All jobs finished:
job: master          code: 0    runtime: 0:00:10.821289

===> Results:

=> Hamiltonian Matrix:
Diagonal Shift:    -94.00
Real Part:
---------------------------------------------------------------------------------------------------------------------------------------------------
|-3.704e-01                                  | 1.215e-18  2.890e-17  5.735e-11 |                                 | 1.215e-18  2.890e-17  5.735e-11 |
|           -2.580e-02                       |-2.362e-19 -9.230e-15 -3.234e-05 |                                 |-2.362e-19 -9.230e-15 -3.234e-05 |
|                       2.236e-02            |-2.047e-18 -3.481e-17 -1.617e-10 |                                 |-2.047e-18 -3.481e-17 -1.617e-10 |
|                                  7.287e-02 |-2.751e-10  3.430e-05  5.526e-14 |                                 |-2.751e-10  3.430e-05  5.526e-14 |
---------------------------------------------------------------------------------------------------------------------------------------------------
| 1.215e-18 -2.362e-19 -2.047e-18 -2.751e-10 |-1.680e-01                       |-4.230e-32  4.466e-17  2.687e-10 |                                 |
| 2.890e-17 -9.230e-15 -3.481e-17  3.430e-05 |           -4.853e-02            |-4.466e-17 -1.722e-21 -3.368e-05 |                                 |
| 5.735e-11 -3.234e-05 -1.617e-10  5.526e-14 |                       3.839e-02 |-2.687e-10  3.368e-05  3.737e-22 |                                 |
---------------------------------------------------------------------------------------------------------------------------------------------------
|                                            | 4.230e-32 -4.466e-17 -2.687e-10 |-1.680e-01                       |-4.230e-32  4.466e-17  2.687e-10 |
|                                            | 4.466e-17  1.722e-21  3.368e-05 |           -4.853e-02            |-4.466e-17 -1.722e-21 -3.368e-05 |
|                                            | 2.687e-10 -3.368e-05 -3.737e-22 |                       3.839e-02 |-2.687e-10  3.368e-05  3.737e-22 |
---------------------------------------------------------------------------------------------------------------------------------------------------
| 1.215e-18 -2.362e-19 -2.047e-18 -2.751e-10 |                                 | 4.230e-32 -4.466e-17 -2.687e-10 |-1.680e-01                       |
| 2.890e-17 -9.230e-15 -3.481e-17  3.430e-05 |                                 | 4.466e-17  1.722e-21  3.368e-05 |           -4.853e-02            |
| 5.735e-11 -3.234e-05 -1.617e-10  5.526e-14 |                                 | 2.687e-10 -3.368e-05 -3.737e-22 |                       3.839e-02 |
---------------------------------------------------------------------------------------------------------------------------------------------------

Imaginary Part:
---------------------------------------------------------------------------------------------------------------------------------------------------
|                                            |-1.682e-16 -1.417e-14  8.210e-05 |-2.893e-10  8.082e-05  1.459e-14 | 1.682e-16  1.417e-14 -8.210e-05 |
|                                            | 4.166e-14  5.335e-17 -2.057e-10 |-5.475e-06 -1.215e-10  9.876e-17 |-4.166e-14 -5.335e-17  2.057e-10 |
|                                            | 7.543e-18 -8.101e-16  2.093e-05 | 1.414e-10  9.376e-06  3.160e-15 |-7.543e-18  8.101e-16 -2.093e-05 |
|                                            |-4.726e-05 -1.659e-10  2.846e-16 | 1.710e-13  9.359e-17  4.610e-12 | 4.726e-05  1.659e-10 -2.846e-16 |
---------------------------------------------------------------------------------------------------------------------------------------------------
| 1.682e-16 -4.166e-14 -7.543e-18  4.726e-05 |            9.521e-06 -1.410e-14 | 1.037e-26  1.721e-14 -4.194e-05 |                                 |
| 1.417e-14 -5.335e-17  8.101e-16  1.659e-10 |-9.521e-06            -2.965e-17 |-1.721e-14 -2.170e-26 -1.549e-10 |                                 |
|-8.210e-05  2.057e-10 -2.093e-05 -2.846e-16 | 1.410e-14  2.965e-17            | 4.194e-05  1.549e-10  1.420e-26 |                                 |
---------------------------------------------------------------------------------------------------------------------------------------------------
| 2.893e-10  5.475e-06 -1.414e-10 -1.710e-13 | 1.037e-26  1.721e-14 -4.194e-05 |                                 | 1.037e-26  1.721e-14 -4.194e-05 |
|-8.082e-05  1.215e-10 -9.376e-06 -9.359e-17 |-1.721e-14 -2.170e-26 -1.549e-10 |                                 |-1.721e-14 -2.170e-26 -1.549e-10 |
|-1.459e-14 -9.876e-17 -3.160e-15 -4.610e-12 | 4.194e-05  1.549e-10  1.420e-26 |                                 | 4.194e-05  1.549e-10  1.420e-26 |
---------------------------------------------------------------------------------------------------------------------------------------------------
|-1.682e-16  4.166e-14  7.543e-18 -4.726e-05 |                                 | 1.037e-26  1.721e-14 -4.194e-05 |           -9.521e-06  1.410e-14 |
|-1.417e-14  5.335e-17 -8.101e-16 -1.659e-10 |                                 |-1.721e-14 -2.170e-26 -1.549e-10 | 9.521e-06             2.965e-17 |
| 8.210e-05 -2.057e-10  2.093e-05  2.846e-16 |                                 | 4.194e-05  1.549e-10  1.420e-26 |-1.410e-14 -2.965e-17            |
---------------------------------------------------------------------------------------------------------------------------------------------------


=> Dipole Moment Matrices:

Polarisation X:
Real Part:
---------------------------------------------------------------------------------------------------------------------------------------------------
| 1.575e-10  1.063e-12  1.171e-12  1.316e-06 |                                 |                                 |                                 |
| 1.063e-12  2.222e-10  3.184e-13 -3.494e-01 |                                 |                                 |                                 |
| 1.171e-12  3.184e-13  1.555e-10 -4.185e-06 |                                 |                                 |                                 |
| 1.316e-06 -3.494e-01 -4.185e-06 -1.084e-09 |                                 |                                 |                                 |
---------------------------------------------------------------------------------------------------------------------------------------------------
|                                            |-4.023e-10 -1.973e-13  2.024e-06 |                                 |                                 |
|                                            |-1.973e-13 -3.084e-11 -4.504e-01 |                                 |                                 |
|                                            | 2.024e-06 -4.504e-01 -5.561e-10 |                                 |                                 |
---------------------------------------------------------------------------------------------------------------------------------------------------
|                                            |                                 |-4.023e-10 -1.973e-13  2.024e-06 |                                 |
|                                            |                                 |-1.973e-13 -3.084e-11 -4.504e-01 |                                 |
|                                            |                                 | 2.024e-06 -4.504e-01 -5.561e-10 |                                 |
---------------------------------------------------------------------------------------------------------------------------------------------------
|                                            |                                 |                                 |-4.023e-10 -1.973e-13  2.024e-06 |
|                                            |                                 |                                 |-1.973e-13 -3.084e-11 -4.504e-01 |
|                                            |                                 |                                 | 2.024e-06 -4.504e-01 -5.561e-10 |
---------------------------------------------------------------------------------------------------------------------------------------------------

Polarisation Y:
Real Part:
---------------------------------------------------------------------------------------------------------------------------------------------------
| 6.872e-12 -1.823e-11  4.166e-13 -1.604e-01 |                                 |                                 |                                 |
|-1.823e-11  6.260e-12 -8.966e-11  2.318e-07 |                                 |                                 |                                 |
| 4.166e-13 -8.966e-11  5.648e-12  9.158e-02 |                                 |                                 |                                 |
|-1.604e-01  2.318e-07  9.158e-02  6.621e-12 |                                 |                                 |                                 |
---------------------------------------------------------------------------------------------------------------------------------------------------
|                                            | 1.014e-11 -3.805e-11  6.939e-02 |                                 |                                 |
|                                            |-3.805e-11  9.241e-12  1.733e-06 |                                 |                                 |
|                                            | 6.939e-02  1.733e-06  8.846e-12 |                                 |                                 |
---------------------------------------------------------------------------------------------------------------------------------------------------
|                                            |                                 | 1.014e-11 -3.805e-11  6.939e-02 |                                 |
|                                            |                                 |-3.805e-11  9.241e-12  1.733e-06 |                                 |
|                                            |                                 | 6.939e-02  1.733e-06  8.846e-12 |                                 |
---------------------------------------------------------------------------------------------------------------------------------------------------
|                                            |                                 |                                 | 1.014e-11 -3.805e-11  6.939e-02 |
|                                            |                                 |                                 |-3.805e-11  9.241e-12  1.733e-06 |
|                                            |                                 |                                 | 6.939e-02  1.733e-06  8.846e-12 |
---------------------------------------------------------------------------------------------------------------------------------------------------

Polarisation Z:
Real Part:
---------------------------------------------------------------------------------------------------------------------------------------------------
| 2.408e-01 -1.241e-05  1.401e+00  3.930e-12 |                                 |                                 |                                 |
|-1.241e-05 -3.892e-01 -2.549e-06 -8.348e-10 |                                 |                                 |                                 |
| 1.401e+00 -2.549e-06 -8.294e-02 -9.515e-13 |                                 |                                 |                                 |
| 3.930e-12 -8.348e-10 -9.515e-13  1.764e-01 |                                 |                                 |                                 |
---------------------------------------------------------------------------------------------------------------------------------------------------
|                                            | 1.152e+00  5.988e-06  3.733e-13 |                                 |                                 |
|                                            | 5.988e-06 -4.325e-01 -1.720e-11 |                                 |                                 |
|                                            | 3.733e-13 -1.720e-11 -3.737e-02 |                                 |                                 |
---------------------------------------------------------------------------------------------------------------------------------------------------
|                                            |                                 | 1.152e+00  5.988e-06  3.733e-13 |                                 |
|                                            |                                 | 5.988e-06 -4.325e-01 -1.720e-11 |                                 |
|                                            |                                 | 3.733e-13 -1.720e-11 -3.737e-02 |                                 |
---------------------------------------------------------------------------------------------------------------------------------------------------
|                                            |                                 |                                 | 1.152e+00  5.988e-06  3.733e-13 |
|                                            |                                 |                                 | 5.988e-06 -4.325e-01 -1.720e-11 |
|                                            |                                 |                                 | 3.733e-13 -1.720e-11 -3.737e-02 |
---------------------------------------------------------------------------------------------------------------------------------------------------



==> Runtime:	0 Days	0 Hours	0 Minutes	11.826698 Seconds


===> Writing output to file QM.out in SHARC Format

