2026-07-22 14:19:49.857345 midway3-0561.rcc.local /project/lgagliardi/helenclifford/practice_rcc/sharc4/methaniminium/init_vertical/ICOND_00002
  ============================================================================
||                                                                            ||
||                         SHARC - MOLCAS - Interface                         ||
||                                                                            ||
||       Authors: Sascha Mausenberger, Lorenz Grünewald, Sebastian Mai        ||
||                                                                            ||
||                                Version: 4.0                                ||
||                              Date: 29.08.2023                              ||
||                                                                            ||
  ============================================================================
SAVEDIR set to ./SAVE/
Found env variable ncpu=1, resources["ncpu"] set to 1
Scratchdir set to /scratch/midway3/helenclifford/sharc_scratch/methaniminium/init_vertical/ICOND_00002
WARNING: 'no-douglas-kroll' not in template keywords: paddingstates, density_calculation_methods, tCI, basis, baslib, basis_per_element, basis_per_atom, nactel, ras1, ras2, ras3, inactive, roots, origin, origin_pos, isotope_elements, isotope_masses, method, functional, ipea, cort_or_dort, imaginary, frozen, gradaccudefault, gradaccumax, pcmset, pcmstate, iterations, cholesky_accu, rasscf_thrs
WARNING: 'cholesky' not in template keywords: paddingstates, density_calculation_methods, tCI, basis, baslib, basis_per_element, basis_per_atom, nactel, ras1, ras2, ras3, inactive, roots, origin, origin_pos, isotope_elements, isotope_masses, method, functional, ipea, cort_or_dort, imaginary, frozen, gradaccudefault, gradaccumax, pcmset, pcmstate, iterations, cholesky_accu, rasscf_thrs
paddingstates not specified setting default, [0, 0, 0]
Interface: 

Molecule: 
comment: Initial condition ICOND_00002/

natom: 6
elements: ['C', 'N', 'H', 'H', 'H', 'H']
unit: bohr
factor: 1.0
states: [4, 0, 3]
charge: [1, 1, 1]
nstates: 7
nmstates: 13
point_charges: False
npc: 0
Atomcharge: 17
frozcore: 2
Ubasis: [[      0.0       0.0]
 [      0.0       0.0]]
mol: None

Coords: 
coords: [[-0.01538096  0.00050439  0.05889703]
 [ 0.02222942 -0.00308813  2.489195]
 [ 1.614329 -0.07259754 -1.252402]
 [ 1.343158  0.09767548  3.648117]
 [-1.592513 -0.06587093  3.449311]
 [-1.490699  0.07769486 -0.9368895]]
pccoords: None
pccharge: None
veloc: None

Save: 
savedir: /project/lgagliardi/helenclifford/practice_rcc/sharc4/methaniminium/init_vertical/ICOND_00002/SAVE
step: 1
previous_step: None
init: False
newstep: True
samestep: False
always_guess: False
always_orb_init: False
restart: False

Requests: 
h: True
soc: True
dm: True
mdeqm: False
grad: None
nacdr: None
overlap: True
phases: False
ion: False
socdr: False
dmdr: False
multipolar_fit: None
theodore: False
cleanup: False
retain: 5
molden: False
savestuff: False
nooverlap: False
mol: False
density_matrices: None
dyson_orbitals: None

Maps: 
statemap: {1: [1, 1, 0.0], 2: [1, 2, 0.0], 3: [1, 3, 0.0], 4: [1, 4, 0.0], 5: [3, 1, -1.0], 6: [3, 2, -1.0], 7: [3, 3, -1.0], 8: [3, 1, 0.0], 9: [3, 2, 0.0], 10: [3, 3, 0.0], 11: [3, 1, 1.0], 12: [3, 2, 1.0], 13: [3, 3, 1.0]}
mults: None
gsmap: None
gradmap: None
nacmap: None
densmap: None
ionmap: None
chargemap: {1: 1, 2: 1, 3: 1}
multmap: {0: (0, 0, 0), 1: (0, 0, 1), 2: (0, 0, 2), 3: (0, 0, 3), 4: (2, 1.0, 0), 5: (2, 0.0, 0), 6: (2, -1.0, 0), 7: (2, 1.0, 1), 8: (2, 0.0, 1), 9: (2, -1.0, 1), 10: (2, 1.0, 2), 11: (2, 0.0, 2), 12: (2, -1.0, 2)}

Resources: 
pwd: /project/lgagliardi/helenclifford/practice_rcc/sharc4/methaniminium/init_vertical/ICOND_00002
cwd: /project/lgagliardi/helenclifford/practice_rcc/sharc4/methaniminium/init_vertical/ICOND_00002
scratchdir: /scratch/midway3/helenclifford/sharc_scratch/methaniminium/init_vertical/ICOND_00002
ncpu: 1
ngpu: None
memory: 2000
delay: 0.0
theodir: None
theodore_prop: []
theodore_fragment: []
wfoverlap: /home/helenclifford/project-lgagliardi/practice_rcc/sharc4/bin/wfoverlap.x
wfthres: 0.998
wfnumocc: None
resp_shells: []
resp_vdw_radii_symbol: {}
resp_vdw_radii: []
resp_betas: [0.0005, 0.0015, 0.003]
resp_layers: 4
resp_first_layer: 1.4
resp_density: 10.0
resp_fit_order: 2
resp_mk_radii: True
resp_grid: lebedev
resp_target: zero
resp_block_size: 5000
resp_nuke_ram: False
molcas: /project/lgagliardi/shared/Apps/OpenMolcas/builds/parallel
mpi_parallel: False
dry_run: False
driver: /project/lgagliardi/shared/Apps/OpenMolcas/builds/parallel/pymolcas

Template: 
paddingstates: [0, 0, 0]
density_calculation_methods: []
tCI: 1e-07
basis: 6-31g
baslib: None
basis_per_element: None
basis_per_atom: None
nactel: [7, 0, 0]
ras1: None
ras2: 4
ras3: None
inactive: 5
roots: [4, 0, 3]
origin: none
origin_pos: [0.0, 0.0, 0.0]
isotope_elements: []
isotope_masses: []
method: casscf
functional: t:pbe
ipea: 0.25
cort_or_dort: CORT
imaginary: 0.0
frozen: None
gradaccudefault: 0.0001
gradaccumax: 0.001
pcmset: None
pcmstate: None
iterations: [200, 100]
cholesky_accu: 0.0001
rasscf_thrs: [1e-08, 0.0001, 0.0001]

Scheduling: 

Control: 
jobid: None
workdir: None
master: False
gradonly: False
densonly: False
states_to_do: [4, 0, 3]
jobs: None
nslots_pool: []

Starting job execution
['gateway']
['seward']
['copy', '/project/lgagliardi/helenclifford/practice_rcc/sharc4/methaniminium/init_vertical/ICOND_00002/SAVE/MOLCAS.1.JobIph.0', 'JOBOLD']
['rasscf', 1, 4, True, False]
['copy', 'MOLCAS.rasscf.h5', 'MOLCAS.1.rasscf.h5']
['copy', 'MOLCAS.JobIph', 'MOLCAS.1.JobIph']
['copy', '/project/lgagliardi/helenclifford/practice_rcc/sharc4/methaniminium/init_vertical/ICOND_00002/SAVE/MOLCAS.3.JobIph.0', 'JOBOLD']
['rasscf', 3, 3, True, False]
['copy', 'MOLCAS.rasscf.h5', 'MOLCAS.3.rasscf.h5']
['copy', 'MOLCAS.JobIph', 'MOLCAS.3.JobIph']
['link', 'MOLCAS.1.JobIph', 'JOB001']
['rassi', 'dm', [4]]
['copy', 'MOLCAS.rassi.h5', 'MOLCAS.rassi.1.h5']
['link', 'MOLCAS.3.JobIph', 'JOB001']
['rassi', 'dm', [3]]
['copy', 'MOLCAS.rassi.h5', 'MOLCAS.rassi.3.h5']
['copy', '/project/lgagliardi/helenclifford/practice_rcc/sharc4/methaniminium/init_vertical/ICOND_00002/SAVE/MOLCAS.1.JobIph.0', 'JOB001']
['link', 'MOLCAS.1.JobIph', 'JOB002']
['rassi', 'overlap', [4, 4]]
['copy', 'MOLCAS.rassi.h5', 'MOLCAS.rassi.ovlp.1.h5']
['copy', '/project/lgagliardi/helenclifford/practice_rcc/sharc4/methaniminium/init_vertical/ICOND_00002/SAVE/MOLCAS.3.JobIph.0', 'JOB001']
['link', 'MOLCAS.3.JobIph', 'JOB002']
['rassi', 'overlap', [3, 3]]
['copy', 'MOLCAS.rassi.h5', 'MOLCAS.rassi.ovlp.3.h5']
['link', 'MOLCAS.1.JobIph', 'JOB001']
['link', 'MOLCAS.3.JobIph', 'JOB002']
['rassi', 'soc', [4, 3]]
All jobs finished:
job: master          code: 0    runtime: 0:00:13.788958

===> Results:

=> Hamiltonian Matrix:
Diagonal Shift:    -94.00
Real Part:
---------------------------------------------------------------------------------------------------------------------------------------------------
|-3.381e-01                                  | 5.185e-08 -4.805e-07  1.247e-06 |                                 | 5.185e-08 -4.805e-07  1.247e-06 |
|           -2.020e-02                       | 8.128e-07  1.961e-06 -2.989e-05 |                                 | 8.128e-07  1.961e-06 -2.989e-05 |
|                       5.033e-02            | 8.095e-08 -5.680e-07  3.772e-08 |                                 | 8.095e-08 -5.680e-07  3.772e-08 |
|                                  1.250e-01 |-1.859e-06  4.113e-06  2.201e-05 |                                 |-1.859e-06  4.113e-06  2.201e-05 |
---------------------------------------------------------------------------------------------------------------------------------------------------
| 5.185e-08  8.128e-07  8.095e-08 -1.859e-06 |-1.432e-01                       |-2.101e-23 -1.060e-06  4.884e-06 |                                 |
|-4.805e-07  1.961e-06 -5.680e-07  4.113e-06 |           -3.118e-02            | 1.060e-06  3.824e-23 -2.591e-05 |                                 |
| 1.247e-06 -2.989e-05  3.772e-08  2.201e-05 |                       1.052e-01 |-4.884e-06  2.591e-05 -3.393e-21 |                                 |
---------------------------------------------------------------------------------------------------------------------------------------------------
|                                            | 2.101e-23  1.060e-06 -4.884e-06 |-1.432e-01                       |-2.101e-23 -1.060e-06  4.884e-06 |
|                                            |-1.060e-06 -3.824e-23  2.591e-05 |           -3.118e-02            | 1.060e-06  3.824e-23 -2.591e-05 |
|                                            | 4.884e-06 -2.591e-05  3.393e-21 |                       1.052e-01 |-4.884e-06  2.591e-05 -3.393e-21 |
---------------------------------------------------------------------------------------------------------------------------------------------------
| 5.185e-08  8.128e-07  8.095e-08 -1.859e-06 |                                 | 2.101e-23  1.060e-06 -4.884e-06 |-1.432e-01                       |
|-4.805e-07  1.961e-06 -5.680e-07  4.113e-06 |                                 |-1.060e-06 -3.824e-23  2.591e-05 |           -3.118e-02            |
| 1.247e-06 -2.989e-05  3.772e-08  2.201e-05 |                                 | 4.884e-06 -2.591e-05  3.393e-21 |                       1.052e-01 |
---------------------------------------------------------------------------------------------------------------------------------------------------

Imaginary Part:
---------------------------------------------------------------------------------------------------------------------------------------------------
|                                            | 5.569e-07 -1.432e-05  7.197e-05 |-6.924e-06  8.136e-05 -2.097e-05 |-5.569e-07  1.432e-05 -7.197e-05 |
|                                            | 5.632e-06  3.249e-07 -2.100e-06 |-2.059e-05 -2.674e-06  3.083e-06 |-5.632e-06 -3.249e-07  2.100e-06 |
|                                            | 3.841e-07 -5.982e-07  1.594e-05 | 4.395e-06  9.603e-06 -2.316e-05 |-3.841e-07  5.982e-07 -1.594e-05 |
|                                            |-1.747e-05 -1.359e-06 -2.258e-06 | 9.981e-05  5.219e-06  1.810e-06 | 1.747e-05  1.359e-06  2.258e-06 |
---------------------------------------------------------------------------------------------------------------------------------------------------
|-5.569e-07 -5.632e-06 -3.841e-07  1.747e-05 |            1.069e-05 -5.548e-05 |-2.068e-22  9.175e-06 -4.163e-05 |                                 |
| 1.432e-05 -3.249e-07  5.982e-07  1.359e-06 |-1.069e-05            -4.421e-06 |-9.175e-06  1.633e-23 -2.951e-06 |                                 |
|-7.197e-05  2.100e-06 -1.594e-05  2.258e-06 | 5.548e-05  4.421e-06            | 4.163e-05  2.951e-06  3.386e-23 |                                 |
---------------------------------------------------------------------------------------------------------------------------------------------------
| 6.924e-06  2.059e-05 -4.395e-06 -9.981e-05 |-2.068e-22  9.175e-06 -4.163e-05 |                                 |-2.068e-22  9.175e-06 -4.163e-05 |
|-8.136e-05  2.674e-06 -9.603e-06 -5.219e-06 |-9.175e-06  1.633e-23 -2.951e-06 |                                 |-9.175e-06  1.633e-23 -2.951e-06 |
| 2.097e-05 -3.083e-06  2.316e-05 -1.810e-06 | 4.163e-05  2.951e-06  3.386e-23 |                                 | 4.163e-05  2.951e-06  3.386e-23 |
---------------------------------------------------------------------------------------------------------------------------------------------------
| 5.569e-07  5.632e-06  3.841e-07 -1.747e-05 |                                 |-2.068e-22  9.175e-06 -4.163e-05 |           -1.069e-05  5.548e-05 |
|-1.432e-05  3.249e-07 -5.982e-07 -1.359e-06 |                                 |-9.175e-06  1.633e-23 -2.951e-06 | 1.069e-05             4.421e-06 |
| 7.197e-05 -2.100e-06  1.594e-05 -2.258e-06 |                                 | 4.163e-05  2.951e-06  3.386e-23 |-5.548e-05 -4.421e-06            |
---------------------------------------------------------------------------------------------------------------------------------------------------


=> Dipole Moment Matrices:

Polarisation X:
Real Part:
---------------------------------------------------------------------------------------------------------------------------------------------------
|-6.175e-02 -1.070e-02  2.109e-02  1.068e-02 |                                 |                                 |                                 |
|-1.070e-02  8.473e-02  3.208e-02  1.296e-01 |                                 |                                 |                                 |
| 2.109e-02  3.208e-02 -6.262e-02  9.331e-03 |                                 |                                 |                                 |
| 1.068e-02  1.296e-01  9.331e-03 -2.178e-01 |                                 |                                 |                                 |
---------------------------------------------------------------------------------------------------------------------------------------------------
|                                            |-4.472e-02 -9.361e-03  1.977e-02 |                                 |                                 |
|                                            |-9.361e-03  9.048e-02 -1.365e-01 |                                 |                                 |
|                                            | 1.977e-02 -1.365e-01 -3.472e-01 |                                 |                                 |
---------------------------------------------------------------------------------------------------------------------------------------------------
|                                            |                                 |-4.472e-02 -9.361e-03  1.977e-02 |                                 |
|                                            |                                 |-9.361e-03  9.048e-02 -1.365e-01 |                                 |
|                                            |                                 | 1.977e-02 -1.365e-01 -3.472e-01 |                                 |
---------------------------------------------------------------------------------------------------------------------------------------------------
|                                            |                                 |                                 |-4.472e-02 -9.361e-03  1.977e-02 |
|                                            |                                 |                                 |-9.361e-03  9.048e-02 -1.365e-01 |
|                                            |                                 |                                 | 1.977e-02 -1.365e-01 -3.472e-01 |
---------------------------------------------------------------------------------------------------------------------------------------------------

Polarisation Y:
Real Part:
---------------------------------------------------------------------------------------------------------------------------------------------------
| 1.475e-02  6.816e-02  6.583e-03  4.752e-02 |                                 |                                 |                                 |
| 6.816e-02  2.452e-02 -2.340e-02  5.074e-04 |                                 |                                 |                                 |
| 6.583e-03 -2.340e-02  1.804e-02  8.751e-03 |                                 |                                 |                                 |
| 4.752e-02  5.074e-04  8.751e-03  2.102e-02 |                                 |                                 |                                 |
---------------------------------------------------------------------------------------------------------------------------------------------------
|                                            | 1.585e-02 -2.755e-02 -7.170e-03 |                                 |                                 |
|                                            |-2.755e-02  1.098e-02  1.605e-02 |                                 |                                 |
|                                            |-7.170e-03  1.605e-02  2.612e-02 |                                 |                                 |
---------------------------------------------------------------------------------------------------------------------------------------------------
|                                            |                                 | 1.585e-02 -2.755e-02 -7.170e-03 |                                 |
|                                            |                                 |-2.755e-02  1.098e-02  1.605e-02 |                                 |
|                                            |                                 |-7.170e-03  1.605e-02  2.612e-02 |                                 |
---------------------------------------------------------------------------------------------------------------------------------------------------
|                                            |                                 |                                 | 1.585e-02 -2.755e-02 -7.170e-03 |
|                                            |                                 |                                 |-2.755e-02  1.098e-02  1.605e-02 |
|                                            |                                 |                                 |-7.170e-03  1.605e-02  2.612e-02 |
---------------------------------------------------------------------------------------------------------------------------------------------------

Polarisation Z:
Real Part:
---------------------------------------------------------------------------------------------------------------------------------------------------
| 2.168e-01 -1.371e-01  1.386e+00 -1.275e-01 |                                 |                                 |                                 |
|-1.371e-01 -1.859e-01 -2.858e-02 -4.992e-01 |                                 |                                 |                                 |
| 1.386e+00 -2.858e-02 -2.044e-01  5.293e-02 |                                 |                                 |                                 |
|-1.275e-01 -4.992e-01  5.293e-02  1.159e+00 |                                 |                                 |                                 |
---------------------------------------------------------------------------------------------------------------------------------------------------
|                                            | 1.103e+00  1.189e-01  2.585e-02 |                                 |                                 |
|                                            | 1.189e-01 -4.297e-01 -2.698e-01 |                                 |                                 |
|                                            | 2.585e-02 -2.698e-01  4.143e-01 |                                 |                                 |
---------------------------------------------------------------------------------------------------------------------------------------------------
|                                            |                                 | 1.103e+00  1.189e-01  2.585e-02 |                                 |
|                                            |                                 | 1.189e-01 -4.297e-01 -2.698e-01 |                                 |
|                                            |                                 | 2.585e-02 -2.698e-01  4.143e-01 |                                 |
---------------------------------------------------------------------------------------------------------------------------------------------------
|                                            |                                 |                                 | 1.103e+00  1.189e-01  2.585e-02 |
|                                            |                                 |                                 | 1.189e-01 -4.297e-01 -2.698e-01 |
|                                            |                                 |                                 | 2.585e-02 -2.698e-01  4.143e-01 |
---------------------------------------------------------------------------------------------------------------------------------------------------


=> Overlap matrix:

Real Part:
---------------------------------------------------------------------------------------------------------------------------------------------------
| 1.032e+00 -1.049e-02 -2.326e-02 -1.818e-02 |                                 |                                 |                                 |
| 2.765e-02  1.008e+00  1.204e-01  1.603e-01 |                                 |                                 |                                 |
| 1.977e-02 -1.260e-01  1.024e+00 -9.365e-02 |                                 |                                 |                                 |
|-5.196e-03 -1.625e-01 -2.094e-02  2.852e-01 |                                 |                                 |                                 |
---------------------------------------------------------------------------------------------------------------------------------------------------
|                                            | 1.030e+00  9.659e-02  2.232e-03 |                                 |                                 |
|                                            |-1.110e-01  1.018e+00  1.670e-01 |                                 |                                 |
|                                            | 1.712e-03 -2.049e-01  8.345e-01 |                                 |                                 |
---------------------------------------------------------------------------------------------------------------------------------------------------
|                                            |                                 | 1.030e+00  9.659e-02  2.232e-03 |                                 |
|                                            |                                 |-1.110e-01  1.018e+00  1.670e-01 |                                 |
|                                            |                                 | 1.712e-03 -2.049e-01  8.345e-01 |                                 |
---------------------------------------------------------------------------------------------------------------------------------------------------
|                                            |                                 |                                 | 1.030e+00  9.659e-02  2.232e-03 |
|                                            |                                 |                                 |-1.110e-01  1.018e+00  1.670e-01 |
|                                            |                                 |                                 | 1.712e-03 -2.049e-01  8.345e-01 |
---------------------------------------------------------------------------------------------------------------------------------------------------



==> Runtime:	0 Days	0 Hours	0 Minutes	14.108458 Seconds


===> Writing output to file QM.out in SHARC Format

