#===============================================================================================================================================================================
#     Step |         Time |         State |                                     Energy |      Angular |     Gradient |      Density |           Expectation Value |    Runtime |
#          |              |  diag |   MCH |          kin |          pot |          tot |     Momentum |          RMS |        Total |           DM |            S |            |
#          |         [fs] |       |       |         [eV] |         [eV] |         [eV] |       [hbar] |     [eV/Ang] |              |      [Debye] |              |      [sec] |
#===============================================================================================================================================================================
         0         0.0000       9       3       0.924341      11.096149      12.020490       0.001005       6.011973       1.000000       0.418921       0.000002           80
         1         0.5000       9       3       1.273272      10.743663      12.016934       0.000824       5.333072       1.000000       0.525902       0.000001           63
         2         1.0000       9       3       1.623654      10.384606      12.008260       0.000648       4.192014       1.000000       0.588595       0.000001           58
         3         1.5000       9       3       1.883683      10.118713      12.002397       0.000619       2.785636       1.000000       0.715343       0.000001           62
         4         2.0000       9       3       1.874234      10.091828      11.966062       0.000532       2.893503       1.000000       1.286296       0.000002           62
# Surface Hop/Pointer State Switch: new state=      5 old state=      9 randnum=  0.406183577 gap= -0.665911 eV
         5         2.5000       5       2       2.294712       9.671350      11.966062       0.000624       1.997677       1.000000       1.002257       0.000041           65
         6         3.0000       5       2       2.479316       9.484228      11.963545       0.000740       2.025603       1.000000       1.097740       0.000002           59
         7         3.5000       5       2       2.684935       9.277734      11.962668       0.000827       2.018554       1.000000       1.211166       0.000002           60
         8         4.0000       5       2       2.886088       9.073590      11.959679       0.000880       1.802340       1.000000       1.313529       0.000003           69
         9         4.5000       5       2       3.036422       8.920785      11.957207       0.000857       1.458357       1.000000       1.394492       0.000006           64
        10         5.0000       5       2       3.095858       8.861742      11.957600       0.000822       1.209577       1.000000       1.450011       0.000013           69
        11         5.5000       5       2       3.062152       8.898168      11.960321       0.000870       1.188924       1.000000       1.485054       0.000047           62
        12         6.0000       5       2       2.967947       8.995682      11.963629       0.000870       1.310279       1.000000       1.514535       0.000537           61
# Surface Hop/Pointer State Switch: new state=      8 old state=      5 randnum=  0.138944757 gap=  0.022002 eV
        13         6.5000       8       2       2.855631       9.107998      11.963629       0.000873       1.445356       1.000000       1.558173       0.000997           70
        14         7.0000       8       2       2.766732       9.198569      11.965301       0.000799       1.540012       1.000000       1.622012       0.000116           85
        15         7.5000       8       2       2.726220       9.239668      11.965888       0.000712       1.580735       1.000000       1.721353       0.000053           66
        16         8.0000       8       2       2.742818       9.222657      11.965475       0.000674       1.567579       1.000000       1.855365       0.000032           63
        17         8.5000       8       2       2.811025       9.153575      11.964600       0.000698       1.514829       1.000000       2.007533       0.000020           61
        18         9.0000       8       2       2.916286       9.047115      11.963401       0.000695       1.440993       1.000000       2.159152       0.000013           61
        19         9.5000       8       2       3.038910       8.923103      11.962013       0.000688       1.366721       1.000000       2.305582       0.000010           69
        20        10.0000       8       2       3.157459       8.803427      11.960887       0.000769       1.328737       1.000000       2.447844       0.000010           60
# Surface Hop/Pointer State Switch: new state=      5 old state=      8 randnum=  0.207530283 gap= -0.058161 eV
        21        10.5000       5       2       3.255045       8.705842      11.960887       0.000919       1.347454       1.000000       2.587166       0.000035           63
        22        11.0000       5       2       3.307686       8.647659      11.955345       0.000978       1.471588       1.000000       2.715667       0.000019           59
# Surface Hop/Pointer State Switch: new state=      8 old state=      5 randnum=  0.122015070 gap=  0.044876 eV
        23        11.5000       8       2       3.220073       8.735272      11.955345       0.000889       1.549027       1.000000       2.452103       0.000029           61
        24        12.0000       8       2       3.132250       8.821482      11.953731       0.000899       1.549053       1.000000       2.391930       0.000006           67
        25        12.5000       8       2       2.974369       8.979209      11.953578       0.000881       1.737486       1.000000       2.242619       0.000006           65
        26        13.0000       8       2       2.757757       9.199190      11.956947       0.000862       2.178963       1.000000       2.093162       0.000007           62
# Surface Hop/Pointer State Switch: new state=      4 old state=      8 randnum=  0.009441574 gap= -0.794059 eV
        27        13.5000       4       1       3.326917       8.630030      11.956947       0.000971       2.787684       1.000000       2.622704       0.000100           58
        28        14.0000       4       1       3.190525       8.765367      11.955892       0.001042       2.761556       1.000000       2.630852       0.000221           61
        29        14.5000       4       1       3.168793       8.781829      11.950621       0.001173       2.449472       1.000000       2.781778       0.000406           61
# Surface Hop/Pointer State Switch: new state=      8 old state=      4 randnum=  0.042963842 gap=  1.142820 eV
        30        15.0000       8       2       2.053460       9.897161      11.950621       0.001050       2.201820       1.000000       3.010478       0.000003           64
        31        15.5000       8       2       1.927926      10.021303      11.949229       0.000927       1.996293       1.000000       3.185729       0.000003           71
        32        16.0000       8       2       1.779047      10.170870      11.949917       0.000796       1.929265       1.000000       3.310067       0.000002           66
        33        16.5000       8       2       1.610521      10.341054      11.951575       0.000667       1.965316       1.000000       3.389744       0.000002           67
        34        17.0000       8       2       1.442043      10.510985      11.953028       0.000573       2.019102       1.000000       3.430350       0.000002           67
        35        17.5000       8       2       1.292711      10.661000      11.953711       0.000545       2.038106       1.000000       3.437609       0.000002           63
        36        18.0000       8       2       1.171849      10.781753      11.953602       0.000585       2.009941       1.000000       3.418176       0.000002           66
        37        18.5000       8       2       1.078005      10.875024      11.953028       0.000673       1.952879       1.000000       3.380054       0.000002           83
        38        19.0000       8       2       1.003863      10.948706      11.952569       0.000767       1.911577       1.000000       3.332598       0.000002           62
        39        19.5000       8       2       0.944759      11.008063      11.952823       0.000853       1.938568       1.000000       3.286039       0.000002           60
        40        20.0000       8       2       0.906673      11.047221      11.953894       0.000958       2.042384       1.000000       3.250498       0.000002           69
        41        20.5000       8       2       0.906368      11.048569      11.954937       0.001115       2.152370       1.000000       3.234345       0.000002           68
        42        21.0000       8       2       0.958520      10.996027      11.954546       0.001338       2.162758       1.000000       3.242234       0.000002           72
        43        21.5000       8       2       1.056585      10.895481      11.952066       0.001593       2.008421       1.000000       3.273716       0.000002           68
        44        22.0000       8       2       1.164754      10.783675      11.948428       0.001717       1.713100       1.000000       3.323380       0.000002           66
        45        22.5000       8       2       1.232127      10.713628      11.945756       0.001724       1.436143       1.000000       3.382283       0.000003           62
        46        23.0000       8       2       1.223644      10.722561      11.946204       0.001773       1.472285       1.000000       3.439250       0.000003           75
        47        23.5000       8       2       1.149494      10.800716      11.950210       0.001847       1.856479       1.000000       3.481308       0.000003           60
        48        24.0000       8       2       1.067554      10.887465      11.955019       0.001911       2.249126       1.000000       3.494174       0.000003           60
        49        24.5000       8       2       1.043973      10.912582      11.956556       0.001955       2.382575       1.000000       3.464256       0.000003           65
        50        25.0000       8       2       1.100700      10.853422      11.954121       0.001996       2.210148       1.000000       3.381469       0.000003           65
        51        25.5000       8       2       1.205408      10.745471      11.950879       0.002073       1.866408       1.000000       3.240331       0.000003           67
        52        26.0000       8       2       1.309844      10.639656      11.949500       0.002220       1.539951       1.000000       3.038484       0.000003           71
        53        26.5000       8       2       1.387146      10.562993      11.950139       0.002458       1.353816       1.000000       2.774839       0.000003           62
        54        27.0000       8       2       1.439143      10.512898      11.952041       0.002576       1.339174       1.000000       2.449449       0.000003           61
        55        27.5000       8       2       1.490029      10.465740      11.955769       0.002527       1.521206       1.000000       2.067340       0.000003           69
        56        28.0000       8       2       1.601149      10.366328      11.967477       0.002482       2.081230       1.000000       1.669145       0.000004           67
# Surface Hop/Pointer State Switch: new state=      7 old state=      8 randnum=  0.653438451 gap= -0.137273 eV
        57        28.5000       7       1       1.952266      10.015210      11.967477       0.002852       2.897474       1.000000       1.218673       0.000008           65
        58        29.0000       7       1       2.259868       9.661215      11.921083       0.002823       2.553306       1.000000       0.855711       0.000147           67
# Surface Hop/Pointer State Switch: new state=      4 old state=      7 randnum=  0.725858099 gap= -0.019877 eV
        59        29.5000       4       1       2.466407       9.454676      11.921083       0.002867       2.337500       1.000000       1.052325       0.024753           75
        60        30.0000       4       1       2.667311       9.251029      11.918340       0.003015       2.160181       1.000000       1.275102       0.000186           60
        61        30.5000       4       1       2.860008       9.054269      11.914276       0.003122       1.939834       1.000000       1.510044       0.000051           87
        62        31.0000       4       1       2.995931       8.915399      11.911330       0.003101       1.791075       1.000000       1.722430       0.000023           62
        63        31.5000       4       1       3.038794       8.871300      11.910094       0.003020       1.753933       1.000000       1.902879       0.000013           72
        64        32.0000       4       1       2.972575       8.937021      11.909595       0.002975       1.783153       1.000000       2.049785       0.000008           82
        65        32.5000       4       1       2.790995       9.118120      11.909116       0.002926       1.859163       1.000000       2.165837       0.000006           74
        66        33.0000       4       1       2.490702       9.418607      11.909310       0.002912       2.058872       1.000000       2.255971       0.000004           70
        67        33.5000       4       1       2.083395       9.828865      11.912260       0.002894       2.479032       1.000000       2.326478       0.000003           60
        68        34.0000       4       1       1.623813      10.295621      11.919435       0.002892       3.060804       1.000000       2.384573       0.000005           73
        69        34.5000       4       1       1.221623      10.706151      11.927774       0.002830       3.551646       1.000000       2.437945       0.000005           61
        70        35.0000       4       1       0.992786      10.937601      11.930387       0.002884       3.686036       1.000000       2.493953       0.000005           66
# Jump frustrated.
        71        35.5000       4       1       0.969230       9.639940      10.609170       0.003014       3.272880       1.000000       5.113044       0.000011           69
        72        36.0000       4       1       1.070133       9.532162      10.602295       0.003023       2.730798       1.000000       5.231902       0.000013           70
        73        36.5000       4       1       1.192903       9.406168      10.599071       0.003098       2.237009       1.000000       5.358267       0.000015           71
        74        37.0000       4       1       1.279650       9.319927      10.599576       0.003188       1.947537       1.000000       5.486318       0.000016           66
        75        37.5000       4       1       1.327441       9.274297      10.601738       0.003345       1.856720       1.000000       5.611215       0.000016           62
        76        38.0000       4       1       1.364309       9.239852      10.604161       0.003594       1.899165       1.000000       5.728452       0.000016           61
        77        38.5000       4       1       1.428181       9.178247      10.606428       0.003754       2.025837       1.000000       5.833179       0.000016           62
        78        39.0000       4       1       1.556188       9.051792      10.607980       0.003841       2.171792       1.000000       5.920015       0.000017           61
        79        39.5000       4       1       1.771334       8.835782      10.607117       0.003902       2.223913       1.000000       5.983432       0.000020           60
        80        40.0000       4       1       2.058328       8.544147      10.602475       0.003943       2.089654       1.000000       6.018611       0.000024           65
        81        40.5000       4       1       2.350700       8.245384      10.596084       0.003946       1.805496       1.000000       6.022755       0.000034           62
        82        41.0000       4       1       2.571029       8.426539      10.997569       0.003925       1.518540       1.000000       5.669932       0.000068           62
        83        41.5000       4       1       2.663687       8.333863      10.997550       0.003903       1.352073       1.000000       5.523729       0.000139           65
        84        42.0000       4       1       2.613305       8.386568      10.999873       0.003840       1.317742       1.000000       5.332367       0.000373           60
        85        42.5000       4       1       2.447610       8.554620      11.002231       0.003843       1.342460       1.000000       5.100781       0.001724           67
        86        43.0000       4       1       2.199525       8.803996      11.003521       0.003949       1.433244       1.000000       4.843306       0.043302           67
# Surface Hop/Pointer State Switch: new state=      1 old state=      4 randnum=  0.488039528 gap= -0.013341 eV
        87        43.5000       1       1       1.895414       9.108107      11.003521       0.003980       1.687087       1.000000       4.540880       0.060235           69
        88        44.0000       1       1       1.572170       9.438378      11.010547       0.004016       2.144979       1.000000       3.878090       0.695132          103
# Surface Hop/Pointer State Switch: new state=      4 old state=      1 randnum=  0.806540580 gap=  0.048632 eV
        89        44.5000       4       1       1.270215       9.740332      11.010547       0.003915       2.691499       1.000000       3.984542       0.008200           63
        90        45.0000       4       1       1.105881       9.909932      11.015813       0.003926       3.029075       1.000000       3.735382       0.001462           68
        91        45.5000       4       1       1.139529       9.874798      11.014327       0.003887       2.960268       1.000000       3.529107       0.000613           64
        92        46.0000       4       1       1.346489       9.659866      11.006355       0.003812       2.494403       1.000000       3.415903       0.000371           62
        93        46.5000       4       1       1.612745       9.385074      10.997818       0.003828       1.847302       1.000000       3.430911       0.000271           71
        94        47.0000       4       1       1.809132       9.183366      10.992497       0.003925       1.293282       1.000000       3.572662       0.000217           60
        95        47.5000       4       1       1.849334       9.141208      10.990542       0.004095       1.073615       1.000000       3.811553       0.000181           71
        96        48.0000       4       1       1.703805       9.288407      10.992213       0.004324       1.303160       1.000000       4.102856       0.000153           66
        97        48.5000       4       1       1.408183       9.591299      10.999481       0.004515       1.880579       1.000000       4.395431       0.000128           61
        98        49.0000       4       1       1.081395       9.930195      11.011590       0.004607       2.555033       1.000000       4.639353       0.000105           64
        99        49.5000       4       1       0.894301      10.124493      11.018793       0.004595       2.924101       1.000000       4.795598       0.000086           60
       100        50.0000       4       1       0.940031      10.072661      11.012692       0.004548       2.721897       1.000000       4.847863       0.000071           61
       101        50.5000       4       1       1.141275       9.860280      11.001555       0.004543       2.137969       1.000000       4.809485       0.000060           58
       102        51.0000       4       1       1.343959       9.652614      10.996573       0.004545       1.646230       1.000000       4.716834       0.000054           63
       103        51.5000       4       1       1.460462       9.537617      10.998079       0.004604       1.528397       1.000000       4.612161       0.000051           89
       104        52.0000       4       1       1.494508       9.507075      11.001583       0.004703       1.634666       1.000000       4.528090       0.000052           60
       105        52.5000       4       1       1.488582       9.515547      11.004129       0.004789       1.755824       1.000000       4.482270       0.000058           63
       106        53.0000       4       1       1.479057       9.525819      11.004876       0.004969       1.833827       1.000000       4.480392       0.000072           64
       107        53.5000       4       1       1.480163       9.524048      11.004210       0.005244       1.904736       1.000000       4.521128       0.000099           66
       108        54.0000       4       1       1.488734       9.514705      11.003439       0.005529       2.060252       1.000000       4.599237       0.000161           65
       109        54.5000       4       1       1.503821       9.500776      11.004597       0.005849       2.384048       1.000000       4.706511       0.000364           62
       110        55.0000       4       1       1.553506       9.455251      11.008757       0.006179       2.824498       1.000000       4.831540       0.002333           61
# Surface Hop/Pointer State Switch: new state=      1 old state=      4 randnum=  0.828432853 gap= -0.070173 eV
       111        55.5000       1       1       1.699058       9.309700      11.008757       0.006496       3.161196       1.000000       4.960132       0.003380           72
       112        56.0000       1       1       1.998500       9.008889      11.007388       0.006588       3.156936       1.000000       5.080788       0.000280           63
       113        56.5000       1       1       2.432320       8.566349      10.998669       0.006410       2.734953       1.000000       5.172882       0.000084           75
       114        57.0000       1       1       2.878243       8.109906      10.988148       0.006120       2.086131       1.000000       5.227072       0.000037           63
       115        57.5000       1       1       3.187279       7.795020      10.982299       0.005811       1.635786       1.000000       5.242806       0.000020           59
       116        58.0000       1       1       3.277976       7.706773      10.984750       0.005467       1.872599       1.000000       5.226781       0.000012           66
       117        58.5000       1       1       3.192377       7.802964      10.995340       0.005150       2.555769       1.000000       5.187564       0.000008           58
       118        59.0000       1       1       3.081617       7.924333      11.005950       0.004898       3.058783       1.000000       5.131962       0.000006           62
       119        59.5000       1       1       3.088291       7.917356      11.005647       0.004664       3.022830       1.000000       5.065717       0.000004           61
       120        60.0000       1       1       3.214572       7.782322      10.996894       0.004471       2.561351       1.000000       4.995288       0.000003           57
       121        60.5000       1       1       3.347347       7.643415      10.990763       0.004329       2.140405       1.000000       4.926570       0.000003           61
       122        61.0000       1       1       3.392120       7.598713      10.990833       0.004143       2.081168       1.000000       4.862474       0.000002           60
       123        61.5000       1       1       3.334750       7.659009      10.993759       0.003955       2.254672       1.000000       4.802780       0.000002           60
       124        62.0000       1       1       3.208724       7.787144      10.995867       0.003908       2.437848       1.000000       4.745169       0.000002           64
       125        62.5000       1       1       3.047144       7.948842      10.995985       0.003953       2.578080       1.000000       4.687890       0.000003           63
# Jump frustrated.
       126        63.0000       1       5       2.960763       9.132375      12.093137       0.003949       2.913678       1.000000       3.388096       1.999998           58
       127        63.5000       1       5       2.999852       9.091507      12.091359       0.003914       2.929829       1.000000       3.262422       1.999998           59
       128        64.0000       1       5       3.097978       8.991194      12.089172       0.003889       2.944929       1.000000       3.139923       1.999998           69
       129        64.5000       1       5       3.232983       8.855481      12.088465       0.003879       3.041327       1.000000       3.021849       1.999998           58
       130        65.0000       1       5       3.406753       8.684199      12.090952       0.003932       3.251399       1.000000       2.907207       1.999998           61
       131        65.5000       1       5       3.662514       8.432414      12.094928       0.004000       3.441736       1.000000       2.791270       1.999997           69
       132        66.0000       1       5       4.053555       8.040847      12.094403       0.003999       3.365028       1.000000       2.667107       1.999997           60
       133        66.5000       1       5       4.566755       7.519730      12.086485       0.003977       2.907176       1.000000       2.528458       1.999996           65
       134        67.0000       1       5       5.091371       6.985437      12.076808       0.003894       2.258340       1.000000       2.372705       1.999994           65
       135        67.5000       1       5       5.489801       6.582797      12.072598       0.003769       1.852981       1.000000       2.203034       1.999984           64
       136        68.0000       1       5       5.694685       6.381264      12.075949       0.003672       1.981555       1.000000       2.029813       1.999819           64
# Surface Hop/Pointer State Switch: new state=      4 old state=      1 randnum=  0.947835089 gap=  0.089304 eV
       137        68.5000       4      11       5.735218       6.340731      12.075949       0.003690       2.357735       1.000000       1.871104       1.999939           67
       138        69.0000       4      11       5.730129       6.352279      12.082407       0.003545       2.594476       1.000000       1.751946       1.999992           61
       139        69.5000       4      11       5.753415       6.328848      12.082262       0.003486       2.554289       1.000000       1.695917       1.999997           57
       140        70.0000       4      11       5.805387       6.271830      12.077217       0.003440       2.367852       1.000000       1.715577       1.999999           61
# Surface Hop/Pointer State Switch: new state=      3 old state=      4 randnum=  0.075296798 gap= -0.000000 eV
       141        70.5000       3       8       5.828717       6.248500      12.077217       0.003381       2.310881       1.000000       1.803936       2.000000           53
       142        71.0000       3      11       5.760068       6.316294      12.076362       0.003879       2.499363       1.000000       1.937515       2.000000           59
       143        71.5000       3      11       5.593832       6.484051      12.077883       0.004498       2.820975       1.000000       2.087545       2.000000           58
       144        72.0000       3      11       5.355946       6.724096      12.080042       0.004750       3.148627       1.000000       2.229551       2.000000           56
# Surface Hop/Pointer State Switch: new state=      4 old state=      3 randnum=  0.066677379 gap=  0.000000 eV
       145        72.5000       4       8       5.081904       6.998138      12.080042       0.005008       3.424824       1.000000       2.346700       1.999999           64
       146        73.0000       4       8       4.805811       7.274947      12.080758       0.005214       3.637892       1.000000       2.429550       1.999999           54
       147        73.5000       4      11       4.543406       7.537348      12.080754       0.005366       3.802926       1.000000       2.474888       1.999999           60
       148        74.0000       4      11       4.302943       7.778086      12.081028       0.005538       3.952667       1.000000       2.483845       1.999999           56
# Surface Hop/Pointer State Switch: new state=      2 old state=      4 randnum=  0.027194171 gap= -0.000000 eV
       149        74.5000       2       5       4.095928       7.985100      12.081028       0.005774       4.110681       1.000000       2.459544       2.000000           60
       150        75.0000       2       5       3.957055       8.126562      12.083617       0.006088       4.235945       1.000000       2.405385       2.000000           76
       151        75.5000       2       5       3.919529       8.163730      12.083258       0.006491       4.209578       1.000000       2.325262       2.000000           62
       152        76.0000       2       5       3.972783       8.103925      12.076708       0.006710       3.948924       1.000000       2.225781       2.000000           62
       153        76.5000       2       5       4.026205       8.040487      12.066692       0.006704       3.563840       1.000000       2.118397       2.000000           55
       154        77.0000       2       8       3.948008       8.111281      12.059289       0.006709       3.383805       1.000000       2.022165       2.000000           65
       155        77.5000       2       8       3.651520       8.415995      12.067515       0.006795       3.766639       1.000000       1.989674       2.000000           59
       156        78.0000       2       8       3.334876       8.679348      12.014223       0.006890       4.080784       1.000000       1.880346       2.000000           62
       157        78.5000       2       8       3.209626       8.811528      12.021154       0.007030       4.324658       1.000000       1.723429       2.000000           56
       158        79.0000       2       8       3.266122       8.746434      12.012556       0.007345       4.115528       1.000000       1.558299       2.000000           56
       159        79.5000       2       8       3.394251       8.604328      11.998579       0.007632       3.736308       1.000000       1.392337       2.000000           64
       160        80.0000       2       5       3.408456       8.584438      11.992894       0.007730       3.675945       1.000000       1.241823       2.000000           58
       161        80.5000       2       5       3.223153       8.774738      11.997891       0.007664       4.053318       1.000000       1.134720       2.000000           56
       162        81.0000       2       5       2.902268       9.106503      12.008771       0.007442       4.610675       1.000000       1.103078       2.000000           58
       163        81.5000       2       5       2.602023       9.418037      12.020060       0.007063       5.087046       1.000000       1.161725       2.000000           60
       164        82.0000       2       5       2.487906       9.538931      12.026837       0.006533       5.306641       1.000000       1.296996       2.000000           58
       165        82.5000       2       5       2.658108       9.367630      12.025738       0.006206       5.177856       1.000000       1.481347       2.000000           59
       166        83.0000       2       5       3.096540       8.921228      12.017768       0.006135       4.739274       1.000000       1.688840       2.000000           58
       167        83.5000       2       5       3.689405       8.318874      12.008278       0.006102       4.167119       1.000000       1.898472       2.000000           58
       168        84.0000       2       8       4.299471       7.703097      12.002568       0.006166       3.694088       1.000000       2.093011       2.000000           58
       169        84.5000       2       8       4.841632       7.161080      12.002712       0.006351       3.481715       1.000000       2.258671       2.000000           59
       170        85.0000       2       8       5.312160       6.694494      12.006655       0.006629       3.475507       1.000000       2.387241       2.000000           56
       171        85.5000       2       8       5.755532       6.252911      12.008443       0.006965       3.411463       1.000000       2.478940       2.000000           55
       172        86.0000       2       8       6.184999       5.818670      12.003669       0.007201       3.081779       1.000000       2.541299       2.000000           66
       173        86.5000       2       8       6.531195       5.464698      11.995893       0.007339       2.579840       1.000000       2.582596       2.000000           63
       174        87.0000       2       8       6.688023       5.304887      11.992910       0.007538       2.302058       1.000000       2.604989       2.000000           62
       175        87.5000       2       8       6.611992       5.386499      11.998490       0.007750       2.532173       1.000000       2.603623       2.000000           66
       176        88.0000       2       8       6.374699       5.635747      12.010446       0.007837       3.003556       1.000000       2.567865       2.000000           58
       177        88.5000       2       5       6.116165       5.898522      12.014687       0.007875       3.304711       1.000000       2.467053       2.000000           62
# Surface Hop/Pointer State Switch: new state=      3 old state=      2 randnum=  0.885125195 gap=  0.000000 eV
       178        89.0000       3      11       5.926358       6.088328      12.014687       0.007766       3.298724       1.000000       2.317963       2.000000           67
# Surface Hop/Pointer State Switch: new state=      2 old state=      3 randnum=  0.128482366 gap= -0.000001 eV
       179        89.5000       2      11       5.810381       6.204306      12.014687       0.007612       3.071871       1.000000       2.146999       2.000000           95
       180        90.0000       2      11       5.714800       6.300360      12.015159       0.007449       2.849825       1.000000       2.120469       2.000000           66
       181        90.5000       2      11       5.554035       6.460431      12.014467       0.007096       2.839644       1.000000       1.912788       2.000000           68
       182        91.0000       2      11       5.327234       6.689677      12.016911       0.006733       2.986115       1.000000       1.689735       2.000000           74
       183        91.5000       2      11       5.062290       6.957471      12.019761       0.006340       3.149633       1.000000       1.456290       2.000000           73
       184        92.0000       2      11       4.795241       7.226173      12.021414       0.005932       3.250118       1.000000       1.219863       2.000000           64
       185        92.5000       2       5       4.548238       7.473889      12.022127       0.005816       3.288609       1.000000       0.991543       2.000000           56
       186        93.0000       2       5       4.331589       7.691603      12.023192       0.005859       3.313124       1.000000       0.791003       2.000000           55
       187        93.5000       2       5       4.159121       7.866005      12.025126       0.005790       3.363417       1.000000       0.653737       2.000000           57
       188        94.0000       2       5       4.053985       7.972340      12.026325       0.005747       3.418621       1.000000       0.619515       2.000000           59
       189        94.5000       2       5       4.031917       7.993381      12.025299       0.005729       3.450684       1.000000       0.686553       2.000000           63
       190        95.0000       2       5       4.088806       7.935318      12.024124       0.005752       3.506545       1.000000       0.812739       2.000000           60
       191        95.5000       2       5       4.218959       7.804514      12.023473       0.005765       3.565873       1.000000       0.972816       2.000000           57
# Surface Hop/Pointer State Switch: new state=      3 old state=      2 randnum=  0.031949716 gap=  0.000000 eV
       192        96.0000       3      11       4.402665       7.620808      12.023473       0.005832       3.357653       1.000000       1.231031       1.999999           72
# Surface Hop/Pointer State Switch: new state=      2 old state=      3 randnum=  0.051506431 gap= -0.000000 eV
       193        96.5000       2       5       4.491616       7.531857      12.023473       0.005995       2.640898       1.000000       1.675140       2.000000           78
       194        97.0000       2       5       4.560704       7.446623      12.007327       0.006117       2.021857       1.000000       1.881112       2.000000           67
       195        97.5000       2       5       4.432106       7.569439      12.001545       0.006097       1.723060       1.000000       2.042547       2.000000           67
# Surface Hop/Pointer State Switch: new state=      1 old state=      2 randnum=  0.147613958 gap= -0.000000 eV
       196        98.0000       1       8       4.024934       7.976611      12.001545       0.006041       2.299003       1.000000       2.196056       1.999996           65
       197        98.5000       1       5       3.421248       8.593936      12.015184       0.005891       3.351951       1.000000       2.356325       1.999997           68
       198        99.0000       1       5       2.830030       9.202559      12.032589       0.005916       4.278385       1.000000       2.532084       1.999999           71
       199        99.5000       1       8       2.501396       9.538517      12.039913       0.006300       4.630122       1.000000       2.727306       2.000000           76
       200       100.0000       1       8       2.537524       9.492871      12.030395       0.006851       4.248387       1.000000       2.941115       2.000000           59
