#===============================================================================================================================================================================
#     Step |         Time |         State |                                     Energy |      Angular |     Gradient |      Density |           Expectation Value |    Runtime |
#          |              |  diag |   MCH |          kin |          pot |          tot |     Momentum |          RMS |        Total |           DM |            S |            |
#          |         [fs] |       |       |         [eV] |         [eV] |         [eV] |       [hbar] |     [eV/Ang] |              |      [Debye] |              |      [sec] |
#===============================================================================================================================================================================
         0         0.0000       9       3       0.379694      11.695027      12.074721       0.000202       5.980280       1.000000       0.650669       0.000003           71
         1         0.5000       9       3       0.661302      11.405651      12.066952       0.000385       5.586887       1.000000       0.699197       0.000003           62
         2         1.0000       9       3       1.079142      10.981342      12.060484       0.000556       5.127823       1.000000       0.764223       0.000002           62
         3         1.5000       9       3       1.528220      10.529857      12.058077       0.000774       4.663517       1.000000       0.839612       0.000002           71
         4         2.0000       9       3       1.950732      10.104916      12.055648       0.000989       4.058918       1.000000       0.918030       0.000002           57
         5         2.5000       9       3       2.296807       9.754349      12.051156       0.001102       3.073461       1.000000       1.036902       0.000002           71
# Surface Hop/Pointer State Switch: new state=      8 old state=      9 randnum=  0.100191956 gap= -0.241306 eV
         6         3.0000       8       2       2.741148       9.310008      12.051156       0.000999       1.439857       1.000000       1.868301       0.000002           57
         7         3.5000       8       2       2.645585       9.404994      12.050579       0.001402       1.627400       1.000000       1.467161       0.000002           63
         8         4.0000       8       2       2.506515       9.545040      12.051554       0.001687       2.536980       1.000000       1.440494       0.000006           67
# Surface Hop/Pointer State Switch: new state=      5 old state=      8 randnum=  0.408838085 gap= -0.076677 eV
         9         4.5000       5       2       2.371530       9.680024      12.051554       0.001834       2.996953       1.000000       1.582257       0.000048           70
        10         5.0000       5       2       2.319491       9.734523      12.054014       0.001857       3.073200       1.000000       1.739222       0.000009           55
        11         5.5000       5       2       2.413001       9.635386      12.048387       0.001844       2.663037       1.000000       1.902498       0.000009           68
        12         6.0000       5       2       2.578280       9.464523      12.042803       0.001797       2.057942       1.000000       2.074080       0.000015           61
        13         6.5000       5       2       2.728667       9.312837      12.041504       0.001784       1.616532       1.000000       2.253907       0.000048           72
        14         7.0000       5       2       2.828899       9.213601      12.042501       0.001798       1.477519       1.000000       2.430620       0.002763           57
# Surface Hop/Pointer State Switch: new state=      8 old state=      5 randnum=  0.967315237 gap=  0.078498 eV
        15         7.5000       8       2       2.879379       9.163121      12.042501       0.001810       1.537436       1.000000       2.585350       0.000087           64
        16         8.0000       8       2       2.874122       9.168068      12.042190       0.001771       1.690944       1.000000       2.662492       0.000014           63
        17         8.5000       8       2       2.817902       9.224010      12.041912       0.001731       1.895193       1.000000       2.639263       0.000006           64
        18         9.0000       8       2       2.710060       9.332367      12.042427       0.001741       2.246269       1.000000       2.613222       0.000004           62
        19         9.5000       8       2       2.577522       9.470011      12.047533       0.001735       2.811458       1.000000       2.666248       0.000003           64
        20        10.0000       8       2       2.507602       9.548189      12.055791       0.001698       3.342348       1.000000       2.786184       0.000004           60
        21        10.5000       8       2       2.613730       9.444264      12.057994       0.001671       3.464013       1.000000       2.944674       0.000006           64
# Surface Hop/Pointer State Switch: new state=      5 old state=      8 randnum=  0.419479591 gap= -0.142634 eV
        22        11.0000       5       2       2.928894       9.129101      12.057994       0.001736       2.995394       1.000000       3.120688       0.000010           60
        23        11.5000       5       2       3.309358       8.735822      12.045179       0.001734       2.095064       1.000000       3.293638       0.000007           61
# Surface Hop/Pointer State Switch: new state=      9 old state=      5 randnum=  0.012385728 gap=  2.991994 eV
        24        12.0000       9       3       0.672612      11.372568      12.045179       0.000761       2.044124       1.000000       4.796256       0.000001           73
        25        12.5000       9       3       0.624999      11.418806      12.043805       0.000784       1.885435       1.000000       4.997443       0.000001           62
        26        13.0000       9       3       0.566858      11.477010      12.043868       0.000824       1.866020       1.000000       5.170420       0.000001           58
        27        13.5000       9       3       0.498182      11.547034      12.045216       0.000861       1.981901       1.000000       5.316140       0.000001           62
        28        14.0000       9       3       0.438205      11.608859      12.047064       0.000889       2.141686       1.000000       5.432915       0.000001           58
        29        14.5000       9       3       0.413400      11.634845      12.048246       0.000902       2.238984       1.000000       5.516349       0.000001           64
        30        15.0000       9       3       0.440800      11.607222      12.048021       0.000910       2.218245       1.000000       5.560299       0.000001           61
        31        15.5000       9       3       0.517716      11.529001      12.046717       0.000926       2.097583       1.000000       5.558133       0.000001           61
        32        16.0000       9       3       0.625645      11.419624      12.045269       0.000949       1.944024       1.000000       5.503686       0.000000           66
        33        16.5000       9       3       0.742819      11.301482      12.044301       0.000973       1.821470       1.000000       5.392222       0.000000           72
        34        17.0000       9       3       0.853533      11.190290      12.043823       0.000993       1.754100       1.000000       5.222288       0.000000           60
        35        17.5000       9       3       0.949454      11.094132      12.043585       0.001010       1.732875       1.000000       4.999387       0.000000           71
        36        18.0000       9       3       1.026606      11.016830      12.043437       0.000992       1.745485       1.000000       4.740716       0.000000          120
        37        18.5000       9       3       1.083188      10.960258      12.043445       0.000962       1.792822       1.000000       4.478644       0.000000           61
        38        19.0000       9       3       1.120050      10.923704      12.043755       0.000965       1.879592       1.000000       4.259280       0.000000           56
        39        19.5000       9       3       1.142161      10.902149      12.044310       0.000959       1.993545       1.000000       4.135231       0.000000           59
        40        20.0000       9       3       1.157428      10.887235      12.044663       0.000994       2.096463       1.000000       4.153814       0.000000           64
        41        20.5000       9       3       1.170826      10.873417      12.044244       0.001062       2.146054       1.000000       4.337739       0.000000           62
        42        21.0000       9       3       1.177519      10.865567      12.043087       0.001099       2.134265       1.000000       4.656539       0.000000           63
        43        21.5000       9       3       1.163509      10.878574      12.042083       0.001266       2.106611       1.000000       5.017604       0.000000           60
        44        22.0000       9       3       1.116837      10.925385      12.042222       0.001548       2.131347       1.000000       5.316304       0.000000           63
        45        22.5000       9       3       1.040637      11.003073      12.043710       0.001929       2.233299       1.000000       5.499879       0.000000           71
        46        23.0000       9       3       0.956242      11.089499      12.045741       0.002347       2.361992       1.000000       5.572583       0.000000           77
        47        23.5000       9       3       0.892346      11.154712      12.047058       0.002697       2.439274       1.000000       5.563056       0.000000           62
        48        24.0000       9       3       0.868090      11.178903      12.046993       0.002842       2.429299       1.000000       5.500332       0.000000           60
        49        24.5000       9       3       0.883965      11.161841      12.045806       0.003015       2.371217       1.000000       5.407195       0.000000           62
        50        25.0000       9       3       0.910266      11.122693      12.032959       0.003096       2.855816       1.000000       5.311951       0.000000           61
        51        25.5000       9       3       1.020911      10.914765      11.935676       0.003006       2.976670       1.000000       5.029315       0.000000           60
        52        26.0000       9       3       1.223016      10.711786      11.934802       0.003007       2.698719       1.000000       4.742821       0.000000           63
        53        26.5000       9       3       1.455777      10.477525      11.933302       0.002945       2.370332       1.000000       4.372884       0.000000           60
        54        27.0000       9       3       1.690075      10.237260      11.927335       0.002703       1.921834       1.000000       3.724644       0.000000           61
        55        27.5000       9       3       1.837474      10.080976      11.918450       0.002447       1.483118       1.000000       2.077654       0.000001           64
# Surface Hop/Pointer State Switch: new state=      8 old state=      9 randnum=  0.431945449 gap= -0.500947 eV
        56        28.0000       8       2       2.365767       9.552683      11.918450       0.002656       1.759927       1.000000       2.940320       0.000007           67
        57        28.5000       8       2       2.486999       9.620420      12.107419       0.002633       1.880894       1.000000       2.275537       0.000002           60
        58        29.0000       8       2       2.636246       9.488616      12.124862       0.002659       2.157303       1.000000       5.027458       0.000014           68
# Surface Hop/Pointer State Switch: new state=      5 old state=      8 randnum=  0.244993372 gap= -0.019976 eV
        59        29.5000       5       2       2.996368       9.128495      12.124862       0.002764       2.117857       1.000000       4.655285       0.003799           62
        60        30.0000       5       2       3.357606       8.765585      12.123191       0.002709       2.023328       1.000000       4.352045       0.000017           58
        61        30.5000       5       2       3.701400       8.420006      12.121406       0.002690       1.888883       1.000000       4.083830       0.000006           61
        62        31.0000       5       2       4.004435       8.116275      12.120710       0.002664       1.813921       1.000000       3.829484       0.000003           68
        63        31.5000       5       2       4.323354       7.847342      12.170696       0.002647       2.639854       1.000000       3.462533       0.000002           74
        64        32.0000       5       2       4.519270       7.837086      12.356356       0.002680       2.234167       1.000000       3.149592       0.000002           71
        65        32.5000       5       2       4.513955       7.847636      12.361590       0.002737       2.724148       1.000000       3.129139       0.000002           61
        66        33.0000       5       2       4.518803       7.845868      12.364670       0.002793       2.987389       1.000000       3.146965       0.000001           80
        67        33.5000       5       2       4.577586       7.786016      12.363603       0.002876       2.929128       1.000000       3.189849       0.000001           66
        68        34.0000       5       2       4.678000       7.683588      12.361588       0.002649       2.702299       1.000000       3.216288       0.000001           58
        69        34.5000       5       2       4.786379       7.574202      12.360582       0.002275       2.540251       1.000000       3.181444       0.000001           76
        70        35.0000       5       2       4.882644       7.477739      12.360382       0.002002       2.537724       1.000000       3.070135       0.000001           57
        71        35.5000       5       2       5.002681       7.384336      12.387017       0.001920       3.046685       1.000000       2.865040       0.000001           69
        72        36.0000       5       2       5.061500       6.818429      11.879928       0.001910       2.858644       1.000000       1.502183       0.000002           67
        73        36.5000       5       2       4.945092       6.926098      11.871190       0.001742       3.352099       1.000000       1.276570       0.000003           63
        74        37.0000       5       2       4.628111       7.236900      11.865011       0.001637       4.088624       1.000000       1.053692       0.000003           68
        75        37.5000       5       2       4.083310       7.791324      11.874634       0.001582       5.133094       1.000000       1.114062       0.000002           61
        76        38.0000       5       2       3.410218       8.475117      11.885335       0.001478       6.355280       1.000000       1.335443       0.000001           71
        77        38.5000       5       2       2.753890       9.139079      11.892969       0.001269       7.481660       1.000000       1.497720       0.000001           59
        78        39.0000       5       2       2.231320       9.666865      11.898185       0.001031       8.288914       1.000000       1.588966       0.000001           56
        79        39.5000       5       2       1.923140       9.977479      11.900618       0.000917       8.616465       1.000000       1.631888       0.000001           61
        80        40.0000       5       2       1.865712      10.034028      11.899740       0.000816       8.389881       1.000000       1.644541       0.000000           58
        81        40.5000       5       2       2.043551       9.852269      11.895820       0.000613       7.649321       1.000000       1.635558       0.000000           68
        82        41.0000       5       2       2.393663       9.496304      11.889968       0.000664       6.541536       1.000000       1.608741       0.000001           59
        83        41.5000       5       2       2.823139       9.060758      11.883897       0.000948       5.273065       1.000000       1.574524       0.000001           68
        84        42.0000       5       2       3.236721       8.643154      11.879875       0.001190       4.054004       1.000000       1.555848       0.000001           62
        85        42.5000       5       2       3.569423       8.309342      11.878765       0.001459       3.058001       1.000000       1.578101       0.000001           59
        86        43.0000       5       2       3.840385       8.301403      12.141787       0.001753       2.589295       1.000000       1.799663       0.000001           64
        87        43.5000       5       2       4.083183       8.061505      12.144688       0.001949       2.321574       1.000000       1.937954       0.000001           61
        88        44.0000       5       2       4.300801       7.842992      12.143792       0.001949       2.166783       1.000000       2.083194       0.000001           62
        89        44.5000       5       2       4.475821       7.664670      12.140491       0.001953       1.959983       1.000000       2.234362       0.000001           75
        90        45.0000       5       2       4.557823       7.580447      12.138271       0.002093       1.750051       1.000000       2.396185       0.000001           87
        91        45.5000       5       2       4.508523       7.630373      12.138896       0.002299       1.682631       1.000000       2.576318       0.000001           63
        92        46.0000       5       2       4.328646       7.812988      12.141634       0.002562       1.808097       1.000000       2.782025       0.000001           62
        93        46.5000       5       2       4.051872       8.093233      12.145106       0.002818       2.050471       1.000000       3.017256       0.000001           56
        94        47.0000       5       2       3.725594       8.422787      12.148381       0.003016       2.321536       1.000000       3.277838       0.000001           65
        95        47.5000       5       2       3.395700       8.755274      12.150974       0.003149       2.567463       1.000000       3.546222       0.000001           68
        96        48.0000       5       2       3.097859       9.054675      12.152534       0.003272       2.759503       1.000000       3.796107       0.000001           60
        97        48.5000       5       2       2.852188       9.300610      12.152798       0.003533       2.885247       1.000000       4.005748       0.000001           66
        98        49.0000       5       2       2.659827       9.491845      12.151672       0.003851       2.945479       1.000000       4.166415       0.000001           59
        99        49.5000       5       2       2.502371       9.647016      12.149387       0.004096       2.959231       1.000000       4.281649       0.000001           66
       100        50.0000       5       2       2.347142       9.799779      12.146922       0.004163       2.983006       1.000000       4.362865       0.000001           65
       101        50.5000       5       2       2.163758       9.982597      12.146354       0.004082       3.118367       1.000000       4.425492       0.000001           66
       102        51.0000       5       2       1.953810      10.196017      12.149827       0.004023       3.435753       1.000000       4.485854       0.000001           60
       103        51.5000       5       2       1.774174      10.381898      12.156073       0.003961       3.834290       1.000000       4.555953       0.000001           63
       104        52.0000       5       2       1.711066      10.447769      12.158835       0.003846       4.052751       1.000000       4.632229       0.000001           59
       105        52.5000       5       2       1.798540      10.355327      12.153868       0.003540       3.908373       1.000000       4.687240       0.000001           61
       106        53.0000       5       2       1.972164      10.174014      12.146178       0.003307       3.522383       1.000000       4.684616       0.000002           63
       107        53.5000       5       2       2.126139      10.015199      12.141338       0.003308       3.105727       1.000000       4.584764       0.000002           69
       108        54.0000       5       2       2.188586       9.951873      12.140459       0.003339       2.765758       1.000000       4.314130       0.000003           59
       109        54.5000       5       2       2.150731       9.958387      12.109118       0.003346       2.756393       1.000000       4.383156       0.000004           61
       110        55.0000       5       2       2.063735      10.047607      12.111342       0.003385       2.662460       1.000000       4.225746       0.000005           62
       111        55.5000       5       2       1.978286      10.134630      12.112915       0.003491       2.590142       1.000000       4.058757       0.000006           70
       112        56.0000       5       2       1.917087      10.196851      12.113938       0.003603       2.551477       1.000000       3.899932       0.000007           57
       113        56.5000       5       2       1.895665      10.218877      12.114542       0.003683       2.544225       1.000000       3.751688       0.000008           59
       114        57.0000       5       2       1.923974      10.190834      12.114808       0.003733       2.557963       1.000000       3.608603       0.000009           61
       115        57.5000       5       2       2.007420      10.107369      12.114789       0.003786       2.583693       1.000000       3.463822       0.000009           84
       116        58.0000       5       2       2.147978       9.966643      12.114621       0.003847       2.620673       1.000000       3.311839       0.000008           55
       117        58.5000       5       2       2.346241       9.768271      12.114512       0.003916       2.675949       1.000000       3.150061       0.000007           62
       118        59.0000       5       2       2.603762       9.510695      12.114457       0.004005       2.750628       1.000000       2.981405       0.000007           59
       119        59.5000       5       2       2.921252       9.192422      12.113675       0.004097       2.817181       1.000000       2.816609       0.000006           64
       120        60.0000       5       2       3.286241       8.824334      12.110576       0.004124       2.825720       1.000000       2.671426       0.000006           61
       121        60.5000       5       2       3.653430       8.450966      12.104396       0.004085       2.765779       1.000000       2.557932       0.000006           60
       122        61.0000       5       2       3.940459       8.156970      12.097429       0.004024       2.751693       1.000000       2.477540       0.000006           62
       123        61.5000       5       2       4.065001       8.029965      12.094966       0.003963       2.998648       1.000000       2.421373       0.000006           60
       124        62.0000       5       2       4.016728       8.084559      12.101287       0.003923       3.546077       1.000000       2.375270       0.000006           57
       125        62.5000       5       2       3.902312       8.209981      12.112293       0.003935       4.057976       1.000000       2.325199       0.000006           54
       126        63.0000       5       2       3.875576       8.239983      12.115559       0.004032       4.099589       1.000000       2.261159       0.000006           60
       127        63.5000       5       2       3.982583       8.124784      12.107367       0.004180       3.565723       1.000000       2.178781       0.000006           59
       128        64.0000       5       2       4.117673       7.980548      12.098221       0.004290       2.784632       1.000000       2.078582       0.000006           70
       129        64.5000       5       2       4.147970       7.947937      12.095907       0.004373       2.239922       1.000000       1.964313       0.000006           56
       130        65.0000       5       2       4.026433       8.073160      12.099593       0.004467       2.219962       1.000000       1.841583       0.000006           61
       131        65.5000       5       2       3.797892       8.307941      12.105833       0.004562       2.607933       1.000000       1.715772       0.000005           62
       132        66.0000       5       2       3.587871       8.818949      12.406819       0.004612       3.127227       1.000000       1.008846       0.000005           64
       133        66.5000       5       2       3.520493       8.891376      12.411868       0.004566       3.545085       1.000000       0.936472       0.000005           62
       134        67.0000       5       2       3.649321       8.761522      12.410843       0.004402       3.842691       1.000000       1.172832       0.000005           58
       135        67.5000       5       2       3.958155       8.442912      12.401067       0.004128       4.108650       1.000000       1.832946       0.000007           58
       136        68.0000       5       2       4.301118       7.970280      12.271398       0.004060       4.376274       1.000000       2.101121       0.000001           60
       137        68.5000       5       2       4.565394       7.703589      12.268983       0.004207       4.571897       1.000000       2.121136       0.000004           63
       138        69.0000       5       2       4.743997       7.525876      12.269873       0.004508       4.658021       1.000000       2.087383       0.000006           59
       139        69.5000       5       2       4.832432       7.439202      12.271634       0.004859       4.649228       1.000000       2.090769       0.000005           63
       140        70.0000       5       2       4.843005       7.430595      12.273600       0.005134       4.539858       1.000000       2.147448       0.000003           65
       141        70.5000       5       2       4.790645       7.483731      12.274376       0.005425       4.266052       1.000000       2.241102       0.000002           56
       142        71.0000       5       2       4.665990       7.600455      12.266445       0.005557       3.299628       1.000000       2.353020       0.000002           63
       143        71.5000       5       2       4.482361       7.993151      12.475512       0.005659       3.751477       1.000000       2.407712       0.000001           53
       144        72.0000       5       2       4.249916       8.224963      12.474878       0.005705       3.410955       1.000000       2.498725       0.000001           55
       145        72.5000       5       2       3.961464       8.514631      12.476095       0.005715       3.304762       1.000000       2.602990       0.000001           54
       146        73.0000       5       2       3.670184       8.814194      12.484378       0.005786       3.417757       1.000000       2.707150       0.000002           57
       147        73.5000       5       2       3.483505       9.006362      12.489868       0.005981       3.449906       1.000000       2.796681       0.000002           54
       148        74.0000       5       2       3.472116       9.015081      12.487197       0.006212       3.239540       1.000000       2.860503       0.000003           59
       149        74.5000       5       2       3.599564       8.881098      12.480662       0.006265       2.887559       1.000000       2.887313       0.000003           59
       150        75.0000       5       2       3.770952       8.705793      12.476745       0.006230       2.609334       1.000000       2.868684       0.000004           54
       151        75.5000       5       2       3.917624       8.559171      12.476794       0.006367       2.478115       1.000000       2.800752       0.000004           66
       152        76.0000       5       2       4.025383       8.453740      12.479123       0.006902       2.404762       1.000000       2.684393       0.000005           58
       153        76.5000       5       2       4.117172       8.365348      12.482520       0.007306       2.308126       1.000000       2.531765       0.000006           69
       154        77.0000       5       2       4.156749       8.311893      12.468642       0.007415       2.594865       1.000000       2.365125       0.000009           71
       155        77.5000       5       2       4.106270       8.366197      12.472468       0.007468       2.752159       1.000000       2.177837       0.000017           58
       156        78.0000       5       2       3.957916       8.494586      12.452502       0.007396       2.891291       1.000000       2.483772       0.000075           53
# Surface Hop/Pointer State Switch: new state=      4 old state=      5 randnum=  0.528489824 gap= -0.262683 eV
       157        78.5000       4       1       3.822088       8.630414      12.452502       0.007539       3.454306       1.000000       1.724819       0.000065           63
       158        79.0000       4       1       3.693474       8.765416      12.458890       0.007566       3.809941       1.000000       1.521374       0.000470           55
       159        79.5000       4       1       3.716661       8.745566      12.462227       0.007606       3.995381       1.000000       1.371541       0.000048           54
       160        80.0000       4       1       3.936869       8.522108      12.458977       0.007665       3.873120       1.000000       1.275887       0.000171           57
       161        80.5000       4       1       4.289355       8.140933      12.430288       0.007695       3.475685       1.000000       1.350839       0.650074           58
       162        81.0000       4       1       4.714181       7.924127      12.638308       0.007531       3.448963       1.000000       1.002296       0.000310           52
# Surface Hop/Pointer State Switch: new state=      1 old state=      4 randnum=  0.366523424 gap= -0.094627 eV
       163        81.5000       1       1       5.187835       7.450473      12.638308       0.007447       3.213347       1.000000       1.073673       0.000217           59
       164        82.0000       1       1       5.644779       6.992344      12.637122       0.007550       2.994945       1.000000       1.182688       0.000020           58
       165        82.5000       1       1       6.071064       6.564466      12.635529       0.007557       2.783951       1.000000       1.306198       0.000006           53
       166        83.0000       1       1       6.441721       6.192016      12.633737       0.007524       2.603865       1.000000       1.425361       0.000003           57
       167        83.5000       1       1       6.729757       5.902812      12.632570       0.007495       2.508712       1.000000       1.525253       0.000002           58
       168        84.0000       1       1       6.916531       5.716187      12.632718       0.007481       2.529915       1.000000       1.597269       0.000001           57
       169        84.5000       1       1       7.000839       5.633147      12.633986       0.007488       2.635573       1.000000       1.640987       0.000001           60
       170        85.0000       1       1       6.998280       5.637167      12.635447       0.007513       2.762321       1.000000       1.661647       0.000001           57
       171        85.5000       1       1       6.931129       5.705116      12.636245       0.007607       2.869706       1.000000       1.665397       0.000001           58
       172        86.0000       1       1       6.815316       5.820531      12.635847       0.007687       2.947078       1.000000       1.657742       0.000001           55
       173        86.5000       1       1       6.651104       5.983197      12.634301       0.007823       2.998833       1.000000       1.644377       0.000001           60
       174        87.0000       1       1       6.423176       6.209479      12.632656       0.008087       3.054330       1.000000       1.631579       0.000002           56
       175        87.5000       1       1       6.115064       6.517679      12.632743       0.008311       3.170546       1.000000       1.626684       0.000004           57
       176        88.0000       1       1       5.734732       6.901370      12.636102       0.008443       3.378450       1.000000       1.638678       0.000007           60
       177        88.5000       1       1       5.333234       7.308574      12.641807       0.008544       3.600423       1.000000       1.677650       0.000027           55
# Surface Hop/Pointer State Switch: new state=      4 old state=      1 randnum=  0.387634266 gap=  0.001399 eV
       178        89.0000       4       1       4.984453       7.657355      12.641807       0.008496       3.660522       1.000000       1.740290       0.068691           61
       179        89.5000       4       1       4.747073       7.894722      12.641794       0.008758       3.508510       1.000000       1.866303       0.000030           66
       180        90.0000       4       1       4.602913       8.035103      12.638017       0.009048       3.220201       1.000000       2.015742       0.000009           60
       181        90.5000       4       1       4.504483       8.131324      12.635807       0.009380       3.011607       1.000000       2.190009       0.000005           53
       182        91.0000       4       1       4.419260       8.217002      12.636262       0.009727       2.983248       1.000000       2.375446       0.000003           60
       183        91.5000       4       1       4.349956       8.288100      12.638056       0.010086       3.086688       1.000000       2.559379       0.000002           61
       184        92.0000       4       1       4.320034       8.319729      12.639763       0.010405       3.235971       1.000000       2.731325       0.000002           85
       185        92.5000       4       1       4.353095       8.287426      12.640521       0.010467       3.372502       1.000000       2.882337       0.000002           57
       186        93.0000       4       1       4.459318       8.180568      12.639886       0.010475       3.462420       1.000000       3.005438       0.000002           61
       187        93.5000       4       1       4.628565       8.009159      12.637724       0.010585       3.487124       1.000000       3.097639       0.000002           69
       188        94.0000       4       1       4.828257       7.805920      12.634177       0.010635       3.439182       1.000000       3.161512       0.000002           77
       189        94.5000       4       1       5.005735       7.623973      12.629708       0.010636       3.325292       1.000000       3.204583       0.000002           69
       190        95.0000       4       1       5.095738       7.529390      12.625128       0.010607       3.184596       1.000000       3.235351       0.000002           55
       191        95.5000       4       1       5.032388       7.465790      12.498178       0.010518       2.836850       1.000000       2.958120       0.000004           56
       192        96.0000       4       1       4.753796       7.743744      12.497540       0.010367       2.879113       1.000000       3.010265       0.000003           56
# Surface Hop/Pointer State Switch: new state=      5 old state=      4 randnum=  0.745972428 gap=  0.034184 eV
       193        96.5000       5       2       4.261641       8.235899      12.497540       0.010142       3.313908       1.000000       3.041380       0.000003           54
       194        97.0000       5       2       3.684395       8.824235      12.508630       0.010067       4.217804       1.000000       3.189787       0.000002           73
       195        97.5000       5       2       3.296202       9.243026      12.539228       0.009914       4.487263       1.000000       3.283902       0.000002           59
       196        98.0000       5       2       3.251745       9.265985      12.517730       0.009777       3.702132       1.000000       3.309680       0.000002           56
       197        98.5000       5       2       3.371856       9.132741      12.504598       0.009631       2.866865       1.000000       3.346735       0.000002           58
       198        99.0000       5       2       3.442738       9.059768      12.502506       0.009469       2.368093       1.000000       3.419349       0.000002           59
       199        99.5000       5       2       3.400795       9.104533      12.505328       0.009531       2.205295       1.000000       3.518614       0.000002           52
       200       100.0000       5       2       3.268415       9.240712      12.509127       0.009882       2.198909       1.000000       3.625143       0.000002           60
