2026-07-27 13:13:42.253975 midway3-0545.rcc.local /project/lgagliardi/helenclifford/practice_rcc/sharc4/methaniminium/tutorial_reproduction/init/ICOND_00005
  ============================================================================
||                                                                            ||
||                         SHARC - MOLCAS - Interface                         ||
||                                                                            ||
||       Authors: Sascha Mausenberger, Lorenz Grünewald, Sebastian Mai        ||
||                                                                            ||
||                                Version: 4.0                                ||
||                              Date: 29.08.2023                              ||
||                                                                            ||
  ============================================================================
SAVEDIR set to ./SAVE/
Scratchdir set to /scratch/midway3/helenclifford/sharc_scratch/methaniminium_tutorial/init/ICOND_00005
WARNING: 'no-douglas-kroll' not in template keywords: paddingstates, density_calculation_methods, tCI, basis, baslib, basis_per_element, basis_per_atom, nactel, ras1, ras2, ras3, inactive, roots, origin, origin_pos, isotope_elements, isotope_masses, method, functional, ipea, cort_or_dort, imaginary, frozen, gradaccudefault, gradaccumax, pcmset, pcmstate, iterations, cholesky_accu, rasscf_thrs, rasscf_levshift, rasscf_sxdamp, rasscf_noqune, rasscf_convergence_mults, rasscf_guess_jobiph, rasscf_guess_mult, rasscf_guess_step, mclr_iterations, mclr_cgs
WARNING: 'cholesky' not in template keywords: paddingstates, density_calculation_methods, tCI, basis, baslib, basis_per_element, basis_per_atom, nactel, ras1, ras2, ras3, inactive, roots, origin, origin_pos, isotope_elements, isotope_masses, method, functional, ipea, cort_or_dort, imaginary, frozen, gradaccudefault, gradaccumax, pcmset, pcmstate, iterations, cholesky_accu, rasscf_thrs, rasscf_levshift, rasscf_sxdamp, rasscf_noqune, rasscf_convergence_mults, rasscf_guess_jobiph, rasscf_guess_mult, rasscf_guess_step, mclr_iterations, mclr_cgs
paddingstates not specified setting default, [0, 0, 0]
Interface: 

Molecule: 
comment: Initial condition ICOND_00005/

natom: 6
elements: ['C', 'N', 'H', 'H', 'H', 'H']
unit: bohr
factor: 1.0
states: [4, 0, 3]
charge: [1, 0, 1]
nstates: 7
nmstates: 13
point_charges: False
npc: 0
Atomcharge: 17
frozcore: 2
Ubasis: [[      0.0       0.0]
 [      0.0       0.0]]
mol: None

Coords: 
coords: [[-0.00825724  0.04004018  0.01322081]
 [ 0.0147549 -0.05198834  2.504809]
 [ 1.706029 -0.2114314 -0.4364013]
 [ 1.672204  0.344475  3.118298]
 [-1.745642  0.1051138  3.469431]
 [-1.739283  0.00751839 -0.9131635]]
pccoords: None
pccharge: None
veloc: None

Save: 
savedir: /project/lgagliardi/helenclifford/practice_rcc/sharc4/methaniminium/tutorial_reproduction/init/ICOND_00005/SAVE
step: 1
previous_step: None
init: False
newstep: True
samestep: False
always_guess: False
always_orb_init: False
restart: False

Requests: 
h: True
soc: True
dm: True
mdeqm: False
grad: None
nacdr: None
overlap: True
phases: False
ion: False
socdr: False
dmdr: False
multipolar_fit: None
theodore: False
cleanup: False
retain: 5
molden: False
savestuff: False
nooverlap: False
mol: False
density_matrices: None
dyson_orbitals: None

Maps: 
statemap: {1: [1, 1, 0.0], 2: [1, 2, 0.0], 3: [1, 3, 0.0], 4: [1, 4, 0.0], 5: [3, 1, -1.0], 6: [3, 2, -1.0], 7: [3, 3, -1.0], 8: [3, 1, 0.0], 9: [3, 2, 0.0], 10: [3, 3, 0.0], 11: [3, 1, 1.0], 12: [3, 2, 1.0], 13: [3, 3, 1.0]}
mults: None
gsmap: None
gradmap: None
nacmap: None
densmap: None
ionmap: None
chargemap: {1: 1, 2: 0, 3: 1}
multmap: {0: (0, 0, 0), 1: (0, 0, 1), 2: (0, 0, 2), 3: (0, 0, 3), 4: (2, 1.0, 0), 5: (2, 0.0, 0), 6: (2, -1.0, 0), 7: (2, 1.0, 1), 8: (2, 0.0, 1), 9: (2, -1.0, 1), 10: (2, 1.0, 2), 11: (2, 0.0, 2), 12: (2, -1.0, 2)}

Resources: 
pwd: /project/lgagliardi/helenclifford/practice_rcc/sharc4/methaniminium/tutorial_reproduction/init/ICOND_00005
cwd: /project/lgagliardi/helenclifford/practice_rcc/sharc4/methaniminium/tutorial_reproduction/init/ICOND_00005
scratchdir: /scratch/midway3/helenclifford/sharc_scratch/methaniminium_tutorial/init/ICOND_00005
ncpu: 1
ngpu: None
memory: 500
delay: 0.0
theodir: None
theodore_prop: []
theodore_fragment: []
wfoverlap: /home/helenclifford/project-lgagliardi/practice_rcc/sharc4/bin/wfoverlap.x
wfthres: 0.998
wfnumocc: None
resp_shells: []
resp_vdw_radii_symbol: {}
resp_vdw_radii: []
resp_betas: [0.0005, 0.0015, 0.003]
resp_layers: 4
resp_first_layer: 1.4
resp_density: 10.0
resp_fit_order: 2
resp_mk_radii: True
resp_grid: lebedev
resp_target: zero
resp_block_size: 5000
resp_nuke_ram: False
molcas: /project/lgagliardi/shared/Apps/OpenMolcas/builds/parallel
mpi_parallel: False
dry_run: False
driver: /project/lgagliardi/shared/Apps/OpenMolcas/builds/parallel/pymolcas

Template: 
paddingstates: [0, 0, 0]
density_calculation_methods: []
tCI: 1e-07
basis: cc-pVDZ
baslib: None
basis_per_element: None
basis_per_atom: None
nactel: [7, 0, 0]
ras1: None
ras2: 4
ras3: None
inactive: 5
roots: [4, 0, 3]
origin: none
origin_pos: [0.0, 0.0, 0.0]
isotope_elements: []
isotope_masses: []
method: casscf
functional: t:pbe
ipea: 0.25
cort_or_dort: CORT
imaginary: 0.0
frozen: None
gradaccudefault: 0.0001
gradaccumax: 0.001
pcmset: None
pcmstate: None
iterations: [200, 100]
cholesky_accu: 0.0001
rasscf_thrs: [1e-08, 0.0001, 0.0001]
rasscf_levshift: None
rasscf_sxdamp: None
rasscf_noqune: False
rasscf_convergence_mults: []
rasscf_guess_jobiph: None
rasscf_guess_mult: 0
rasscf_guess_step: -1
mclr_iterations: 200
mclr_cgs: False

Scheduling: 

Control: 
jobid: None
workdir: None
master: False
gradonly: False
densonly: False
states_to_do: [4, 0, 3]
jobs: None
nslots_pool: []

Starting job execution
['gateway']
['seward']
['copy', '/project/lgagliardi/helenclifford/practice_rcc/sharc4/methaniminium/tutorial_reproduction/init/ICOND_00005/SAVE/MOLCAS.1.JobIph.0', 'JOBOLD']
['rasscf', 1, 4, True, False]
['copy', 'MOLCAS.rasscf.h5', 'MOLCAS.1.rasscf.h5']
['copy', 'MOLCAS.JobIph', 'MOLCAS.1.JobIph']
['copy', '/project/lgagliardi/helenclifford/practice_rcc/sharc4/methaniminium/tutorial_reproduction/init/ICOND_00005/SAVE/MOLCAS.3.JobIph.0', 'JOBOLD']
['rasscf', 3, 3, True, False]
['copy', 'MOLCAS.rasscf.h5', 'MOLCAS.3.rasscf.h5']
['copy', 'MOLCAS.JobIph', 'MOLCAS.3.JobIph']
['link', 'MOLCAS.1.JobIph', 'JOB001']
['rassi', 'dm', [4]]
['copy', 'MOLCAS.rassi.h5', 'MOLCAS.rassi.1.h5']
['link', 'MOLCAS.3.JobIph', 'JOB001']
['rassi', 'dm', [3]]
['copy', 'MOLCAS.rassi.h5', 'MOLCAS.rassi.3.h5']
['copy', '/project/lgagliardi/helenclifford/practice_rcc/sharc4/methaniminium/tutorial_reproduction/init/ICOND_00005/SAVE/MOLCAS.1.JobIph.0', 'JOB001']
['link', 'MOLCAS.1.JobIph', 'JOB002']
['rassi', 'overlap', [4, 4]]
['copy', 'MOLCAS.rassi.h5', 'MOLCAS.rassi.ovlp.1.h5']
['copy', '/project/lgagliardi/helenclifford/practice_rcc/sharc4/methaniminium/tutorial_reproduction/init/ICOND_00005/SAVE/MOLCAS.3.JobIph.0', 'JOB001']
['link', 'MOLCAS.3.JobIph', 'JOB002']
['rassi', 'overlap', [3, 3]]
['copy', 'MOLCAS.rassi.h5', 'MOLCAS.rassi.ovlp.3.h5']
['link', 'MOLCAS.1.JobIph', 'JOB001']
['link', 'MOLCAS.3.JobIph', 'JOB002']
['rassi', 'soc', [4, 3]]
All jobs finished:
job: master          code: 0    runtime: 0:00:16.683157

===> Results:

=> Hamiltonian Matrix:
Diagonal Shift:    -94.00
Real Part:
---------------------------------------------------------------------------------------------------------------------------------------------------
|-3.655e-01                                  | 4.818e-07 -3.794e-06 -1.615e-06 |                                 | 4.818e-07 -3.794e-06 -1.615e-06 |
|           -1.450e-02                       |-2.501e-06 -1.917e-05  1.983e-05 |                                 |-2.501e-06 -1.917e-05  1.983e-05 |
|                       6.474e-03            |-7.753e-06  1.217e-05  3.433e-05 |                                 |-7.753e-06  1.217e-05  3.433e-05 |
|                                  2.851e-02 |-3.384e-06  3.245e-05  1.702e-06 |                                 |-3.384e-06  3.245e-05  1.702e-06 |
---------------------------------------------------------------------------------------------------------------------------------------------------
| 4.818e-07 -2.501e-06 -7.753e-06 -3.384e-06 |-1.889e-01                       |-1.742e-22 -8.193e-06  3.466e-06 |                                 |
|-3.794e-06 -1.917e-05  1.217e-05  3.245e-05 |           -2.755e-02            | 8.193e-06 -2.250e-21 -4.073e-05 |                                 |
|-1.615e-06  1.983e-05  3.433e-05  1.702e-06 |                      -9.003e-03 |-3.466e-06  4.073e-05  1.612e-22 |                                 |
---------------------------------------------------------------------------------------------------------------------------------------------------
|                                            | 1.742e-22  8.193e-06 -3.466e-06 |-1.889e-01                       |-1.742e-22 -8.193e-06  3.466e-06 |
|                                            |-8.193e-06  2.250e-21  4.073e-05 |           -2.755e-02            | 8.193e-06 -2.250e-21 -4.073e-05 |
|                                            | 3.466e-06 -4.073e-05 -1.612e-22 |                      -9.003e-03 |-3.466e-06  4.073e-05  1.612e-22 |
---------------------------------------------------------------------------------------------------------------------------------------------------
| 4.818e-07 -2.501e-06 -7.753e-06 -3.384e-06 |                                 | 1.742e-22  8.193e-06 -3.466e-06 |-1.889e-01                       |
|-3.794e-06 -1.917e-05  1.217e-05  3.245e-05 |                                 |-8.193e-06  2.250e-21  4.073e-05 |           -2.755e-02            |
|-1.615e-06  1.983e-05  3.433e-05  1.702e-06 |                                 | 3.466e-06 -4.073e-05 -1.612e-22 |                      -9.003e-03 |
---------------------------------------------------------------------------------------------------------------------------------------------------

Imaginary Part:
---------------------------------------------------------------------------------------------------------------------------------------------------
|                                            |-1.445e-06 -7.240e-05  6.090e-05 |-8.601e-06  6.150e-05  7.069e-05 | 1.445e-06  7.240e-05 -6.090e-05 |
|                                            |-8.109e-06 -1.478e-05  1.006e-05 | 1.194e-05  4.799e-06  1.278e-05 | 8.109e-06  1.478e-05 -1.006e-05 |
|                                            |-4.668e-05  6.779e-06 -9.212e-06 | 2.932e-06 -2.926e-06 -4.735e-06 | 4.668e-05 -6.779e-06  9.212e-06 |
|                                            |-2.929e-05 -1.010e-05  3.371e-06 |-6.499e-06  3.551e-06  4.425e-06 | 2.929e-05  1.010e-05 -3.371e-06 |
---------------------------------------------------------------------------------------------------------------------------------------------------
| 1.445e-06  8.109e-06  4.668e-05  2.929e-05 |            1.336e-05  1.753e-05 | 1.387e-21  4.284e-05 -3.135e-05 |                                 |
| 7.240e-05  1.478e-05 -6.779e-06  1.010e-05 |-1.336e-05            -2.155e-06 |-4.284e-05 -4.483e-23 -4.493e-06 |                                 |
|-6.090e-05 -1.006e-05  9.212e-06 -3.371e-06 |-1.753e-05  2.155e-06            | 3.135e-05  4.493e-06 -5.014e-22 |                                 |
---------------------------------------------------------------------------------------------------------------------------------------------------
| 8.601e-06 -1.194e-05 -2.932e-06  6.499e-06 | 1.387e-21  4.284e-05 -3.135e-05 |                                 | 1.387e-21  4.284e-05 -3.135e-05 |
|-6.150e-05 -4.799e-06  2.926e-06 -3.551e-06 |-4.284e-05 -4.483e-23 -4.493e-06 |                                 |-4.284e-05 -4.483e-23 -4.493e-06 |
|-7.069e-05 -1.278e-05  4.735e-06 -4.425e-06 | 3.135e-05  4.493e-06 -5.014e-22 |                                 | 3.135e-05  4.493e-06 -5.014e-22 |
---------------------------------------------------------------------------------------------------------------------------------------------------
|-1.445e-06 -8.109e-06 -4.668e-05 -2.929e-05 |                                 | 1.387e-21  4.284e-05 -3.135e-05 |           -1.336e-05 -1.753e-05 |
|-7.240e-05 -1.478e-05  6.779e-06 -1.010e-05 |                                 |-4.284e-05 -4.483e-23 -4.493e-06 | 1.336e-05             2.155e-06 |
| 6.090e-05  1.006e-05 -9.212e-06  3.371e-06 |                                 | 3.135e-05  4.493e-06 -5.014e-22 | 1.753e-05 -2.155e-06            |
---------------------------------------------------------------------------------------------------------------------------------------------------


=> Dipole Moment Matrices:

Polarisation X:
Real Part:
---------------------------------------------------------------------------------------------------------------------------------------------------
|-9.570e-02  9.841e-03  3.328e-04  1.030e-02 |                                 |                                 |                                 |
| 9.841e-03 -1.268e-01  8.132e-02  1.049e-01 |                                 |                                 |                                 |
| 3.328e-04  8.132e-02  3.129e-03 -8.022e-02 |                                 |                                 |                                 |
| 1.030e-02  1.049e-01 -8.022e-02 -3.605e-01 |                                 |                                 |                                 |
---------------------------------------------------------------------------------------------------------------------------------------------------
|                                            |-8.421e-02 -1.550e-02  1.678e-02 |                                 |                                 |
|                                            |-1.550e-02  5.905e-02 -5.216e-03 |                                 |                                 |
|                                            | 1.678e-02 -5.216e-03 -4.576e-01 |                                 |                                 |
---------------------------------------------------------------------------------------------------------------------------------------------------
|                                            |                                 |-8.421e-02 -1.550e-02  1.678e-02 |                                 |
|                                            |                                 |-1.550e-02  5.905e-02 -5.216e-03 |                                 |
|                                            |                                 | 1.678e-02 -5.216e-03 -4.576e-01 |                                 |
---------------------------------------------------------------------------------------------------------------------------------------------------
|                                            |                                 |                                 |-8.421e-02 -1.550e-02  1.678e-02 |
|                                            |                                 |                                 |-1.550e-02  5.905e-02 -5.216e-03 |
|                                            |                                 |                                 | 1.678e-02 -5.216e-03 -4.576e-01 |
---------------------------------------------------------------------------------------------------------------------------------------------------

Polarisation Y:
Real Part:
---------------------------------------------------------------------------------------------------------------------------------------------------
| 1.612e-01 -1.179e-01  4.091e-03 -1.844e-01 |                                 |                                 |                                 |
|-1.179e-01  1.499e-01 -9.824e-03  6.723e-02 |                                 |                                 |                                 |
| 4.091e-03 -9.824e-03  1.005e-01  2.392e-02 |                                 |                                 |                                 |
|-1.844e-01  6.723e-02  2.392e-02  1.748e-01 |                                 |                                 |                                 |
---------------------------------------------------------------------------------------------------------------------------------------------------
|                                            | 5.943e-02 -1.472e-02  3.207e-02 |                                 |                                 |
|                                            |-1.472e-02  1.192e-01 -2.802e-02 |                                 |                                 |
|                                            | 3.207e-02 -2.802e-02  1.652e-01 |                                 |                                 |
---------------------------------------------------------------------------------------------------------------------------------------------------
|                                            |                                 | 5.943e-02 -1.472e-02  3.207e-02 |                                 |
|                                            |                                 |-1.472e-02  1.192e-01 -2.802e-02 |                                 |
|                                            |                                 | 3.207e-02 -2.802e-02  1.652e-01 |                                 |
---------------------------------------------------------------------------------------------------------------------------------------------------
|                                            |                                 |                                 | 5.943e-02 -1.472e-02  3.207e-02 |
|                                            |                                 |                                 |-1.472e-02  1.192e-01 -2.802e-02 |
|                                            |                                 |                                 | 3.207e-02 -2.802e-02  1.652e-01 |
---------------------------------------------------------------------------------------------------------------------------------------------------

Polarisation Z:
Real Part:
---------------------------------------------------------------------------------------------------------------------------------------------------
| 1.885e-01  1.090e+00 -5.579e-01  6.666e-01 |                                 |                                 |                                 |
| 1.090e+00 -1.564e-01  6.151e-02  1.088e-01 |                                 |                                 |                                 |
|-5.579e-01  6.151e-02  2.629e-01  1.854e-01 |                                 |                                 |                                 |
| 6.666e-01  1.088e-01  1.854e-01 -1.470e-01 |                                 |                                 |                                 |
---------------------------------------------------------------------------------------------------------------------------------------------------
|                                            | 1.063e+00  7.604e-02  7.310e-02 |                                 |                                 |
|                                            | 7.604e-02  1.555e-01 -1.909e-01 |                                 |                                 |
|                                            | 7.310e-02 -1.909e-01 -2.224e-01 |                                 |                                 |
---------------------------------------------------------------------------------------------------------------------------------------------------
|                                            |                                 | 1.063e+00  7.604e-02  7.310e-02 |                                 |
|                                            |                                 | 7.604e-02  1.555e-01 -1.909e-01 |                                 |
|                                            |                                 | 7.310e-02 -1.909e-01 -2.224e-01 |                                 |
---------------------------------------------------------------------------------------------------------------------------------------------------
|                                            |                                 |                                 | 1.063e+00  7.604e-02  7.310e-02 |
|                                            |                                 |                                 | 7.604e-02  1.555e-01 -1.909e-01 |
|                                            |                                 |                                 | 7.310e-02 -1.909e-01 -2.224e-01 |
---------------------------------------------------------------------------------------------------------------------------------------------------


=> Overlap matrix:

Real Part:
---------------------------------------------------------------------------------------------------------------------------------------------------
| 9.752e-01  3.980e-03  2.044e-02 -8.731e-03 |                                 |                                 |                                 |
| 3.862e-02 -6.063e-01 -3.896e-01  6.474e-01 |                                 |                                 |                                 |
| 1.029e-02  7.830e-01 -4.078e-01  4.623e-01 |                                 |                                 |                                 |
|-3.960e-02  8.334e-02  8.289e-01  5.690e-01 |                                 |                                 |                                 |
---------------------------------------------------------------------------------------------------------------------------------------------------
|                                            | 9.892e-01  4.392e-02  8.874e-02 |                                 |                                 |
|                                            |-1.212e-01  6.356e-01  7.172e-01 |                                 |                                 |
|                                            |-3.223e-02 -7.517e-01  6.580e-01 |                                 |                                 |
---------------------------------------------------------------------------------------------------------------------------------------------------
|                                            |                                 | 9.892e-01  4.392e-02  8.874e-02 |                                 |
|                                            |                                 |-1.212e-01  6.356e-01  7.172e-01 |                                 |
|                                            |                                 |-3.223e-02 -7.517e-01  6.580e-01 |                                 |
---------------------------------------------------------------------------------------------------------------------------------------------------
|                                            |                                 |                                 | 9.892e-01  4.392e-02  8.874e-02 |
|                                            |                                 |                                 |-1.212e-01  6.356e-01  7.172e-01 |
|                                            |                                 |                                 |-3.223e-02 -7.517e-01  6.580e-01 |
---------------------------------------------------------------------------------------------------------------------------------------------------



==> Runtime:	0 Days	0 Hours	0 Minutes	18.706743 Seconds


===> Writing output to file QM.out in SHARC Format

