2026-07-22 14:19:49.857257 midway3-0561.rcc.local /project/lgagliardi/helenclifford/practice_rcc/sharc4/methaniminium/init_vertical/ICOND_00017
  ============================================================================
||                                                                            ||
||                         SHARC - MOLCAS - Interface                         ||
||                                                                            ||
||       Authors: Sascha Mausenberger, Lorenz Grünewald, Sebastian Mai        ||
||                                                                            ||
||                                Version: 4.0                                ||
||                              Date: 29.08.2023                              ||
||                                                                            ||
  ============================================================================
SAVEDIR set to ./SAVE/
Found env variable ncpu=1, resources["ncpu"] set to 1
Scratchdir set to /scratch/midway3/helenclifford/sharc_scratch/methaniminium/init_vertical/ICOND_00017
WARNING: 'no-douglas-kroll' not in template keywords: paddingstates, density_calculation_methods, tCI, basis, baslib, basis_per_element, basis_per_atom, nactel, ras1, ras2, ras3, inactive, roots, origin, origin_pos, isotope_elements, isotope_masses, method, functional, ipea, cort_or_dort, imaginary, frozen, gradaccudefault, gradaccumax, pcmset, pcmstate, iterations, cholesky_accu, rasscf_thrs
WARNING: 'cholesky' not in template keywords: paddingstates, density_calculation_methods, tCI, basis, baslib, basis_per_element, basis_per_atom, nactel, ras1, ras2, ras3, inactive, roots, origin, origin_pos, isotope_elements, isotope_masses, method, functional, ipea, cort_or_dort, imaginary, frozen, gradaccudefault, gradaccumax, pcmset, pcmstate, iterations, cholesky_accu, rasscf_thrs
paddingstates not specified setting default, [0, 0, 0]
Interface: 

Molecule: 
comment: Initial condition ICOND_00017/

natom: 6
elements: ['C', 'N', 'H', 'H', 'H', 'H']
unit: bohr
factor: 1.0
states: [4, 0, 3]
charge: [1, 1, 1]
nstates: 7
nmstates: 13
point_charges: False
npc: 0
Atomcharge: 17
frozcore: 2
Ubasis: [[      0.0       0.0]
 [      0.0       0.0]]
mol: None

Coords: 
coords: [[-0.02044416  0.04965448  0.04360394]
 [-0.00796331 -0.02164224  2.492188]
 [ 1.540041 -0.3426352 -0.8598032]
 [ 1.646714  0.2104851  3.423542]
 [-1.468302 -0.1130724  3.615854]
 [-1.364383 -0.04529998 -1.130943]]
pccoords: None
pccharge: None
veloc: None

Save: 
savedir: /project/lgagliardi/helenclifford/practice_rcc/sharc4/methaniminium/init_vertical/ICOND_00017/SAVE
step: 1
previous_step: None
init: False
newstep: True
samestep: False
always_guess: False
always_orb_init: False
restart: False

Requests: 
h: True
soc: True
dm: True
mdeqm: False
grad: None
nacdr: None
overlap: True
phases: False
ion: False
socdr: False
dmdr: False
multipolar_fit: None
theodore: False
cleanup: False
retain: 5
molden: False
savestuff: False
nooverlap: False
mol: False
density_matrices: None
dyson_orbitals: None

Maps: 
statemap: {1: [1, 1, 0.0], 2: [1, 2, 0.0], 3: [1, 3, 0.0], 4: [1, 4, 0.0], 5: [3, 1, -1.0], 6: [3, 2, -1.0], 7: [3, 3, -1.0], 8: [3, 1, 0.0], 9: [3, 2, 0.0], 10: [3, 3, 0.0], 11: [3, 1, 1.0], 12: [3, 2, 1.0], 13: [3, 3, 1.0]}
mults: None
gsmap: None
gradmap: None
nacmap: None
densmap: None
ionmap: None
chargemap: {1: 1, 2: 1, 3: 1}
multmap: {0: (0, 0, 0), 1: (0, 0, 1), 2: (0, 0, 2), 3: (0, 0, 3), 4: (2, 1.0, 0), 5: (2, 0.0, 0), 6: (2, -1.0, 0), 7: (2, 1.0, 1), 8: (2, 0.0, 1), 9: (2, -1.0, 1), 10: (2, 1.0, 2), 11: (2, 0.0, 2), 12: (2, -1.0, 2)}

Resources: 
pwd: /project/lgagliardi/helenclifford/practice_rcc/sharc4/methaniminium/init_vertical/ICOND_00017
cwd: /project/lgagliardi/helenclifford/practice_rcc/sharc4/methaniminium/init_vertical/ICOND_00017
scratchdir: /scratch/midway3/helenclifford/sharc_scratch/methaniminium/init_vertical/ICOND_00017
ncpu: 1
ngpu: None
memory: 2000
delay: 0.0
theodir: None
theodore_prop: []
theodore_fragment: []
wfoverlap: /home/helenclifford/project-lgagliardi/practice_rcc/sharc4/bin/wfoverlap.x
wfthres: 0.998
wfnumocc: None
resp_shells: []
resp_vdw_radii_symbol: {}
resp_vdw_radii: []
resp_betas: [0.0005, 0.0015, 0.003]
resp_layers: 4
resp_first_layer: 1.4
resp_density: 10.0
resp_fit_order: 2
resp_mk_radii: True
resp_grid: lebedev
resp_target: zero
resp_block_size: 5000
resp_nuke_ram: False
molcas: /project/lgagliardi/shared/Apps/OpenMolcas/builds/parallel
mpi_parallel: False
dry_run: False
driver: /project/lgagliardi/shared/Apps/OpenMolcas/builds/parallel/pymolcas

Template: 
paddingstates: [0, 0, 0]
density_calculation_methods: []
tCI: 1e-07
basis: 6-31g
baslib: None
basis_per_element: None
basis_per_atom: None
nactel: [7, 0, 0]
ras1: None
ras2: 4
ras3: None
inactive: 5
roots: [4, 0, 3]
origin: none
origin_pos: [0.0, 0.0, 0.0]
isotope_elements: []
isotope_masses: []
method: casscf
functional: t:pbe
ipea: 0.25
cort_or_dort: CORT
imaginary: 0.0
frozen: None
gradaccudefault: 0.0001
gradaccumax: 0.001
pcmset: None
pcmstate: None
iterations: [200, 100]
cholesky_accu: 0.0001
rasscf_thrs: [1e-08, 0.0001, 0.0001]

Scheduling: 

Control: 
jobid: None
workdir: None
master: False
gradonly: False
densonly: False
states_to_do: [4, 0, 3]
jobs: None
nslots_pool: []

Starting job execution
['gateway']
['seward']
['copy', '/project/lgagliardi/helenclifford/practice_rcc/sharc4/methaniminium/init_vertical/ICOND_00017/SAVE/MOLCAS.1.JobIph.0', 'JOBOLD']
['rasscf', 1, 4, True, False]
['copy', 'MOLCAS.rasscf.h5', 'MOLCAS.1.rasscf.h5']
['copy', 'MOLCAS.JobIph', 'MOLCAS.1.JobIph']
['copy', '/project/lgagliardi/helenclifford/practice_rcc/sharc4/methaniminium/init_vertical/ICOND_00017/SAVE/MOLCAS.3.JobIph.0', 'JOBOLD']
['rasscf', 3, 3, True, False]
['copy', 'MOLCAS.rasscf.h5', 'MOLCAS.3.rasscf.h5']
['copy', 'MOLCAS.JobIph', 'MOLCAS.3.JobIph']
['link', 'MOLCAS.1.JobIph', 'JOB001']
['rassi', 'dm', [4]]
['copy', 'MOLCAS.rassi.h5', 'MOLCAS.rassi.1.h5']
['link', 'MOLCAS.3.JobIph', 'JOB001']
['rassi', 'dm', [3]]
['copy', 'MOLCAS.rassi.h5', 'MOLCAS.rassi.3.h5']
['copy', '/project/lgagliardi/helenclifford/practice_rcc/sharc4/methaniminium/init_vertical/ICOND_00017/SAVE/MOLCAS.1.JobIph.0', 'JOB001']
['link', 'MOLCAS.1.JobIph', 'JOB002']
['rassi', 'overlap', [4, 4]]
['copy', 'MOLCAS.rassi.h5', 'MOLCAS.rassi.ovlp.1.h5']
['copy', '/project/lgagliardi/helenclifford/practice_rcc/sharc4/methaniminium/init_vertical/ICOND_00017/SAVE/MOLCAS.3.JobIph.0', 'JOB001']
['link', 'MOLCAS.3.JobIph', 'JOB002']
['rassi', 'overlap', [3, 3]]
['copy', 'MOLCAS.rassi.h5', 'MOLCAS.rassi.ovlp.3.h5']
['link', 'MOLCAS.1.JobIph', 'JOB001']
['link', 'MOLCAS.3.JobIph', 'JOB002']
['rassi', 'soc', [4, 3]]
All jobs finished:
job: master          code: 0    runtime: 0:00:17.330995

===> Results:

=> Hamiltonian Matrix:
Diagonal Shift:    -94.00
Real Part:
---------------------------------------------------------------------------------------------------------------------------------------------------
|-3.320e-01                                  | 5.090e-07 -2.301e-06 -1.504e-06 |                                 | 5.090e-07 -2.301e-06 -1.504e-06 |
|           -6.044e-03                       | 1.409e-06 -7.702e-07 -3.350e-05 |                                 | 1.409e-06 -7.702e-07 -3.350e-05 |
|                       4.996e-02            |-8.854e-07  1.029e-06  4.927e-06 |                                 |-8.854e-07  1.029e-06  4.927e-06 |
|                                  1.175e-01 |-5.569e-06  1.911e-05  1.590e-05 |                                 |-5.569e-06  1.911e-05  1.590e-05 |
---------------------------------------------------------------------------------------------------------------------------------------------------
| 5.090e-07  1.409e-06 -8.854e-07 -5.569e-06 |-1.513e-01                       |-3.297e-23  1.291e-06 -9.334e-06 |                                 |
|-2.301e-06 -7.702e-07  1.029e-06  1.911e-05 |           -1.109e-02            |-1.291e-06 -3.218e-21  3.134e-05 |                                 |
|-1.504e-06 -3.350e-05  4.927e-06  1.590e-05 |                       8.947e-02 | 9.334e-06 -3.134e-05  4.306e-22 |                                 |
---------------------------------------------------------------------------------------------------------------------------------------------------
|                                            | 3.297e-23 -1.291e-06  9.334e-06 |-1.513e-01                       |-3.297e-23  1.291e-06 -9.334e-06 |
|                                            | 1.291e-06  3.218e-21 -3.134e-05 |           -1.109e-02            |-1.291e-06 -3.218e-21  3.134e-05 |
|                                            |-9.334e-06  3.134e-05 -4.306e-22 |                       8.947e-02 | 9.334e-06 -3.134e-05  4.306e-22 |
---------------------------------------------------------------------------------------------------------------------------------------------------
| 5.090e-07  1.409e-06 -8.854e-07 -5.569e-06 |                                 | 3.297e-23 -1.291e-06  9.334e-06 |-1.513e-01                       |
|-2.301e-06 -7.702e-07  1.029e-06  1.911e-05 |                                 | 1.291e-06  3.218e-21 -3.134e-05 |           -1.109e-02            |
|-1.504e-06 -3.350e-05  4.927e-06  1.590e-05 |                                 |-9.334e-06  3.134e-05 -4.306e-22 |                       8.947e-02 |
---------------------------------------------------------------------------------------------------------------------------------------------------

Imaginary Part:
---------------------------------------------------------------------------------------------------------------------------------------------------
|                                            | 2.759e-06  1.881e-07 -7.727e-05 |-1.133e-05  8.325e-05 -2.890e-05 |-2.759e-06 -1.881e-07  7.727e-05 |
|                                            | 4.027e-06 -1.244e-06 -6.027e-06 | 1.932e-05  5.555e-06 -8.700e-06 |-4.027e-06  1.244e-06  6.027e-06 |
|                                            |-3.478e-06 -3.770e-06 -1.589e-05 | 2.140e-06  7.878e-06 -2.047e-05 | 3.478e-06  3.770e-06  1.589e-05 |
|                                            |-2.842e-05 -5.228e-06 -2.595e-06 |-8.577e-05 -7.925e-06 -1.853e-06 | 2.842e-05  5.228e-06  2.595e-06 |
---------------------------------------------------------------------------------------------------------------------------------------------------
|-2.759e-06 -4.027e-06  3.478e-06  2.842e-05 |            1.158e-05 -4.749e-05 |-2.160e-22 -2.183e-06  4.570e-05 |                                 |
|-1.881e-07  1.244e-06  3.770e-06  5.228e-06 |-1.158e-05            -5.162e-06 | 2.183e-06 -2.913e-23  5.330e-06 |                                 |
| 7.727e-05  6.027e-06  1.589e-05  2.595e-06 | 4.749e-05  5.162e-06            |-4.570e-05 -5.330e-06  1.505e-22 |                                 |
---------------------------------------------------------------------------------------------------------------------------------------------------
| 1.133e-05 -1.932e-05 -2.140e-06  8.577e-05 |-2.160e-22 -2.183e-06  4.570e-05 |                                 |-2.160e-22 -2.183e-06  4.570e-05 |
|-8.325e-05 -5.555e-06 -7.878e-06  7.925e-06 | 2.183e-06 -2.913e-23  5.330e-06 |                                 | 2.183e-06 -2.913e-23  5.330e-06 |
| 2.890e-05  8.700e-06  2.047e-05  1.853e-06 |-4.570e-05 -5.330e-06  1.505e-22 |                                 |-4.570e-05 -5.330e-06  1.505e-22 |
---------------------------------------------------------------------------------------------------------------------------------------------------
| 2.759e-06  4.027e-06 -3.478e-06 -2.842e-05 |                                 |-2.160e-22 -2.183e-06  4.570e-05 |           -1.158e-05  4.749e-05 |
| 1.881e-07 -1.244e-06 -3.770e-06 -5.228e-06 |                                 | 2.183e-06 -2.913e-23  5.330e-06 | 1.158e-05             5.162e-06 |
|-7.727e-05 -6.027e-06 -1.589e-05 -2.595e-06 |                                 |-4.570e-05 -5.330e-06  1.505e-22 |-4.749e-05 -5.162e-06            |
---------------------------------------------------------------------------------------------------------------------------------------------------


=> Dipole Moment Matrices:

Polarisation X:
Real Part:
---------------------------------------------------------------------------------------------------------------------------------------------------
| 2.440e-02 -1.571e-02  5.629e-03  2.354e-02 |                                 |                                 |                                 |
|-1.571e-02  1.907e-01 -5.318e-02  3.652e-02 |                                 |                                 |                                 |
| 5.629e-03 -5.318e-02  3.066e-02 -4.591e-02 |                                 |                                 |                                 |
| 2.354e-02  3.652e-02 -4.591e-02  3.509e-01 |                                 |                                 |                                 |
---------------------------------------------------------------------------------------------------------------------------------------------------
|                                            | 2.964e-02 -7.110e-02 -3.195e-02 |                                 |                                 |
|                                            |-7.110e-02  2.013e-01  1.319e-01 |                                 |                                 |
|                                            |-3.195e-02  1.319e-01  2.569e-01 |                                 |                                 |
---------------------------------------------------------------------------------------------------------------------------------------------------
|                                            |                                 | 2.964e-02 -7.110e-02 -3.195e-02 |                                 |
|                                            |                                 |-7.110e-02  2.013e-01  1.319e-01 |                                 |
|                                            |                                 |-3.195e-02  1.319e-01  2.569e-01 |                                 |
---------------------------------------------------------------------------------------------------------------------------------------------------
|                                            |                                 |                                 | 2.964e-02 -7.110e-02 -3.195e-02 |
|                                            |                                 |                                 |-7.110e-02  2.013e-01  1.319e-01 |
|                                            |                                 |                                 |-3.195e-02  1.319e-01  2.569e-01 |
---------------------------------------------------------------------------------------------------------------------------------------------------

Polarisation Y:
Real Part:
---------------------------------------------------------------------------------------------------------------------------------------------------
| 2.485e-02 -1.109e-01 -1.185e-01 -2.092e-02 |                                 |                                 |                                 |
|-1.109e-01 -1.508e-01  8.348e-02 -9.528e-02 |                                 |                                 |                                 |
|-1.185e-01  8.348e-02  2.408e-03  5.135e-02 |                                 |                                 |                                 |
|-2.092e-02 -9.528e-02  5.135e-02 -9.061e-02 |                                 |                                 |                                 |
---------------------------------------------------------------------------------------------------------------------------------------------------
|                                            |-7.146e-02  1.221e-02 -8.372e-03 |                                 |                                 |
|                                            | 1.221e-02 -1.701e-01 -8.027e-02 |                                 |                                 |
|                                            |-8.372e-03 -8.027e-02 -4.621e-02 |                                 |                                 |
---------------------------------------------------------------------------------------------------------------------------------------------------
|                                            |                                 |-7.146e-02  1.221e-02 -8.372e-03 |                                 |
|                                            |                                 | 1.221e-02 -1.701e-01 -8.027e-02 |                                 |
|                                            |                                 |-8.372e-03 -8.027e-02 -4.621e-02 |                                 |
---------------------------------------------------------------------------------------------------------------------------------------------------
|                                            |                                 |                                 |-7.146e-02  1.221e-02 -8.372e-03 |
|                                            |                                 |                                 | 1.221e-02 -1.701e-01 -8.027e-02 |
|                                            |                                 |                                 |-8.372e-03 -8.027e-02 -4.621e-02 |
---------------------------------------------------------------------------------------------------------------------------------------------------

Polarisation Z:
Real Part:
---------------------------------------------------------------------------------------------------------------------------------------------------
| 2.590e-01  4.313e-01  1.318e+00  1.449e-01 |                                 |                                 |                                 |
| 4.313e-01 -1.226e-01 -2.532e-02 -4.619e-01 |                                 |                                 |                                 |
| 1.318e+00 -2.532e-02 -1.938e-01  2.616e-02 |                                 |                                 |                                 |
| 1.449e-01 -4.619e-01  2.616e-02  1.005e+00 |                                 |                                 |                                 |
---------------------------------------------------------------------------------------------------------------------------------------------------
|                                            | 1.094e+00  1.899e-01  6.875e-02 |                                 |                                 |
|                                            | 1.899e-01 -3.170e-01 -2.535e-01 |                                 |                                 |
|                                            | 6.875e-02 -2.535e-01  5.553e-01 |                                 |                                 |
---------------------------------------------------------------------------------------------------------------------------------------------------
|                                            |                                 | 1.094e+00  1.899e-01  6.875e-02 |                                 |
|                                            |                                 | 1.899e-01 -3.170e-01 -2.535e-01 |                                 |
|                                            |                                 | 6.875e-02 -2.535e-01  5.553e-01 |                                 |
---------------------------------------------------------------------------------------------------------------------------------------------------
|                                            |                                 |                                 | 1.094e+00  1.899e-01  6.875e-02 |
|                                            |                                 |                                 | 1.899e-01 -3.170e-01 -2.535e-01 |
|                                            |                                 |                                 | 6.875e-02 -2.535e-01  5.553e-01 |
---------------------------------------------------------------------------------------------------------------------------------------------------


=> Overlap matrix:

Real Part:
---------------------------------------------------------------------------------------------------------------------------------------------------
| 1.038e+00  1.992e-02 -4.304e-02  4.661e-02 |                                 |                                 |                                 |
| 6.215e-02 -9.717e-01  3.366e-01 -1.266e-01 |                                 |                                 |                                 |
| 2.677e-02  3.576e-01  9.730e-01  1.026e-01 |                                 |                                 |                                 |
|-4.066e-02 -1.899e-02  4.058e-02  5.788e-01 |                                 |                                 |                                 |
---------------------------------------------------------------------------------------------------------------------------------------------------
|                                            | 1.026e+00  1.776e-01  7.628e-03 |                                 |                                 |
|                                            |-1.980e-01  1.023e+00  1.474e-02 |                                 |                                 |
|                                            | 4.616e-02 -1.524e-02 -8.973e-01 |                                 |                                 |
---------------------------------------------------------------------------------------------------------------------------------------------------
|                                            |                                 | 1.026e+00  1.776e-01  7.628e-03 |                                 |
|                                            |                                 |-1.980e-01  1.023e+00  1.474e-02 |                                 |
|                                            |                                 | 4.616e-02 -1.524e-02 -8.973e-01 |                                 |
---------------------------------------------------------------------------------------------------------------------------------------------------
|                                            |                                 |                                 | 1.026e+00  1.776e-01  7.628e-03 |
|                                            |                                 |                                 |-1.980e-01  1.023e+00  1.474e-02 |
|                                            |                                 |                                 | 4.616e-02 -1.524e-02 -8.973e-01 |
---------------------------------------------------------------------------------------------------------------------------------------------------



==> Runtime:	0 Days	0 Hours	0 Minutes	19.248088 Seconds


===> Writing output to file QM.out in SHARC Format

