#===============================================================================================================================================================================
#     Step |         Time |         State |                                     Energy |      Angular |     Gradient |      Density |           Expectation Value |    Runtime |
#          |              |  diag |   MCH |          kin |          pot |          tot |     Momentum |          RMS |        Total |           DM |            S |            |
#          |         [fs] |       |       |         [eV] |         [eV] |         [eV] |       [hbar] |     [eV/Ang] |              |      [Debye] |              |      [sec] |
#===============================================================================================================================================================================
         0         0.0000       9       3       0.452152      11.099292      11.551445       0.000758       4.656720       1.000000       0.802616       0.000015           74
         1         0.5000       9       3       0.489670      11.057058      11.546728       0.000946       4.195493       1.000000       0.841550       0.000019           62
         2         1.0000       9       3       0.579589      10.962995      11.542583       0.001124       3.600272       1.000000       0.914426       0.000033           60
         3         1.5000       9       3       0.667136      10.875973      11.543109       0.001259       3.083911       1.000000       1.032532       0.000091           61
# Surface Hop/Pointer State Switch: new state=      8 old state=      9 randnum=  0.023627257 gap= -0.594508 eV
         4         2.0000       8       2       1.351879      10.191230      11.543109       0.001907       2.355868       1.000000       1.438593       0.000008           63
         5         2.5000       8       2       1.338430      10.204923      11.543353       0.001866       2.295317       1.000000       1.303059       0.000016           63
         6         3.0000       8       2       1.413863      10.126689      11.540551       0.002066       2.591910       1.000000       1.207173       0.000022           59
         7         3.5000       8       2       1.536941      10.002111      11.539052       0.002072       2.900952       1.000000       1.193887       0.000024           55
         8         4.0000       8       2       1.681596       9.857094      11.538689       0.002052       3.049184       1.000000       1.244915       0.000029           64
         9         4.5000       8       2       1.840180       9.698693      11.538872       0.002065       3.026427       1.000000       1.338126       0.000142           62
# Surface Hop/Pointer State Switch: new state=      5 old state=      8 randnum=  0.393697819 gap= -0.092124 eV
        10         5.0000       5       2       2.014057       9.524815      11.538872       0.002222       2.875168       1.000000       1.457211       0.000100           87
        11         5.5000       5       2       2.176247       9.363476      11.539723       0.002252       2.682740       1.000000       1.588352       0.000016           63
        12         6.0000       5       2       2.360739       9.178817      11.539555       0.002234       2.431414       1.000000       1.737712       0.000007           61
        13         6.5000       5       2       2.561448       8.976340      11.537787       0.002183       2.115188       1.000000       1.907206       0.000004           73
        14         7.0000       5       2       2.749818       8.784543      11.534361       0.002084       1.749993       1.000000       2.099882       0.000003           59
        15         7.5000       5       2       2.877116       8.653445      11.530561       0.002198       1.479430       1.000000       2.318967       0.000002           67
        16         8.0000       5       2       2.897866       8.631921      11.529787       0.002345       1.665792       1.000000       2.567464       0.000002           64
        17         8.5000       5       2       2.817833       8.717374      11.535207       0.002285       2.314415       1.000000       2.848081       0.000001           60
        18         9.0000       5       2       2.723814       8.818785      11.542598       0.002262       2.893618       1.000000       3.161862       0.000001           59
        19         9.5000       5       2       2.717887       8.824480      11.542368       0.002270       2.987276       1.000000       3.495581       0.000001           66
        20        10.0000       5       2       2.807415       8.729536      11.536951       0.002265       2.579469       1.000000       3.786002       0.000001           60
        21        10.5000       5       2       2.910230       8.622234      11.532464       0.002274       2.033084       1.000000       3.965795       0.000001           63
        22        11.0000       5       2       2.949775       8.582480      11.532255       0.002335       1.782945       1.000000       4.051075       0.000001           60
        23        11.5000       5       2       2.907120       8.627251      11.534372       0.002428       1.783916       1.000000       4.083683       0.000001           61
        24        12.0000       5       2       2.803151       8.733310      11.536461       0.002468       1.830861       1.000000       4.091860       0.000002           62
        25        12.5000       5       2       2.666367       8.871946      11.538313       0.002491       1.888223       1.000000       4.087932       0.000002           63
        26        13.0000       5       2       2.524244       9.016019      11.540263       0.002629       1.963316       1.000000       4.069521       0.000002           58
        27        13.5000       5       2       2.404492       9.137524      11.542015       0.002899       2.014307       1.000000       4.015456       0.000002           64
        28        14.0000       5       2       2.324804       9.214897      11.539701       0.003176       2.053877       1.000000       3.852447       0.000003           60
        29        14.5000       5       2       2.182138       9.533726      11.715864       0.003330       2.885534       1.000000       2.988484       0.000260           65
# Surface Hop/Pointer State Switch: new state=      8 old state=      5 randnum=  0.126880828 gap=  0.129119 eV
        30        15.0000       8       2       1.988016       9.727848      11.715864       0.003245       2.962096       1.000000       3.126335       0.000165           60
        31        15.5000       8       2       1.850510       9.865854      11.716364       0.003191       2.979703       1.000000       3.314449       0.000027           61
        32        16.0000       8       2       1.780040       9.935738      11.715779       0.003074       2.946546       1.000000       3.452717       0.000013           60
        33        16.5000       8       2       1.765443       9.948231      11.713673       0.003109       2.852645       1.000000       3.530009       0.000008           61
        34        17.0000       8       2       1.774294       9.935598      11.709892       0.003218       2.697118       1.000000       3.559078       0.000014           60
        35        17.5000       8       2       1.753710       9.951951      11.705661       0.003268       2.543628       1.000000       3.555712       0.000010           69
        36        18.0000       8       2       1.652512      10.052012      11.704523       0.003309       2.560791       1.000000       3.533120       0.000008           59
        37        18.5000       8       2       1.470637      10.239411      11.710048       0.003346       2.848598       1.000000       3.501055       0.000008           61
        38        19.0000       8       2       1.294611      10.423994      11.718605       0.003427       3.145789       1.000000       3.467160       0.000007           85
        39        19.5000       8       2       1.238685      10.481362      11.720047       0.003557       3.105276       1.000000       3.439032       0.000007           61
        40        20.0000       8       2       1.325356      10.388301      11.713657       0.003689       2.805359       1.000000       3.424824       0.000007           58
        41        20.5000       8       2       1.473326      10.234694      11.708019       0.003797       2.623288       1.000000       3.431934       0.000007           66
        42        21.0000       8       2       1.595277      10.111124      11.706401       0.003882       2.634721       1.000000       3.464621       0.000007           62
        43        21.5000       8       2       1.652864      10.054078      11.706941       0.003960       2.655107       1.000000       3.521902       0.000008           59
        44        22.0000       8       2       1.643689      10.064431      11.708120       0.004000       2.613984       1.000000       3.596561       0.000009           59
        45        22.5000       8       2       1.581208      10.128582      11.709789       0.003988       2.572075       1.000000       3.672615       0.000010           60
        46        23.0000       8       2       1.490143      10.222121      11.712263       0.004024       2.603664       1.000000       3.717475       0.000011           66
        47        23.5000       8       2       1.407559      10.307575      11.715134       0.004103       2.693055       1.000000       3.667467       0.000013           64
# Surface Hop/Pointer State Switch: new state=      7 old state=      8 randnum=  0.006032667 gap= -0.345248 eV
        48        24.0000       7       1       1.718299       9.996835      11.715134       0.004644       2.094652       1.000000       1.769047       0.000017           69
        49        24.5000       7       1       1.702228      10.015019      11.717247       0.004629       2.289950       1.000000       1.449843       0.000033           57
        50        25.0000       7       1       1.806812       9.910676      11.717488       0.004592       2.485661       1.000000       1.934106       0.000084           59
        51        25.5000       7       1       2.037243       9.677766      11.715009       0.004576       2.575348       1.000000       2.634912       0.000413           62
# Surface Hop/Pointer State Switch: new state=      4 old state=      7 randnum=  0.552315341 gap= -0.067928 eV
        52        26.0000       4       1       2.371023       9.343986      11.715009       0.004742       2.539742       1.000000       2.889830       0.002056           60
        53        26.5000       4       1       2.753178       8.959781      11.712958       0.004680       2.479463       1.000000       2.834789       0.000083           58
        54        27.0000       4       1       3.171507       8.543950      11.715457       0.004658       2.487347       1.000000       2.515490       0.000020           62
        55        27.5000       4       1       3.594011       8.102099      11.696110       0.004626       2.270608       1.000000       1.854598       0.000008           61
        56        28.0000       4       1       3.903889       7.791328      11.695217       0.004632       1.976108       1.000000       1.185822       0.000005           60
        57        28.5000       4       1       3.983310       6.998378      10.981687       0.004766       1.438196       1.000000       0.376067       0.000002           74
        58        29.0000       4       1       3.836469       7.144190      10.980659       0.005058       1.399250       1.000000       0.302784       0.000001           63
        59        29.5000       4       1       3.504373       7.479321      10.983694       0.005287       1.653330       1.000000       0.250317       0.000001           60
        60        30.0000       4       1       3.029663       7.960155      10.989818       0.005134       2.021481       1.000000       0.219860       0.000001           63
        61        30.5000       4       1       2.496961       8.450229      10.947190       0.004904       2.314645       1.000000       0.422057       0.000001           73
        62        31.0000       4       1       1.987557       8.964160      10.951717       0.004770       2.470720       1.000000       0.446509       0.000002           75
        63        31.5000       4       1       1.552241       9.400905      10.953146       0.004730       2.468289       1.000000       0.497791       0.000002           68
        64        32.0000       4       1       1.210512       9.741834      10.952345       0.004814       2.366695       1.000000       0.566918       0.000003           68
        65        32.5000       4       1       0.954362       9.997004      10.951366       0.004878       2.338180       1.000000       0.639015       0.000004           71
        66        33.0000       4       1       0.779341      10.173886      10.953227       0.004958       2.584491       1.000000       0.703380       0.000005           61
        67        33.5000       4       1       0.721455      10.235239      10.956694       0.005013       2.860650       1.000000       0.766383       0.000005           84
        68        34.0000       4       1       0.821303      10.134900      10.956203       0.005066       2.878510       1.000000       0.836083       0.000005           57
        69        34.5000       4       1       1.072353       9.881775      10.954128       0.005088       2.786791       1.000000       0.910761       0.000004           65
        70        35.0000       4       1       1.442649       9.509065      10.951714       0.005200       2.638142       1.000000       0.992387       0.000003           64
        71        35.5000       4       1       1.896290       9.053887      10.950177       0.005432       2.516082       1.000000       1.080833       0.000002           59
        72        36.0000       4       1       2.408472       8.540221      10.948693       0.005596       2.419648       1.000000       1.172503       0.000002           72
        73        36.5000       4       1       2.956163       7.989127      10.945290       0.005610       2.276644       1.000000       1.262616       0.000001           63
        74        37.0000       4       1       3.478709       7.489389      10.968098       0.005497       1.911438       1.000000       1.470321       0.000001           67
        75        37.5000       4       1       3.951922       6.971767      10.923689       0.005459       1.796682       1.000000       1.561080       0.000001           64
        76        38.0000       4       1       4.335788       6.584761      10.920549       0.005680       1.529308       1.000000       1.605458       0.000001           58
        77        38.5000       4       1       4.542703       6.378999      10.921702       0.005945       1.598106       1.000000       1.653394       0.000002           69
        78        39.0000       4       1       4.581566       6.344890      10.926456       0.006034       1.897908       1.000000       1.715054       0.000002           66
        79        39.5000       4       1       4.502636       6.428100      10.930736       0.006091       2.073659       1.000000       1.786679       0.000003           62
        80        40.0000       4       1       4.358727       6.577056      10.935783       0.006039       1.820398       1.000000       1.836189       0.000003           63
        81        40.5000       4       1       4.153017       6.515427      10.668444       0.005968       5.611340       1.000000       1.684736       0.000010           59
        82        41.0000       4       1       3.943168       6.697441      10.640610       0.006012       2.253720       1.000000       1.420125       0.000310           62
        83        41.5000       4       1       3.615201       7.032802      10.648003       0.006016       2.313666       1.000000       1.414593       0.003530           61
        84        42.0000       4       1       3.259483       7.389419      10.648902       0.006068       2.427454       1.000000       1.550403       0.002288           60
        85        42.5000       4       1       2.922502       7.762030      10.684532       0.006037       2.978120       1.000000       1.916749       0.000160           64
        86        43.0000       4       1       2.669314       8.006498      10.675812       0.005972       2.753700       1.000000       1.978442       0.000287           66
        87        43.5000       4       1       2.517359       8.160213      10.677572       0.006069       2.761234       1.000000       1.958292       0.000918           59
        88        44.0000       4       1       2.432927       8.213278      10.646205       0.006186       2.517697       1.000000       1.743995       0.000074           68
        89        44.5000       4       1       2.387561       8.265046      10.652607       0.006195       2.467118       1.000000       1.656810       0.000095           57
        90        45.0000       4       1       2.389013       8.262981      10.651994       0.005991       2.444577       1.000000       1.622048       0.000114           65
        91        45.5000       4       1       2.437075       8.213479      10.650554       0.005818       2.395145       1.000000       1.581466       0.000158           56
        92        46.0000       4       1       2.511177       8.137610      10.648787       0.005803       2.329923       1.000000       1.520247       0.000309           63
        93        46.5000       4       1       2.588676       8.059097      10.647773       0.005834       2.299954       1.000000       1.432931       0.001736           61
# Surface Hop/Pointer State Switch: new state=      1 old state=      4 randnum=  0.787113478 gap= -0.027027 eV
        94        47.0000       1       1       2.661152       7.986622      10.647773       0.005902       2.400763       1.000000       1.321492       0.002256           57
        95        47.5000       1       1       2.760947       7.892483      10.653430       0.005940       2.667772       1.000000       1.197913       0.000164           62
# Surface Hop/Pointer State Switch: new state=      4 old state=      1 randnum=  0.476730817 gap=  0.223922 eV
        96        48.0000       4       1       2.529566       8.123864      10.653430       0.005569       3.108216       1.000000       0.951753       0.000033           62
        97        48.5000       4       1       2.968581       7.685057      10.653639       0.005351       3.204054       1.000000       0.973145       0.001031           69
# Surface Hop/Pointer State Switch: new state=      1 old state=      4 randnum=  0.073611448 gap= -0.221262 eV
        98        49.0000       1       1       3.629685       7.023954      10.653639       0.005342       3.100131       1.000000       1.076070       0.000031           59
        99        49.5000       1       1       4.399854       6.244838      10.644692       0.005130       2.950048       1.000000       1.245804       0.000005           61
       100        50.0000       1       1       5.159454       5.479258      10.638711       0.004987       2.868093       1.000000       1.446021       0.000003           60
       101        50.5000       1       1       5.823801       4.811641      10.635442       0.004864       2.793505       1.000000       1.631474       0.000002           62
       102        51.0000       1       1       6.349556       4.283637      10.633192       0.004752       2.665479       1.000000       1.770636       0.000001           64
       103        51.5000       1       1       6.712539       3.918451      10.630990       0.004651       2.523765       1.000000       1.856697       0.000001           61
       104        52.0000       1       1       6.893988       3.735317      10.629305       0.004587       2.541154       1.000000       1.906636       0.000001           63
       105        52.5000       1       1       6.887002       3.743143      10.630146       0.004507       2.919539       1.000000       1.951203       0.000001           59
       106        53.0000       1       1       6.701286       3.926902      10.628188       0.004228       3.729548       1.000000       2.030245       0.000001           59
       107        53.5000       1       1       6.339913       4.288578      10.628492       0.003893       5.056626       1.000000       2.175756       0.000000           77
       108        54.0000       1       1       5.837153       4.797183      10.634336       0.003702       6.642886       1.000000       2.347904       0.000000           79
       109        54.5000       1       1       5.294903       5.347855      10.642758       0.003593       8.240760       1.000000       2.513176       0.000000           60
       110        55.0000       1       1       4.854139       5.797595      10.651734       0.003622       9.562298       1.000000       2.645216       0.000000           60
       111        55.5000       1       1       4.656513       6.000912      10.657425       0.003804      10.303979       1.000000       2.719127       0.000000           64
       112        56.0000       1       1       4.789040       5.867599      10.656639       0.003877      10.281713       1.000000       2.721772       0.000000           68
       113        56.5000       1       1       5.240832       5.408713      10.649545       0.003876       9.525252       1.000000       2.656643       0.000000           60
       114        57.0000       1       1       5.902827       4.735351      10.638178       0.003942       8.199734       1.000000       2.529489       0.000000           59
       115        57.5000       1       1       6.597142       4.027371      10.624513       0.004019       6.498644       1.000000       2.342311       0.000000           62
       116        58.0000       1       1       7.114685       3.496879      10.611563       0.004041       4.693315       1.000000       2.106701       0.000000           63
       117        58.5000       1       1       7.283136       3.325372      10.608508       0.003970       3.564129       1.000000       1.853211       0.000000           58
       118        59.0000       1       1       7.118320       3.510788      10.629108       0.003937       4.283708       1.000000       1.626074       0.000000           60
       119        59.5000       1       1       6.937882       3.715305      10.653187       0.003899       5.383165       1.000000       1.470768       0.000000           59
       120        60.0000       1       1       7.019875       3.615104      10.634980       0.003931       5.077174       1.000000       1.419216       0.000001           59
       121        60.5000       1       1       7.142519       3.465624      10.608143       0.004062       3.863985       1.000000       1.459281       0.000001           67
       122        61.0000       1       1       6.925456       3.685472      10.610928       0.004140       3.054586       1.000000       1.549770       0.000001           55
       123        61.5000       1       1       6.313281       4.315106      10.628387       0.004181       2.955303       1.000000       1.651895       0.000001           63
       124        62.0000       1       1       5.492993       5.150725      10.643718       0.004228       3.094743       1.000000       1.737032       0.000002           58
       125        62.5000       1       1       4.665365       5.986976      10.652341       0.004303       3.169304       1.000000       1.788523       0.000003           55
       126        63.0000       1       1       3.951454       6.703695      10.655150       0.004437       3.111879       1.000000       1.800224       0.000004           58
       127        63.5000       1       1       3.391785       7.262842      10.654628       0.004635       2.959415       1.000000       1.773967       0.000008           59
       128        64.0000       1       1       2.977657       7.675541      10.653199       0.004893       2.787749       1.000000       1.717237       0.000016           60
       129        64.5000       1       1       2.685148       7.967121      10.652268       0.005211       2.663131       1.000000       1.640998       0.000038           72
       130        65.0000       1       1       2.496501       8.155672      10.652173       0.005467       2.614101       1.000000       1.557186       0.000107           55
       131        65.5000       1       1       2.406337       8.246319      10.652656       0.005653       2.633964       1.000000       1.475952       0.000487           62
       132        66.0000       1       1       2.420207       8.234501      10.654708       0.005871       2.682395       1.000000       1.407000       0.181431           59
# Surface Hop/Pointer State Switch: new state=      4 old state=      1 randnum=  0.510650571 gap=  0.035528 eV
       133        66.5000       4       1       2.540721       8.113987      10.654708       0.005915       2.766606       1.000000       1.340769       0.000609           65
       134        67.0000       4       1       2.768487       7.884515      10.653002       0.006154       2.805233       1.000000       1.287949       0.000114           55
       135        67.5000       4       1       3.075805       7.571886      10.647691       0.006336       2.776555       1.000000       1.234681       0.000041           58
       136        68.0000       4       1       3.383219       7.252910      10.636129       0.006511       2.664342       1.000000       1.178573       0.000020           60
       137        68.5000       4       1       3.529506       7.087338      10.616844       0.006588       2.573239       1.000000       1.124091       0.000007           59
       138        69.0000       4       1       3.269159       7.322368      10.591527       0.006491       3.049041       1.000000       1.084806       0.000005           60
# Surface Hop/Pointer State Switch: new state=      5 old state=      4 randnum=  0.166676783 gap=  1.572795 eV
       139        69.5000       5       2       0.841515       9.750012      10.591527       0.003761       4.683802       1.000000       1.717134       0.000060           64
       140        70.0000       5       2       0.573920      10.041312      10.615232       0.003344       5.257866       1.000000       1.954313       0.000039           62
# Surface Hop/Pointer State Switch: new state=      4 old state=      5 randnum=  0.011014939 gap= -1.461320 eV
       141        70.5000       4       1       2.298328       8.316904      10.615232       0.005041       4.757572       1.000000       4.781915       0.000005           60
       142        71.0000       4       1       3.041525       7.541486      10.583011       0.004868       3.430166       1.000000       5.026245       0.000005           57
       143        71.5000       4       1       3.529475       7.045241      10.574716       0.004675       2.530053       1.000000       5.144784       0.000005           59
       144        72.0000       4       1       3.576740       7.008885      10.585624       0.004375       2.518629       1.000000       5.173504       0.000005           57
       145        72.5000       4       1       3.267367       7.323658      10.591025       0.004501       2.888745       1.000000       5.133888       0.000004           57
# Surface Hop/Pointer State Switch: new state=      5 old state=      4 randnum=  0.747240757 gap=  1.015814 eV
       146        73.0000       5       2       2.160284       8.430741      10.591025       0.004151       3.182258       1.000000       4.723546       0.000003           58
       147        73.5000       5       2       1.885240       8.708332      10.593571       0.004213       3.129791       1.000000       4.484515       0.000003           57
       148        74.0000       5       2       1.672969       8.920492      10.593460       0.004275       2.939830       1.000000       4.295341       0.000003           54
       149        74.5000       5       2       1.521592       9.071765      10.593358       0.004293       2.752039       1.000000       4.168921       0.000003           54
       150        75.0000       5       2       1.425652       9.168362      10.594014       0.004287       2.641667       1.000000       4.099411       0.000003           55
       151        75.5000       5       2       1.389755       9.205153      10.594907       0.004308       2.606248       1.000000       4.071510       0.000002           58
       152        76.0000       5       2       1.423598       9.171785      10.595383       0.004359       2.612033       1.000000       4.067776       0.000002           55
       153        76.5000       5       2       1.532691       9.062305      10.594996       0.004437       2.629623       1.000000       4.073170       0.000002           56
       154        77.0000       5       2       1.711173       8.882159      10.593332       0.004537       2.640203       1.000000       4.076719       0.000002           55
       155        77.5000       5       2       1.935658       8.654198      10.589856       0.004646       2.637421       1.000000       4.070460       0.000002           69
       156        78.0000       5       2       2.159968       8.424600      10.584567       0.004752       2.662043       1.000000       4.046238       0.000002           76
       157        78.5000       5       2       2.322837       8.257432      10.580269       0.004837       2.878513       1.000000       3.992230       0.000002           63
       158        79.0000       5       2       2.397604       8.186596      10.584200       0.004893       3.483204       1.000000       3.893817       0.000002           53
       159        79.5000       5       2       2.480299       8.118197      10.598496       0.004922       4.240413       1.000000       3.742646       0.000002           60
       160        80.0000       5       2       2.772961       7.831255      10.604216       0.004949       4.445518       1.000000       3.545615       0.000002           58
       161        80.5000       5       2       3.340222       7.246492      10.586714       0.005004       3.728871       1.000000       3.319924       0.000002           56
       162        81.0000       5       2       3.955912       6.609323      10.565235       0.005102       2.590539       1.000000       3.081896       0.000002           58
       163        81.5000       5       2       4.310764       6.240984      10.551748       0.005449       2.085658       1.000000       2.824564       0.000002           54
       164        82.0000       5       2       4.341081       6.524100      10.865182       0.005651       3.008424       1.000000       2.919366       0.000002           56
       165        82.5000       5       2       4.171800       6.712120      10.883920       0.005424       3.806263       1.000000       2.642389       0.000003           56
       166        83.0000       5       2       4.017006       6.880125      10.897132       0.005164       4.281324       1.000000       2.476996       0.000006           57
       167        83.5000       5       2       4.043874       6.838157      10.882031       0.005167       4.190725       1.000000       2.379380       0.000013           55
       168        84.0000       5       2       4.034713       6.892284      10.926996       0.005325       4.416694       1.000000       2.292013       0.000000           61
       169        84.5000       5       2       3.757990       7.170202      10.928192       0.005230       5.142041       1.000000       2.105468       0.000003           62
       170        85.0000       5       2       3.259487       7.678260      10.937747       0.005047       6.204096       1.000000       2.045944       0.000004           54
       171        85.5000       5       2       2.651619       8.297656      10.949275       0.004667       7.210614       1.000000       2.076860       0.000002           60
       172        86.0000       5       2       2.091279       8.867352      10.958630       0.004267       7.933359       1.000000       2.130996       0.000002           58
       173        86.5000       5       2       1.713015       9.250998      10.964014       0.004213       8.256685       1.000000       2.174020       0.000001           54
       174        87.0000       5       2       1.596974       9.368181      10.965155       0.004382       8.133515       1.000000       2.193367       0.000001           57
       175        87.5000       5       2       1.761630       9.201069      10.962699       0.004476       7.578918       1.000000       2.182310       0.000001           60
       176        88.0000       5       2       2.170936       8.786439      10.957375       0.004503       6.642926       1.000000       2.129997       0.000001           58
       177        88.5000       5       2       2.741453       8.206316      10.947769       0.004549       5.286960       1.000000       2.016402       0.000001           58
       178        89.0000       5       2       3.312362       7.675177      10.987539       0.004468       3.075722       1.000000       1.733053       0.000001           66
       179        89.5000       5       2       3.812326       7.144166      10.956492       0.004387       2.850747       1.000000       1.700518       0.000001           71
       180        90.0000       5       2       4.166557       6.779189      10.945746       0.004426       2.548371       1.000000       1.994893       0.000001           62
       181        90.5000       5       2       4.225289       6.719560      10.944849       0.004668       3.421599       1.000000       2.521045       0.000001           59
       182        91.0000       5       2       4.030126       6.932489      10.962615       0.005136       4.897016       1.000000       3.103756       0.000001           56
       183        91.5000       5       2       3.845094       7.134045      10.979139       0.005561       5.702701       1.000000       3.615007       0.000001           57
       184        92.0000       5       2       3.875526       7.091576      10.967102       0.005538       5.167116       1.000000       3.982363       0.000002           58
       185        92.5000       5       2       3.992656       6.962349      10.955005       0.005354       4.146290       1.000000       4.167127       0.000002           61
       186        93.0000       5       2       4.013541       6.948868      10.962409       0.005235       3.798189       1.000000       4.166959       0.000002           76
       187        93.5000       5       2       3.954112       7.013715      10.967827       0.004986       3.641726       1.000000       4.030129       0.000001           66
       188        94.0000       5       2       3.855156       7.109739      10.964894       0.004689       3.163234       1.000000       3.828731       0.000001           68
       189        94.5000       5       2       3.682187       7.282391      10.964578       0.004369       2.639778       1.000000       3.610528       0.000001           71
       190        95.0000       5       2       3.421920       7.547656      10.969577       0.004142       2.332948       1.000000       3.379178       0.000001           74
       191        95.5000       5       2       3.127542       7.849151      10.976693       0.004050       2.295501       1.000000       3.075446       0.000001           60
       192        96.0000       5       2       2.811459       8.150470      10.961929       0.003914       2.124848       1.000000       2.733239       0.000002           53
       193        96.5000       5       2       2.443795       8.525902      10.969697       0.003797       2.124818       1.000000       2.658429       0.000002           57
       194        97.0000       5       2       2.065051       8.908221      10.973272       0.003724       2.323184       1.000000       2.723119       0.000002           58
       195        97.5000       5       2       1.734189       9.241394      10.975583       0.003623       2.588058       1.000000       2.832786       0.000002           51
       196        98.0000       5       2       1.489435       9.488360      10.977795       0.003323       2.867239       1.000000       2.950811       0.000002           70
       197        98.5000       5       2       1.364707       9.614832      10.979539       0.002767       3.088569       1.000000       3.059778       0.000002           53
       198        99.0000       5       2       1.384317       9.595247      10.979564       0.002511       3.173869       1.000000       3.151860       0.000002           55
       199        99.5000       5       2       1.546287       9.430651      10.976938       0.002518       3.080486       1.000000       3.225028       0.000002           62
       200       100.0000       5       2       1.810301       9.161672      10.971973       0.002243       2.828392       1.000000       3.280140       0.000002           60
