2026-07-22 14:19:49.856859 midway3-0561.rcc.local /project/lgagliardi/helenclifford/practice_rcc/sharc4/methaniminium/init_vertical/ICOND_00013
  ============================================================================
||                                                                            ||
||                         SHARC - MOLCAS - Interface                         ||
||                                                                            ||
||       Authors: Sascha Mausenberger, Lorenz Grünewald, Sebastian Mai        ||
||                                                                            ||
||                                Version: 4.0                                ||
||                              Date: 29.08.2023                              ||
||                                                                            ||
  ============================================================================
SAVEDIR set to ./SAVE/
Found env variable ncpu=1, resources["ncpu"] set to 1
Scratchdir set to /scratch/midway3/helenclifford/sharc_scratch/methaniminium/init_vertical/ICOND_00013
WARNING: 'no-douglas-kroll' not in template keywords: paddingstates, density_calculation_methods, tCI, basis, baslib, basis_per_element, basis_per_atom, nactel, ras1, ras2, ras3, inactive, roots, origin, origin_pos, isotope_elements, isotope_masses, method, functional, ipea, cort_or_dort, imaginary, frozen, gradaccudefault, gradaccumax, pcmset, pcmstate, iterations, cholesky_accu, rasscf_thrs
WARNING: 'cholesky' not in template keywords: paddingstates, density_calculation_methods, tCI, basis, baslib, basis_per_element, basis_per_atom, nactel, ras1, ras2, ras3, inactive, roots, origin, origin_pos, isotope_elements, isotope_masses, method, functional, ipea, cort_or_dort, imaginary, frozen, gradaccudefault, gradaccumax, pcmset, pcmstate, iterations, cholesky_accu, rasscf_thrs
paddingstates not specified setting default, [0, 0, 0]
Interface: 

Molecule: 
comment: Initial condition ICOND_00013/

natom: 6
elements: ['C', 'N', 'H', 'H', 'H', 'H']
unit: bohr
factor: 1.0
states: [4, 0, 3]
charge: [1, 1, 1]
nstates: 7
nmstates: 13
point_charges: False
npc: 0
Atomcharge: 17
frozcore: 2
Ubasis: [[      0.0       0.0]
 [      0.0       0.0]]
mol: None

Coords: 
coords: [[-0.01134611 -0.00540838  0.06778818]
 [ 0.01731982 -0.03931634  2.502937]
 [ 1.808392 -0.08059478 -1.039743]
 [ 1.472816  0.4006914  3.279697]
 [-1.680448  0.03640601  3.261145]
 [-1.706312  0.2541691 -0.8897656]]
pccoords: None
pccharge: None
veloc: None

Save: 
savedir: /project/lgagliardi/helenclifford/practice_rcc/sharc4/methaniminium/init_vertical/ICOND_00013/SAVE
step: 1
previous_step: None
init: False
newstep: True
samestep: False
always_guess: False
always_orb_init: False
restart: False

Requests: 
h: True
soc: True
dm: True
mdeqm: False
grad: None
nacdr: None
overlap: True
phases: False
ion: False
socdr: False
dmdr: False
multipolar_fit: None
theodore: False
cleanup: False
retain: 5
molden: False
savestuff: False
nooverlap: False
mol: False
density_matrices: None
dyson_orbitals: None

Maps: 
statemap: {1: [1, 1, 0.0], 2: [1, 2, 0.0], 3: [1, 3, 0.0], 4: [1, 4, 0.0], 5: [3, 1, -1.0], 6: [3, 2, -1.0], 7: [3, 3, -1.0], 8: [3, 1, 0.0], 9: [3, 2, 0.0], 10: [3, 3, 0.0], 11: [3, 1, 1.0], 12: [3, 2, 1.0], 13: [3, 3, 1.0]}
mults: None
gsmap: None
gradmap: None
nacmap: None
densmap: None
ionmap: None
chargemap: {1: 1, 2: 1, 3: 1}
multmap: {0: (0, 0, 0), 1: (0, 0, 1), 2: (0, 0, 2), 3: (0, 0, 3), 4: (2, 1.0, 0), 5: (2, 0.0, 0), 6: (2, -1.0, 0), 7: (2, 1.0, 1), 8: (2, 0.0, 1), 9: (2, -1.0, 1), 10: (2, 1.0, 2), 11: (2, 0.0, 2), 12: (2, -1.0, 2)}

Resources: 
pwd: /project/lgagliardi/helenclifford/practice_rcc/sharc4/methaniminium/init_vertical/ICOND_00013
cwd: /project/lgagliardi/helenclifford/practice_rcc/sharc4/methaniminium/init_vertical/ICOND_00013
scratchdir: /scratch/midway3/helenclifford/sharc_scratch/methaniminium/init_vertical/ICOND_00013
ncpu: 1
ngpu: None
memory: 2000
delay: 0.0
theodir: None
theodore_prop: []
theodore_fragment: []
wfoverlap: /home/helenclifford/project-lgagliardi/practice_rcc/sharc4/bin/wfoverlap.x
wfthres: 0.998
wfnumocc: None
resp_shells: []
resp_vdw_radii_symbol: {}
resp_vdw_radii: []
resp_betas: [0.0005, 0.0015, 0.003]
resp_layers: 4
resp_first_layer: 1.4
resp_density: 10.0
resp_fit_order: 2
resp_mk_radii: True
resp_grid: lebedev
resp_target: zero
resp_block_size: 5000
resp_nuke_ram: False
molcas: /project/lgagliardi/shared/Apps/OpenMolcas/builds/parallel
mpi_parallel: False
dry_run: False
driver: /project/lgagliardi/shared/Apps/OpenMolcas/builds/parallel/pymolcas

Template: 
paddingstates: [0, 0, 0]
density_calculation_methods: []
tCI: 1e-07
basis: 6-31g
baslib: None
basis_per_element: None
basis_per_atom: None
nactel: [7, 0, 0]
ras1: None
ras2: 4
ras3: None
inactive: 5
roots: [4, 0, 3]
origin: none
origin_pos: [0.0, 0.0, 0.0]
isotope_elements: []
isotope_masses: []
method: casscf
functional: t:pbe
ipea: 0.25
cort_or_dort: CORT
imaginary: 0.0
frozen: None
gradaccudefault: 0.0001
gradaccumax: 0.001
pcmset: None
pcmstate: None
iterations: [200, 100]
cholesky_accu: 0.0001
rasscf_thrs: [1e-08, 0.0001, 0.0001]

Scheduling: 

Control: 
jobid: None
workdir: None
master: False
gradonly: False
densonly: False
states_to_do: [4, 0, 3]
jobs: None
nslots_pool: []

Starting job execution
['gateway']
['seward']
['copy', '/project/lgagliardi/helenclifford/practice_rcc/sharc4/methaniminium/init_vertical/ICOND_00013/SAVE/MOLCAS.1.JobIph.0', 'JOBOLD']
['rasscf', 1, 4, True, False]
['copy', 'MOLCAS.rasscf.h5', 'MOLCAS.1.rasscf.h5']
['copy', 'MOLCAS.JobIph', 'MOLCAS.1.JobIph']
['copy', '/project/lgagliardi/helenclifford/practice_rcc/sharc4/methaniminium/init_vertical/ICOND_00013/SAVE/MOLCAS.3.JobIph.0', 'JOBOLD']
['rasscf', 3, 3, True, False]
['copy', 'MOLCAS.rasscf.h5', 'MOLCAS.3.rasscf.h5']
['copy', 'MOLCAS.JobIph', 'MOLCAS.3.JobIph']
['link', 'MOLCAS.1.JobIph', 'JOB001']
['rassi', 'dm', [4]]
['copy', 'MOLCAS.rassi.h5', 'MOLCAS.rassi.1.h5']
['link', 'MOLCAS.3.JobIph', 'JOB001']
['rassi', 'dm', [3]]
['copy', 'MOLCAS.rassi.h5', 'MOLCAS.rassi.3.h5']
['copy', '/project/lgagliardi/helenclifford/practice_rcc/sharc4/methaniminium/init_vertical/ICOND_00013/SAVE/MOLCAS.1.JobIph.0', 'JOB001']
['link', 'MOLCAS.1.JobIph', 'JOB002']
['rassi', 'overlap', [4, 4]]
['copy', 'MOLCAS.rassi.h5', 'MOLCAS.rassi.ovlp.1.h5']
['copy', '/project/lgagliardi/helenclifford/practice_rcc/sharc4/methaniminium/init_vertical/ICOND_00013/SAVE/MOLCAS.3.JobIph.0', 'JOB001']
['link', 'MOLCAS.3.JobIph', 'JOB002']
['rassi', 'overlap', [3, 3]]
['copy', 'MOLCAS.rassi.h5', 'MOLCAS.rassi.ovlp.3.h5']
['link', 'MOLCAS.1.JobIph', 'JOB001']
['link', 'MOLCAS.3.JobIph', 'JOB002']
['rassi', 'soc', [4, 3]]
All jobs finished:
job: master          code: 0    runtime: 0:00:18.267203

===> Results:

=> Hamiltonian Matrix:
Diagonal Shift:    -94.00
Real Part:
---------------------------------------------------------------------------------------------------------------------------------------------------
|-3.432e-01                                  | 9.870e-08 -9.099e-07  2.445e-06 |                                 | 9.870e-08 -9.099e-07  2.445e-06 |
|           -1.539e-02                       |-4.328e-06 -3.868e-06  3.068e-05 |                                 |-4.328e-06 -3.868e-06  3.068e-05 |
|                       3.748e-02            | 4.260e-06 -9.930e-06 -4.388e-06 |                                 | 4.260e-06 -9.930e-06 -4.388e-06 |
|                                  8.262e-02 |-1.079e-05  2.827e-05  3.095e-06 |                                 |-1.079e-05  2.827e-05  3.095e-06 |
---------------------------------------------------------------------------------------------------------------------------------------------------
| 9.870e-08 -4.328e-06  4.260e-06 -1.079e-05 |-1.527e-01                       |-8.005e-23 -5.565e-06  1.070e-05 |                                 |
|-9.099e-07 -3.868e-06 -9.930e-06  2.827e-05 |           -2.844e-02            | 5.565e-06  1.812e-21 -3.006e-05 |                                 |
| 2.445e-06  3.068e-05 -4.388e-06  3.095e-06 |                       4.789e-02 |-1.070e-05  3.006e-05  4.713e-22 |                                 |
---------------------------------------------------------------------------------------------------------------------------------------------------
|                                            | 8.005e-23  5.565e-06 -1.070e-05 |-1.527e-01                       |-8.005e-23 -5.565e-06  1.070e-05 |
|                                            |-5.565e-06 -1.812e-21  3.006e-05 |           -2.844e-02            | 5.565e-06  1.812e-21 -3.006e-05 |
|                                            | 1.070e-05 -3.006e-05 -4.713e-22 |                       4.789e-02 |-1.070e-05  3.006e-05  4.713e-22 |
---------------------------------------------------------------------------------------------------------------------------------------------------
| 9.870e-08 -4.328e-06  4.260e-06 -1.079e-05 |                                 | 8.005e-23  5.565e-06 -1.070e-05 |-1.527e-01                       |
|-9.099e-07 -3.868e-06 -9.930e-06  2.827e-05 |                                 |-5.565e-06 -1.812e-21  3.006e-05 |           -2.844e-02            |
| 2.445e-06  3.068e-05 -4.388e-06  3.095e-06 |                                 | 1.070e-05 -3.006e-05 -4.713e-22 |                       4.789e-02 |
---------------------------------------------------------------------------------------------------------------------------------------------------

Imaginary Part:
---------------------------------------------------------------------------------------------------------------------------------------------------
|                                            |-4.592e-06 -1.511e-05  8.152e-05 |-1.209e-05  7.412e-05  1.059e-05 | 4.592e-06  1.511e-05 -8.152e-05 |
|                                            |-4.310e-06 -1.510e-06  6.786e-06 | 2.855e-06  3.040e-06 -1.523e-07 | 4.310e-06  1.510e-06 -6.786e-06 |
|                                            | 1.475e-05 -9.370e-07  1.963e-05 | 5.253e-06  5.893e-06 -1.703e-06 |-1.475e-05  9.370e-07 -1.963e-05 |
|                                            |-4.588e-05 -6.756e-06  2.241e-06 | 1.427e-05  3.038e-06  6.808e-07 | 4.588e-05  6.756e-06 -2.241e-06 |
---------------------------------------------------------------------------------------------------------------------------------------------------
| 4.592e-06  4.310e-06 -1.475e-05  4.588e-05 |            3.974e-06 -5.817e-06 |-1.167e-21  7.140e-06 -4.439e-05 |                                 |
| 1.511e-05  1.510e-06  9.370e-07  6.756e-06 |-3.974e-06            -1.590e-06 |-7.140e-06  6.282e-22 -6.308e-06 |                                 |
|-8.152e-05 -6.786e-06 -1.963e-05 -2.241e-06 | 5.817e-06  1.590e-06            | 4.439e-05  6.308e-06  6.334e-22 |                                 |
---------------------------------------------------------------------------------------------------------------------------------------------------
| 1.209e-05 -2.855e-06 -5.253e-06 -1.427e-05 |-1.167e-21  7.140e-06 -4.439e-05 |                                 |-1.167e-21  7.140e-06 -4.439e-05 |
|-7.412e-05 -3.040e-06 -5.893e-06 -3.038e-06 |-7.140e-06  6.282e-22 -6.308e-06 |                                 |-7.140e-06  6.282e-22 -6.308e-06 |
|-1.059e-05  1.523e-07  1.703e-06 -6.808e-07 | 4.439e-05  6.308e-06  6.334e-22 |                                 | 4.439e-05  6.308e-06  6.334e-22 |
---------------------------------------------------------------------------------------------------------------------------------------------------
|-4.592e-06 -4.310e-06  1.475e-05 -4.588e-05 |                                 |-1.167e-21  7.140e-06 -4.439e-05 |           -3.974e-06  5.817e-06 |
|-1.511e-05 -1.510e-06 -9.370e-07 -6.756e-06 |                                 |-7.140e-06  6.282e-22 -6.308e-06 | 3.974e-06             1.590e-06 |
| 8.152e-05  6.786e-06  1.963e-05  2.241e-06 |                                 | 4.439e-05  6.308e-06  6.334e-22 |-5.817e-06 -1.590e-06            |
---------------------------------------------------------------------------------------------------------------------------------------------------


=> Dipole Moment Matrices:

Polarisation X:
Real Part:
---------------------------------------------------------------------------------------------------------------------------------------------------
|-6.233e-02  8.374e-03  1.415e-02  4.860e-02 |                                 |                                 |                                 |
| 8.374e-03  4.921e-02 -1.258e-01  2.785e-01 |                                 |                                 |                                 |
| 1.415e-02 -1.258e-01  1.056e-02 -7.510e-02 |                                 |                                 |                                 |
| 4.860e-02  2.785e-01 -7.510e-02 -2.479e-01 |                                 |                                 |                                 |
---------------------------------------------------------------------------------------------------------------------------------------------------
|                                            |-5.933e-02 -2.768e-03  7.831e-02 |                                 |                                 |
|                                            |-2.768e-03  1.476e-01 -3.778e-01 |                                 |                                 |
|                                            | 7.831e-02 -3.778e-01 -2.543e-01 |                                 |                                 |
---------------------------------------------------------------------------------------------------------------------------------------------------
|                                            |                                 |-5.933e-02 -2.768e-03  7.831e-02 |                                 |
|                                            |                                 |-2.768e-03  1.476e-01 -3.778e-01 |                                 |
|                                            |                                 | 7.831e-02 -3.778e-01 -2.543e-01 |                                 |
---------------------------------------------------------------------------------------------------------------------------------------------------
|                                            |                                 |                                 |-5.933e-02 -2.768e-03  7.831e-02 |
|                                            |                                 |                                 |-2.768e-03  1.476e-01 -3.778e-01 |
|                                            |                                 |                                 | 7.831e-02 -3.778e-01 -2.543e-01 |
---------------------------------------------------------------------------------------------------------------------------------------------------

Polarisation Y:
Real Part:
---------------------------------------------------------------------------------------------------------------------------------------------------
| 2.195e-01 -5.678e-02 -2.366e-02 -1.362e-01 |                                 |                                 |                                 |
|-5.678e-02  3.523e-01  3.395e-03 -4.001e-03 |                                 |                                 |                                 |
|-2.366e-02  3.395e-03  2.282e-01  5.143e-02 |                                 |                                 |                                 |
|-1.362e-01 -4.001e-03  5.143e-02  4.001e-01 |                                 |                                 |                                 |
---------------------------------------------------------------------------------------------------------------------------------------------------
|                                            | 1.926e-01 -5.535e-02  3.395e-02 |                                 |                                 |
|                                            |-5.535e-02  3.151e-01  4.973e-02 |                                 |                                 |
|                                            | 3.395e-02  4.973e-02  3.761e-01 |                                 |                                 |
---------------------------------------------------------------------------------------------------------------------------------------------------
|                                            |                                 | 1.926e-01 -5.535e-02  3.395e-02 |                                 |
|                                            |                                 |-5.535e-02  3.151e-01  4.973e-02 |                                 |
|                                            |                                 | 3.395e-02  4.973e-02  3.761e-01 |                                 |
---------------------------------------------------------------------------------------------------------------------------------------------------
|                                            |                                 |                                 | 1.926e-01 -5.535e-02  3.395e-02 |
|                                            |                                 |                                 |-5.535e-02  3.151e-01  4.973e-02 |
|                                            |                                 |                                 | 3.395e-02  4.973e-02  3.761e-01 |
---------------------------------------------------------------------------------------------------------------------------------------------------

Polarisation Z:
Real Part:
---------------------------------------------------------------------------------------------------------------------------------------------------
| 6.436e-02  4.326e-01  1.281e+00  3.426e-01 |                                 |                                 |                                 |
| 4.326e-01 -6.063e-01  8.966e-02  7.000e-02 |                                 |                                 |                                 |
| 1.281e+00  8.966e-02 -2.180e-01 -7.481e-02 |                                 |                                 |                                 |
| 3.426e-01  7.000e-02 -7.481e-02  1.813e-02 |                                 |                                 |                                 |
---------------------------------------------------------------------------------------------------------------------------------------------------
|                                            | 9.704e-01  2.430e-01  7.545e-02 |                                 |                                 |
|                                            | 2.430e-01 -6.757e-01 -7.021e-02 |                                 |                                 |
|                                            | 7.545e-02 -7.021e-02 -1.389e-01 |                                 |                                 |
---------------------------------------------------------------------------------------------------------------------------------------------------
|                                            |                                 | 9.704e-01  2.430e-01  7.545e-02 |                                 |
|                                            |                                 | 2.430e-01 -6.757e-01 -7.021e-02 |                                 |
|                                            |                                 | 7.545e-02 -7.021e-02 -1.389e-01 |                                 |
---------------------------------------------------------------------------------------------------------------------------------------------------
|                                            |                                 |                                 | 9.704e-01  2.430e-01  7.545e-02 |
|                                            |                                 |                                 | 2.430e-01 -6.757e-01 -7.021e-02 |
|                                            |                                 |                                 | 7.545e-02 -7.021e-02 -1.389e-01 |
---------------------------------------------------------------------------------------------------------------------------------------------------


=> Overlap matrix:

Real Part:
---------------------------------------------------------------------------------------------------------------------------------------------------
| 1.001e+00  2.857e-02 -6.672e-03  1.212e-03 |                                 |                                 |                                 |
| 4.733e-02 -9.462e-01  2.731e-01  1.779e-01 |                                 |                                 |                                 |
|-1.295e-02  3.454e-01  8.923e-01  2.685e-01 |                                 |                                 |                                 |
|-9.035e-03  8.926e-02 -3.602e-01  9.330e-01 |                                 |                                 |                                 |
---------------------------------------------------------------------------------------------------------------------------------------------------
|                                            | 9.830e-01  1.611e-01  1.075e-01 |                                 |                                 |
|                                            |-2.115e-01  9.641e-01  1.724e-01 |                                 |                                 |
|                                            |-9.838e-02 -2.128e-01  9.781e-01 |                                 |                                 |
---------------------------------------------------------------------------------------------------------------------------------------------------
|                                            |                                 | 9.830e-01  1.611e-01  1.075e-01 |                                 |
|                                            |                                 |-2.115e-01  9.641e-01  1.724e-01 |                                 |
|                                            |                                 |-9.838e-02 -2.128e-01  9.781e-01 |                                 |
---------------------------------------------------------------------------------------------------------------------------------------------------
|                                            |                                 |                                 | 9.830e-01  1.611e-01  1.075e-01 |
|                                            |                                 |                                 |-2.115e-01  9.641e-01  1.724e-01 |
|                                            |                                 |                                 |-9.838e-02 -2.128e-01  9.781e-01 |
---------------------------------------------------------------------------------------------------------------------------------------------------



==> Runtime:	0 Days	0 Hours	0 Minutes	18.626045 Seconds


===> Writing output to file QM.out in SHARC Format

