2026-07-22 14:19:49.857125 midway3-0561.rcc.local /project/lgagliardi/helenclifford/practice_rcc/sharc4/methaniminium/init_vertical/ICOND_00004
  ============================================================================
||                                                                            ||
||                         SHARC - MOLCAS - Interface                         ||
||                                                                            ||
||       Authors: Sascha Mausenberger, Lorenz Grünewald, Sebastian Mai        ||
||                                                                            ||
||                                Version: 4.0                                ||
||                              Date: 29.08.2023                              ||
||                                                                            ||
  ============================================================================
SAVEDIR set to ./SAVE/
Found env variable ncpu=1, resources["ncpu"] set to 1
Scratchdir set to /scratch/midway3/helenclifford/sharc_scratch/methaniminium/init_vertical/ICOND_00004
WARNING: 'no-douglas-kroll' not in template keywords: paddingstates, density_calculation_methods, tCI, basis, baslib, basis_per_element, basis_per_atom, nactel, ras1, ras2, ras3, inactive, roots, origin, origin_pos, isotope_elements, isotope_masses, method, functional, ipea, cort_or_dort, imaginary, frozen, gradaccudefault, gradaccumax, pcmset, pcmstate, iterations, cholesky_accu, rasscf_thrs
WARNING: 'cholesky' not in template keywords: paddingstates, density_calculation_methods, tCI, basis, baslib, basis_per_element, basis_per_atom, nactel, ras1, ras2, ras3, inactive, roots, origin, origin_pos, isotope_elements, isotope_masses, method, functional, ipea, cort_or_dort, imaginary, frozen, gradaccudefault, gradaccumax, pcmset, pcmstate, iterations, cholesky_accu, rasscf_thrs
paddingstates not specified setting default, [0, 0, 0]
Interface: 

Molecule: 
comment: Initial condition ICOND_00004/

natom: 6
elements: ['C', 'N', 'H', 'H', 'H', 'H']
unit: bohr
factor: 1.0
states: [4, 0, 3]
charge: [1, 1, 1]
nstates: 7
nmstates: 13
point_charges: False
npc: 0
Atomcharge: 17
frozcore: 2
Ubasis: [[      0.0       0.0]
 [      0.0       0.0]]
mol: None

Coords: 
coords: [[-0.00571325  0.00985048  0.05117669]
 [-0.00107157 -0.04251963  2.459764]
 [ 1.571495  0.09926492 -0.7439606]
 [ 1.705111  0.1306469  3.689926]
 [-1.494039  0.2993495  3.487495]
 [-1.699651 -0.05576658 -1.024475]]
pccoords: None
pccharge: None
veloc: None

Save: 
savedir: /project/lgagliardi/helenclifford/practice_rcc/sharc4/methaniminium/init_vertical/ICOND_00004/SAVE
step: 1
previous_step: None
init: False
newstep: True
samestep: False
always_guess: False
always_orb_init: False
restart: False

Requests: 
h: True
soc: True
dm: True
mdeqm: False
grad: None
nacdr: None
overlap: True
phases: False
ion: False
socdr: False
dmdr: False
multipolar_fit: None
theodore: False
cleanup: False
retain: 5
molden: False
savestuff: False
nooverlap: False
mol: False
density_matrices: None
dyson_orbitals: None

Maps: 
statemap: {1: [1, 1, 0.0], 2: [1, 2, 0.0], 3: [1, 3, 0.0], 4: [1, 4, 0.0], 5: [3, 1, -1.0], 6: [3, 2, -1.0], 7: [3, 3, -1.0], 8: [3, 1, 0.0], 9: [3, 2, 0.0], 10: [3, 3, 0.0], 11: [3, 1, 1.0], 12: [3, 2, 1.0], 13: [3, 3, 1.0]}
mults: None
gsmap: None
gradmap: None
nacmap: None
densmap: None
ionmap: None
chargemap: {1: 1, 2: 1, 3: 1}
multmap: {0: (0, 0, 0), 1: (0, 0, 1), 2: (0, 0, 2), 3: (0, 0, 3), 4: (2, 1.0, 0), 5: (2, 0.0, 0), 6: (2, -1.0, 0), 7: (2, 1.0, 1), 8: (2, 0.0, 1), 9: (2, -1.0, 1), 10: (2, 1.0, 2), 11: (2, 0.0, 2), 12: (2, -1.0, 2)}

Resources: 
pwd: /project/lgagliardi/helenclifford/practice_rcc/sharc4/methaniminium/init_vertical/ICOND_00004
cwd: /project/lgagliardi/helenclifford/practice_rcc/sharc4/methaniminium/init_vertical/ICOND_00004
scratchdir: /scratch/midway3/helenclifford/sharc_scratch/methaniminium/init_vertical/ICOND_00004
ncpu: 1
ngpu: None
memory: 2000
delay: 0.0
theodir: None
theodore_prop: []
theodore_fragment: []
wfoverlap: /home/helenclifford/project-lgagliardi/practice_rcc/sharc4/bin/wfoverlap.x
wfthres: 0.998
wfnumocc: None
resp_shells: []
resp_vdw_radii_symbol: {}
resp_vdw_radii: []
resp_betas: [0.0005, 0.0015, 0.003]
resp_layers: 4
resp_first_layer: 1.4
resp_density: 10.0
resp_fit_order: 2
resp_mk_radii: True
resp_grid: lebedev
resp_target: zero
resp_block_size: 5000
resp_nuke_ram: False
molcas: /project/lgagliardi/shared/Apps/OpenMolcas/builds/parallel
mpi_parallel: False
dry_run: False
driver: /project/lgagliardi/shared/Apps/OpenMolcas/builds/parallel/pymolcas

Template: 
paddingstates: [0, 0, 0]
density_calculation_methods: []
tCI: 1e-07
basis: 6-31g
baslib: None
basis_per_element: None
basis_per_atom: None
nactel: [7, 0, 0]
ras1: None
ras2: 4
ras3: None
inactive: 5
roots: [4, 0, 3]
origin: none
origin_pos: [0.0, 0.0, 0.0]
isotope_elements: []
isotope_masses: []
method: casscf
functional: t:pbe
ipea: 0.25
cort_or_dort: CORT
imaginary: 0.0
frozen: None
gradaccudefault: 0.0001
gradaccumax: 0.001
pcmset: None
pcmstate: None
iterations: [200, 100]
cholesky_accu: 0.0001
rasscf_thrs: [1e-08, 0.0001, 0.0001]

Scheduling: 

Control: 
jobid: None
workdir: None
master: False
gradonly: False
densonly: False
states_to_do: [4, 0, 3]
jobs: None
nslots_pool: []

Starting job execution
['gateway']
['seward']
['copy', '/project/lgagliardi/helenclifford/practice_rcc/sharc4/methaniminium/init_vertical/ICOND_00004/SAVE/MOLCAS.1.JobIph.0', 'JOBOLD']
['rasscf', 1, 4, True, False]
['copy', 'MOLCAS.rasscf.h5', 'MOLCAS.1.rasscf.h5']
['copy', 'MOLCAS.JobIph', 'MOLCAS.1.JobIph']
['copy', '/project/lgagliardi/helenclifford/practice_rcc/sharc4/methaniminium/init_vertical/ICOND_00004/SAVE/MOLCAS.3.JobIph.0', 'JOBOLD']
['rasscf', 3, 3, True, False]
['copy', 'MOLCAS.rasscf.h5', 'MOLCAS.3.rasscf.h5']
['copy', 'MOLCAS.JobIph', 'MOLCAS.3.JobIph']
['link', 'MOLCAS.1.JobIph', 'JOB001']
['rassi', 'dm', [4]]
['copy', 'MOLCAS.rassi.h5', 'MOLCAS.rassi.1.h5']
['link', 'MOLCAS.3.JobIph', 'JOB001']
['rassi', 'dm', [3]]
['copy', 'MOLCAS.rassi.h5', 'MOLCAS.rassi.3.h5']
['copy', '/project/lgagliardi/helenclifford/practice_rcc/sharc4/methaniminium/init_vertical/ICOND_00004/SAVE/MOLCAS.1.JobIph.0', 'JOB001']
['link', 'MOLCAS.1.JobIph', 'JOB002']
['rassi', 'overlap', [4, 4]]
['copy', 'MOLCAS.rassi.h5', 'MOLCAS.rassi.ovlp.1.h5']
['copy', '/project/lgagliardi/helenclifford/practice_rcc/sharc4/methaniminium/init_vertical/ICOND_00004/SAVE/MOLCAS.3.JobIph.0', 'JOB001']
['link', 'MOLCAS.3.JobIph', 'JOB002']
['rassi', 'overlap', [3, 3]]
['copy', 'MOLCAS.rassi.h5', 'MOLCAS.rassi.ovlp.3.h5']
['link', 'MOLCAS.1.JobIph', 'JOB001']
['link', 'MOLCAS.3.JobIph', 'JOB002']
['rassi', 'soc', [4, 3]]
All jobs finished:
job: master          code: 0    runtime: 0:00:19.334080

===> Results:

=> Hamiltonian Matrix:
Diagonal Shift:    -94.00
Real Part:
---------------------------------------------------------------------------------------------------------------------------------------------------
|-3.375e-01                                  |-2.631e-07 -2.834e-06  1.400e-06 |                                 |-2.631e-07 -2.834e-06  1.400e-06 |
|           -1.420e-03                       | 4.952e-06  1.965e-07  4.192e-05 |                                 | 4.952e-06  1.965e-07  4.192e-05 |
|                       5.937e-02            |-1.116e-06 -3.873e-06 -5.143e-06 |                                 |-1.116e-06 -3.873e-06 -5.143e-06 |
|                                  1.215e-01 | 5.626e-06  1.431e-05  2.134e-05 |                                 | 5.626e-06  1.431e-05  2.134e-05 |
---------------------------------------------------------------------------------------------------------------------------------------------------
|-2.631e-07  4.952e-06 -1.116e-06  5.626e-06 |-1.401e-01                       | 1.508e-22 -4.398e-06  6.001e-06 |                                 |
|-2.834e-06  1.965e-07 -3.873e-06  1.431e-05 |           -4.650e-03            | 4.398e-06  8.637e-22  4.075e-05 |                                 |
| 1.400e-06  4.192e-05 -5.143e-06  2.134e-05 |                       8.257e-02 |-6.001e-06 -4.075e-05  4.392e-22 |                                 |
---------------------------------------------------------------------------------------------------------------------------------------------------
|                                            |-1.508e-22  4.398e-06 -6.001e-06 |-1.401e-01                       | 1.508e-22 -4.398e-06  6.001e-06 |
|                                            |-4.398e-06 -8.637e-22 -4.075e-05 |           -4.650e-03            | 4.398e-06  8.637e-22  4.075e-05 |
|                                            | 6.001e-06  4.075e-05 -4.392e-22 |                       8.257e-02 |-6.001e-06 -4.075e-05  4.392e-22 |
---------------------------------------------------------------------------------------------------------------------------------------------------
|-2.631e-07  4.952e-06 -1.116e-06  5.626e-06 |                                 |-1.508e-22  4.398e-06 -6.001e-06 |-1.401e-01                       |
|-2.834e-06  1.965e-07 -3.873e-06  1.431e-05 |                                 |-4.398e-06 -8.637e-22 -4.075e-05 |           -4.650e-03            |
| 1.400e-06  4.192e-05 -5.143e-06  2.134e-05 |                                 | 6.001e-06  4.075e-05 -4.392e-22 |                       8.257e-02 |
---------------------------------------------------------------------------------------------------------------------------------------------------

Imaginary Part:
---------------------------------------------------------------------------------------------------------------------------------------------------
|                                            |-2.133e-06  7.932e-06 -8.408e-05 | 7.125e-06  9.146e-05  8.422e-06 | 2.133e-06 -7.932e-06  8.408e-05 |
|                                            |-8.898e-06  4.500e-07 -3.258e-06 |-3.586e-05  5.370e-06  2.291e-06 | 8.898e-06 -4.500e-07  3.258e-06 |
|                                            | 3.772e-06 -4.920e-08 -1.932e-05 | 4.425e-06  1.408e-05 -2.482e-06 |-3.772e-06  4.920e-08  1.932e-05 |
|                                            |-2.065e-05  2.706e-06  2.557e-06 |-8.662e-05  4.399e-06  3.913e-06 | 2.065e-05 -2.706e-06 -2.557e-06 |
---------------------------------------------------------------------------------------------------------------------------------------------------
| 2.133e-06  8.898e-06 -3.772e-06  2.065e-05 |            2.942e-05 -4.882e-06 | 2.333e-21 -4.268e-06  4.464e-05 |                                 |
|-7.932e-06 -4.500e-07  4.920e-08 -2.706e-06 |-2.942e-05             2.663e-06 | 4.268e-06 -8.467e-23 -3.698e-06 |                                 |
| 8.408e-05  3.258e-06  1.932e-05 -2.557e-06 | 4.882e-06 -2.663e-06            |-4.464e-05  3.698e-06 -6.873e-22 |                                 |
---------------------------------------------------------------------------------------------------------------------------------------------------
|-7.125e-06  3.586e-05 -4.425e-06  8.662e-05 | 2.333e-21 -4.268e-06  4.464e-05 |                                 | 2.333e-21 -4.268e-06  4.464e-05 |
|-9.146e-05 -5.370e-06 -1.408e-05 -4.399e-06 | 4.268e-06 -8.467e-23 -3.698e-06 |                                 | 4.268e-06 -8.467e-23 -3.698e-06 |
|-8.422e-06 -2.291e-06  2.482e-06 -3.913e-06 |-4.464e-05  3.698e-06 -6.873e-22 |                                 |-4.464e-05  3.698e-06 -6.873e-22 |
---------------------------------------------------------------------------------------------------------------------------------------------------
|-2.133e-06 -8.898e-06  3.772e-06 -2.065e-05 |                                 | 2.333e-21 -4.268e-06  4.464e-05 |           -2.942e-05  4.882e-06 |
| 7.932e-06  4.500e-07 -4.920e-08  2.706e-06 |                                 | 4.268e-06 -8.467e-23 -3.698e-06 | 2.942e-05            -2.663e-06 |
|-8.408e-05 -3.258e-06 -1.932e-05  2.557e-06 |                                 |-4.464e-05  3.698e-06 -6.873e-22 |-4.882e-06  2.663e-06            |
---------------------------------------------------------------------------------------------------------------------------------------------------


=> Dipole Moment Matrices:

Polarisation X:
Real Part:
---------------------------------------------------------------------------------------------------------------------------------------------------
| 2.973e-02  9.480e-03 -1.719e-03  1.525e-03 |                                 |                                 |                                 |
| 9.480e-03  6.043e-02 -1.185e-02  1.338e-01 |                                 |                                 |                                 |
|-1.719e-03 -1.185e-02  3.555e-02 -5.375e-02 |                                 |                                 |                                 |
| 1.525e-03  1.338e-01 -5.375e-02  3.246e-01 |                                 |                                 |                                 |
---------------------------------------------------------------------------------------------------------------------------------------------------
|                                            | 5.473e-02 -9.891e-03  2.490e-02 |                                 |                                 |
|                                            |-9.891e-03 -1.613e-02  2.290e-01 |                                 |                                 |
|                                            | 2.490e-02  2.290e-01  1.827e-01 |                                 |                                 |
---------------------------------------------------------------------------------------------------------------------------------------------------
|                                            |                                 | 5.473e-02 -9.891e-03  2.490e-02 |                                 |
|                                            |                                 |-9.891e-03 -1.613e-02  2.290e-01 |                                 |
|                                            |                                 | 2.490e-02  2.290e-01  1.827e-01 |                                 |
---------------------------------------------------------------------------------------------------------------------------------------------------
|                                            |                                 |                                 | 5.473e-02 -9.891e-03  2.490e-02 |
|                                            |                                 |                                 |-9.891e-03 -1.613e-02  2.290e-01 |
|                                            |                                 |                                 | 2.490e-02  2.290e-01  1.827e-01 |
---------------------------------------------------------------------------------------------------------------------------------------------------

Polarisation Y:
Real Part:
---------------------------------------------------------------------------------------------------------------------------------------------------
| 2.008e-01 -2.579e-02 -9.392e-02  5.103e-02 |                                 |                                 |                                 |
|-2.579e-02  2.984e-01  3.676e-02  5.528e-02 |                                 |                                 |                                 |
|-9.392e-02  3.676e-02  2.317e-01  2.576e-02 |                                 |                                 |                                 |
| 5.103e-02  5.528e-02  2.576e-02  2.674e-01 |                                 |                                 |                                 |
---------------------------------------------------------------------------------------------------------------------------------------------------
|                                            | 1.589e-01  5.530e-02 -4.401e-02 |                                 |                                 |
|                                            | 5.530e-02  2.783e-01  2.169e-02 |                                 |                                 |
|                                            |-4.401e-02  2.169e-02  2.945e-01 |                                 |                                 |
---------------------------------------------------------------------------------------------------------------------------------------------------
|                                            |                                 | 1.589e-01  5.530e-02 -4.401e-02 |                                 |
|                                            |                                 | 5.530e-02  2.783e-01  2.169e-02 |                                 |
|                                            |                                 |-4.401e-02  2.169e-02  2.945e-01 |                                 |
---------------------------------------------------------------------------------------------------------------------------------------------------
|                                            |                                 |                                 | 1.589e-01  5.530e-02 -4.401e-02 |
|                                            |                                 |                                 | 5.530e-02  2.783e-01  2.169e-02 |
|                                            |                                 |                                 |-4.401e-02  2.169e-02  2.945e-01 |
---------------------------------------------------------------------------------------------------------------------------------------------------

Polarisation Z:
Real Part:
---------------------------------------------------------------------------------------------------------------------------------------------------
| 3.323e-01  2.302e-01  1.372e+00 -2.014e-02 |                                 |                                 |                                 |
| 2.302e-01  3.417e-01 -8.256e-02  7.317e-01 |                                 |                                 |                                 |
| 1.372e+00 -8.256e-02 -1.028e-01 -1.084e-01 |                                 |                                 |                                 |
|-2.014e-02  7.317e-01 -1.084e-01  1.018e+00 |                                 |                                 |                                 |
---------------------------------------------------------------------------------------------------------------------------------------------------
|                                            | 1.190e+00 -8.896e-02 -2.840e-02 |                                 |                                 |
|                                            |-8.896e-02  1.062e-02 -7.337e-02 |                                 |                                 |
|                                            |-2.840e-02 -7.337e-02  2.462e-01 |                                 |                                 |
---------------------------------------------------------------------------------------------------------------------------------------------------
|                                            |                                 | 1.190e+00 -8.896e-02 -2.840e-02 |                                 |
|                                            |                                 |-8.896e-02  1.062e-02 -7.337e-02 |                                 |
|                                            |                                 |-2.840e-02 -7.337e-02  2.462e-01 |                                 |
---------------------------------------------------------------------------------------------------------------------------------------------------
|                                            |                                 |                                 | 1.190e+00 -8.896e-02 -2.840e-02 |
|                                            |                                 |                                 |-8.896e-02  1.062e-02 -7.337e-02 |
|                                            |                                 |                                 |-2.840e-02 -7.337e-02  2.462e-01 |
---------------------------------------------------------------------------------------------------------------------------------------------------


=> Overlap matrix:

Real Part:
---------------------------------------------------------------------------------------------------------------------------------------------------
| 1.000e+00  2.487e-03 -3.011e-02 -1.457e-02 |                                 |                                 |                                 |
|-2.248e-02  9.122e-01 -1.580e-01 -3.348e-01 |                                 |                                 |                                 |
| 2.640e-02  1.843e-01  9.744e-01 -1.567e-02 |                                 |                                 |                                 |
|-2.210e-02  1.321e-01 -1.057e-01  3.804e-01 |                                 |                                 |                                 |
---------------------------------------------------------------------------------------------------------------------------------------------------
|                                            | 9.908e-01 -8.863e-02 -6.415e-02 |                                 |                                 |
|                                            | 1.064e-01  9.609e-01  1.322e-01 |                                 |                                 |
|                                            |-6.794e-02  1.270e-01 -9.765e-01 |                                 |                                 |
---------------------------------------------------------------------------------------------------------------------------------------------------
|                                            |                                 | 9.908e-01 -8.863e-02 -6.415e-02 |                                 |
|                                            |                                 | 1.064e-01  9.609e-01  1.322e-01 |                                 |
|                                            |                                 |-6.794e-02  1.270e-01 -9.765e-01 |                                 |
---------------------------------------------------------------------------------------------------------------------------------------------------
|                                            |                                 |                                 | 9.908e-01 -8.863e-02 -6.415e-02 |
|                                            |                                 |                                 | 1.064e-01  9.609e-01  1.322e-01 |
|                                            |                                 |                                 |-6.794e-02  1.270e-01 -9.765e-01 |
---------------------------------------------------------------------------------------------------------------------------------------------------



==> Runtime:	0 Days	0 Hours	0 Minutes	21.523007 Seconds


===> Writing output to file QM.out in SHARC Format

