2026-07-22 14:19:49.856861 midway3-0561.rcc.local /project/lgagliardi/helenclifford/practice_rcc/sharc4/methaniminium/init_vertical/ICOND_00016
  ============================================================================
||                                                                            ||
||                         SHARC - MOLCAS - Interface                         ||
||                                                                            ||
||       Authors: Sascha Mausenberger, Lorenz Grünewald, Sebastian Mai        ||
||                                                                            ||
||                                Version: 4.0                                ||
||                              Date: 29.08.2023                              ||
||                                                                            ||
  ============================================================================
SAVEDIR set to ./SAVE/
Found env variable ncpu=1, resources["ncpu"] set to 1
Scratchdir set to /scratch/midway3/helenclifford/sharc_scratch/methaniminium/init_vertical/ICOND_00016
WARNING: 'no-douglas-kroll' not in template keywords: paddingstates, density_calculation_methods, tCI, basis, baslib, basis_per_element, basis_per_atom, nactel, ras1, ras2, ras3, inactive, roots, origin, origin_pos, isotope_elements, isotope_masses, method, functional, ipea, cort_or_dort, imaginary, frozen, gradaccudefault, gradaccumax, pcmset, pcmstate, iterations, cholesky_accu, rasscf_thrs
WARNING: 'cholesky' not in template keywords: paddingstates, density_calculation_methods, tCI, basis, baslib, basis_per_element, basis_per_atom, nactel, ras1, ras2, ras3, inactive, roots, origin, origin_pos, isotope_elements, isotope_masses, method, functional, ipea, cort_or_dort, imaginary, frozen, gradaccudefault, gradaccumax, pcmset, pcmstate, iterations, cholesky_accu, rasscf_thrs
paddingstates not specified setting default, [0, 0, 0]
Interface: 

Molecule: 
comment: Initial condition ICOND_00016/

natom: 6
elements: ['C', 'N', 'H', 'H', 'H', 'H']
unit: bohr
factor: 1.0
states: [4, 0, 3]
charge: [1, 1, 1]
nstates: 7
nmstates: 13
point_charges: False
npc: 0
Atomcharge: 17
frozcore: 2
Ubasis: [[      0.0       0.0]
 [      0.0       0.0]]
mol: None

Coords: 
coords: [[ 0.02511946 -0.02965576  0.06632948]
 [-0.01111792 -0.01350078  2.465258]
 [ 1.706893  0.2164811 -0.882813]
 [ 1.505489  0.04866102  3.348885]
 [-1.528951  0.1770634  3.732008]
 [-1.828047  0.09848503 -1.045847]]
pccoords: None
pccharge: None
veloc: None

Save: 
savedir: /project/lgagliardi/helenclifford/practice_rcc/sharc4/methaniminium/init_vertical/ICOND_00016/SAVE
step: 1
previous_step: None
init: False
newstep: True
samestep: False
always_guess: False
always_orb_init: False
restart: False

Requests: 
h: True
soc: True
dm: True
mdeqm: False
grad: None
nacdr: None
overlap: True
phases: False
ion: False
socdr: False
dmdr: False
multipolar_fit: None
theodore: False
cleanup: False
retain: 5
molden: False
savestuff: False
nooverlap: False
mol: False
density_matrices: None
dyson_orbitals: None

Maps: 
statemap: {1: [1, 1, 0.0], 2: [1, 2, 0.0], 3: [1, 3, 0.0], 4: [1, 4, 0.0], 5: [3, 1, -1.0], 6: [3, 2, -1.0], 7: [3, 3, -1.0], 8: [3, 1, 0.0], 9: [3, 2, 0.0], 10: [3, 3, 0.0], 11: [3, 1, 1.0], 12: [3, 2, 1.0], 13: [3, 3, 1.0]}
mults: None
gsmap: None
gradmap: None
nacmap: None
densmap: None
ionmap: None
chargemap: {1: 1, 2: 1, 3: 1}
multmap: {0: (0, 0, 0), 1: (0, 0, 1), 2: (0, 0, 2), 3: (0, 0, 3), 4: (2, 1.0, 0), 5: (2, 0.0, 0), 6: (2, -1.0, 0), 7: (2, 1.0, 1), 8: (2, 0.0, 1), 9: (2, -1.0, 1), 10: (2, 1.0, 2), 11: (2, 0.0, 2), 12: (2, -1.0, 2)}

Resources: 
pwd: /project/lgagliardi/helenclifford/practice_rcc/sharc4/methaniminium/init_vertical/ICOND_00016
cwd: /project/lgagliardi/helenclifford/practice_rcc/sharc4/methaniminium/init_vertical/ICOND_00016
scratchdir: /scratch/midway3/helenclifford/sharc_scratch/methaniminium/init_vertical/ICOND_00016
ncpu: 1
ngpu: None
memory: 2000
delay: 0.0
theodir: None
theodore_prop: []
theodore_fragment: []
wfoverlap: /home/helenclifford/project-lgagliardi/practice_rcc/sharc4/bin/wfoverlap.x
wfthres: 0.998
wfnumocc: None
resp_shells: []
resp_vdw_radii_symbol: {}
resp_vdw_radii: []
resp_betas: [0.0005, 0.0015, 0.003]
resp_layers: 4
resp_first_layer: 1.4
resp_density: 10.0
resp_fit_order: 2
resp_mk_radii: True
resp_grid: lebedev
resp_target: zero
resp_block_size: 5000
resp_nuke_ram: False
molcas: /project/lgagliardi/shared/Apps/OpenMolcas/builds/parallel
mpi_parallel: False
dry_run: False
driver: /project/lgagliardi/shared/Apps/OpenMolcas/builds/parallel/pymolcas

Template: 
paddingstates: [0, 0, 0]
density_calculation_methods: []
tCI: 1e-07
basis: 6-31g
baslib: None
basis_per_element: None
basis_per_atom: None
nactel: [7, 0, 0]
ras1: None
ras2: 4
ras3: None
inactive: 5
roots: [4, 0, 3]
origin: none
origin_pos: [0.0, 0.0, 0.0]
isotope_elements: []
isotope_masses: []
method: casscf
functional: t:pbe
ipea: 0.25
cort_or_dort: CORT
imaginary: 0.0
frozen: None
gradaccudefault: 0.0001
gradaccumax: 0.001
pcmset: None
pcmstate: None
iterations: [200, 100]
cholesky_accu: 0.0001
rasscf_thrs: [1e-08, 0.0001, 0.0001]

Scheduling: 

Control: 
jobid: None
workdir: None
master: False
gradonly: False
densonly: False
states_to_do: [4, 0, 3]
jobs: None
nslots_pool: []

Starting job execution
['gateway']
['seward']
['copy', '/project/lgagliardi/helenclifford/practice_rcc/sharc4/methaniminium/init_vertical/ICOND_00016/SAVE/MOLCAS.1.JobIph.0', 'JOBOLD']
['rasscf', 1, 4, True, False]
['copy', 'MOLCAS.rasscf.h5', 'MOLCAS.1.rasscf.h5']
['copy', 'MOLCAS.JobIph', 'MOLCAS.1.JobIph']
['copy', '/project/lgagliardi/helenclifford/practice_rcc/sharc4/methaniminium/init_vertical/ICOND_00016/SAVE/MOLCAS.3.JobIph.0', 'JOBOLD']
['rasscf', 3, 3, True, False]
['copy', 'MOLCAS.rasscf.h5', 'MOLCAS.3.rasscf.h5']
['copy', 'MOLCAS.JobIph', 'MOLCAS.3.JobIph']
['link', 'MOLCAS.1.JobIph', 'JOB001']
['rassi', 'dm', [4]]
['copy', 'MOLCAS.rassi.h5', 'MOLCAS.rassi.1.h5']
['link', 'MOLCAS.3.JobIph', 'JOB001']
['rassi', 'dm', [3]]
['copy', 'MOLCAS.rassi.h5', 'MOLCAS.rassi.3.h5']
['copy', '/project/lgagliardi/helenclifford/practice_rcc/sharc4/methaniminium/init_vertical/ICOND_00016/SAVE/MOLCAS.1.JobIph.0', 'JOB001']
['link', 'MOLCAS.1.JobIph', 'JOB002']
['rassi', 'overlap', [4, 4]]
['copy', 'MOLCAS.rassi.h5', 'MOLCAS.rassi.ovlp.1.h5']
['copy', '/project/lgagliardi/helenclifford/practice_rcc/sharc4/methaniminium/init_vertical/ICOND_00016/SAVE/MOLCAS.3.JobIph.0', 'JOB001']
['link', 'MOLCAS.3.JobIph', 'JOB002']
['rassi', 'overlap', [3, 3]]
['copy', 'MOLCAS.rassi.h5', 'MOLCAS.rassi.ovlp.3.h5']
['link', 'MOLCAS.1.JobIph', 'JOB001']
['link', 'MOLCAS.3.JobIph', 'JOB002']
['rassi', 'soc', [4, 3]]
All jobs finished:
job: master          code: 0    runtime: 0:00:17.587016

===> Results:

=> Hamiltonian Matrix:
Diagonal Shift:    -94.00
Real Part:
---------------------------------------------------------------------------------------------------------------------------------------------------
|-3.517e-01                                  | 6.803e-08  7.321e-07 -3.090e-07 |                                 | 6.803e-08  7.321e-07 -3.090e-07 |
|           -1.957e-02                       | 3.104e-06 -2.147e-06 -3.299e-05 |                                 | 3.104e-06 -2.147e-06 -3.299e-05 |
|                       4.367e-02            |-7.077e-07 -5.961e-06  2.083e-06 |                                 |-7.077e-07 -5.961e-06  2.083e-06 |
|                                  1.020e-01 | 1.469e-06  2.942e-05  8.428e-06 |                                 | 1.469e-06  2.942e-05  8.428e-06 |
---------------------------------------------------------------------------------------------------------------------------------------------------
| 6.803e-08  3.104e-06 -7.077e-07  1.469e-06 |-1.472e-01                       |-1.247e-24 -3.276e-06 -2.603e-06 |                                 |
| 7.321e-07 -2.147e-06 -5.961e-06  2.942e-05 |           -4.052e-02            | 3.276e-06 -1.626e-21 -3.283e-05 |                                 |
|-3.090e-07 -3.299e-05  2.083e-06  8.428e-06 |                       6.469e-02 | 2.603e-06  3.283e-05  1.868e-22 |                                 |
---------------------------------------------------------------------------------------------------------------------------------------------------
|                                            | 1.247e-24  3.276e-06  2.603e-06 |-1.472e-01                       |-1.247e-24 -3.276e-06 -2.603e-06 |
|                                            |-3.276e-06  1.626e-21  3.283e-05 |           -4.052e-02            | 3.276e-06 -1.626e-21 -3.283e-05 |
|                                            |-2.603e-06 -3.283e-05 -1.868e-22 |                       6.469e-02 | 2.603e-06  3.283e-05  1.868e-22 |
---------------------------------------------------------------------------------------------------------------------------------------------------
| 6.803e-08  3.104e-06 -7.077e-07  1.469e-06 |                                 | 1.247e-24  3.276e-06  2.603e-06 |-1.472e-01                       |
| 7.321e-07 -2.147e-06 -5.961e-06  2.942e-05 |                                 |-3.276e-06  1.626e-21  3.283e-05 |           -4.052e-02            |
|-3.090e-07 -3.299e-05  2.083e-06  8.428e-06 |                                 |-2.603e-06 -3.283e-05 -1.868e-22 |                       6.469e-02 |
---------------------------------------------------------------------------------------------------------------------------------------------------

Imaginary Part:
---------------------------------------------------------------------------------------------------------------------------------------------------
|                                            |-4.357e-06  8.084e-06  7.831e-05 | 4.253e-06  7.991e-05 -1.989e-05 | 4.357e-06 -8.084e-06 -7.831e-05 |
|                                            | 5.285e-06  1.649e-07  2.917e-06 |-1.493e-05  2.062e-06 -8.276e-07 |-5.285e-06 -1.649e-07 -2.917e-06 |
|                                            | 6.350e-06  1.950e-06  1.910e-05 |-4.409e-06  8.738e-06 -6.501e-06 |-6.350e-06 -1.950e-06 -1.910e-05 |
|                                            |-3.998e-05  1.847e-06  2.183e-06 | 5.063e-05 -1.254e-07  1.869e-06 | 3.998e-05 -1.847e-06 -2.183e-06 |
---------------------------------------------------------------------------------------------------------------------------------------------------
| 4.357e-06 -5.285e-06 -6.350e-06  3.998e-05 |            1.192e-05 -1.628e-05 | 1.823e-23 -7.625e-08 -3.873e-05 |                                 |
|-8.084e-06 -1.649e-07 -1.950e-06 -1.847e-06 |-1.192e-05             9.609e-07 | 7.625e-08  6.121e-22  1.748e-06 |                                 |
|-7.831e-05 -2.917e-06 -1.910e-05 -2.183e-06 | 1.628e-05 -9.609e-07            | 3.873e-05 -1.748e-06  3.937e-22 |                                 |
---------------------------------------------------------------------------------------------------------------------------------------------------
|-4.253e-06  1.493e-05  4.409e-06 -5.063e-05 | 1.823e-23 -7.625e-08 -3.873e-05 |                                 | 1.823e-23 -7.625e-08 -3.873e-05 |
|-7.991e-05 -2.062e-06 -8.738e-06  1.254e-07 | 7.625e-08  6.121e-22  1.748e-06 |                                 | 7.625e-08  6.121e-22  1.748e-06 |
| 1.989e-05  8.276e-07  6.501e-06 -1.869e-06 | 3.873e-05 -1.748e-06  3.937e-22 |                                 | 3.873e-05 -1.748e-06  3.937e-22 |
---------------------------------------------------------------------------------------------------------------------------------------------------
|-4.357e-06  5.285e-06  6.350e-06 -3.998e-05 |                                 | 1.823e-23 -7.625e-08 -3.873e-05 |           -1.192e-05  1.628e-05 |
| 8.084e-06  1.649e-07  1.950e-06  1.847e-06 |                                 | 7.625e-08  6.121e-22  1.748e-06 | 1.192e-05            -9.609e-07 |
| 7.831e-05  2.917e-06  1.910e-05  2.183e-06 |                                 | 3.873e-05 -1.748e-06  3.937e-22 |-1.628e-05  9.609e-07            |
---------------------------------------------------------------------------------------------------------------------------------------------------


=> Dipole Moment Matrices:

Polarisation X:
Real Part:
---------------------------------------------------------------------------------------------------------------------------------------------------
| 7.703e-03  2.073e-02 -2.323e-02 -2.061e-02 |                                 |                                 |                                 |
| 2.073e-02 -3.196e-01  8.270e-02 -3.053e-01 |                                 |                                 |                                 |
|-2.323e-02  8.270e-02 -1.101e-02  8.185e-02 |                                 |                                 |                                 |
|-2.061e-02 -3.053e-01  8.185e-02 -2.690e-01 |                                 |                                 |                                 |
---------------------------------------------------------------------------------------------------------------------------------------------------
|                                            |-1.455e-02  2.324e-02 -3.162e-02 |                                 |                                 |
|                                            | 2.324e-02 -3.486e-01 -4.756e-01 |                                 |                                 |
|                                            |-3.162e-02 -4.756e-01 -6.023e-03 |                                 |                                 |
---------------------------------------------------------------------------------------------------------------------------------------------------
|                                            |                                 |-1.455e-02  2.324e-02 -3.162e-02 |                                 |
|                                            |                                 | 2.324e-02 -3.486e-01 -4.756e-01 |                                 |
|                                            |                                 |-3.162e-02 -4.756e-01 -6.023e-03 |                                 |
---------------------------------------------------------------------------------------------------------------------------------------------------
|                                            |                                 |                                 |-1.455e-02  2.324e-02 -3.162e-02 |
|                                            |                                 |                                 | 2.324e-02 -3.486e-01 -4.756e-01 |
|                                            |                                 |                                 |-3.162e-02 -4.756e-01 -6.023e-03 |
---------------------------------------------------------------------------------------------------------------------------------------------------

Polarisation Y:
Real Part:
---------------------------------------------------------------------------------------------------------------------------------------------------
| 1.271e-01 -1.255e-01  7.884e-02 -1.453e-01 |                                 |                                 |                                 |
|-1.255e-01  3.088e-01 -1.620e-02 -3.307e-03 |                                 |                                 |                                 |
| 7.884e-02 -1.620e-02  1.423e-01  7.332e-02 |                                 |                                 |                                 |
|-1.453e-01 -3.307e-03  7.332e-02  3.131e-01 |                                 |                                 |                                 |
---------------------------------------------------------------------------------------------------------------------------------------------------
|                                            | 1.605e-01  3.413e-02  7.399e-02 |                                 |                                 |
|                                            | 3.413e-02  2.944e-01 -2.022e-02 |                                 |                                 |
|                                            | 7.399e-02 -2.022e-02  2.900e-01 |                                 |                                 |
---------------------------------------------------------------------------------------------------------------------------------------------------
|                                            |                                 | 1.605e-01  3.413e-02  7.399e-02 |                                 |
|                                            |                                 | 3.413e-02  2.944e-01 -2.022e-02 |                                 |
|                                            |                                 | 7.399e-02 -2.022e-02  2.900e-01 |                                 |
---------------------------------------------------------------------------------------------------------------------------------------------------
|                                            |                                 |                                 | 1.605e-01  3.413e-02  7.399e-02 |
|                                            |                                 |                                 | 3.413e-02  2.944e-01 -2.022e-02 |
|                                            |                                 |                                 | 7.399e-02 -2.022e-02  2.900e-01 |
---------------------------------------------------------------------------------------------------------------------------------------------------

Polarisation Z:
Real Part:
---------------------------------------------------------------------------------------------------------------------------------------------------
| 2.812e-01  1.218e-01  1.371e+00  2.367e-01 |                                 |                                 |                                 |
| 1.218e-01 -2.747e-01  7.325e-02 -3.564e-01 |                                 |                                 |                                 |
| 1.371e+00  7.325e-02 -6.415e-02 -5.198e-02 |                                 |                                 |                                 |
| 2.367e-01 -3.564e-01 -5.198e-02  5.627e-01 |                                 |                                 |                                 |
---------------------------------------------------------------------------------------------------------------------------------------------------
|                                            | 1.191e+00 -6.615e-02  6.530e-02 |                                 |                                 |
|                                            |-6.615e-02 -4.172e-01 -1.915e-01 |                                 |                                 |
|                                            | 6.530e-02 -1.915e-01 -6.899e-03 |                                 |                                 |
---------------------------------------------------------------------------------------------------------------------------------------------------
|                                            |                                 | 1.191e+00 -6.615e-02  6.530e-02 |                                 |
|                                            |                                 |-6.615e-02 -4.172e-01 -1.915e-01 |                                 |
|                                            |                                 | 6.530e-02 -1.915e-01 -6.899e-03 |                                 |
---------------------------------------------------------------------------------------------------------------------------------------------------
|                                            |                                 |                                 | 1.191e+00 -6.615e-02  6.530e-02 |
|                                            |                                 |                                 |-6.615e-02 -4.172e-01 -1.915e-01 |
|                                            |                                 |                                 | 6.530e-02 -1.915e-01 -6.899e-03 |
---------------------------------------------------------------------------------------------------------------------------------------------------


=> Overlap matrix:

Real Part:
---------------------------------------------------------------------------------------------------------------------------------------------------
| 9.872e-01  1.010e-02 -8.441e-03 -1.747e-03 |                                 |                                 |                                 |
|-2.910e-02  9.697e-01 -8.759e-02 -1.936e-02 |                                 |                                 |                                 |
| 7.440e-03  9.714e-02  9.584e-01  1.757e-01 |                                 |                                 |                                 |
| 1.643e-02  6.013e-02 -1.837e-01  8.303e-01 |                                 |                                 |                                 |
---------------------------------------------------------------------------------------------------------------------------------------------------
|                                            | 9.772e-01 -5.281e-02  7.404e-02 |                                 |                                 |
|                                            | 7.330e-02  9.741e-01 -1.214e-01 |                                 |                                 |
|                                            |-7.898e-02  1.406e-01  9.554e-01 |                                 |                                 |
---------------------------------------------------------------------------------------------------------------------------------------------------
|                                            |                                 | 9.772e-01 -5.281e-02  7.404e-02 |                                 |
|                                            |                                 | 7.330e-02  9.741e-01 -1.214e-01 |                                 |
|                                            |                                 |-7.898e-02  1.406e-01  9.554e-01 |                                 |
---------------------------------------------------------------------------------------------------------------------------------------------------
|                                            |                                 |                                 | 9.772e-01 -5.281e-02  7.404e-02 |
|                                            |                                 |                                 | 7.330e-02  9.741e-01 -1.214e-01 |
|                                            |                                 |                                 |-7.898e-02  1.406e-01  9.554e-01 |
---------------------------------------------------------------------------------------------------------------------------------------------------



==> Runtime:	0 Days	0 Hours	0 Minutes	19.493098 Seconds


===> Writing output to file QM.out in SHARC Format

