2026-07-22 14:19:49.857304 midway3-0561.rcc.local /project/lgagliardi/helenclifford/practice_rcc/sharc4/methaniminium/init_vertical/ICOND_00020
  ============================================================================
||                                                                            ||
||                         SHARC - MOLCAS - Interface                         ||
||                                                                            ||
||       Authors: Sascha Mausenberger, Lorenz Grünewald, Sebastian Mai        ||
||                                                                            ||
||                                Version: 4.0                                ||
||                              Date: 29.08.2023                              ||
||                                                                            ||
  ============================================================================
SAVEDIR set to ./SAVE/
Found env variable ncpu=1, resources["ncpu"] set to 1
Scratchdir set to /scratch/midway3/helenclifford/sharc_scratch/methaniminium/init_vertical/ICOND_00020
WARNING: 'no-douglas-kroll' not in template keywords: paddingstates, density_calculation_methods, tCI, basis, baslib, basis_per_element, basis_per_atom, nactel, ras1, ras2, ras3, inactive, roots, origin, origin_pos, isotope_elements, isotope_masses, method, functional, ipea, cort_or_dort, imaginary, frozen, gradaccudefault, gradaccumax, pcmset, pcmstate, iterations, cholesky_accu, rasscf_thrs
WARNING: 'cholesky' not in template keywords: paddingstates, density_calculation_methods, tCI, basis, baslib, basis_per_element, basis_per_atom, nactel, ras1, ras2, ras3, inactive, roots, origin, origin_pos, isotope_elements, isotope_masses, method, functional, ipea, cort_or_dort, imaginary, frozen, gradaccudefault, gradaccumax, pcmset, pcmstate, iterations, cholesky_accu, rasscf_thrs
paddingstates not specified setting default, [0, 0, 0]
Interface: 

Molecule: 
comment: Initial condition ICOND_00020/

natom: 6
elements: ['C', 'N', 'H', 'H', 'H', 'H']
unit: bohr
factor: 1.0
states: [4, 0, 3]
charge: [1, 1, 1]
nstates: 7
nmstates: 13
point_charges: False
npc: 0
Atomcharge: 17
frozcore: 2
Ubasis: [[      0.0       0.0]
 [      0.0       0.0]]
mol: None

Coords: 
coords: [[ 0.01468281  0.09813997  0.07125066]
 [ 0.01051362 -0.0322636  2.488625]
 [ 1.559339 -0.2790934 -1.131837]
 [ 1.505467 -0.09168978  3.577062]
 [-1.613519  0.1712971  3.480985]
 [-1.772192 -0.520768 -1.157242]]
pccoords: None
pccharge: None
veloc: None

Save: 
savedir: /project/lgagliardi/helenclifford/practice_rcc/sharc4/methaniminium/init_vertical/ICOND_00020/SAVE
step: 1
previous_step: None
init: False
newstep: True
samestep: False
always_guess: False
always_orb_init: False
restart: False

Requests: 
h: True
soc: True
dm: True
mdeqm: False
grad: None
nacdr: None
overlap: True
phases: False
ion: False
socdr: False
dmdr: False
multipolar_fit: None
theodore: False
cleanup: False
retain: 5
molden: False
savestuff: False
nooverlap: False
mol: False
density_matrices: None
dyson_orbitals: None

Maps: 
statemap: {1: [1, 1, 0.0], 2: [1, 2, 0.0], 3: [1, 3, 0.0], 4: [1, 4, 0.0], 5: [3, 1, -1.0], 6: [3, 2, -1.0], 7: [3, 3, -1.0], 8: [3, 1, 0.0], 9: [3, 2, 0.0], 10: [3, 3, 0.0], 11: [3, 1, 1.0], 12: [3, 2, 1.0], 13: [3, 3, 1.0]}
mults: None
gsmap: None
gradmap: None
nacmap: None
densmap: None
ionmap: None
chargemap: {1: 1, 2: 1, 3: 1}
multmap: {0: (0, 0, 0), 1: (0, 0, 1), 2: (0, 0, 2), 3: (0, 0, 3), 4: (2, 1.0, 0), 5: (2, 0.0, 0), 6: (2, -1.0, 0), 7: (2, 1.0, 1), 8: (2, 0.0, 1), 9: (2, -1.0, 1), 10: (2, 1.0, 2), 11: (2, 0.0, 2), 12: (2, -1.0, 2)}

Resources: 
pwd: /project/lgagliardi/helenclifford/practice_rcc/sharc4/methaniminium/init_vertical/ICOND_00020
cwd: /project/lgagliardi/helenclifford/practice_rcc/sharc4/methaniminium/init_vertical/ICOND_00020
scratchdir: /scratch/midway3/helenclifford/sharc_scratch/methaniminium/init_vertical/ICOND_00020
ncpu: 1
ngpu: None
memory: 2000
delay: 0.0
theodir: None
theodore_prop: []
theodore_fragment: []
wfoverlap: /home/helenclifford/project-lgagliardi/practice_rcc/sharc4/bin/wfoverlap.x
wfthres: 0.998
wfnumocc: None
resp_shells: []
resp_vdw_radii_symbol: {}
resp_vdw_radii: []
resp_betas: [0.0005, 0.0015, 0.003]
resp_layers: 4
resp_first_layer: 1.4
resp_density: 10.0
resp_fit_order: 2
resp_mk_radii: True
resp_grid: lebedev
resp_target: zero
resp_block_size: 5000
resp_nuke_ram: False
molcas: /project/lgagliardi/shared/Apps/OpenMolcas/builds/parallel
mpi_parallel: False
dry_run: False
driver: /project/lgagliardi/shared/Apps/OpenMolcas/builds/parallel/pymolcas

Template: 
paddingstates: [0, 0, 0]
density_calculation_methods: []
tCI: 1e-07
basis: 6-31g
baslib: None
basis_per_element: None
basis_per_atom: None
nactel: [7, 0, 0]
ras1: None
ras2: 4
ras3: None
inactive: 5
roots: [4, 0, 3]
origin: none
origin_pos: [0.0, 0.0, 0.0]
isotope_elements: []
isotope_masses: []
method: casscf
functional: t:pbe
ipea: 0.25
cort_or_dort: CORT
imaginary: 0.0
frozen: None
gradaccudefault: 0.0001
gradaccumax: 0.001
pcmset: None
pcmstate: None
iterations: [200, 100]
cholesky_accu: 0.0001
rasscf_thrs: [1e-08, 0.0001, 0.0001]

Scheduling: 

Control: 
jobid: None
workdir: None
master: False
gradonly: False
densonly: False
states_to_do: [4, 0, 3]
jobs: None
nslots_pool: []

Starting job execution
['gateway']
['seward']
['copy', '/project/lgagliardi/helenclifford/practice_rcc/sharc4/methaniminium/init_vertical/ICOND_00020/SAVE/MOLCAS.1.JobIph.0', 'JOBOLD']
['rasscf', 1, 4, True, False]
['copy', 'MOLCAS.rasscf.h5', 'MOLCAS.1.rasscf.h5']
['copy', 'MOLCAS.JobIph', 'MOLCAS.1.JobIph']
['copy', '/project/lgagliardi/helenclifford/practice_rcc/sharc4/methaniminium/init_vertical/ICOND_00020/SAVE/MOLCAS.3.JobIph.0', 'JOBOLD']
['rasscf', 3, 3, True, False]
['copy', 'MOLCAS.rasscf.h5', 'MOLCAS.3.rasscf.h5']
['copy', 'MOLCAS.JobIph', 'MOLCAS.3.JobIph']
['link', 'MOLCAS.1.JobIph', 'JOB001']
['rassi', 'dm', [4]]
['copy', 'MOLCAS.rassi.h5', 'MOLCAS.rassi.1.h5']
['link', 'MOLCAS.3.JobIph', 'JOB001']
['rassi', 'dm', [3]]
['copy', 'MOLCAS.rassi.h5', 'MOLCAS.rassi.3.h5']
['copy', '/project/lgagliardi/helenclifford/practice_rcc/sharc4/methaniminium/init_vertical/ICOND_00020/SAVE/MOLCAS.1.JobIph.0', 'JOB001']
['link', 'MOLCAS.1.JobIph', 'JOB002']
['rassi', 'overlap', [4, 4]]
['copy', 'MOLCAS.rassi.h5', 'MOLCAS.rassi.ovlp.1.h5']
['copy', '/project/lgagliardi/helenclifford/practice_rcc/sharc4/methaniminium/init_vertical/ICOND_00020/SAVE/MOLCAS.3.JobIph.0', 'JOB001']
['link', 'MOLCAS.3.JobIph', 'JOB002']
['rassi', 'overlap', [3, 3]]
['copy', 'MOLCAS.rassi.h5', 'MOLCAS.rassi.ovlp.3.h5']
['link', 'MOLCAS.1.JobIph', 'JOB001']
['link', 'MOLCAS.3.JobIph', 'JOB002']
['rassi', 'soc', [4, 3]]
All jobs finished:
job: master          code: 0    runtime: 0:00:17.561866

===> Results:

=> Hamiltonian Matrix:
Diagonal Shift:    -94.00
Real Part:
---------------------------------------------------------------------------------------------------------------------------------------------------
|-3.411e-01                                  |-9.877e-07 -4.088e-06 -8.562e-07 |                                 |-9.877e-07 -4.088e-06 -8.562e-07 |
|           -5.137e-02                       |-2.705e-06 -1.577e-07 -3.046e-05 |                                 |-2.705e-06 -1.577e-07 -3.046e-05 |
|                       3.736e-02            | 1.022e-06  2.156e-06 -3.415e-06 |                                 | 1.022e-06  2.156e-06 -3.415e-06 |
|                                  9.812e-02 | 6.801e-06  2.068e-05  1.454e-05 |                                 | 6.801e-06  2.068e-05  1.454e-05 |
---------------------------------------------------------------------------------------------------------------------------------------------------
|-9.877e-07 -2.705e-06  1.022e-06  6.801e-06 |-1.550e-01                       |-2.111e-22  2.506e-06 -8.896e-06 |                                 |
|-4.088e-06 -1.577e-07  2.156e-06  2.068e-05 |           -7.121e-02            |-2.506e-06  5.981e-23 -2.814e-05 |                                 |
|-8.562e-07 -3.046e-05 -3.415e-06  1.454e-05 |                       6.669e-02 | 8.896e-06  2.814e-05 -2.850e-21 |                                 |
---------------------------------------------------------------------------------------------------------------------------------------------------
|                                            | 2.111e-22 -2.506e-06  8.896e-06 |-1.550e-01                       |-2.111e-22  2.506e-06 -8.896e-06 |
|                                            | 2.506e-06 -5.981e-23  2.814e-05 |           -7.121e-02            |-2.506e-06  5.981e-23 -2.814e-05 |
|                                            |-8.896e-06 -2.814e-05  2.850e-21 |                       6.669e-02 | 8.896e-06  2.814e-05 -2.850e-21 |
---------------------------------------------------------------------------------------------------------------------------------------------------
|-9.877e-07 -2.705e-06  1.022e-06  6.801e-06 |                                 | 2.111e-22 -2.506e-06  8.896e-06 |-1.550e-01                       |
|-4.088e-06 -1.577e-07  2.156e-06  2.068e-05 |                                 | 2.506e-06 -5.981e-23  2.814e-05 |           -7.121e-02            |
|-8.562e-07 -3.046e-05 -3.415e-06  1.454e-05 |                                 |-8.896e-06 -2.814e-05  2.850e-21 |                       6.669e-02 |
---------------------------------------------------------------------------------------------------------------------------------------------------

Imaginary Part:
---------------------------------------------------------------------------------------------------------------------------------------------------
|                                            | 6.474e-06  1.919e-06  7.641e-05 | 1.122e-05  7.229e-05 -2.611e-05 |-6.474e-06 -1.919e-06 -7.641e-05 |
|                                            | 3.519e-06 -4.307e-07  6.720e-08 |-1.104e-05  8.829e-07 -2.566e-06 |-3.519e-06  4.307e-07 -6.720e-08 |
|                                            |-5.363e-06  2.999e-06  1.676e-05 |-4.381e-06  4.417e-06 -1.355e-05 | 5.363e-06 -2.999e-06 -1.676e-05 |
|                                            |-3.242e-05  7.118e-06  9.324e-07 | 7.418e-05 -1.087e-05 -3.371e-06 | 3.242e-05 -7.118e-06 -9.324e-07 |
---------------------------------------------------------------------------------------------------------------------------------------------------
|-6.474e-06 -3.519e-06  5.363e-06  3.242e-05 |            6.137e-06 -3.116e-05 |-1.567e-21  7.332e-07 -4.058e-05 |                                 |
|-1.919e-06  4.307e-07 -2.999e-06 -7.118e-06 |-6.137e-06             2.982e-06 |-7.332e-07 -4.994e-22  6.362e-06 |                                 |
|-7.641e-05 -6.720e-08 -1.676e-05 -9.324e-07 | 3.116e-05 -2.982e-06            | 4.058e-05 -6.362e-06  9.043e-25 |                                 |
---------------------------------------------------------------------------------------------------------------------------------------------------
|-1.122e-05  1.104e-05  4.381e-06 -7.418e-05 |-1.567e-21  7.332e-07 -4.058e-05 |                                 |-1.567e-21  7.332e-07 -4.058e-05 |
|-7.229e-05 -8.829e-07 -4.417e-06  1.087e-05 |-7.332e-07 -4.994e-22  6.362e-06 |                                 |-7.332e-07 -4.994e-22  6.362e-06 |
| 2.611e-05  2.566e-06  1.355e-05  3.371e-06 | 4.058e-05 -6.362e-06  9.043e-25 |                                 | 4.058e-05 -6.362e-06  9.043e-25 |
---------------------------------------------------------------------------------------------------------------------------------------------------
| 6.474e-06  3.519e-06 -5.363e-06 -3.242e-05 |                                 |-1.567e-21  7.332e-07 -4.058e-05 |           -6.137e-06  3.116e-05 |
| 1.919e-06 -4.307e-07  2.999e-06  7.118e-06 |                                 |-7.332e-07 -4.994e-22  6.362e-06 | 6.137e-06            -2.982e-06 |
| 7.641e-05  6.720e-08  1.676e-05  9.324e-07 |                                 | 4.058e-05 -6.362e-06  9.043e-25 |-3.116e-05  2.982e-06            |
---------------------------------------------------------------------------------------------------------------------------------------------------


=> Dipole Moment Matrices:

Polarisation X:
Real Part:
---------------------------------------------------------------------------------------------------------------------------------------------------
|-3.117e-03 -3.580e-02  1.093e-02 -3.225e-02 |                                 |                                 |                                 |
|-3.580e-02 -3.051e-01  1.345e-02 -2.313e-01 |                                 |                                 |                                 |
| 1.093e-02  1.345e-02  2.016e-02  3.180e-02 |                                 |                                 |                                 |
|-3.225e-02 -2.313e-01  3.180e-02 -3.106e-01 |                                 |                                 |                                 |
---------------------------------------------------------------------------------------------------------------------------------------------------
|                                            |-1.779e-02 -1.366e-01 -7.267e-02 |                                 |                                 |
|                                            |-1.366e-01 -2.832e-01 -4.039e-01 |                                 |                                 |
|                                            |-7.267e-02 -4.039e-01 -9.063e-02 |                                 |                                 |
---------------------------------------------------------------------------------------------------------------------------------------------------
|                                            |                                 |-1.779e-02 -1.366e-01 -7.267e-02 |                                 |
|                                            |                                 |-1.366e-01 -2.832e-01 -4.039e-01 |                                 |
|                                            |                                 |-7.267e-02 -4.039e-01 -9.063e-02 |                                 |
---------------------------------------------------------------------------------------------------------------------------------------------------
|                                            |                                 |                                 |-1.779e-02 -1.366e-01 -7.267e-02 |
|                                            |                                 |                                 |-1.366e-01 -2.832e-01 -4.039e-01 |
|                                            |                                 |                                 |-7.267e-02 -4.039e-01 -9.063e-02 |
---------------------------------------------------------------------------------------------------------------------------------------------------

Polarisation Y:
Real Part:
---------------------------------------------------------------------------------------------------------------------------------------------------
|-2.901e-02 -1.659e-01 -2.353e-01 -1.227e-01 |                                 |                                 |                                 |
|-1.659e-01 -4.082e-01  6.665e-02 -1.224e-01 |                                 |                                 |                                 |
|-2.353e-01  6.665e-02 -1.783e-02  7.080e-02 |                                 |                                 |                                 |
|-1.227e-01 -1.224e-01  7.080e-02 -2.418e-01 |                                 |                                 |                                 |
---------------------------------------------------------------------------------------------------------------------------------------------------
|                                            |-1.616e-01 -2.780e-03  3.873e-02 |                                 |                                 |
|                                            |-2.780e-03 -3.824e-01 -9.101e-02 |                                 |                                 |
|                                            | 3.873e-02 -9.101e-02 -2.119e-01 |                                 |                                 |
---------------------------------------------------------------------------------------------------------------------------------------------------
|                                            |                                 |-1.616e-01 -2.780e-03  3.873e-02 |                                 |
|                                            |                                 |-2.780e-03 -3.824e-01 -9.101e-02 |                                 |
|                                            |                                 | 3.873e-02 -9.101e-02 -2.119e-01 |                                 |
---------------------------------------------------------------------------------------------------------------------------------------------------
|                                            |                                 |                                 |-1.616e-01 -2.780e-03  3.873e-02 |
|                                            |                                 |                                 |-2.780e-03 -3.824e-01 -9.101e-02 |
|                                            |                                 |                                 | 3.873e-02 -9.101e-02 -2.119e-01 |
---------------------------------------------------------------------------------------------------------------------------------------------------

Polarisation Z:
Real Part:
---------------------------------------------------------------------------------------------------------------------------------------------------
| 2.387e-01  4.488e-02  1.391e+00  2.779e-02 |                                 |                                 |                                 |
| 4.488e-02 -4.386e-01 -1.491e-03 -3.156e-01 |                                 |                                 |                                 |
| 1.391e+00 -1.491e-03 -1.626e-01 -4.558e-02 |                                 |                                 |                                 |
| 2.779e-02 -3.156e-01 -4.558e-02  8.060e-01 |                                 |                                 |                                 |
---------------------------------------------------------------------------------------------------------------------------------------------------
|                                            | 1.109e+00 -2.962e-01 -1.342e-01 |                                 |                                 |
|                                            |-2.962e-01 -5.753e-01 -1.600e-01 |                                 |                                 |
|                                            |-1.342e-01 -1.600e-01  9.024e-02 |                                 |                                 |
---------------------------------------------------------------------------------------------------------------------------------------------------
|                                            |                                 | 1.109e+00 -2.962e-01 -1.342e-01 |                                 |
|                                            |                                 |-2.962e-01 -5.753e-01 -1.600e-01 |                                 |
|                                            |                                 |-1.342e-01 -1.600e-01  9.024e-02 |                                 |
---------------------------------------------------------------------------------------------------------------------------------------------------
|                                            |                                 |                                 | 1.109e+00 -2.962e-01 -1.342e-01 |
|                                            |                                 |                                 |-2.962e-01 -5.753e-01 -1.600e-01 |
|                                            |                                 |                                 |-1.342e-01 -1.600e-01  9.024e-02 |
---------------------------------------------------------------------------------------------------------------------------------------------------


=> Overlap matrix:

Real Part:
---------------------------------------------------------------------------------------------------------------------------------------------------
| 9.366e-01  7.301e-03 -2.915e-02  4.152e-02 |                                 |                                 |                                 |
|-6.949e-03  9.418e-01 -7.251e-02  4.092e-03 |                                 |                                 |                                 |
| 2.195e-02  8.283e-02  9.231e-01  1.735e-02 |                                 |                                 |                                 |
|-5.435e-02  4.269e-02  8.252e-02  6.427e-01 |                                 |                                 |                                 |
---------------------------------------------------------------------------------------------------------------------------------------------------
|                                            | 9.077e-01 -1.777e-01 -5.703e-02 |                                 |                                 |
|                                            | 1.826e-01  9.253e-01 -7.914e-02 |                                 |                                 |
|                                            | 9.743e-02  6.551e-02  8.773e-01 |                                 |                                 |
---------------------------------------------------------------------------------------------------------------------------------------------------
|                                            |                                 | 9.077e-01 -1.777e-01 -5.703e-02 |                                 |
|                                            |                                 | 1.826e-01  9.253e-01 -7.914e-02 |                                 |
|                                            |                                 | 9.743e-02  6.551e-02  8.773e-01 |                                 |
---------------------------------------------------------------------------------------------------------------------------------------------------
|                                            |                                 |                                 | 9.077e-01 -1.777e-01 -5.703e-02 |
|                                            |                                 |                                 | 1.826e-01  9.253e-01 -7.914e-02 |
|                                            |                                 |                                 | 9.743e-02  6.551e-02  8.773e-01 |
---------------------------------------------------------------------------------------------------------------------------------------------------



==> Runtime:	0 Days	0 Hours	0 Minutes	19.486919 Seconds


===> Writing output to file QM.out in SHARC Format

