#===============================================================================================================================================================================
#     Step |         Time |         State |                                     Energy |      Angular |     Gradient |      Density |           Expectation Value |    Runtime |
#          |              |  diag |   MCH |          kin |          pot |          tot |     Momentum |          RMS |        Total |           DM |            S |            |
#          |         [fs] |       |       |         [eV] |         [eV] |         [eV] |       [hbar] |     [eV/Ang] |              |      [Debye] |              |      [sec] |
#===============================================================================================================================================================================
         0         0.0000       9       3       0.374019      10.784955      11.158974       0.000783       4.930142       1.000000       0.147727       0.000020          107
         1         0.5000       9       3       0.442390      10.716119      11.158509       0.000709       4.640026       1.000000       0.133734       0.000015           33
         2         1.0000       9       3       0.539262      10.620069      11.159331       0.000681       4.240487       1.000000       0.192446       0.000010           35
         3         1.5000       9       3       0.677308      10.483297      11.160605       0.000720       3.754447       1.000000       0.295632       0.000008           34
         4         2.0000       9       3       0.872183      10.287788      11.159971       0.000814       3.119048       1.000000       0.428905       0.000007           32
         5         2.5000       9       3       1.110112      10.045017      11.155129       0.000898       2.209903       1.000000       0.643904       0.000008           34
         6         3.0000       9       3       1.326361       9.821983      11.148345       0.000958       1.577078       1.000000       1.052610       0.000018           34
# Surface Hop/Pointer State Switch: new state=      8 old state=      9 randnum=  0.164693450 gap= -0.558047 eV
         7         3.5000       8       2       2.018122       9.130223      11.148345       0.001147       2.062860       1.000000       0.961577       0.000043           56
# Surface Hop/Pointer State Switch: new state=      5 old state=      8 randnum=  0.890412156 gap= -0.098713 eV
         8         4.0000       5       2       2.215683       8.932662      11.148345       0.001120       1.910697       1.000000       0.869229       0.000086           68
         9         4.5000       5       2       2.360626       8.786110      11.146736       0.001148       1.683839       1.000000       0.907794       0.000010           39
        10         5.0000       5       2       2.443600       8.704560      11.148160       0.001150       1.587079       1.000000       1.024351       0.000005           31
        11         5.5000       5       2       2.480554       8.669839      11.150393       0.001116       1.622233       1.000000       1.183211       0.000004           30
        12         6.0000       5       2       2.502774       8.649719      11.152493       0.001165       1.709882       1.000000       1.368295       0.000004           29
        13         6.5000       5       2       2.540751       8.613207      11.153958       0.001201       1.774003       1.000000       1.571679       0.000003           37
        14         7.0000       5       2       2.615278       8.539123      11.154401       0.001250       1.761700       1.000000       1.789266       0.000003           42
        15         7.5000       5       2       2.731743       8.421884      11.153628       0.001291       1.644461       1.000000       2.018933       0.000003           31
        16         8.0000       5       2       2.877701       8.274065      11.151766       0.001328       1.424904       1.000000       2.259325       0.000003           33
        17         8.5000       5       2       3.025284       8.124035      11.149319       0.001357       1.161941       1.000000       2.509280       0.000003           29
        18         9.0000       5       2       3.139108       8.007962      11.147070       0.001356       1.058514       1.000000       2.768347       0.000003           32
        19         9.5000       5       2       3.188367       7.957287      11.145654       0.001322       1.443811       1.000000       3.039655       0.000003           34
        20        10.0000       5       2       3.161178       7.985429      11.146606       0.001177       2.021718       1.000000       3.331480       0.000004           32
        21        10.5000       5       2       3.092491       8.061488      11.153979       0.000945       1.894961       1.000000       3.613418       0.000004           24
        22        11.0000       5       2       3.095657       8.086471      11.182128       0.000905       1.519861       1.000000       3.801030       0.000006           37
# Surface Hop/Pointer State Switch: new state=      4 old state=      5 randnum=  0.047063556 gap= -0.258208 eV
        23        11.5000       4       1       3.440757       7.741371      11.182128       0.001122       3.398109       1.000000       2.766032       0.000008           68
        24        12.0000       4       1       3.157712       7.923085      11.080797       0.001153       1.662590       1.000000       3.386328       0.000014           34
        25        12.5000       4       1       3.081734       7.995776      11.077510       0.001137       1.638410       1.000000       3.678001       0.000027           47
        26        13.0000       4       1       2.968235       8.109737      11.077972       0.001178       1.724216       1.000000       3.838758       0.000041           35
        27        13.5000       4       1       2.817904       8.260738      11.078642       0.001228       1.829563       1.000000       3.972562       0.000063           40
        28        14.0000       4       1       2.641615       8.437917      11.079533       0.001384       1.905820       1.000000       4.088815       0.000099           38
        29        14.5000       4       1       2.450052       8.630153      11.080205       0.001522       1.955515       1.000000       4.180429       0.000155           33
        30        15.0000       4       1       2.253066       8.828029      11.081095       0.001496       1.986071       1.000000       4.245542       0.000239           37
# Surface Hop/Pointer State Switch: new state=      1 old state=      4 randnum=  0.879303892 gap= -0.473133 eV
        31        15.5000       1       1       2.604851       8.476244      11.081095       0.001583       2.080401       1.000000       4.898670       0.000011           39
        32        16.0000       1       1       2.385988       8.696839      11.082828       0.001544       2.174656       1.000000       5.029696       0.000008           39
        33        16.5000       1       1       2.196516       8.888000      11.084516       0.001461       2.251972       1.000000       5.154947       0.000006           32
        34        17.0000       1       1       2.061650       9.024174      11.085824       0.001354       2.289774       1.000000       5.274568       0.000009           47
        35        17.5000       1       1       2.001044       9.085359      11.086403       0.001222       2.268123       1.000000       5.388550       0.000008           35
        36        18.0000       1       1       2.023298       9.062695      11.085993       0.001109       2.175043       1.000000       5.496769       0.000007           33
        37        18.5000       1       1       2.122216       8.962370      11.084586       0.001007       2.012300       1.000000       5.599197       0.000006           31
        38        19.0000       1       1       2.277155       8.805429      11.082585       0.000915       1.805638       1.000000       5.696280       0.000005           35
        39        19.5000       1       1       2.459478       8.621366      11.080844       0.000844       1.618686       1.000000       5.789327       0.000005           34
        40        20.0000       1       1       2.644428       8.435757      11.080185       0.000810       1.534443       1.000000       5.880560       0.000004           27
        41        20.5000       1       1       2.820515       8.259784      11.080299       0.000807       1.557295       1.000000       5.972719       0.000004           39
        42        21.0000       1       1       2.984335       8.095358      11.079693       0.000856       1.582820       1.000000       6.068905       0.000004           32
        43        21.5000       1       1       3.123065       7.954420      11.077485       0.001022       1.548765       1.000000       6.174223       0.000004           37
        44        22.0000       1       1       3.204316       8.026096      11.230412       0.001228       1.606111       1.000000       5.613942       0.000008           30
        45        22.5000       1       1       3.207264       8.023054      11.230318       0.001456       1.597479       1.000000       5.578740       0.000011           33
        46        23.0000       1       1       3.136204       8.095307      11.231512       0.001515       1.610847       1.000000       5.529527       0.000018           29
        47        23.5000       1       1       3.006421       8.226446      11.232867       0.001439       1.603260       1.000000       5.467789       0.000029           32
        48        24.0000       1       1       2.837273       8.396589      11.233862       0.001438       1.582746       1.000000       5.396449       0.000050           29
        49        24.5000       1       1       2.644853       8.589836      11.234689       0.001439       1.599369       1.000000       5.319652       0.000093           36
        50        25.0000       1       1       2.443448       8.792249      11.235697       0.001351       1.693535       1.000000       5.242384       0.000194           37
        51        25.5000       1       1       2.249603       8.987426      11.237029       0.001112       1.859238       1.000000       5.170093       0.000497           35
        52        26.0000       1       1       2.083755       9.154778      11.238533       0.000866       2.048581       1.000000       5.108004       0.001947           38
        53        26.5000       1       1       1.968166       9.272053      11.240219       0.000883       2.155537       1.000000       5.041797       0.042308           75
# Surface Hop/Pointer State Switch: new state=      4 old state=      1 randnum=  0.349657194 gap=  0.049080 eV
        54        27.0000       4       1       1.913112       9.327106      11.240219       0.001020       2.250026       1.000000       5.033565       0.011043           39
        55        27.5000       4       1       1.913475       9.325052      11.238528       0.001218       2.148633       1.000000       5.032040       0.002127           43
        56        28.0000       4       1       1.948310       9.286555      11.234865       0.001346       1.886244       1.000000       5.052733       0.001036           31
        57        28.5000       4       1       1.965342       9.265460      11.230802       0.001425       1.601065       1.000000       5.098737       0.000674           36
        58        29.0000       4       1       1.913099       9.316777      11.229876       0.001517       1.691223       1.000000       5.165420       0.000495           28
        59        29.5000       4       1       1.790602       9.444786      11.235388       0.001644       2.307348       1.000000       5.243750       0.000392           35
        60        30.0000       4       1       1.681527       9.562465      11.243992       0.001746       2.928725       1.000000       5.323453       0.000350           34
        61        30.5000       4       1       1.698100       9.547392      11.245492       0.001884       3.050225       1.000000       5.398474       0.000352           28
        62        31.0000       4       1       1.858375       9.379498      11.237873       0.002046       2.594634       1.000000       5.468855       0.000337           39
        63        31.5000       4       1       2.063993       9.166735      11.230728       0.002168       1.926073       1.000000       5.538623       0.000267           34
        64        32.0000       4       1       2.212059       9.017755      11.229815       0.002264       1.531312       1.000000       5.615281       0.000178           31
        65        32.5000       4       1       2.277385       8.955502      11.232887       0.002285       1.544298       1.000000       5.705923       0.000108           27
        66        33.0000       4       1       2.295068       8.940958      11.236026       0.002280       1.671443       1.000000       5.811379       0.000063           40
        67        33.5000       4       1       2.308572       8.928665      11.237236       0.002311       1.710717       1.000000       5.925544       0.000037           26
        68        34.0000       4       1       2.338254       8.898299      11.236554       0.002399       1.650902       1.000000       6.039356       0.000022           37
        69        34.5000       4       1       2.378757       8.856332      11.235089       0.002593       1.576464       1.000000       6.145093       0.000014           32
        70        35.0000       4       1       2.412887       8.821059      11.233946       0.002712       1.589827       1.000000       6.238402       0.000009           31
        71        35.5000       4       1       2.427004       8.806604      11.233608       0.002648       1.726387       1.000000       6.318122       0.000007           33
        72        36.0000       4       1       2.418267       8.815612      11.233879       0.002627       1.929849       1.000000       6.385099       0.000005           36
        73        36.5000       4       1       2.391837       8.842282      11.234119       0.002698       2.112959       1.000000       6.440924       0.000004           39
        74        37.0000       4       1       2.351805       8.881884      11.233689       0.002747       2.208518       1.000000       6.487054       0.000003           36
        75        37.5000       4       1       2.292247       8.940146      11.232393       0.002774       2.185226       1.000000       6.524504       0.000002           37
        76        38.0000       4       1       2.195452       9.035515      11.230967       0.002872       2.052096       1.000000       6.554341       0.000002           31
# Surface Hop/Pointer State Switch: new state=      1 old state=      4 randnum=  0.414141048 gap= -0.092520 eV
        77        38.5000       1       1       2.611884       8.619083      11.230967       0.003254       1.942064       1.000000       6.344781       0.000001           79
# Surface Hop/Pointer State Switch: new state=      4 old state=      1 randnum=  0.929017628 gap=  0.360524 eV
        78        39.0000       4       1       2.308565       8.922402      11.230967       0.003183       1.911625       1.000000       6.366272       0.000002           45
        79        39.5000       4       1       1.941851       9.296054      11.237905       0.003065       2.152757       1.000000       6.381927       0.000003           32
        80        40.0000       4       1       1.616485       9.630818      11.247303       0.002953       2.503195       1.000000       6.391653       0.000003           33
        81        40.5000       4       1       1.464482       9.787578      11.252060       0.002967       2.648521       1.000000       6.396134       0.000003           30
        82        41.0000       4       1       1.549853       9.698124      11.247978       0.003039       2.451661       1.000000       6.396596       0.000003           36
        83        41.5000       4       1       1.817382       9.422008      11.239390       0.003019       2.062389       1.000000       6.394525       0.000003           38
        84        42.0000       4       1       2.145458       9.087657      11.233114       0.002980       1.783341       1.000000       6.391837       0.000003           29
        85        42.5000       4       1       2.435415       8.795916      11.231331       0.003036       1.769119       1.000000       6.390396       0.000002           32
        86        43.0000       4       1       2.648407       8.583807      11.232214       0.003145       1.888353       1.000000       6.390749       0.000002           31
        87        43.5000       4       1       2.787215       8.446306      11.233522       0.003215       1.976390       1.000000       6.391717       0.000002           32
        88        44.0000       4       1       2.866306       8.367961      11.234267       0.003298       1.978802       1.000000       6.391454       0.000002           28
        89        44.5000       4       1       2.895681       8.338848      11.234529       0.003380       1.924128       1.000000       6.389065       0.000002           30
        90        45.0000       4       1       2.880189       8.354682      11.234870       0.003442       1.882989       1.000000       6.385683       0.000003           28
        91        45.5000       4       1       2.826749       8.409060      11.235809       0.003474       1.919020       1.000000       6.384384       0.000003           35
        92        46.0000       4       1       2.751216       8.486166      11.237382       0.003461       2.033253       1.000000       6.389442       0.000004           36
        93        46.5000       4       1       2.674926       8.561623      11.236550       0.003443       2.156995       1.000000       6.405728       0.000005           29
        94        47.0000       4       1       2.620173       9.317160      11.937334       0.003440       2.242024       1.000000       6.428980       0.000018           30
        95        47.5000       4       1       2.608784       9.328371      11.937155       0.003493       2.208007       1.000000       6.519768       0.000014           27
        96        48.0000       4       1       2.643768       9.291922      11.935689       0.003586       2.065803       1.000000       6.643130       0.000022           35
        97        48.5000       4       1       2.702634       9.230547      11.933181       0.003643       1.847744       1.000000       6.798430       0.000035           31
        98        49.0000       4       1       2.746113       9.183739      11.929852       0.003764       1.609916       1.000000       6.981647       0.000060           29
        99        49.5000       4       1       2.724151       9.202526      11.926677       0.003885       1.502840       1.000000       7.183449       0.000108           28
       100        50.0000       4       1       2.595228       9.331658      11.926886       0.003866       1.804184       1.000000       7.387889       0.000206           32
       101        50.5000       4       1       2.372779       9.561829      11.934608       0.003787       2.493637       1.000000       7.573817       0.000403           32
       102        51.0000       4       1       2.166471       9.779791      11.946262       0.003717       3.091781       1.000000       7.721185       0.000744           30
       103        51.5000       4       1       2.119342       9.828678      11.948021       0.003668       3.102080       1.000000       7.822374       0.001065           38
       104        52.0000       4       1       2.251484       9.685932      11.937416       0.003635       2.510250       1.000000       7.892218       0.000920           35
       105        52.5000       4       1       2.436418       9.492162      11.928580       0.003604       1.920821       1.000000       7.961383       0.000482           20
       106        53.0000       4       1       2.555239       9.372855      11.928094       0.003591       1.888513       1.000000       8.051721       0.000205           45
       107        53.5000       4       1       2.588831       9.342265      11.931095       0.003603       2.087170       1.000000       8.164951       0.000089           32
       108        54.0000       4       1       2.571745       9.360927      11.932671       0.003612       2.121808       1.000000       8.293264       0.000043           30
       109        54.5000       4       1       2.527607       9.404796      11.932403       0.003605       1.986481       1.000000       8.428520       0.000024           33
       110        55.0000       4       1       2.456941       9.475144      11.932085       0.003573       1.844673       1.000000       8.564370       0.000014           31
       111        55.5000       4       1       2.357847       9.575072      11.932918       0.003532       1.842136       1.000000       8.696277       0.000009           39
       112        56.0000       4       1       2.242910       9.691926      11.934836       0.003526       1.990933       1.000000       8.821425       0.000007           31
       113        56.5000       4       1       2.139280       9.797679      11.936959       0.003528       2.198537       1.000000       8.938696       0.000005           31
       114        57.0000       4       1       2.076520       9.861673      11.938193       0.003514       2.369682       1.000000       9.048580       0.000004           33
       115        57.5000       4       1       2.071379       9.866493      11.937872       0.003522       2.453947       1.000000       9.152910       0.000003           31
       116        58.0000       4       1       2.118777       9.817368      11.936145       0.003544       2.445170       1.000000       9.254381       0.000003           34
       117        58.5000       4       1       2.193570       9.740101      11.933670       0.003563       2.360529       1.000000       9.355929       0.000002           30
       118        59.0000       4       1       2.259773       9.671467      11.931241       0.003627       2.220184       1.000000       9.460043       0.000002           43
# Surface Hop/Pointer State Switch: new state=      1 old state=      4 randnum=  0.092980971 gap= -0.108136 eV
       119        59.5000       1       1       2.931418       8.999822      11.931241       0.004181       2.074496       1.000000       9.252610       0.000001           37
# Surface Hop/Pointer State Switch: new state=      4 old state=      1 randnum=  0.375281650 gap=  0.351699 eV
       120        60.0000       4       1       2.812907       9.118334      11.931241       0.004104       1.883374       1.000000       9.384368       0.000002           38
       121        60.5000       4       1       2.539651       9.394931      11.934582       0.004198       1.904196       1.000000       9.524792       0.000002           29
       122        61.0000       4       1       2.204349       9.739087      11.943436       0.004227       2.227114       1.000000       9.670487       0.000003           31
       123        61.5000       4       1       1.939221      10.015100      11.954321       0.004217       2.642601       1.000000       9.815648       0.000002           31
       124        62.0000       4       1       1.892659      10.065478      11.958137       0.004233       2.798164       1.000000       9.952783       0.000002           34
       125        62.5000       4       1       2.115402       9.835460      11.950862       0.004295       2.554907       1.000000      10.073590       0.000002           31
       126        63.0000       4       1       2.512964       9.426627      11.939591       0.004356       2.103435       1.000000      10.170793       0.000002           23
       127        63.5000       4       1       2.927832       9.004338      11.932170       0.004394       1.773348       1.000000      10.240240       0.000002           36
       128        64.0000       4       1       3.243611       8.686218      11.929829       0.004433       1.705988       1.000000      10.281662       0.000003           31
       129        64.5000       4       1       3.414893       8.515653      11.930545       0.004474       1.772753       1.000000      10.297714       0.000003           21
       130        65.0000       4       1       3.445249       8.487268      11.932516       0.004553       1.827758       1.000000      10.292518       0.000004           35
       131        65.5000       4       1       3.360173       8.574471      11.934644       0.004614       1.822910       1.000000      10.271011       0.000004           29
       132        66.0000       4       1       3.190005       8.746587      11.936592       0.004599       1.783528       1.000000      10.239248       0.000006           31
       133        66.5000       4       1       2.960977       9.673937      12.634915       0.004573       1.812671       1.000000      10.551061       0.000025           30
       134        67.0000       4       1       2.712700       9.925696      12.638396       0.004597       1.918102       1.000000      10.526022       0.000045           29
       135        67.5000       4       1       2.501110      10.141413      12.642523       0.004651       2.085894       1.000000      10.503050       0.000026           38
       136        68.0000       4       1       2.383509      10.261836      12.645345       0.004678       2.197208       1.000000      10.485222       0.000044           30
       137        68.5000       4       1       2.396878      10.247754      12.644631       0.004671       2.143836       1.000000      10.472830       0.000085           32
       138        69.0000       4       1       2.529437      10.110443      12.639880       0.004636       1.907764       1.000000      10.463454       0.000199           30
       139        69.5000       4       1       2.713311       9.918833      12.632145       0.004566       1.571311       1.000000      10.453871       0.000691           30
       140        70.0000       4       1       2.838899       9.783704      12.622603       0.004477       1.358858       1.000000      10.443236       0.008893           74
# Surface Hop/Pointer State Switch: new state=      7 old state=      4 randnum=  0.027375770 gap=  0.058081 eV
       141        70.5000       7       1       2.790451       9.832152      12.622603       0.004580       1.755507       1.000000      10.437191       0.007982           38
       142        71.0000       7       1       2.481495      10.145026      12.626521       0.004504       2.788692       1.000000      10.447994       0.001233           42
       143        71.5000       7       1       2.024283      10.620360      12.644643       0.004459       3.823172       1.000000      10.490236       0.000598           31
       144        72.0000       7       1       1.675690      10.980296      12.655986       0.004449       4.053829       1.000000      10.573215       0.000408           35
       145        72.5000       7       1       1.586879      11.059631      12.646510       0.004456       3.378705       1.000000      10.690731       0.000326           34
       146        73.0000       7       1       1.657262      10.980925      12.638186       0.004480       2.859810       1.000000      10.819849       0.000285           30
       147        73.5000       7       1       1.752695      10.885441      12.638136       0.004519       2.933377       1.000000      10.929321       0.000265           32
       148        74.0000       7       1       1.828664      10.808751      12.637415       0.004536       2.884445       1.000000      10.992085       0.000261           35
       149        74.5000       7       1       1.859563      10.777341      12.636904       0.004528       2.592913       1.000000      10.994424       0.000272           30
       150        75.0000       7       1       1.830304      10.809149      12.639453       0.004526       2.316513       1.000000      10.937479       0.000302           29
# Surface Hop/Pointer State Switch: new state=      8 old state=      7 randnum=  0.004085646 gap=  0.216151 eV
       151        75.5000       8       2       1.545566      11.093887      12.639453       0.004233       2.099210       1.000000      11.037890       0.000047           58
       152        76.0000       8       2       1.465436      11.176562      12.641998       0.004233       2.027669       1.000000      10.916910       0.000042           30
       153        76.5000       8       2       1.439918      11.202737      12.642654       0.004245       1.945610       1.000000      10.784005       0.000038           30
       154        77.0000       8       2       1.479414      11.162349      12.641763       0.004266       1.850255       1.000000      10.651968       0.000034           29
       155        77.5000       8       2       1.572189      11.067937      12.640126       0.004293       1.791554       1.000000      10.531925       0.000030           28
       156        78.0000       8       2       1.695167      10.943263      12.638430       0.004321       1.837645       1.000000      10.434007       0.000027           29
       157        78.5000       8       2       1.823821      10.812973      12.636795       0.004356       2.009230       1.000000      10.367788       0.000025           35
       158        79.0000       8       2       1.936201      10.699127      12.635328       0.004394       2.272066       1.000000      10.341734       0.000022           32
       159        79.5000       8       2       2.018476      10.616744      12.635220       0.004424       2.563199       1.000000      10.361265       0.000020           31
       160        80.0000       8       2       2.076610      10.559351      12.635962       0.004445       2.695864       1.000000      10.425363       0.000017           28
       161        80.5000       8       2       2.119782      10.513079      12.632861       0.004457       2.417682       1.000000      10.522923       0.000015           37
       162        81.0000       8       2       2.114253      10.514001      12.628254       0.004463       2.024202       1.000000      10.632011       0.000012           25
       163        81.5000       8       2       2.024996      10.608052      12.633049       0.004463       2.458562       1.000000      10.724875       0.000010           34
       164        82.0000       8       2       1.920826      10.721149      12.641976       0.004459       3.132448       1.000000      10.777145       0.000008           28
       165        82.5000       8       2       1.902384      10.737054      12.639439       0.004452       3.124739       1.000000      10.776134       0.000007           31
       166        83.0000       8       2       1.937187      10.693813      12.630999       0.004445       2.574345       1.000000      10.723829       0.000006           29
       167        83.5000       8       2       1.910632      10.718677      12.629309       0.004428       2.125228       1.000000      10.633333       0.000005           28
       168        84.0000       8       2       1.779788      10.854310      12.634098       0.004403       2.095604       1.000000      10.522022       0.000005           31
       169        84.5000       8       2       1.594911      11.045061      12.639973       0.004380       2.266596       1.000000      10.406283       0.000004           26
       170        85.0000       8       2       1.434272      11.209693      12.643966       0.004359       2.411999       1.000000      10.299714       0.000004           31
       171        85.5000       8       2       1.356009      11.289476      12.645485       0.004347       2.464261       1.000000      10.213344       0.000004           29
       172        86.0000       8       2       1.383345      11.261400      12.644745       0.004357       2.421279       1.000000      10.156191       0.000004           29
       173        86.5000       8       2       1.505356      11.136747      12.642103       0.004395       2.303114       1.000000      10.135449       0.000004           26
       174        87.0000       8       2       1.682910      10.955317      12.638227       0.004458       2.162162       1.000000      10.156308       0.000004           28
       175        87.5000       8       2       1.860941      10.773672      12.634613       0.004525       2.112813       1.000000      10.221550       0.000005           27
       176        88.0000       8       2       1.992443      10.641079      12.633522       0.004553       2.278879       1.000000      10.330978       0.000005           34
       177        88.5000       8       2       2.068581      10.567152      12.635732       0.004541       2.583720       1.000000      10.480655       0.000006           25
       178        89.0000       8       2       2.121927      10.515363      12.637290       0.004525       2.709350       1.000000      10.662017       0.000007           27
       179        89.5000       8       2       2.172781      10.460589      12.633370       0.004514       2.426862       1.000000      10.861368       0.000009           31
       180        90.0000       8       2       2.182293      10.447306      12.629599       0.004502       2.146991       1.000000      11.060521       0.000011           32
       181        90.5000       8       2       2.127938      10.508876      12.636813       0.004481       2.684022       1.000000      11.239354       0.000014           27
       182        91.0000       8       2       2.106108      10.539785      12.645893       0.004449       3.316924       1.000000      11.380667       0.000017           30
       183        91.5000       8       2       2.212545      10.426287      12.638831       0.004411       3.136660       1.000000      11.476023       0.000021           31
       184        92.0000       8       2       2.358376      10.268003      12.626379       0.004375       2.326872       1.000000      11.528761       0.000025           29
       185        92.5000       8       2       2.376446      10.248062      12.624508       0.004342       1.640504       1.000000      11.551435       0.000029           35
       186        93.0000       8       2       2.216191      10.414521      12.630712       0.004311       1.545623       1.000000      11.559842       0.000032           33
       187        93.5000       8       2       1.945523      10.692195      12.637717       0.004278       1.765523       1.000000      11.568035       0.000036           29
       188        94.0000       8       2       1.660353      10.982065      12.642418       0.004246       1.986588       1.000000      11.586142       0.000040           33
       189        94.5000       8       2       1.431718      11.212970      12.644687       0.004220       2.149495       1.000000      11.620222       0.000043           33
       190        95.0000       8       2       1.296653      11.348565      12.645219       0.004203       2.277246       1.000000      11.673014       0.000047           31
       191        95.5000       8       2       1.265913      11.378829      12.644742       0.004192       2.403111       1.000000      11.744900       0.000051           32
       192        96.0000       8       2       1.334546      11.309317      12.643863       0.004187       2.544560       1.000000      11.834750       0.000056           23
       193        96.5000       8       2       1.490427      11.152261      12.642688       0.004190       2.672041       1.000000      11.940584       0.000060           40
       194        97.0000       8       2       1.714405      10.925675      12.640080       0.004192       2.681812       1.000000      12.059875       0.000065           32
       195        97.5000       8       2       1.963399      10.670270      12.633668       0.004188       2.417616       1.000000      12.189136       0.000070           28
       196        98.0000       8       2       2.142422      10.480271      12.622693       0.004178       1.814659       1.000000      12.322913       0.000074           29
       197        98.5000       8       2       2.111063      10.502853      12.613916       0.004161       1.573512       1.000000      12.453092       0.000079           37
       198        99.0000       8       2       1.799331      10.824460      12.623791       0.004137       2.938510       1.000000      12.569478       0.000083           41
       199        99.5000       8       2       1.406628      11.247980      12.654607       0.004102       4.574158       1.000000      12.662506       0.000086           28
       200       100.0000       8       2       1.338107      11.325085      12.663191       0.004060       4.977657       1.000000      12.727728       0.000088           30
